Command line invocation:
    /Applications/Xcode.app/Contents/Developer/usr/bin/xcodebuild -project "ClariFi iOS.xcodeproj" -scheme "ClariFi iOS" -sdk iphonesimulator build

Build settings from command line:
    SDKROOT = iphonesimulator26.0

Resolve Package Graph


Resolved source packages:
  xctest-dynamic-overlay: https://github.com/pointfreeco/xctest-dynamic-overlay @ 1.7.0
  swift-crypto: https://github.com/apple/swift-crypto.git @ 4.1.0
  swift-concurrency-extras: https://github.com/pointfreeco/swift-concurrency-extras @ 1.3.2
  swift-asn1: https://github.com/apple/swift-asn1.git @ 1.5.0
  Supabase: https://github.com/supabase/supabase-swift.git @ 2.37.0
  swift-clocks: https://github.com/pointfreeco/swift-clocks @ 1.0.6
  swift-http-types: https://github.com/apple/swift-http-types.git @ 1.5.1

2025-11-05 10:44:09.716 xcodebuild[12796:1291455] [MT] IDERunDestination: Supported platforms for the buildables in the current scheme is empty.
--- xcodebuild: WARNING: Using the first of multiple matching destinations:
{ platform:iOS Simulator, id:dvtdevice-DVTiOSDeviceSimulatorPlaceholder-iphonesimulator:placeholder, name:Any iOS Simulator Device }
{ platform:iOS Simulator, arch:arm64, id:9E65A17F-8577-4F3F-95E9-8EEE247B7C15, OS:18.6, name:iPad (A16) }
{ platform:iOS Simulator, arch:x86_64, id:9E65A17F-8577-4F3F-95E9-8EEE247B7C15, OS:18.6, name:iPad (A16) }
{ platform:iOS Simulator, arch:arm64, id:11A23BB5-8CB6-4602-942D-910A72A5BFD1, OS:26.0, name:iPad (A16) }
{ platform:iOS Simulator, arch:arm64, id:E0CD84B5-6264-4F31-B3BC-1FA9FCAC6603, OS:18.6, name:iPad Air 11-inch (M3) }
{ platform:iOS Simulator, arch:x86_64, id:E0CD84B5-6264-4F31-B3BC-1FA9FCAC6603, OS:18.6, name:iPad Air 11-inch (M3) }
{ platform:iOS Simulator, arch:arm64, id:24855E34-E899-4991-A456-7F22C6CC86EB, OS:26.0, name:iPad Air 11-inch (M3) }
{ platform:iOS Simulator, arch:arm64, id:97ED92FD-51BE-4C17-BD75-DE5DFC82C339, OS:18.6, name:iPad Air 13-inch (M3) }
{ platform:iOS Simulator, arch:x86_64, id:97ED92FD-51BE-4C17-BD75-DE5DFC82C339, OS:18.6, name:iPad Air 13-inch (M3) }
{ platform:iOS Simulator, arch:arm64, id:6998CC94-86B9-46AD-A189-2367A6BB0F5A, OS:26.0, name:iPad Air 13-inch (M3) }
{ platform:iOS Simulator, arch:arm64, id:6165EE2B-5797-4182-A6A9-2639E010E611, OS:18.6, name:iPad Pro 11-inch (M4) }
{ platform:iOS Simulator, arch:x86_64, id:6165EE2B-5797-4182-A6A9-2639E010E611, OS:18.6, name:iPad Pro 11-inch (M4) }
{ platform:iOS Simulator, arch:arm64, id:584B5334-8D76-43A3-8320-1F1395F1DD69, OS:26.0, name:iPad Pro 11-inch (M4) }
{ platform:iOS Simulator, arch:arm64, id:069B16AE-A6B4-414C-B69A-0D8416D22347, OS:18.6, name:iPad Pro 13-inch (M4) }
{ platform:iOS Simulator, arch:x86_64, id:069B16AE-A6B4-414C-B69A-0D8416D22347, OS:18.6, name:iPad Pro 13-inch (M4) }
{ platform:iOS Simulator, arch:arm64, id:4749F93A-CC7E-45D4-952E-058AC235CB47, OS:26.0, name:iPad Pro 13-inch (M4) }
{ platform:iOS Simulator, arch:arm64, id:7804EE09-45FE-4F79-9FDD-6A99DA530BA9, OS:18.6, name:iPad mini (A17 Pro) }
{ platform:iOS Simulator, arch:x86_64, id:7804EE09-45FE-4F79-9FDD-6A99DA530BA9, OS:18.6, name:iPad mini (A17 Pro) }
{ platform:iOS Simulator, arch:arm64, id:4DFC5E8D-3384-490D-9EA6-25648142DF23, OS:26.0, name:iPad mini (A17 Pro) }
{ platform:iOS Simulator, arch:arm64, id:165DA534-099F-4DF1-87BA-5497501CF8B4, OS:18.6, name:iPhone 16 }
{ platform:iOS Simulator, arch:x86_64, id:165DA534-099F-4DF1-87BA-5497501CF8B4, OS:18.6, name:iPhone 16 }
{ platform:iOS Simulator, arch:arm64, id:D43ECAAF-570E-4741-8F31-2ECF8365BDEF, OS:18.6, name:iPhone 16 Plus }
{ platform:iOS Simulator, arch:x86_64, id:D43ECAAF-570E-4741-8F31-2ECF8365BDEF, OS:18.6, name:iPhone 16 Plus }
{ platform:iOS Simulator, arch:arm64, id:73E3BD2C-9542-4BC4-B022-B80E705881DF, OS:18.6, name:iPhone 16 Pro }
{ platform:iOS Simulator, arch:x86_64, id:73E3BD2C-9542-4BC4-B022-B80E705881DF, OS:18.6, name:iPhone 16 Pro }
{ platform:iOS Simulator, arch:arm64, id:BB76FCCE-4570-490C-B6A0-C252D4265540, OS:18.6, name:iPhone 16 Pro Max }
{ platform:iOS Simulator, arch:x86_64, id:BB76FCCE-4570-490C-B6A0-C252D4265540, OS:18.6, name:iPhone 16 Pro Max }
{ platform:iOS Simulator, arch:arm64, id:E991781D-B7A4-4330-B989-F89191FD20DD, OS:18.6, name:iPhone 16e }
{ platform:iOS Simulator, arch:x86_64, id:E991781D-B7A4-4330-B989-F89191FD20DD, OS:18.6, name:iPhone 16e }
{ platform:iOS Simulator, arch:arm64, id:70B294A9-A7BC-4D6F-8833-114B592DD968, OS:26.0, name:iPhone 16e }
{ platform:iOS Simulator, arch:arm64, id:A75D063E-D710-4BC9-BDBE-C7EFF6A74EE7, OS:26.0, name:iPhone 17 }
{ platform:iOS Simulator, arch:arm64, id:DC949F89-CF3A-4B38-97E9-E4B9A67DF1E0, OS:26.0, name:iPhone 17 Pro }
{ platform:iOS Simulator, arch:arm64, id:54E9F7F9-21D6-4DDE-9BD4-21420E27AFF8, OS:26.0, name:iPhone 17 Pro Max }
{ platform:iOS Simulator, arch:arm64, id:1C5045D9-ABAF-49C5-A6D7-0AE87603688A, OS:26.0, name:iPhone Air }
{ platform:macOS, arch:arm64, variant:Designed for [iPad,iPhone], id:00008112-0018185E3E7BA01E, name:My Mac }
{ platform:iOS, id:dvtdevice-DVTiPhonePlaceholder-iphoneos:placeholder, name:Any iOS Device }
ComputePackagePrebuildTargetDependencyGraph

Prepare packages

CreateBuildRequest

SendProjectDescription

CreateBuildOperation

ComputeTargetDependencyGraph
note: Building targets in dependency order
note: Target dependency graph (23 targets)
    Target 'ClariFi iOS' in project 'ClariFi iOS'
        ➜ Explicit dependency on target 'Supabase' in project 'Supabase'
    Target 'Supabase' in project 'Supabase'
        ➜ Explicit dependency on target 'Supabase' in project 'Supabase'
        ➜ Explicit dependency on target 'Functions' in project 'Supabase'
        ➜ Explicit dependency on target 'PostgREST' in project 'Supabase'
        ➜ Explicit dependency on target 'Auth' in project 'Supabase'
        ➜ Explicit dependency on target 'Realtime' in project 'Supabase'
        ➜ Explicit dependency on target 'Storage' in project 'Supabase'
        ➜ Explicit dependency on target 'Helpers' in project 'Supabase'
        ➜ Explicit dependency on target 'ConcurrencyExtras' in project 'swift-concurrency-extras'
        ➜ Explicit dependency on target 'HTTPTypes' in project 'swift-http-types'
        ➜ Explicit dependency on target 'Clocks' in project 'swift-clocks'
        ➜ Explicit dependency on target 'XCTestDynamicOverlay' in project 'xctest-dynamic-overlay'
        ➜ Explicit dependency on target 'Crypto' in project 'swift-crypto'
        ➜ Explicit dependency on target 'IssueReporting' in project 'xctest-dynamic-overlay'
    Target 'Supabase' in project 'Supabase'
        ➜ Explicit dependency on target 'Helpers' in project 'Supabase'
        ➜ Explicit dependency on target 'Auth' in project 'Supabase'
        ➜ Explicit dependency on target 'Functions' in project 'Supabase'
        ➜ Explicit dependency on target 'PostgREST' in project 'Supabase'
        ➜ Explicit dependency on target 'Realtime' in project 'Supabase'
        ➜ Explicit dependency on target 'Storage' in project 'Supabase'
        ➜ Explicit dependency on target 'ConcurrencyExtras' in project 'swift-concurrency-extras'
        ➜ Explicit dependency on target 'HTTPTypes' in project 'swift-http-types'
        ➜ Explicit dependency on target 'Clocks' in project 'swift-clocks'
        ➜ Explicit dependency on target 'XCTestDynamicOverlay' in project 'xctest-dynamic-overlay'
        ➜ Explicit dependency on target 'Crypto' in project 'swift-crypto'
        ➜ Explicit dependency on target 'IssueReporting' in project 'xctest-dynamic-overlay'
    Target 'Storage' in project 'Supabase'
        ➜ Explicit dependency on target 'Helpers' in project 'Supabase'
        ➜ Explicit dependency on target 'ConcurrencyExtras' in project 'swift-concurrency-extras'
        ➜ Explicit dependency on target 'HTTPTypes' in project 'swift-http-types'
        ➜ Explicit dependency on target 'Clocks' in project 'swift-clocks'
        ➜ Explicit dependency on target 'XCTestDynamicOverlay' in project 'xctest-dynamic-overlay'
    Target 'Realtime' in project 'Supabase'
        ➜ Explicit dependency on target 'Helpers' in project 'Supabase'
        ➜ Explicit dependency on target 'ConcurrencyExtras' in project 'swift-concurrency-extras'
        ➜ Explicit dependency on target 'HTTPTypes' in project 'swift-http-types'
        ➜ Explicit dependency on target 'Clocks' in project 'swift-clocks'
        ➜ Explicit dependency on target 'XCTestDynamicOverlay' in project 'xctest-dynamic-overlay'
        ➜ Explicit dependency on target 'IssueReporting' in project 'xctest-dynamic-overlay'
    Target 'PostgREST' in project 'Supabase'
        ➜ Explicit dependency on target 'Helpers' in project 'Supabase'
        ➜ Explicit dependency on target 'ConcurrencyExtras' in project 'swift-concurrency-extras'
        ➜ Explicit dependency on target 'HTTPTypes' in project 'swift-http-types'
        ➜ Explicit dependency on target 'Clocks' in project 'swift-clocks'
        ➜ Explicit dependency on target 'XCTestDynamicOverlay' in project 'xctest-dynamic-overlay'
    Target 'Functions' in project 'Supabase'
        ➜ Explicit dependency on target 'Helpers' in project 'Supabase'
        ➜ Explicit dependency on target 'ConcurrencyExtras' in project 'swift-concurrency-extras'
        ➜ Explicit dependency on target 'HTTPTypes' in project 'swift-http-types'
        ➜ Explicit dependency on target 'Clocks' in project 'swift-clocks'
        ➜ Explicit dependency on target 'XCTestDynamicOverlay' in project 'xctest-dynamic-overlay'
    Target 'Auth' in project 'Supabase'
        ➜ Explicit dependency on target 'Helpers' in project 'Supabase'
        ➜ Explicit dependency on target 'ConcurrencyExtras' in project 'swift-concurrency-extras'
        ➜ Explicit dependency on target 'HTTPTypes' in project 'swift-http-types'
        ➜ Explicit dependency on target 'Clocks' in project 'swift-clocks'
        ➜ Explicit dependency on target 'XCTestDynamicOverlay' in project 'xctest-dynamic-overlay'
        ➜ Explicit dependency on target 'Crypto' in project 'swift-crypto'
    Target 'Crypto' in project 'swift-crypto'
        ➜ Explicit dependency on target 'Crypto' in project 'swift-crypto'
        ➜ Explicit dependency on target 'swift-crypto_Crypto' in project 'swift-crypto'
    Target 'Crypto' in project 'swift-crypto'
        ➜ Explicit dependency on target 'swift-crypto_Crypto' in project 'swift-crypto'
    Target 'swift-crypto_Crypto' in project 'swift-crypto' (no dependencies)
    Target 'Helpers' in project 'Supabase'
        ➜ Explicit dependency on target 'ConcurrencyExtras' in project 'swift-concurrency-extras'
        ➜ Explicit dependency on target 'HTTPTypes' in project 'swift-http-types'
        ➜ Explicit dependency on target 'Clocks' in project 'swift-clocks'
        ➜ Explicit dependency on target 'XCTestDynamicOverlay' in project 'xctest-dynamic-overlay'
    Target 'XCTestDynamicOverlay' in project 'xctest-dynamic-overlay'
        ➜ Explicit dependency on target 'XCTestDynamicOverlay' in project 'xctest-dynamic-overlay'
        ➜ Explicit dependency on target 'IssueReportingPackageSupport' in project 'xctest-dynamic-overlay'
        ➜ Explicit dependency on target 'IssueReporting' in project 'xctest-dynamic-overlay'
    Target 'XCTestDynamicOverlay' in project 'xctest-dynamic-overlay'
        ➜ Explicit dependency on target 'IssueReportingPackageSupport' in project 'xctest-dynamic-overlay'
        ➜ Explicit dependency on target 'IssueReporting' in project 'xctest-dynamic-overlay'
    Target 'Clocks' in project 'swift-clocks'
        ➜ Explicit dependency on target 'Clocks' in project 'swift-clocks'
        ➜ Explicit dependency on target 'ConcurrencyExtras' in project 'swift-concurrency-extras'
        ➜ Explicit dependency on target 'IssueReporting' in project 'xctest-dynamic-overlay'
    Target 'Clocks' in project 'swift-clocks'
        ➜ Explicit dependency on target 'ConcurrencyExtras' in project 'swift-concurrency-extras'
        ➜ Explicit dependency on target 'IssueReporting' in project 'xctest-dynamic-overlay'
    Target 'IssueReporting' in project 'xctest-dynamic-overlay'
        ➜ Explicit dependency on target 'IssueReporting' in project 'xctest-dynamic-overlay'
        ➜ Explicit dependency on target 'IssueReportingPackageSupport' in project 'xctest-dynamic-overlay'
    Target 'IssueReporting' in project 'xctest-dynamic-overlay'
        ➜ Explicit dependency on target 'IssueReportingPackageSupport' in project 'xctest-dynamic-overlay'
    Target 'IssueReportingPackageSupport' in project 'xctest-dynamic-overlay' (no dependencies)
    Target 'HTTPTypes' in project 'swift-http-types'
        ➜ Explicit dependency on target 'HTTPTypes' in project 'swift-http-types'
    Target 'HTTPTypes' in project 'swift-http-types' (no dependencies)
    Target 'ConcurrencyExtras' in project 'swift-concurrency-extras'
        ➜ Explicit dependency on target 'ConcurrencyExtras' in project 'swift-concurrency-extras'
    Target 'ConcurrencyExtras' in project 'swift-concurrency-extras' (no dependencies)

GatherProvisioningInputs

CreateBuildDescription

ExecuteExternalTool /Applications/Xcode.app/Contents/Developer/Toolchains/XcodeDefault.xctoolchain/usr/bin/swiftc --version

ExecuteExternalTool /Applications/Xcode.app/Contents/Developer/Toolchains/XcodeDefault.xctoolchain/usr/bin/clang -v -E -dM -isysroot /Applications/Xcode.app/Contents/Developer/Platforms/iPhoneSimulator.platform/Developer/SDKs/iPhoneSimulator26.0.sdk -x c -c /dev/null

ExecuteExternalTool /Applications/Xcode.app/Contents/Developer/usr/bin/momc --dry-run --action generate --swift-version 5.0 --sdkroot /Applications/Xcode.app/Contents/Developer/Platforms/iPhoneSimulator.platform/Developer/SDKs/iPhoneSimulator26.0.sdk --iphonesimulator-deployment-target 18.5 --module ClariFi_iOS /Users/mayenikhalo/Public/From aEroPartition/Dev/ClariFi iOS/ClariFi iOS/ClariFi_iOS.xcdatamodeld /Users/aero/Library/Developer/Xcode/DerivedData/ClariFi_iOS-gmrlhvqnuqrbwdaistjzehzlpfwz/Build/Intermediates.noindex/ClariFi iOS.build/Debug-iphonesimulator/ClariFi iOS.build/DerivedSources/CoreDataGenerated/ClariFi_iOS

ExecuteExternalTool /Applications/Xcode.app/Contents/Developer/usr/bin/actool --print-asset-tag-combinations --output-format xml1 /Users/mayenikhalo/Public/From aEroPartition/Dev/ClariFi iOS/ClariFi iOS/Assets.xcassets

ExecuteExternalTool /Applications/Xcode.app/Contents/Developer/usr/bin/actool --version --output-format xml1

ExecuteExternalTool /Applications/Xcode.app/Contents/Developer/Toolchains/XcodeDefault.xctoolchain/usr/bin/ld -version_details

ReadFileContents /Applications/Xcode.app/Contents/Developer/Toolchains/XcodeDefault.xctoolchain/usr/share/docc/features.json

Build description signature: 3312250397e7d76e6b8acb55151cd488
Build description path: /Users/aero/Library/Developer/Xcode/DerivedData/ClariFi_iOS-gmrlhvqnuqrbwdaistjzehzlpfwz/Build/Intermediates.noindex/XCBuildData/3312250397e7d76e6b8acb55151cd488.xcbuilddata
ClangStatCache /Applications/Xcode.app/Contents/Developer/Toolchains/XcodeDefault.xctoolchain/usr/bin/clang-stat-cache /Applications/Xcode.app/Contents/Developer/Platforms/iPhoneSimulator.platform/Developer/SDKs/iPhoneSimulator26.0.sdk /Users/aero/Library/Developer/Xcode/DerivedData/SDKStatCaches.noindex/iphonesimulator26.0-23A339-26257891a6c027eb51374368541b8346.sdkstatcache
    cd /Users/mayenikhalo/Public/From\ aEroPartition/Dev/ClariFi\ iOS/ClariFi\ iOS.xcodeproj
    /Applications/Xcode.app/Contents/Developer/Toolchains/XcodeDefault.xctoolchain/usr/bin/clang-stat-cache /Applications/Xcode.app/Contents/Developer/Platforms/iPhoneSimulator.platform/Developer/SDKs/iPhoneSimulator26.0.sdk -o /Users/aero/Library/Developer/Xcode/DerivedData/SDKStatCaches.noindex/iphonesimulator26.0-23A339-26257891a6c027eb51374368541b8346.sdkstatcache

ProcessInfoPlistFile /Users/aero/Library/Developer/Xcode/DerivedData/ClariFi_iOS-gmrlhvqnuqrbwdaistjzehzlpfwz/Build/Products/Debug-iphonesimulator/swift-crypto_Crypto.bundle/Info.plist /Users/aero/Library/Developer/Xcode/DerivedData/ClariFi_iOS-gmrlhvqnuqrbwdaistjzehzlpfwz/Build/Intermediates.noindex/swift-crypto.build/Debug-iphonesimulator/swift-crypto_Crypto.build/empty-swift-crypto_Crypto.plist (in target 'swift-crypto_Crypto' from project 'swift-crypto')
    cd /Users/aero/Library/Developer/Xcode/DerivedData/ClariFi_iOS-gmrlhvqnuqrbwdaistjzehzlpfwz/SourcePackages/checkouts/swift-crypto
    builtin-infoPlistUtility /Users/aero/Library/Developer/Xcode/DerivedData/ClariFi_iOS-gmrlhvqnuqrbwdaistjzehzlpfwz/Build/Intermediates.noindex/swift-crypto.build/Debug-iphonesimulator/swift-crypto_Crypto.build/empty-swift-crypto_Crypto.plist -producttype com.apple.product-type.bundle -expandbuildsettings -format binary -platform iphonesimulator -o /Users/aero/Library/Developer/Xcode/DerivedData/ClariFi_iOS-gmrlhvqnuqrbwdaistjzehzlpfwz/Build/Products/Debug-iphonesimulator/swift-crypto_Crypto.bundle/Info.plist

SwiftDriver Auth normal x86_64 com.apple.xcode.tools.swift.compiler (in target 'Auth' from project 'Supabase')
    cd /Users/mayenikhalo/Public/From\ aEroPartition/Dev/ClariFi\ iOS/ClariFi\ iOS.xcodeproj
    builtin-SwiftDriver -- /Applications/Xcode.app/Contents/Developer/Toolchains/XcodeDefault.xctoolchain/usr/bin/swiftc -module-name Auth -Onone -enforce-exclusivity\=checked @/Users/aero/Library/Developer/Xcode/DerivedData/ClariFi_iOS-gmrlhvqnuqrbwdaistjzehzlpfwz/Build/Intermediates.noindex/Supabase.build/Debug-iphonesimulator/Auth.build/Objects-normal/x86_64/Auth.SwiftFileList -DSWIFT_PACKAGE -DDEBUG -DSWIFT_MODULE_RESOURCE_BUNDLE_UNAVAILABLE -DXcode -enable-upcoming-feature ExistentialAny -enable-experimental-feature StrictConcurrency -plugin-path /Applications/Xcode.app/Contents/Developer/Toolchains/XcodeDefault.xctoolchain/usr/lib/swift/host/plugins/testing -enable-experimental-feature DebugDescriptionMacro -sdk /Applications/Xcode.app/Contents/Developer/Platforms/iPhoneSimulator.platform/Developer/SDKs/iPhoneSimulator26.0.sdk -target x86_64-apple-ios13.0-simulator -g -module-cache-path /Users/aero/Library/Developer/Xcode/DerivedData/ModuleCache.noindex -Xfrontend -serialize-debugging-options -profile-coverage-mapping -profile-generate -enable-testing -suppress-warnings -index-store-path /Users/aero/Library/Developer/Xcode/DerivedData/ClariFi_iOS-gmrlhvqnuqrbwdaistjzehzlpfwz/Index.noindex/DataStore -Xcc -D_LIBCPP_HARDENING_MODE\=_LIBCPP_HARDENING_MODE_DEBUG -swift-version 5 -I /Users/aero/Library/Developer/Xcode/DerivedData/ClariFi_iOS-gmrlhvqnuqrbwdaistjzehzlpfwz/Build/Products/Debug-iphonesimulator -Isystem /Applications/Xcode.app/Contents/Developer/Platforms/iPhoneSimulator.platform/Developer/usr/lib -F /Users/aero/Library/Developer/Xcode/DerivedData/ClariFi_iOS-gmrlhvqnuqrbwdaistjzehzlpfwz/Build/Products/Debug-iphonesimulator/PackageFrameworks -F /Users/aero/Library/Developer/Xcode/DerivedData/ClariFi_iOS-gmrlhvqnuqrbwdaistjzehzlpfwz/Build/Products/Debug-iphonesimulator/PackageFrameworks -F /Users/aero/Library/Developer/Xcode/DerivedData/ClariFi_iOS-gmrlhvqnuqrbwdaistjzehzlpfwz/Build/Products/Debug-iphonesimulator/PackageFrameworks -F /Users/aero/Library/Developer/Xcode/DerivedData/ClariFi_iOS-gmrlhvqnuqrbwdaistjzehzlpfwz/Build/Products/Debug-iphonesimulator/PackageFrameworks -F /Users/aero/Library/Developer/Xcode/DerivedData/ClariFi_iOS-gmrlhvqnuqrbwdaistjzehzlpfwz/Build/Products/Debug-iphonesimulator/PackageFrameworks -F /Users/aero/Library/Developer/Xcode/DerivedData/ClariFi_iOS-gmrlhvqnuqrbwdaistjzehzlpfwz/Build/Products/Debug-iphonesimulator/PackageFrameworks -F /Users/aero/Library/Developer/Xcode/DerivedData/ClariFi_iOS-gmrlhvqnuqrbwdaistjzehzlpfwz/Build/Products/Debug-iphonesimulator/PackageFrameworks -F /Users/aero/Library/Developer/Xcode/DerivedData/ClariFi_iOS-gmrlhvqnuqrbwdaistjzehzlpfwz/Build/Products/Debug-iphonesimulator/PackageFrameworks -F /Users/aero/Library/Developer/Xcode/DerivedData/ClariFi_iOS-gmrlhvqnuqrbwdaistjzehzlpfwz/Build/Products/Debug-iphonesimulator -F /Applications/Xcode.app/Contents/Developer/Platforms/iPhoneSimulator.platform/Developer/Library/Frameworks -F /Applications/Xcode.app/Contents/Developer/Platforms/iPhoneSimulator.platform/Developer/SDKs/iPhoneSimulator26.0.sdk/Developer/Library/Frameworks -c -j8 -enable-batch-mode -incremental -Xcc -ivfsstatcache -Xcc /Users/aero/Library/Developer/Xcode/DerivedData/SDKStatCaches.noindex/iphonesimulator26.0-23A339-26257891a6c027eb51374368541b8346.sdkstatcache -output-file-map /Users/aero/Library/Developer/Xcode/DerivedData/ClariFi_iOS-gmrlhvqnuqrbwdaistjzehzlpfwz/Build/Intermediates.noindex/Supabase.build/Debug-iphonesimulator/Auth.build/Objects-normal/x86_64/Auth-OutputFileMap.json -use-frontend-parseable-output -save-temps -no-color-diagnostics -explicit-module-build -module-cache-path /Users/aero/Library/Developer/Xcode/DerivedData/ClariFi_iOS-gmrlhvqnuqrbwdaistjzehzlpfwz/Build/Intermediates.noindex/SwiftExplicitPrecompiledModules -clang-scanner-module-cache-path /Users/aero/Library/Developer/Xcode/DerivedData/ModuleCache.noindex -sdk-module-cache-path /Users/aero/Library/Developer/Xcode/DerivedData/ModuleCache.noindex -serialize-diagnostics -emit-dependencies -emit-module -emit-module-path /Users/aero/Library/Developer/Xcode/DerivedData/ClariFi_iOS-gmrlhvqnuqrbwdaistjzehzlpfwz/Build/Intermediates.noindex/Supabase.build/Debug-iphonesimulator/Auth.build/Objects-normal/x86_64/Auth.swiftmodule -validate-clang-modules-once -clang-build-session-file /Users/aero/Library/Developer/Xcode/DerivedData/ModuleCache.noindex/Session.modulevalidation -package-name supabase_swift -Xcc -I/Users/aero/Library/Developer/Xcode/DerivedData/ClariFi_iOS-gmrlhvqnuqrbwdaistjzehzlpfwz/Build/Intermediates.noindex/Supabase.build/Debug-iphonesimulator/Auth.build/swift-overrides.hmap -emit-const-values -Xfrontend -const-gather-protocols-file -Xfrontend /Users/aero/Library/Developer/Xcode/DerivedData/ClariFi_iOS-gmrlhvqnuqrbwdaistjzehzlpfwz/Build/Intermediates.noindex/Supabase.build/Debug-iphonesimulator/Auth.build/Objects-normal/x86_64/Auth_const_extract_protocols.json -Xcc -I/Users/aero/Library/Developer/Xcode/DerivedData/ClariFi_iOS-gmrlhvqnuqrbwdaistjzehzlpfwz/Build/Products/Debug-iphonesimulator/include -Xcc -I/Users/aero/Library/Developer/Xcode/DerivedData/ClariFi_iOS-gmrlhvqnuqrbwdaistjzehzlpfwz/Build/Intermediates.noindex/Supabase.build/Debug-iphonesimulator/Auth.build/DerivedSources-normal/x86_64 -Xcc -I/Users/aero/Library/Developer/Xcode/DerivedData/ClariFi_iOS-gmrlhvqnuqrbwdaistjzehzlpfwz/Build/Intermediates.noindex/Supabase.build/Debug-iphonesimulator/Auth.build/DerivedSources/x86_64 -Xcc -I/Users/aero/Library/Developer/Xcode/DerivedData/ClariFi_iOS-gmrlhvqnuqrbwdaistjzehzlpfwz/Build/Intermediates.noindex/Supabase.build/Debug-iphonesimulator/Auth.build/DerivedSources -Xcc -DSWIFT_PACKAGE -Xcc -DDEBUG\=1 -emit-objc-header -emit-objc-header-path /Users/aero/Library/Developer/Xcode/DerivedData/ClariFi_iOS-gmrlhvqnuqrbwdaistjzehzlpfwz/Build/Intermediates.noindex/Supabase.build/Debug-iphonesimulator/Auth.build/Objects-normal/x86_64/Auth-Swift.h -working-directory /Users/mayenikhalo/Public/From\ aEroPartition/Dev/ClariFi\ iOS/ClariFi\ iOS.xcodeproj -experimental-emit-module-separately -disable-cmo

SwiftCompile normal x86_64 Compiling\ JWTAlgorithm.swift /Users/aero/Library/Developer/Xcode/DerivedData/ClariFi_iOS-gmrlhvqnuqrbwdaistjzehzlpfwz/SourcePackages/checkouts/supabase-swift/Sources/Auth/Internal/JWTAlgorithm.swift (in target 'Auth' from project 'Supabase')

SwiftCompile normal x86_64 /Users/aero/Library/Developer/Xcode/DerivedData/ClariFi_iOS-gmrlhvqnuqrbwdaistjzehzlpfwz/SourcePackages/checkouts/supabase-swift/Sources/Auth/Internal/JWTAlgorithm.swift (in target 'Auth' from project 'Supabase')
    cd /Users/mayenikhalo/Public/From\ aEroPartition/Dev/ClariFi\ iOS/ClariFi\ iOS.xcodeproj
    

SwiftCompile normal x86_64 Compiling\ JWK+RSA.swift /Users/aero/Library/Developer/Xcode/DerivedData/ClariFi_iOS-gmrlhvqnuqrbwdaistjzehzlpfwz/SourcePackages/checkouts/supabase-swift/Sources/Auth/Internal/JWK+RSA.swift (in target 'Auth' from project 'Supabase')
SwiftCompile normal x86_64 /Users/aero/Library/Developer/Xcode/DerivedData/ClariFi_iOS-gmrlhvqnuqrbwdaistjzehzlpfwz/SourcePackages/checkouts/supabase-swift/Sources/Auth/Internal/JWK+RSA.swift (in target 'Auth' from project 'Supabase')
    cd /Users/mayenikhalo/Public/From\ aEroPartition/Dev/ClariFi\ iOS/ClariFi\ iOS.xcodeproj
    

SwiftCompile normal x86_64 Compiling\ Keychain.swift /Users/aero/Library/Developer/Xcode/DerivedData/ClariFi_iOS-gmrlhvqnuqrbwdaistjzehzlpfwz/SourcePackages/checkouts/supabase-swift/Sources/Auth/Internal/Keychain.swift (in target 'Auth' from project 'Supabase')

SwiftCompile normal x86_64 /Users/aero/Library/Developer/Xcode/DerivedData/ClariFi_iOS-gmrlhvqnuqrbwdaistjzehzlpfwz/SourcePackages/checkouts/supabase-swift/Sources/Auth/Internal/Keychain.swift (in target 'Auth' from project 'Supabase')
    cd /Users/mayenikhalo/Public/From\ aEroPartition/Dev/ClariFi\ iOS/ClariFi\ iOS.xcodeproj
    

SwiftCompile normal x86_64 Compiling\ PKCE.swift /Users/aero/Library/Developer/Xcode/DerivedData/ClariFi_iOS-gmrlhvqnuqrbwdaistjzehzlpfwz/SourcePackages/checkouts/supabase-swift/Sources/Auth/Internal/PKCE.swift (in target 'Auth' from project 'Supabase')

SwiftCompile normal x86_64 /Users/aero/Library/Developer/Xcode/DerivedData/ClariFi_iOS-gmrlhvqnuqrbwdaistjzehzlpfwz/SourcePackages/checkouts/supabase-swift/Sources/Auth/Internal/PKCE.swift (in target 'Auth' from project 'Supabase')
    cd /Users/mayenikhalo/Public/From\ aEroPartition/Dev/ClariFi\ iOS/ClariFi\ iOS.xcodeproj
    

SwiftEmitModule normal x86_64 Emitting\ module\ for\ Auth (in target 'Auth' from project 'Supabase')
EmitSwiftModule normal x86_64 (in target 'Auth' from project 'Supabase')
    cd /Users/mayenikhalo/Public/From\ aEroPartition/Dev/ClariFi\ iOS/ClariFi\ iOS.xcodeproj
    

SwiftCompile normal x86_64 Compiling\ SessionManager.swift /Users/aero/Library/Developer/Xcode/DerivedData/ClariFi_iOS-gmrlhvqnuqrbwdaistjzehzlpfwz/SourcePackages/checkouts/supabase-swift/Sources/Auth/Internal/SessionManager.swift (in target 'Auth' from project 'Supabase')

SwiftCompile normal x86_64 /Users/aero/Library/Developer/Xcode/DerivedData/ClariFi_iOS-gmrlhvqnuqrbwdaistjzehzlpfwz/SourcePackages/checkouts/supabase-swift/Sources/Auth/Internal/SessionManager.swift (in target 'Auth' from project 'Supabase')
    cd /Users/mayenikhalo/Public/From\ aEroPartition/Dev/ClariFi\ iOS/ClariFi\ iOS.xcodeproj
    

SwiftCompile normal x86_64 Compiling\ Helpers.swift /Users/aero/Library/Developer/Xcode/DerivedData/ClariFi_iOS-gmrlhvqnuqrbwdaistjzehzlpfwz/SourcePackages/checkouts/supabase-swift/Sources/Auth/Internal/Helpers.swift (in target 'Auth' from project 'Supabase')

SwiftCompile normal x86_64 /Users/aero/Library/Developer/Xcode/DerivedData/ClariFi_iOS-gmrlhvqnuqrbwdaistjzehzlpfwz/SourcePackages/checkouts/supabase-swift/Sources/Auth/Internal/Helpers.swift (in target 'Auth' from project 'Supabase')
    cd /Users/mayenikhalo/Public/From\ aEroPartition/Dev/ClariFi\ iOS/ClariFi\ iOS.xcodeproj
    

SwiftDriverJobDiscovery normal x86_64 Compiling PKCE.swift (in target 'Auth' from project 'Supabase')

SwiftDriverJobDiscovery normal x86_64 Compiling Helpers.swift (in target 'Auth' from project 'Supabase')

SwiftDriverJobDiscovery normal x86_64 Compiling JWTAlgorithm.swift (in target 'Auth' from project 'Supabase')

SwiftCompile normal x86_64 Compiling\ CodeVerifierStorage.swift,\ Dependencies.swift /Users/aero/Library/Developer/Xcode/DerivedData/ClariFi_iOS-gmrlhvqnuqrbwdaistjzehzlpfwz/SourcePackages/checkouts/supabase-swift/Sources/Auth/Internal/CodeVerifierStorage.swift /Users/aero/Library/Developer/Xcode/DerivedData/ClariFi_iOS-gmrlhvqnuqrbwdaistjzehzlpfwz/SourcePackages/checkouts/supabase-swift/Sources/Auth/Internal/Dependencies.swift (in target 'Auth' from project 'Supabase')

SwiftCompile normal x86_64 /Users/aero/Library/Developer/Xcode/DerivedData/ClariFi_iOS-gmrlhvqnuqrbwdaistjzehzlpfwz/SourcePackages/checkouts/supabase-swift/Sources/Auth/Internal/CodeVerifierStorage.swift (in target 'Auth' from project 'Supabase')
    cd /Users/mayenikhalo/Public/From\ aEroPartition/Dev/ClariFi\ iOS/ClariFi\ iOS.xcodeproj
    

SwiftCompile normal x86_64 /Users/aero/Library/Developer/Xcode/DerivedData/ClariFi_iOS-gmrlhvqnuqrbwdaistjzehzlpfwz/SourcePackages/checkouts/supabase-swift/Sources/Auth/Internal/Dependencies.swift (in target 'Auth' from project 'Supabase')
    cd /Users/mayenikhalo/Public/From\ aEroPartition/Dev/ClariFi\ iOS/ClariFi\ iOS.xcodeproj
    

SwiftCompile normal x86_64 Compiling\ AuthAdmin.swift,\ AuthAdminOAuth.swift /Users/aero/Library/Developer/Xcode/DerivedData/ClariFi_iOS-gmrlhvqnuqrbwdaistjzehzlpfwz/SourcePackages/checkouts/supabase-swift/Sources/Auth/AuthAdmin.swift /Users/aero/Library/Developer/Xcode/DerivedData/ClariFi_iOS-gmrlhvqnuqrbwdaistjzehzlpfwz/SourcePackages/checkouts/supabase-swift/Sources/Auth/AuthAdminOAuth.swift (in target 'Auth' from project 'Supabase')

SwiftCompile normal x86_64 /Users/aero/Library/Developer/Xcode/DerivedData/ClariFi_iOS-gmrlhvqnuqrbwdaistjzehzlpfwz/SourcePackages/checkouts/supabase-swift/Sources/Auth/AuthAdmin.swift (in target 'Auth' from project 'Supabase')
    cd /Users/mayenikhalo/Public/From\ aEroPartition/Dev/ClariFi\ iOS/ClariFi\ iOS.xcodeproj
    

SwiftCompile normal x86_64 /Users/aero/Library/Developer/Xcode/DerivedData/ClariFi_iOS-gmrlhvqnuqrbwdaistjzehzlpfwz/SourcePackages/checkouts/supabase-swift/Sources/Auth/AuthAdminOAuth.swift (in target 'Auth' from project 'Supabase')
    cd /Users/mayenikhalo/Public/From\ aEroPartition/Dev/ClariFi\ iOS/ClariFi\ iOS.xcodeproj
    

SwiftCompile normal x86_64 Compiling\ Types.swift /Users/aero/Library/Developer/Xcode/DerivedData/ClariFi_iOS-gmrlhvqnuqrbwdaistjzehzlpfwz/SourcePackages/checkouts/supabase-swift/Sources/Auth/Types.swift (in target 'Auth' from project 'Supabase')
SwiftCompile normal x86_64 /Users/aero/Library/Developer/Xcode/DerivedData/ClariFi_iOS-gmrlhvqnuqrbwdaistjzehzlpfwz/SourcePackages/checkouts/supabase-swift/Sources/Auth/Types.swift (in target 'Auth' from project 'Supabase')
    cd /Users/mayenikhalo/Public/From\ aEroPartition/Dev/ClariFi\ iOS/ClariFi\ iOS.xcodeproj
    

SwiftCompile normal x86_64 Compiling\ SessionStorage.swift /Users/aero/Library/Developer/Xcode/DerivedData/ClariFi_iOS-gmrlhvqnuqrbwdaistjzehzlpfwz/SourcePackages/checkouts/supabase-swift/Sources/Auth/Internal/SessionStorage.swift (in target 'Auth' from project 'Supabase')

SwiftCompile normal x86_64 /Users/aero/Library/Developer/Xcode/DerivedData/ClariFi_iOS-gmrlhvqnuqrbwdaistjzehzlpfwz/SourcePackages/checkouts/supabase-swift/Sources/Auth/Internal/SessionStorage.swift (in target 'Auth' from project 'Supabase')
    cd /Users/mayenikhalo/Public/From\ aEroPartition/Dev/ClariFi\ iOS/ClariFi\ iOS.xcodeproj
    

SwiftCompile normal x86_64 Compiling\ AuthError.swift,\ AuthMFA.swift /Users/aero/Library/Developer/Xcode/DerivedData/ClariFi_iOS-gmrlhvqnuqrbwdaistjzehzlpfwz/SourcePackages/checkouts/supabase-swift/Sources/Auth/AuthError.swift /Users/aero/Library/Developer/Xcode/DerivedData/ClariFi_iOS-gmrlhvqnuqrbwdaistjzehzlpfwz/SourcePackages/checkouts/supabase-swift/Sources/Auth/AuthMFA.swift (in target 'Auth' from project 'Supabase')

SwiftCompile normal x86_64 /Users/aero/Library/Developer/Xcode/DerivedData/ClariFi_iOS-gmrlhvqnuqrbwdaistjzehzlpfwz/SourcePackages/checkouts/supabase-swift/Sources/Auth/AuthError.swift (in target 'Auth' from project 'Supabase')
    cd /Users/mayenikhalo/Public/From\ aEroPartition/Dev/ClariFi\ iOS/ClariFi\ iOS.xcodeproj
    

SwiftCompile normal x86_64 /Users/aero/Library/Developer/Xcode/DerivedData/ClariFi_iOS-gmrlhvqnuqrbwdaistjzehzlpfwz/SourcePackages/checkouts/supabase-swift/Sources/Auth/AuthMFA.swift (in target 'Auth' from project 'Supabase')
    cd /Users/mayenikhalo/Public/From\ aEroPartition/Dev/ClariFi\ iOS/ClariFi\ iOS.xcodeproj
    

SwiftDriverJobDiscovery normal x86_64 Compiling Keychain.swift (in target 'Auth' from project 'Supabase')

SwiftCompile normal x86_64 Compiling\ URLOpener.swift /Users/aero/Library/Developer/Xcode/DerivedData/ClariFi_iOS-gmrlhvqnuqrbwdaistjzehzlpfwz/SourcePackages/checkouts/supabase-swift/Sources/Auth/Internal/URLOpener.swift (in target 'Auth' from project 'Supabase')

SwiftCompile normal x86_64 /Users/aero/Library/Developer/Xcode/DerivedData/ClariFi_iOS-gmrlhvqnuqrbwdaistjzehzlpfwz/SourcePackages/checkouts/supabase-swift/Sources/Auth/Internal/URLOpener.swift (in target 'Auth' from project 'Supabase')
    cd /Users/mayenikhalo/Public/From\ aEroPartition/Dev/ClariFi\ iOS/ClariFi\ iOS.xcodeproj
    

SwiftDriverJobDiscovery normal x86_64 Compiling SessionManager.swift (in target 'Auth' from project 'Supabase')

SwiftCompile normal x86_64 Compiling\ KeychainLocalStorage.swift /Users/aero/Library/Developer/Xcode/DerivedData/ClariFi_iOS-gmrlhvqnuqrbwdaistjzehzlpfwz/SourcePackages/checkouts/supabase-swift/Sources/Auth/Storage/KeychainLocalStorage.swift (in target 'Auth' from project 'Supabase')

SwiftCompile normal x86_64 /Users/aero/Library/Developer/Xcode/DerivedData/ClariFi_iOS-gmrlhvqnuqrbwdaistjzehzlpfwz/SourcePackages/checkouts/supabase-swift/Sources/Auth/Storage/KeychainLocalStorage.swift (in target 'Auth' from project 'Supabase')
    cd /Users/mayenikhalo/Public/From\ aEroPartition/Dev/ClariFi\ iOS/ClariFi\ iOS.xcodeproj
    

SwiftDriverJobDiscovery normal x86_64 Compiling JWK+RSA.swift (in target 'Auth' from project 'Supabase')

SwiftCompile normal x86_64 Compiling\ FixedWidthInteger+Random.swift /Users/aero/Library/Developer/Xcode/DerivedData/ClariFi_iOS-gmrlhvqnuqrbwdaistjzehzlpfwz/SourcePackages/checkouts/supabase-swift/Sources/Auth/Internal/FixedWidthInteger+Random.swift (in target 'Auth' from project 'Supabase')

SwiftCompile normal x86_64 /Users/aero/Library/Developer/Xcode/DerivedData/ClariFi_iOS-gmrlhvqnuqrbwdaistjzehzlpfwz/SourcePackages/checkouts/supabase-swift/Sources/Auth/Internal/FixedWidthInteger+Random.swift (in target 'Auth' from project 'Supabase')
    cd /Users/mayenikhalo/Public/From\ aEroPartition/Dev/ClariFi\ iOS/ClariFi\ iOS.xcodeproj
    

SwiftDriverJobDiscovery normal x86_64 Compiling KeychainLocalStorage.swift (in target 'Auth' from project 'Supabase')

SwiftCompile normal x86_64 Compiling\ Defaults.swift /Users/aero/Library/Developer/Xcode/DerivedData/ClariFi_iOS-gmrlhvqnuqrbwdaistjzehzlpfwz/SourcePackages/checkouts/supabase-swift/Sources/Auth/Defaults.swift (in target 'Auth' from project 'Supabase')

SwiftCompile normal x86_64 /Users/aero/Library/Developer/Xcode/DerivedData/ClariFi_iOS-gmrlhvqnuqrbwdaistjzehzlpfwz/SourcePackages/checkouts/supabase-swift/Sources/Auth/Defaults.swift (in target 'Auth' from project 'Supabase')
    cd /Users/mayenikhalo/Public/From\ aEroPartition/Dev/ClariFi\ iOS/ClariFi\ iOS.xcodeproj
    

SwiftDriverJobDiscovery normal x86_64 Compiling URLOpener.swift (in target 'Auth' from project 'Supabase')

SwiftCompile normal x86_64 Compiling\ Constants.swift /Users/aero/Library/Developer/Xcode/DerivedData/ClariFi_iOS-gmrlhvqnuqrbwdaistjzehzlpfwz/SourcePackages/checkouts/supabase-swift/Sources/Auth/Internal/Constants.swift (in target 'Auth' from project 'Supabase')

SwiftCompile normal x86_64 /Users/aero/Library/Developer/Xcode/DerivedData/ClariFi_iOS-gmrlhvqnuqrbwdaistjzehzlpfwz/SourcePackages/checkouts/supabase-swift/Sources/Auth/Internal/Constants.swift (in target 'Auth' from project 'Supabase')
    cd /Users/mayenikhalo/Public/From\ aEroPartition/Dev/ClariFi\ iOS/ClariFi\ iOS.xcodeproj
    

SwiftDriverJobDiscovery normal x86_64 Compiling CodeVerifierStorage.swift, Dependencies.swift (in target 'Auth' from project 'Supabase')

SwiftCompile normal x86_64 Compiling\ Deprecated.swift,\ APIClient.swift /Users/aero/Library/Developer/Xcode/DerivedData/ClariFi_iOS-gmrlhvqnuqrbwdaistjzehzlpfwz/SourcePackages/checkouts/supabase-swift/Sources/Auth/Deprecated.swift /Users/aero/Library/Developer/Xcode/DerivedData/ClariFi_iOS-gmrlhvqnuqrbwdaistjzehzlpfwz/SourcePackages/checkouts/supabase-swift/Sources/Auth/Internal/APIClient.swift (in target 'Auth' from project 'Supabase')

SwiftCompile normal x86_64 /Users/aero/Library/Developer/Xcode/DerivedData/ClariFi_iOS-gmrlhvqnuqrbwdaistjzehzlpfwz/SourcePackages/checkouts/supabase-swift/Sources/Auth/Deprecated.swift (in target 'Auth' from project 'Supabase')
    cd /Users/mayenikhalo/Public/From\ aEroPartition/Dev/ClariFi\ iOS/ClariFi\ iOS.xcodeproj
    

SwiftCompile normal x86_64 /Users/aero/Library/Developer/Xcode/DerivedData/ClariFi_iOS-gmrlhvqnuqrbwdaistjzehzlpfwz/SourcePackages/checkouts/supabase-swift/Sources/Auth/Internal/APIClient.swift (in target 'Auth' from project 'Supabase')
    cd /Users/mayenikhalo/Public/From\ aEroPartition/Dev/ClariFi\ iOS/ClariFi\ iOS.xcodeproj
    

SwiftDriverJobDiscovery normal x86_64 Compiling SessionStorage.swift (in target 'Auth' from project 'Supabase')

SwiftCompile normal x86_64 Compiling\ AuthLocalStorage.swift /Users/aero/Library/Developer/Xcode/DerivedData/ClariFi_iOS-gmrlhvqnuqrbwdaistjzehzlpfwz/SourcePackages/checkouts/supabase-swift/Sources/Auth/Storage/AuthLocalStorage.swift (in target 'Auth' from project 'Supabase')

SwiftCompile normal x86_64 /Users/aero/Library/Developer/Xcode/DerivedData/ClariFi_iOS-gmrlhvqnuqrbwdaistjzehzlpfwz/SourcePackages/checkouts/supabase-swift/Sources/Auth/Storage/AuthLocalStorage.swift (in target 'Auth' from project 'Supabase')
    cd /Users/mayenikhalo/Public/From\ aEroPartition/Dev/ClariFi\ iOS/ClariFi\ iOS.xcodeproj
    

SwiftDriverJobDiscovery normal x86_64 Compiling AuthAdmin.swift, AuthAdminOAuth.swift (in target 'Auth' from project 'Supabase')

SwiftCompile normal x86_64 Compiling\ EventEmitter.swift /Users/aero/Library/Developer/Xcode/DerivedData/ClariFi_iOS-gmrlhvqnuqrbwdaistjzehzlpfwz/SourcePackages/checkouts/supabase-swift/Sources/Auth/Internal/EventEmitter.swift (in target 'Auth' from project 'Supabase')

SwiftCompile normal x86_64 /Users/aero/Library/Developer/Xcode/DerivedData/ClariFi_iOS-gmrlhvqnuqrbwdaistjzehzlpfwz/SourcePackages/checkouts/supabase-swift/Sources/Auth/Internal/EventEmitter.swift (in target 'Auth' from project 'Supabase')
    cd /Users/mayenikhalo/Public/From\ aEroPartition/Dev/ClariFi\ iOS/ClariFi\ iOS.xcodeproj
    

SwiftDriverJobDiscovery normal x86_64 Compiling FixedWidthInteger+Random.swift (in target 'Auth' from project 'Supabase')

SwiftCompile normal x86_64 Compiling\ AuthClient.swift,\ AuthClientConfiguration.swift /Users/aero/Library/Developer/Xcode/DerivedData/ClariFi_iOS-gmrlhvqnuqrbwdaistjzehzlpfwz/SourcePackages/checkouts/supabase-swift/Sources/Auth/AuthClient.swift /Users/aero/Library/Developer/Xcode/DerivedData/ClariFi_iOS-gmrlhvqnuqrbwdaistjzehzlpfwz/SourcePackages/checkouts/supabase-swift/Sources/Auth/AuthClientConfiguration.swift (in target 'Auth' from project 'Supabase')

SwiftCompile normal x86_64 /Users/aero/Library/Developer/Xcode/DerivedData/ClariFi_iOS-gmrlhvqnuqrbwdaistjzehzlpfwz/SourcePackages/checkouts/supabase-swift/Sources/Auth/AuthClient.swift (in target 'Auth' from project 'Supabase')
    cd /Users/mayenikhalo/Public/From\ aEroPartition/Dev/ClariFi\ iOS/ClariFi\ iOS.xcodeproj
    

SwiftCompile normal x86_64 /Users/aero/Library/Developer/Xcode/DerivedData/ClariFi_iOS-gmrlhvqnuqrbwdaistjzehzlpfwz/SourcePackages/checkouts/supabase-swift/Sources/Auth/AuthClientConfiguration.swift (in target 'Auth' from project 'Supabase')
    cd /Users/mayenikhalo/Public/From\ aEroPartition/Dev/ClariFi\ iOS/ClariFi\ iOS.xcodeproj
    

SwiftDriverJobDiscovery normal x86_64 Compiling Defaults.swift (in target 'Auth' from project 'Supabase')

SwiftDriverJobDiscovery normal x86_64 Compiling Constants.swift (in target 'Auth' from project 'Supabase')

SwiftDriverJobDiscovery normal x86_64 Compiling AuthLocalStorage.swift (in target 'Auth' from project 'Supabase')

SwiftDriverJobDiscovery normal x86_64 Compiling EventEmitter.swift (in target 'Auth' from project 'Supabase')

SwiftDriverJobDiscovery normal x86_64 Compiling AuthError.swift, AuthMFA.swift (in target 'Auth' from project 'Supabase')

SwiftDriverJobDiscovery normal x86_64 Emitting module for Auth (in target 'Auth' from project 'Supabase')

SwiftDriver\ Compilation\ Requirements Auth normal x86_64 com.apple.xcode.tools.swift.compiler (in target 'Auth' from project 'Supabase')
    cd /Users/mayenikhalo/Public/From\ aEroPartition/Dev/ClariFi\ iOS/ClariFi\ iOS.xcodeproj
    builtin-Swift-Compilation-Requirements -- /Applications/Xcode.app/Contents/Developer/Toolchains/XcodeDefault.xctoolchain/usr/bin/swiftc -module-name Auth -Onone -enforce-exclusivity\=checked @/Users/aero/Library/Developer/Xcode/DerivedData/ClariFi_iOS-gmrlhvqnuqrbwdaistjzehzlpfwz/Build/Intermediates.noindex/Supabase.build/Debug-iphonesimulator/Auth.build/Objects-normal/x86_64/Auth.SwiftFileList -DSWIFT_PACKAGE -DDEBUG -DSWIFT_MODULE_RESOURCE_BUNDLE_UNAVAILABLE -DXcode -enable-upcoming-feature ExistentialAny -enable-experimental-feature StrictConcurrency -plugin-path /Applications/Xcode.app/Contents/Developer/Toolchains/XcodeDefault.xctoolchain/usr/lib/swift/host/plugins/testing -enable-experimental-feature DebugDescriptionMacro -sdk /Applications/Xcode.app/Contents/Developer/Platforms/iPhoneSimulator.platform/Developer/SDKs/iPhoneSimulator26.0.sdk -target x86_64-apple-ios13.0-simulator -g -module-cache-path /Users/aero/Library/Developer/Xcode/DerivedData/ModuleCache.noindex -Xfrontend -serialize-debugging-options -profile-coverage-mapping -profile-generate -enable-testing -suppress-warnings -index-store-path /Users/aero/Library/Developer/Xcode/DerivedData/ClariFi_iOS-gmrlhvqnuqrbwdaistjzehzlpfwz/Index.noindex/DataStore -Xcc -D_LIBCPP_HARDENING_MODE\=_LIBCPP_HARDENING_MODE_DEBUG -swift-version 5 -I /Users/aero/Library/Developer/Xcode/DerivedData/ClariFi_iOS-gmrlhvqnuqrbwdaistjzehzlpfwz/Build/Products/Debug-iphonesimulator -Isystem /Applications/Xcode.app/Contents/Developer/Platforms/iPhoneSimulator.platform/Developer/usr/lib -F /Users/aero/Library/Developer/Xcode/DerivedData/ClariFi_iOS-gmrlhvqnuqrbwdaistjzehzlpfwz/Build/Products/Debug-iphonesimulator/PackageFrameworks -F /Users/aero/Library/Developer/Xcode/DerivedData/ClariFi_iOS-gmrlhvqnuqrbwdaistjzehzlpfwz/Build/Products/Debug-iphonesimulator/PackageFrameworks -F /Users/aero/Library/Developer/Xcode/DerivedData/ClariFi_iOS-gmrlhvqnuqrbwdaistjzehzlpfwz/Build/Products/Debug-iphonesimulator/PackageFrameworks -F /Users/aero/Library/Developer/Xcode/DerivedData/ClariFi_iOS-gmrlhvqnuqrbwdaistjzehzlpfwz/Build/Products/Debug-iphonesimulator/PackageFrameworks -F /Users/aero/Library/Developer/Xcode/DerivedData/ClariFi_iOS-gmrlhvqnuqrbwdaistjzehzlpfwz/Build/Products/Debug-iphonesimulator/PackageFrameworks -F /Users/aero/Library/Developer/Xcode/DerivedData/ClariFi_iOS-gmrlhvqnuqrbwdaistjzehzlpfwz/Build/Products/Debug-iphonesimulator/PackageFrameworks -F /Users/aero/Library/Developer/Xcode/DerivedData/ClariFi_iOS-gmrlhvqnuqrbwdaistjzehzlpfwz/Build/Products/Debug-iphonesimulator/PackageFrameworks -F /Users/aero/Library/Developer/Xcode/DerivedData/ClariFi_iOS-gmrlhvqnuqrbwdaistjzehzlpfwz/Build/Products/Debug-iphonesimulator/PackageFrameworks -F /Users/aero/Library/Developer/Xcode/DerivedData/ClariFi_iOS-gmrlhvqnuqrbwdaistjzehzlpfwz/Build/Products/Debug-iphonesimulator -F /Applications/Xcode.app/Contents/Developer/Platforms/iPhoneSimulator.platform/Developer/Library/Frameworks -F /Applications/Xcode.app/Contents/Developer/Platforms/iPhoneSimulator.platform/Developer/SDKs/iPhoneSimulator26.0.sdk/Developer/Library/Frameworks -c -j8 -enable-batch-mode -incremental -Xcc -ivfsstatcache -Xcc /Users/aero/Library/Developer/Xcode/DerivedData/SDKStatCaches.noindex/iphonesimulator26.0-23A339-26257891a6c027eb51374368541b8346.sdkstatcache -output-file-map /Users/aero/Library/Developer/Xcode/DerivedData/ClariFi_iOS-gmrlhvqnuqrbwdaistjzehzlpfwz/Build/Intermediates.noindex/Supabase.build/Debug-iphonesimulator/Auth.build/Objects-normal/x86_64/Auth-OutputFileMap.json -use-frontend-parseable-output -save-temps -no-color-diagnostics -explicit-module-build -module-cache-path /Users/aero/Library/Developer/Xcode/DerivedData/ClariFi_iOS-gmrlhvqnuqrbwdaistjzehzlpfwz/Build/Intermediates.noindex/SwiftExplicitPrecompiledModules -clang-scanner-module-cache-path /Users/aero/Library/Developer/Xcode/DerivedData/ModuleCache.noindex -sdk-module-cache-path /Users/aero/Library/Developer/Xcode/DerivedData/ModuleCache.noindex -serialize-diagnostics -emit-dependencies -emit-module -emit-module-path /Users/aero/Library/Developer/Xcode/DerivedData/ClariFi_iOS-gmrlhvqnuqrbwdaistjzehzlpfwz/Build/Intermediates.noindex/Supabase.build/Debug-iphonesimulator/Auth.build/Objects-normal/x86_64/Auth.swiftmodule -validate-clang-modules-once -clang-build-session-file /Users/aero/Library/Developer/Xcode/DerivedData/ModuleCache.noindex/Session.modulevalidation -package-name supabase_swift -Xcc -I/Users/aero/Library/Developer/Xcode/DerivedData/ClariFi_iOS-gmrlhvqnuqrbwdaistjzehzlpfwz/Build/Intermediates.noindex/Supabase.build/Debug-iphonesimulator/Auth.build/swift-overrides.hmap -emit-const-values -Xfrontend -const-gather-protocols-file -Xfrontend /Users/aero/Library/Developer/Xcode/DerivedData/ClariFi_iOS-gmrlhvqnuqrbwdaistjzehzlpfwz/Build/Intermediates.noindex/Supabase.build/Debug-iphonesimulator/Auth.build/Objects-normal/x86_64/Auth_const_extract_protocols.json -Xcc -I/Users/aero/Library/Developer/Xcode/DerivedData/ClariFi_iOS-gmrlhvqnuqrbwdaistjzehzlpfwz/Build/Products/Debug-iphonesimulator/include -Xcc -I/Users/aero/Library/Developer/Xcode/DerivedData/ClariFi_iOS-gmrlhvqnuqrbwdaistjzehzlpfwz/Build/Intermediates.noindex/Supabase.build/Debug-iphonesimulator/Auth.build/DerivedSources-normal/x86_64 -Xcc -I/Users/aero/Library/Developer/Xcode/DerivedData/ClariFi_iOS-gmrlhvqnuqrbwdaistjzehzlpfwz/Build/Intermediates.noindex/Supabase.build/Debug-iphonesimulator/Auth.build/DerivedSources/x86_64 -Xcc -I/Users/aero/Library/Developer/Xcode/DerivedData/ClariFi_iOS-gmrlhvqnuqrbwdaistjzehzlpfwz/Build/Intermediates.noindex/Supabase.build/Debug-iphonesimulator/Auth.build/DerivedSources -Xcc -DSWIFT_PACKAGE -Xcc -DDEBUG\=1 -emit-objc-header -emit-objc-header-path /Users/aero/Library/Developer/Xcode/DerivedData/ClariFi_iOS-gmrlhvqnuqrbwdaistjzehzlpfwz/Build/Intermediates.noindex/Supabase.build/Debug-iphonesimulator/Auth.build/Objects-normal/x86_64/Auth-Swift.h -working-directory /Users/mayenikhalo/Public/From\ aEroPartition/Dev/ClariFi\ iOS/ClariFi\ iOS.xcodeproj -experimental-emit-module-separately -disable-cmo

Copy /Users/aero/Library/Developer/Xcode/DerivedData/ClariFi_iOS-gmrlhvqnuqrbwdaistjzehzlpfwz/Build/Products/Debug-iphonesimulator/Auth.swiftmodule/x86_64-apple-ios-simulator.abi.json /Users/aero/Library/Developer/Xcode/DerivedData/ClariFi_iOS-gmrlhvqnuqrbwdaistjzehzlpfwz/Build/Intermediates.noindex/Supabase.build/Debug-iphonesimulator/Auth.build/Objects-normal/x86_64/Auth.abi.json (in target 'Auth' from project 'Supabase')
    cd /Users/aero/Library/Developer/Xcode/DerivedData/ClariFi_iOS-gmrlhvqnuqrbwdaistjzehzlpfwz/SourcePackages/checkouts/supabase-swift
    builtin-copy -exclude .DS_Store -exclude CVS -exclude .svn -exclude .git -exclude .hg -resolve-src-symlinks -rename /Users/aero/Library/Developer/Xcode/DerivedData/ClariFi_iOS-gmrlhvqnuqrbwdaistjzehzlpfwz/Build/Intermediates.noindex/Supabase.build/Debug-iphonesimulator/Auth.build/Objects-normal/x86_64/Auth.abi.json /Users/aero/Library/Developer/Xcode/DerivedData/ClariFi_iOS-gmrlhvqnuqrbwdaistjzehzlpfwz/Build/Products/Debug-iphonesimulator/Auth.swiftmodule/x86_64-apple-ios-simulator.abi.json

SwiftDriverJobDiscovery normal x86_64 Compiling Deprecated.swift, APIClient.swift (in target 'Auth' from project 'Supabase')

SwiftDriver ClariFi\ iOS normal arm64 com.apple.xcode.tools.swift.compiler (in target 'ClariFi iOS' from project 'ClariFi iOS')
    cd /Users/mayenikhalo/Public/From\ aEroPartition/Dev/ClariFi\ iOS
    builtin-SwiftDriver -- /Applications/Xcode.app/Contents/Developer/Toolchains/XcodeDefault.xctoolchain/usr/bin/swiftc -module-name ClariFi_iOS -Onone -enforce-exclusivity\=checked @/Users/aero/Library/Developer/Xcode/DerivedData/ClariFi_iOS-gmrlhvqnuqrbwdaistjzehzlpfwz/Build/Intermediates.noindex/ClariFi\ iOS.build/Debug-iphonesimulator/ClariFi\ iOS.build/Objects-normal/arm64/ClariFi\ iOS.SwiftFileList -DDEBUG -enable-bare-slash-regex -enable-experimental-feature DebugDescriptionMacro -sdk /Applications/Xcode.app/Contents/Developer/Platforms/iPhoneSimulator.platform/Developer/SDKs/iPhoneSimulator26.0.sdk -target arm64-apple-ios18.5-simulator -g -module-cache-path /Users/aero/Library/Developer/Xcode/DerivedData/ModuleCache.noindex -Xfrontend -serialize-debugging-options -profile-coverage-mapping -profile-generate -enable-testing -index-store-path /Users/aero/Library/Developer/Xcode/DerivedData/ClariFi_iOS-gmrlhvqnuqrbwdaistjzehzlpfwz/Index.noindex/DataStore -Xcc -D_LIBCPP_HARDENING_MODE\=_LIBCPP_HARDENING_MODE_DEBUG -swift-version 5 -I /Users/aero/Library/Developer/Xcode/DerivedData/ClariFi_iOS-gmrlhvqnuqrbwdaistjzehzlpfwz/Build/Products/Debug-iphonesimulator -F /Users/aero/Library/Developer/Xcode/DerivedData/ClariFi_iOS-gmrlhvqnuqrbwdaistjzehzlpfwz/Build/Products/Debug-iphonesimulator/PackageFrameworks -F /Users/aero/Library/Developer/Xcode/DerivedData/ClariFi_iOS-gmrlhvqnuqrbwdaistjzehzlpfwz/Build/Products/Debug-iphonesimulator/PackageFrameworks -F /Users/aero/Library/Developer/Xcode/DerivedData/ClariFi_iOS-gmrlhvqnuqrbwdaistjzehzlpfwz/Build/Products/Debug-iphonesimulator/PackageFrameworks -F /Users/aero/Library/Developer/Xcode/DerivedData/ClariFi_iOS-gmrlhvqnuqrbwdaistjzehzlpfwz/Build/Products/Debug-iphonesimulator/PackageFrameworks -F /Users/aero/Library/Developer/Xcode/DerivedData/ClariFi_iOS-gmrlhvqnuqrbwdaistjzehzlpfwz/Build/Products/Debug-iphonesimulator/PackageFrameworks -F /Users/aero/Library/Developer/Xcode/DerivedData/ClariFi_iOS-gmrlhvqnuqrbwdaistjzehzlpfwz/Build/Products/Debug-iphonesimulator/PackageFrameworks -F /Users/aero/Library/Developer/Xcode/DerivedData/ClariFi_iOS-gmrlhvqnuqrbwdaistjzehzlpfwz/Build/Products/Debug-iphonesimulator/PackageFrameworks -F /Users/aero/Library/Developer/Xcode/DerivedData/ClariFi_iOS-gmrlhvqnuqrbwdaistjzehzlpfwz/Build/Products/Debug-iphonesimulator/PackageFrameworks -F /Users/aero/Library/Developer/Xcode/DerivedData/ClariFi_iOS-gmrlhvqnuqrbwdaistjzehzlpfwz/Build/Products/Debug-iphonesimulator/PackageFrameworks -F /Users/aero/Library/Developer/Xcode/DerivedData/ClariFi_iOS-gmrlhvqnuqrbwdaistjzehzlpfwz/Build/Products/Debug-iphonesimulator/PackageFrameworks -F /Users/aero/Library/Developer/Xcode/DerivedData/ClariFi_iOS-gmrlhvqnuqrbwdaistjzehzlpfwz/Build/Products/Debug-iphonesimulator/PackageFrameworks -F /Users/aero/Library/Developer/Xcode/DerivedData/ClariFi_iOS-gmrlhvqnuqrbwdaistjzehzlpfwz/Build/Products/Debug-iphonesimulator/PackageFrameworks -F /Users/aero/Library/Developer/Xcode/DerivedData/ClariFi_iOS-gmrlhvqnuqrbwdaistjzehzlpfwz/Build/Products/Debug-iphonesimulator/PackageFrameworks -F /Users/aero/Library/Developer/Xcode/DerivedData/ClariFi_iOS-gmrlhvqnuqrbwdaistjzehzlpfwz/Build/Products/Debug-iphonesimulator/PackageFrameworks -F /Users/aero/Library/Developer/Xcode/DerivedData/ClariFi_iOS-gmrlhvqnuqrbwdaistjzehzlpfwz/Build/Products/Debug-iphonesimulator -emit-localized-strings -emit-localized-strings-path /Users/aero/Library/Developer/Xcode/DerivedData/ClariFi_iOS-gmrlhvqnuqrbwdaistjzehzlpfwz/Build/Intermediates.noindex/ClariFi\ iOS.build/Debug-iphonesimulator/ClariFi\ iOS.build/Objects-normal/arm64 -c -j8 -enable-batch-mode -incremental -Xcc -ivfsstatcache -Xcc /Users/aero/Library/Developer/Xcode/DerivedData/SDKStatCaches.noindex/iphonesimulator26.0-23A339-26257891a6c027eb51374368541b8346.sdkstatcache -output-file-map /Users/aero/Library/Developer/Xcode/DerivedData/ClariFi_iOS-gmrlhvqnuqrbwdaistjzehzlpfwz/Build/Intermediates.noindex/ClariFi\ iOS.build/Debug-iphonesimulator/ClariFi\ iOS.build/Objects-normal/arm64/ClariFi\ iOS-OutputFileMap.json -use-frontend-parseable-output -save-temps -no-color-diagnostics -explicit-module-build -module-cache-path /Users/aero/Library/Developer/Xcode/DerivedData/ClariFi_iOS-gmrlhvqnuqrbwdaistjzehzlpfwz/Build/Intermediates.noindex/SwiftExplicitPrecompiledModules -clang-scanner-module-cache-path /Users/aero/Library/Developer/Xcode/DerivedData/ModuleCache.noindex -sdk-module-cache-path /Users/aero/Library/Developer/Xcode/DerivedData/ModuleCache.noindex -serialize-diagnostics -emit-dependencies -emit-module -emit-module-path /Users/aero/Library/Developer/Xcode/DerivedData/ClariFi_iOS-gmrlhvqnuqrbwdaistjzehzlpfwz/Build/Intermediates.noindex/ClariFi\ iOS.build/Debug-iphonesimulator/ClariFi\ iOS.build/Objects-normal/arm64/ClariFi_iOS.swiftmodule -validate-clang-modules-once -clang-build-session-file /Users/aero/Library/Developer/Xcode/DerivedData/ModuleCache.noindex/Session.modulevalidation -Xcc -I/Users/aero/Library/Developer/Xcode/DerivedData/ClariFi_iOS-gmrlhvqnuqrbwdaistjzehzlpfwz/Build/Intermediates.noindex/ClariFi\ iOS.build/Debug-iphonesimulator/ClariFi\ iOS.build/swift-overrides.hmap -emit-const-values -Xfrontend -const-gather-protocols-file -Xfrontend /Users/aero/Library/Developer/Xcode/DerivedData/ClariFi_iOS-gmrlhvqnuqrbwdaistjzehzlpfwz/Build/Intermediates.noindex/ClariFi\ iOS.build/Debug-iphonesimulator/ClariFi\ iOS.build/Objects-normal/arm64/ClariFi\ iOS_const_extract_protocols.json -Xcc -iquote -Xcc /Users/aero/Library/Developer/Xcode/DerivedData/ClariFi_iOS-gmrlhvqnuqrbwdaistjzehzlpfwz/Build/Intermediates.noindex/ClariFi\ iOS.build/Debug-iphonesimulator/ClariFi\ iOS.build/ClariFi\ iOS-generated-files.hmap -Xcc -I/Users/aero/Library/Developer/Xcode/DerivedData/ClariFi_iOS-gmrlhvqnuqrbwdaistjzehzlpfwz/Build/Intermediates.noindex/ClariFi\ iOS.build/Debug-iphonesimulator/ClariFi\ iOS.build/ClariFi\ iOS-own-target-headers.hmap -Xcc -I/Users/aero/Library/Developer/Xcode/DerivedData/ClariFi_iOS-gmrlhvqnuqrbwdaistjzehzlpfwz/Build/Intermediates.noindex/ClariFi\ iOS.build/Debug-iphonesimulator/ClariFi\ iOS.build/ClariFi\ iOS-all-non-framework-target-headers.hmap -Xcc -ivfsoverlay -Xcc /Users/aero/Library/Developer/Xcode/DerivedData/ClariFi_iOS-gmrlhvqnuqrbwdaistjzehzlpfwz/Build/Intermediates.noindex/ClariFi\ iOS.build/Debug-iphonesimulator/ClariFi\ iOS-73d971fc02cd0c099b48ec6e4c7f6243-VFS-iphonesimulator/all-product-headers.yaml -Xcc -iquote -Xcc /Users/aero/Library/Developer/Xcode/DerivedData/ClariFi_iOS-gmrlhvqnuqrbwdaistjzehzlpfwz/Build/Intermediates.noindex/ClariFi\ iOS.build/Debug-iphonesimulator/ClariFi\ iOS.build/ClariFi\ iOS-project-headers.hmap -Xcc -I/Users/aero/Library/Developer/Xcode/DerivedData/ClariFi_iOS-gmrlhvqnuqrbwdaistjzehzlpfwz/Build/Products/Debug-iphonesimulator/include -Xcc -I/Users/aero/Library/Developer/Xcode/DerivedData/ClariFi_iOS-gmrlhvqnuqrbwdaistjzehzlpfwz/Build/Intermediates.noindex/ClariFi\ iOS.build/Debug-iphonesimulator/ClariFi\ iOS.build/DerivedSources-normal/arm64 -Xcc -I/Users/aero/Library/Developer/Xcode/DerivedData/ClariFi_iOS-gmrlhvqnuqrbwdaistjzehzlpfwz/Build/Intermediates.noindex/ClariFi\ iOS.build/Debug-iphonesimulator/ClariFi\ iOS.build/DerivedSources/arm64 -Xcc -I/Users/aero/Library/Developer/Xcode/DerivedData/ClariFi_iOS-gmrlhvqnuqrbwdaistjzehzlpfwz/Build/Intermediates.noindex/ClariFi\ iOS.build/Debug-iphonesimulator/ClariFi\ iOS.build/DerivedSources -Xcc -DDEBUG\=1 -emit-objc-header -emit-objc-header-path /Users/aero/Library/Developer/Xcode/DerivedData/ClariFi_iOS-gmrlhvqnuqrbwdaistjzehzlpfwz/Build/Intermediates.noindex/ClariFi\ iOS.build/Debug-iphonesimulator/ClariFi\ iOS.build/Objects-normal/arm64/ClariFi_iOS-Swift.h -working-directory /Users/mayenikhalo/Public/From\ aEroPartition/Dev/ClariFi\ iOS -experimental-emit-module-separately -disable-cmo

SwiftDriver ClariFi\ iOS normal x86_64 com.apple.xcode.tools.swift.compiler (in target 'ClariFi iOS' from project 'ClariFi iOS')
    cd /Users/mayenikhalo/Public/From\ aEroPartition/Dev/ClariFi\ iOS
    builtin-SwiftDriver -- /Applications/Xcode.app/Contents/Developer/Toolchains/XcodeDefault.xctoolchain/usr/bin/swiftc -module-name ClariFi_iOS -Onone -enforce-exclusivity\=checked @/Users/aero/Library/Developer/Xcode/DerivedData/ClariFi_iOS-gmrlhvqnuqrbwdaistjzehzlpfwz/Build/Intermediates.noindex/ClariFi\ iOS.build/Debug-iphonesimulator/ClariFi\ iOS.build/Objects-normal/x86_64/ClariFi\ iOS.SwiftFileList -DDEBUG -enable-bare-slash-regex -enable-experimental-feature DebugDescriptionMacro -sdk /Applications/Xcode.app/Contents/Developer/Platforms/iPhoneSimulator.platform/Developer/SDKs/iPhoneSimulator26.0.sdk -target x86_64-apple-ios18.5-simulator -g -module-cache-path /Users/aero/Library/Developer/Xcode/DerivedData/ModuleCache.noindex -Xfrontend -serialize-debugging-options -profile-coverage-mapping -profile-generate -enable-testing -index-store-path /Users/aero/Library/Developer/Xcode/DerivedData/ClariFi_iOS-gmrlhvqnuqrbwdaistjzehzlpfwz/Index.noindex/DataStore -Xcc -D_LIBCPP_HARDENING_MODE\=_LIBCPP_HARDENING_MODE_DEBUG -swift-version 5 -I /Users/aero/Library/Developer/Xcode/DerivedData/ClariFi_iOS-gmrlhvqnuqrbwdaistjzehzlpfwz/Build/Products/Debug-iphonesimulator -F /Users/aero/Library/Developer/Xcode/DerivedData/ClariFi_iOS-gmrlhvqnuqrbwdaistjzehzlpfwz/Build/Products/Debug-iphonesimulator/PackageFrameworks -F /Users/aero/Library/Developer/Xcode/DerivedData/ClariFi_iOS-gmrlhvqnuqrbwdaistjzehzlpfwz/Build/Products/Debug-iphonesimulator/PackageFrameworks -F /Users/aero/Library/Developer/Xcode/DerivedData/ClariFi_iOS-gmrlhvqnuqrbwdaistjzehzlpfwz/Build/Products/Debug-iphonesimulator/PackageFrameworks -F /Users/aero/Library/Developer/Xcode/DerivedData/ClariFi_iOS-gmrlhvqnuqrbwdaistjzehzlpfwz/Build/Products/Debug-iphonesimulator/PackageFrameworks -F /Users/aero/Library/Developer/Xcode/DerivedData/ClariFi_iOS-gmrlhvqnuqrbwdaistjzehzlpfwz/Build/Products/Debug-iphonesimulator/PackageFrameworks -F /Users/aero/Library/Developer/Xcode/DerivedData/ClariFi_iOS-gmrlhvqnuqrbwdaistjzehzlpfwz/Build/Products/Debug-iphonesimulator/PackageFrameworks -F /Users/aero/Library/Developer/Xcode/DerivedData/ClariFi_iOS-gmrlhvqnuqrbwdaistjzehzlpfwz/Build/Products/Debug-iphonesimulator/PackageFrameworks -F /Users/aero/Library/Developer/Xcode/DerivedData/ClariFi_iOS-gmrlhvqnuqrbwdaistjzehzlpfwz/Build/Products/Debug-iphonesimulator/PackageFrameworks -F /Users/aero/Library/Developer/Xcode/DerivedData/ClariFi_iOS-gmrlhvqnuqrbwdaistjzehzlpfwz/Build/Products/Debug-iphonesimulator/PackageFrameworks -F /Users/aero/Library/Developer/Xcode/DerivedData/ClariFi_iOS-gmrlhvqnuqrbwdaistjzehzlpfwz/Build/Products/Debug-iphonesimulator/PackageFrameworks -F /Users/aero/Library/Developer/Xcode/DerivedData/ClariFi_iOS-gmrlhvqnuqrbwdaistjzehzlpfwz/Build/Products/Debug-iphonesimulator/PackageFrameworks -F /Users/aero/Library/Developer/Xcode/DerivedData/ClariFi_iOS-gmrlhvqnuqrbwdaistjzehzlpfwz/Build/Products/Debug-iphonesimulator/PackageFrameworks -F /Users/aero/Library/Developer/Xcode/DerivedData/ClariFi_iOS-gmrlhvqnuqrbwdaistjzehzlpfwz/Build/Products/Debug-iphonesimulator/PackageFrameworks -F /Users/aero/Library/Developer/Xcode/DerivedData/ClariFi_iOS-gmrlhvqnuqrbwdaistjzehzlpfwz/Build/Products/Debug-iphonesimulator/PackageFrameworks -F /Users/aero/Library/Developer/Xcode/DerivedData/ClariFi_iOS-gmrlhvqnuqrbwdaistjzehzlpfwz/Build/Products/Debug-iphonesimulator -emit-localized-strings -emit-localized-strings-path /Users/aero/Library/Developer/Xcode/DerivedData/ClariFi_iOS-gmrlhvqnuqrbwdaistjzehzlpfwz/Build/Intermediates.noindex/ClariFi\ iOS.build/Debug-iphonesimulator/ClariFi\ iOS.build/Objects-normal/x86_64 -c -j8 -enable-batch-mode -incremental -Xcc -ivfsstatcache -Xcc /Users/aero/Library/Developer/Xcode/DerivedData/SDKStatCaches.noindex/iphonesimulator26.0-23A339-26257891a6c027eb51374368541b8346.sdkstatcache -output-file-map /Users/aero/Library/Developer/Xcode/DerivedData/ClariFi_iOS-gmrlhvqnuqrbwdaistjzehzlpfwz/Build/Intermediates.noindex/ClariFi\ iOS.build/Debug-iphonesimulator/ClariFi\ iOS.build/Objects-normal/x86_64/ClariFi\ iOS-OutputFileMap.json -use-frontend-parseable-output -save-temps -no-color-diagnostics -explicit-module-build -module-cache-path /Users/aero/Library/Developer/Xcode/DerivedData/ClariFi_iOS-gmrlhvqnuqrbwdaistjzehzlpfwz/Build/Intermediates.noindex/SwiftExplicitPrecompiledModules -clang-scanner-module-cache-path /Users/aero/Library/Developer/Xcode/DerivedData/ModuleCache.noindex -sdk-module-cache-path /Users/aero/Library/Developer/Xcode/DerivedData/ModuleCache.noindex -serialize-diagnostics -emit-dependencies -emit-module -emit-module-path /Users/aero/Library/Developer/Xcode/DerivedData/ClariFi_iOS-gmrlhvqnuqrbwdaistjzehzlpfwz/Build/Intermediates.noindex/ClariFi\ iOS.build/Debug-iphonesimulator/ClariFi\ iOS.build/Objects-normal/x86_64/ClariFi_iOS.swiftmodule -validate-clang-modules-once -clang-build-session-file /Users/aero/Library/Developer/Xcode/DerivedData/ModuleCache.noindex/Session.modulevalidation -Xcc -I/Users/aero/Library/Developer/Xcode/DerivedData/ClariFi_iOS-gmrlhvqnuqrbwdaistjzehzlpfwz/Build/Intermediates.noindex/ClariFi\ iOS.build/Debug-iphonesimulator/ClariFi\ iOS.build/swift-overrides.hmap -emit-const-values -Xfrontend -const-gather-protocols-file -Xfrontend /Users/aero/Library/Developer/Xcode/DerivedData/ClariFi_iOS-gmrlhvqnuqrbwdaistjzehzlpfwz/Build/Intermediates.noindex/ClariFi\ iOS.build/Debug-iphonesimulator/ClariFi\ iOS.build/Objects-normal/x86_64/ClariFi\ iOS_const_extract_protocols.json -Xcc -iquote -Xcc /Users/aero/Library/Developer/Xcode/DerivedData/ClariFi_iOS-gmrlhvqnuqrbwdaistjzehzlpfwz/Build/Intermediates.noindex/ClariFi\ iOS.build/Debug-iphonesimulator/ClariFi\ iOS.build/ClariFi\ iOS-generated-files.hmap -Xcc -I/Users/aero/Library/Developer/Xcode/DerivedData/ClariFi_iOS-gmrlhvqnuqrbwdaistjzehzlpfwz/Build/Intermediates.noindex/ClariFi\ iOS.build/Debug-iphonesimulator/ClariFi\ iOS.build/ClariFi\ iOS-own-target-headers.hmap -Xcc -I/Users/aero/Library/Developer/Xcode/DerivedData/ClariFi_iOS-gmrlhvqnuqrbwdaistjzehzlpfwz/Build/Intermediates.noindex/ClariFi\ iOS.build/Debug-iphonesimulator/ClariFi\ iOS.build/ClariFi\ iOS-all-non-framework-target-headers.hmap -Xcc -ivfsoverlay -Xcc /Users/aero/Library/Developer/Xcode/DerivedData/ClariFi_iOS-gmrlhvqnuqrbwdaistjzehzlpfwz/Build/Intermediates.noindex/ClariFi\ iOS.build/Debug-iphonesimulator/ClariFi\ iOS-73d971fc02cd0c099b48ec6e4c7f6243-VFS-iphonesimulator/all-product-headers.yaml -Xcc -iquote -Xcc /Users/aero/Library/Developer/Xcode/DerivedData/ClariFi_iOS-gmrlhvqnuqrbwdaistjzehzlpfwz/Build/Intermediates.noindex/ClariFi\ iOS.build/Debug-iphonesimulator/ClariFi\ iOS.build/ClariFi\ iOS-project-headers.hmap -Xcc -I/Users/aero/Library/Developer/Xcode/DerivedData/ClariFi_iOS-gmrlhvqnuqrbwdaistjzehzlpfwz/Build/Products/Debug-iphonesimulator/include -Xcc -I/Users/aero/Library/Developer/Xcode/DerivedData/ClariFi_iOS-gmrlhvqnuqrbwdaistjzehzlpfwz/Build/Intermediates.noindex/ClariFi\ iOS.build/Debug-iphonesimulator/ClariFi\ iOS.build/DerivedSources-normal/x86_64 -Xcc -I/Users/aero/Library/Developer/Xcode/DerivedData/ClariFi_iOS-gmrlhvqnuqrbwdaistjzehzlpfwz/Build/Intermediates.noindex/ClariFi\ iOS.build/Debug-iphonesimulator/ClariFi\ iOS.build/DerivedSources/x86_64 -Xcc -I/Users/aero/Library/Developer/Xcode/DerivedData/ClariFi_iOS-gmrlhvqnuqrbwdaistjzehzlpfwz/Build/Intermediates.noindex/ClariFi\ iOS.build/Debug-iphonesimulator/ClariFi\ iOS.build/DerivedSources -Xcc -DDEBUG\=1 -emit-objc-header -emit-objc-header-path /Users/aero/Library/Developer/Xcode/DerivedData/ClariFi_iOS-gmrlhvqnuqrbwdaistjzehzlpfwz/Build/Intermediates.noindex/ClariFi\ iOS.build/Debug-iphonesimulator/ClariFi\ iOS.build/Objects-normal/x86_64/ClariFi_iOS-Swift.h -working-directory /Users/mayenikhalo/Public/From\ aEroPartition/Dev/ClariFi\ iOS -experimental-emit-module-separately -disable-cmo

SwiftDriverJobDiscovery normal x86_64 Compiling AuthClient.swift, AuthClientConfiguration.swift (in target 'Auth' from project 'Supabase')

SwiftCompile normal x86_64 Compiling\ User+CoreDataClass.swift,\ User+CoreDataProperties.swift,\ Transaction+CoreDataClass.swift,\ Transaction+CoreDataProperties.swift,\ Account+CoreDataClass.swift,\ Account+CoreDataProperties.swift,\ Budget+CoreDataClass.swift,\ Budget+CoreDataProperties.swift,\ BudgetCategory+CoreDataClass.swift,\ BudgetCategory+CoreDataProperties.swift,\ Statement+CoreDataClass.swift,\ Statement+CoreDataProperties.swift,\ RecurringTransaction+CoreDataClass.swift,\ RecurringTransaction+CoreDataProperties.swift,\ CategorizationRule+CoreDataClass.swift,\ CategorizationRule+CoreDataProperties.swift,\ MerchantPattern+CoreDataClass.swift,\ MerchantPattern+CoreDataProperties.swift,\ ClariFi_iOS+CoreDataModel.swift,\ GeneratedAssetSymbols.swift /Users/aero/Library/Developer/Xcode/DerivedData/ClariFi_iOS-gmrlhvqnuqrbwdaistjzehzlpfwz/Build/Intermediates.noindex/ClariFi\ iOS.build/Debug-iphonesimulator/ClariFi\ iOS.build/DerivedSources/CoreDataGenerated/ClariFi_iOS/User+CoreDataClass.swift /Users/aero/Library/Developer/Xcode/DerivedData/ClariFi_iOS-gmrlhvqnuqrbwdaistjzehzlpfwz/Build/Intermediates.noindex/ClariFi\ iOS.build/Debug-iphonesimulator/ClariFi\ iOS.build/DerivedSources/CoreDataGenerated/ClariFi_iOS/User+CoreDataProperties.swift /Users/aero/Library/Developer/Xcode/DerivedData/ClariFi_iOS-gmrlhvqnuqrbwdaistjzehzlpfwz/Build/Intermediates.noindex/ClariFi\ iOS.build/Debug-iphonesimulator/ClariFi\ iOS.build/DerivedSources/CoreDataGenerated/ClariFi_iOS/Transaction+CoreDataClass.swift /Users/aero/Library/Developer/Xcode/DerivedData/ClariFi_iOS-gmrlhvqnuqrbwdaistjzehzlpfwz/Build/Intermediates.noindex/ClariFi\ iOS.build/Debug-iphonesimulator/ClariFi\ iOS.build/DerivedSources/CoreDataGenerated/ClariFi_iOS/Transaction+CoreDataProperties.swift /Users/aero/Library/Developer/Xcode/DerivedData/ClariFi_iOS-gmrlhvqnuqrbwdaistjzehzlpfwz/Build/Intermediates.noindex/ClariFi\ iOS.build/Debug-iphonesimulator/ClariFi\ iOS.build/DerivedSources/CoreDataGenerated/ClariFi_iOS/Account+CoreDataClass.swift /Users/aero/Library/Developer/Xcode/DerivedData/ClariFi_iOS-gmrlhvqnuqrbwdaistjzehzlpfwz/Build/Intermediates.noindex/ClariFi\ iOS.build/Debug-iphonesimulator/ClariFi\ iOS.build/DerivedSources/CoreDataGenerated/ClariFi_iOS/Account+CoreDataProperties.swift /Users/aero/Library/Developer/Xcode/DerivedData/ClariFi_iOS-gmrlhvqnuqrbwdaistjzehzlpfwz/Build/Intermediates.noindex/ClariFi\ iOS.build/Debug-iphonesimulator/ClariFi\ iOS.build/DerivedSources/CoreDataGenerated/ClariFi_iOS/Budget+CoreDataClass.swift /Users/aero/Library/Developer/Xcode/DerivedData/ClariFi_iOS-gmrlhvqnuqrbwdaistjzehzlpfwz/Build/Intermediates.noindex/ClariFi\ iOS.build/Debug-iphonesimulator/ClariFi\ iOS.build/DerivedSources/CoreDataGenerated/ClariFi_iOS/Budget+CoreDataProperties.swift /Users/aero/Library/Developer/Xcode/DerivedData/ClariFi_iOS-gmrlhvqnuqrbwdaistjzehzlpfwz/Build/Intermediates.noindex/ClariFi\ iOS.build/Debug-iphonesimulator/ClariFi\ iOS.build/DerivedSources/CoreDataGenerated/ClariFi_iOS/BudgetCategory+CoreDataClass.swift /Users/aero/Library/Developer/Xcode/DerivedData/ClariFi_iOS-gmrlhvqnuqrbwdaistjzehzlpfwz/Build/Intermediates.noindex/ClariFi\ iOS.build/Debug-iphonesimulator/ClariFi\ iOS.build/DerivedSources/CoreDataGenerated/ClariFi_iOS/BudgetCategory+CoreDataProperties.swift /Users/aero/Library/Developer/Xcode/DerivedData/ClariFi_iOS-gmrlhvqnuqrbwdaistjzehzlpfwz/Build/Intermediates.noindex/ClariFi\ iOS.build/Debug-iphonesimulator/ClariFi\ iOS.build/DerivedSources/CoreDataGenerated/ClariFi_iOS/Statement+CoreDataClass.swift /Users/aero/Library/Developer/Xcode/DerivedData/ClariFi_iOS-gmrlhvqnuqrbwdaistjzehzlpfwz/Build/Intermediates.noindex/ClariFi\ iOS.build/Debug-iphonesimulator/ClariFi\ iOS.build/DerivedSources/CoreDataGenerated/ClariFi_iOS/Statement+CoreDataProperties.swift /Users/aero/Library/Developer/Xcode/DerivedData/ClariFi_iOS-gmrlhvqnuqrbwdaistjzehzlpfwz/Build/Intermediates.noindex/ClariFi\ iOS.build/Debug-iphonesimulator/ClariFi\ iOS.build/DerivedSources/CoreDataGenerated/ClariFi_iOS/RecurringTransaction+CoreDataClass.swift /Users/aero/Library/Developer/Xcode/DerivedData/ClariFi_iOS-gmrlhvqnuqrbwdaistjzehzlpfwz/Build/Intermediates.noindex/ClariFi\ iOS.build/Debug-iphonesimulator/ClariFi\ iOS.build/DerivedSources/CoreDataGenerated/ClariFi_iOS/RecurringTransaction+CoreDataProperties.swift /Users/aero/Library/Developer/Xcode/DerivedData/ClariFi_iOS-gmrlhvqnuqrbwdaistjzehzlpfwz/Build/Intermediates.noindex/ClariFi\ iOS.build/Debug-iphonesimulator/ClariFi\ iOS.build/DerivedSources/CoreDataGenerated/ClariFi_iOS/CategorizationRule+CoreDataClass.swift /Users/aero/Library/Developer/Xcode/DerivedData/ClariFi_iOS-gmrlhvqnuqrbwdaistjzehzlpfwz/Build/Intermediates.noindex/ClariFi\ iOS.build/Debug-iphonesimulator/ClariFi\ iOS.build/DerivedSources/CoreDataGenerated/ClariFi_iOS/CategorizationRule+CoreDataProperties.swift /Users/aero/Library/Developer/Xcode/DerivedData/ClariFi_iOS-gmrlhvqnuqrbwdaistjzehzlpfwz/Build/Intermediates.noindex/ClariFi\ iOS.build/Debug-iphonesimulator/ClariFi\ iOS.build/DerivedSources/CoreDataGenerated/ClariFi_iOS/MerchantPattern+CoreDataClass.swift /Users/aero/Library/Developer/Xcode/DerivedData/ClariFi_iOS-gmrlhvqnuqrbwdaistjzehzlpfwz/Build/Intermediates.noindex/ClariFi\ iOS.build/Debug-iphonesimulator/ClariFi\ iOS.build/DerivedSources/CoreDataGenerated/ClariFi_iOS/MerchantPattern+CoreDataProperties.swift /Users/aero/Library/Developer/Xcode/DerivedData/ClariFi_iOS-gmrlhvqnuqrbwdaistjzehzlpfwz/Build/Intermediates.noindex/ClariFi\ iOS.build/Debug-iphonesimulator/ClariFi\ iOS.build/DerivedSources/CoreDataGenerated/ClariFi_iOS/ClariFi_iOS+CoreDataModel.swift /Users/aero/Library/Developer/Xcode/DerivedData/ClariFi_iOS-gmrlhvqnuqrbwdaistjzehzlpfwz/Build/Intermediates.noindex/ClariFi\ iOS.build/Debug-iphonesimulator/ClariFi\ iOS.build/DerivedSources/GeneratedAssetSymbols.swift (in target 'ClariFi iOS' from project 'ClariFi iOS')
SwiftCompile normal x86_64 /Users/aero/Library/Developer/Xcode/DerivedData/ClariFi_iOS-gmrlhvqnuqrbwdaistjzehzlpfwz/Build/Intermediates.noindex/ClariFi\ iOS.build/Debug-iphonesimulator/ClariFi\ iOS.build/DerivedSources/CoreDataGenerated/ClariFi_iOS/User+CoreDataClass.swift (in target 'ClariFi iOS' from project 'ClariFi iOS')
    cd /Users/mayenikhalo/Public/From\ aEroPartition/Dev/ClariFi\ iOS
    

SwiftCompile normal x86_64 /Users/aero/Library/Developer/Xcode/DerivedData/ClariFi_iOS-gmrlhvqnuqrbwdaistjzehzlpfwz/Build/Intermediates.noindex/ClariFi\ iOS.build/Debug-iphonesimulator/ClariFi\ iOS.build/DerivedSources/CoreDataGenerated/ClariFi_iOS/User+CoreDataProperties.swift (in target 'ClariFi iOS' from project 'ClariFi iOS')
    cd /Users/mayenikhalo/Public/From\ aEroPartition/Dev/ClariFi\ iOS
    

SwiftCompile normal x86_64 /Users/aero/Library/Developer/Xcode/DerivedData/ClariFi_iOS-gmrlhvqnuqrbwdaistjzehzlpfwz/Build/Intermediates.noindex/ClariFi\ iOS.build/Debug-iphonesimulator/ClariFi\ iOS.build/DerivedSources/CoreDataGenerated/ClariFi_iOS/Transaction+CoreDataClass.swift (in target 'ClariFi iOS' from project 'ClariFi iOS')
    cd /Users/mayenikhalo/Public/From\ aEroPartition/Dev/ClariFi\ iOS
    

SwiftCompile normal x86_64 /Users/aero/Library/Developer/Xcode/DerivedData/ClariFi_iOS-gmrlhvqnuqrbwdaistjzehzlpfwz/Build/Intermediates.noindex/ClariFi\ iOS.build/Debug-iphonesimulator/ClariFi\ iOS.build/DerivedSources/CoreDataGenerated/ClariFi_iOS/Transaction+CoreDataProperties.swift (in target 'ClariFi iOS' from project 'ClariFi iOS')
    cd /Users/mayenikhalo/Public/From\ aEroPartition/Dev/ClariFi\ iOS
    

SwiftCompile normal x86_64 /Users/aero/Library/Developer/Xcode/DerivedData/ClariFi_iOS-gmrlhvqnuqrbwdaistjzehzlpfwz/Build/Intermediates.noindex/ClariFi\ iOS.build/Debug-iphonesimulator/ClariFi\ iOS.build/DerivedSources/CoreDataGenerated/ClariFi_iOS/Account+CoreDataClass.swift (in target 'ClariFi iOS' from project 'ClariFi iOS')
    cd /Users/mayenikhalo/Public/From\ aEroPartition/Dev/ClariFi\ iOS
    

SwiftCompile normal x86_64 /Users/aero/Library/Developer/Xcode/DerivedData/ClariFi_iOS-gmrlhvqnuqrbwdaistjzehzlpfwz/Build/Intermediates.noindex/ClariFi\ iOS.build/Debug-iphonesimulator/ClariFi\ iOS.build/DerivedSources/CoreDataGenerated/ClariFi_iOS/Account+CoreDataProperties.swift (in target 'ClariFi iOS' from project 'ClariFi iOS')
    cd /Users/mayenikhalo/Public/From\ aEroPartition/Dev/ClariFi\ iOS
    

SwiftCompile normal x86_64 /Users/aero/Library/Developer/Xcode/DerivedData/ClariFi_iOS-gmrlhvqnuqrbwdaistjzehzlpfwz/Build/Intermediates.noindex/ClariFi\ iOS.build/Debug-iphonesimulator/ClariFi\ iOS.build/DerivedSources/CoreDataGenerated/ClariFi_iOS/Budget+CoreDataClass.swift (in target 'ClariFi iOS' from project 'ClariFi iOS')
    cd /Users/mayenikhalo/Public/From\ aEroPartition/Dev/ClariFi\ iOS
    

SwiftCompile normal x86_64 /Users/aero/Library/Developer/Xcode/DerivedData/ClariFi_iOS-gmrlhvqnuqrbwdaistjzehzlpfwz/Build/Intermediates.noindex/ClariFi\ iOS.build/Debug-iphonesimulator/ClariFi\ iOS.build/DerivedSources/CoreDataGenerated/ClariFi_iOS/Budget+CoreDataProperties.swift (in target 'ClariFi iOS' from project 'ClariFi iOS')
    cd /Users/mayenikhalo/Public/From\ aEroPartition/Dev/ClariFi\ iOS
    

SwiftCompile normal x86_64 /Users/aero/Library/Developer/Xcode/DerivedData/ClariFi_iOS-gmrlhvqnuqrbwdaistjzehzlpfwz/Build/Intermediates.noindex/ClariFi\ iOS.build/Debug-iphonesimulator/ClariFi\ iOS.build/DerivedSources/CoreDataGenerated/ClariFi_iOS/BudgetCategory+CoreDataClass.swift (in target 'ClariFi iOS' from project 'ClariFi iOS')
    cd /Users/mayenikhalo/Public/From\ aEroPartition/Dev/ClariFi\ iOS
    

SwiftCompile normal x86_64 /Users/aero/Library/Developer/Xcode/DerivedData/ClariFi_iOS-gmrlhvqnuqrbwdaistjzehzlpfwz/Build/Intermediates.noindex/ClariFi\ iOS.build/Debug-iphonesimulator/ClariFi\ iOS.build/DerivedSources/CoreDataGenerated/ClariFi_iOS/BudgetCategory+CoreDataProperties.swift (in target 'ClariFi iOS' from project 'ClariFi iOS')
    cd /Users/mayenikhalo/Public/From\ aEroPartition/Dev/ClariFi\ iOS
    

SwiftCompile normal x86_64 /Users/aero/Library/Developer/Xcode/DerivedData/ClariFi_iOS-gmrlhvqnuqrbwdaistjzehzlpfwz/Build/Intermediates.noindex/ClariFi\ iOS.build/Debug-iphonesimulator/ClariFi\ iOS.build/DerivedSources/CoreDataGenerated/ClariFi_iOS/Statement+CoreDataClass.swift (in target 'ClariFi iOS' from project 'ClariFi iOS')
    cd /Users/mayenikhalo/Public/From\ aEroPartition/Dev/ClariFi\ iOS
    

SwiftCompile normal x86_64 /Users/aero/Library/Developer/Xcode/DerivedData/ClariFi_iOS-gmrlhvqnuqrbwdaistjzehzlpfwz/Build/Intermediates.noindex/ClariFi\ iOS.build/Debug-iphonesimulator/ClariFi\ iOS.build/DerivedSources/CoreDataGenerated/ClariFi_iOS/Statement+CoreDataProperties.swift (in target 'ClariFi iOS' from project 'ClariFi iOS')
    cd /Users/mayenikhalo/Public/From\ aEroPartition/Dev/ClariFi\ iOS
    

SwiftCompile normal x86_64 /Users/aero/Library/Developer/Xcode/DerivedData/ClariFi_iOS-gmrlhvqnuqrbwdaistjzehzlpfwz/Build/Intermediates.noindex/ClariFi\ iOS.build/Debug-iphonesimulator/ClariFi\ iOS.build/DerivedSources/CoreDataGenerated/ClariFi_iOS/RecurringTransaction+CoreDataClass.swift (in target 'ClariFi iOS' from project 'ClariFi iOS')
    cd /Users/mayenikhalo/Public/From\ aEroPartition/Dev/ClariFi\ iOS
    

SwiftCompile normal x86_64 /Users/aero/Library/Developer/Xcode/DerivedData/ClariFi_iOS-gmrlhvqnuqrbwdaistjzehzlpfwz/Build/Intermediates.noindex/ClariFi\ iOS.build/Debug-iphonesimulator/ClariFi\ iOS.build/DerivedSources/CoreDataGenerated/ClariFi_iOS/RecurringTransaction+CoreDataProperties.swift (in target 'ClariFi iOS' from project 'ClariFi iOS')
    cd /Users/mayenikhalo/Public/From\ aEroPartition/Dev/ClariFi\ iOS
    

SwiftCompile normal x86_64 /Users/aero/Library/Developer/Xcode/DerivedData/ClariFi_iOS-gmrlhvqnuqrbwdaistjzehzlpfwz/Build/Intermediates.noindex/ClariFi\ iOS.build/Debug-iphonesimulator/ClariFi\ iOS.build/DerivedSources/CoreDataGenerated/ClariFi_iOS/CategorizationRule+CoreDataClass.swift (in target 'ClariFi iOS' from project 'ClariFi iOS')
    cd /Users/mayenikhalo/Public/From\ aEroPartition/Dev/ClariFi\ iOS
    

SwiftCompile normal x86_64 /Users/aero/Library/Developer/Xcode/DerivedData/ClariFi_iOS-gmrlhvqnuqrbwdaistjzehzlpfwz/Build/Intermediates.noindex/ClariFi\ iOS.build/Debug-iphonesimulator/ClariFi\ iOS.build/DerivedSources/CoreDataGenerated/ClariFi_iOS/CategorizationRule+CoreDataProperties.swift (in target 'ClariFi iOS' from project 'ClariFi iOS')
    cd /Users/mayenikhalo/Public/From\ aEroPartition/Dev/ClariFi\ iOS
    

SwiftCompile normal x86_64 /Users/aero/Library/Developer/Xcode/DerivedData/ClariFi_iOS-gmrlhvqnuqrbwdaistjzehzlpfwz/Build/Intermediates.noindex/ClariFi\ iOS.build/Debug-iphonesimulator/ClariFi\ iOS.build/DerivedSources/CoreDataGenerated/ClariFi_iOS/MerchantPattern+CoreDataClass.swift (in target 'ClariFi iOS' from project 'ClariFi iOS')
    cd /Users/mayenikhalo/Public/From\ aEroPartition/Dev/ClariFi\ iOS
    

SwiftCompile normal x86_64 /Users/aero/Library/Developer/Xcode/DerivedData/ClariFi_iOS-gmrlhvqnuqrbwdaistjzehzlpfwz/Build/Intermediates.noindex/ClariFi\ iOS.build/Debug-iphonesimulator/ClariFi\ iOS.build/DerivedSources/CoreDataGenerated/ClariFi_iOS/MerchantPattern+CoreDataProperties.swift (in target 'ClariFi iOS' from project 'ClariFi iOS')
    cd /Users/mayenikhalo/Public/From\ aEroPartition/Dev/ClariFi\ iOS
    

SwiftCompile normal x86_64 /Users/aero/Library/Developer/Xcode/DerivedData/ClariFi_iOS-gmrlhvqnuqrbwdaistjzehzlpfwz/Build/Intermediates.noindex/ClariFi\ iOS.build/Debug-iphonesimulator/ClariFi\ iOS.build/DerivedSources/CoreDataGenerated/ClariFi_iOS/ClariFi_iOS+CoreDataModel.swift (in target 'ClariFi iOS' from project 'ClariFi iOS')
    cd /Users/mayenikhalo/Public/From\ aEroPartition/Dev/ClariFi\ iOS
    

SwiftCompile normal x86_64 /Users/aero/Library/Developer/Xcode/DerivedData/ClariFi_iOS-gmrlhvqnuqrbwdaistjzehzlpfwz/Build/Intermediates.noindex/ClariFi\ iOS.build/Debug-iphonesimulator/ClariFi\ iOS.build/DerivedSources/GeneratedAssetSymbols.swift (in target 'ClariFi iOS' from project 'ClariFi iOS')
    cd /Users/mayenikhalo/Public/From\ aEroPartition/Dev/ClariFi\ iOS
    

SwiftCompile normal x86_64 Compiling\ PerformanceBenchmarks.swift,\ SupabaseConfiguration.swift,\ AppDIContainer.swift,\ AppDIContainer+Registration.swift,\ DIContainer.swift,\ DIContainer+Environment.swift,\ ColorSystem.swift,\ Decimal+Currency.swift,\ Typography.swift,\ View+ErrorAlert.swift,\ View+ErrorAlert+Example.swift,\ AccountSetupData.swift,\ AppError.swift,\ Budget+Extensions.swift,\ CategoryDefinition.swift,\ CategoryMappingError.swift,\ CoreDataValidation.swift,\ Currency.swift,\ FormatterCache.swift,\ OnboardingError.swift,\ Transaction+Currency.swift /Users/mayenikhalo/Public/From\ aEroPartition/Dev/ClariFi\ iOS/ClariFi\ iOS/ClariFi\ iOSTests/Performance/PerformanceBenchmarks.swift /Users/mayenikhalo/Public/From\ aEroPartition/Dev/ClariFi\ iOS/ClariFi\ iOS/Configuration/SupabaseConfiguration.swift /Users/mayenikhalo/Public/From\ aEroPartition/Dev/ClariFi\ iOS/ClariFi\ iOS/Core/DependencyInjection/AppDIContainer.swift /Users/mayenikhalo/Public/From\ aEroPartition/Dev/ClariFi\ iOS/ClariFi\ iOS/Core/DependencyInjection/AppDIContainer+Registration.swift /Users/mayenikhalo/Public/From\ aEroPartition/Dev/ClariFi\ iOS/ClariFi\ iOS/Core/DependencyInjection/DIContainer.swift /Users/mayenikhalo/Public/From\ aEroPartition/Dev/ClariFi\ iOS/ClariFi\ iOS/Core/DependencyInjection/DIContainer+Environment.swift /Users/mayenikhalo/Public/From\ aEroPartition/Dev/ClariFi\ iOS/ClariFi\ iOS/Core/Extensions/ColorSystem.swift /Users/mayenikhalo/Public/From\ aEroPartition/Dev/ClariFi\ iOS/ClariFi\ iOS/Core/Extensions/Decimal+Currency.swift /Users/mayenikhalo/Public/From\ aEroPartition/Dev/ClariFi\ iOS/ClariFi\ iOS/Core/Extensions/Typography.swift /Users/mayenikhalo/Public/From\ aEroPartition/Dev/ClariFi\ iOS/ClariFi\ iOS/Core/Extensions/View+ErrorAlert.swift /Users/mayenikhalo/Public/From\ aEroPartition/Dev/ClariFi\ iOS/ClariFi\ iOS/Core/Extensions/View+ErrorAlert+Example.swift /Users/mayenikhalo/Public/From\ aEroPartition/Dev/ClariFi\ iOS/ClariFi\ iOS/Models/AccountSetupData.swift /Users/mayenikhalo/Public/From\ aEroPartition/Dev/ClariFi\ iOS/ClariFi\ iOS/Models/AppError.swift /Users/mayenikhalo/Public/From\ aEroPartition/Dev/ClariFi\ iOS/ClariFi\ iOS/Models/Budget+Extensions.swift /Users/mayenikhalo/Public/From\ aEroPartition/Dev/ClariFi\ iOS/ClariFi\ iOS/Models/CategoryDefinition.swift /Users/mayenikhalo/Public/From\ aEroPartition/Dev/ClariFi\ iOS/ClariFi\ iOS/Models/CategoryMappingError.swift /Users/mayenikhalo/Public/From\ aEroPartition/Dev/ClariFi\ iOS/ClariFi\ iOS/Models/CoreDataValidation.swift /Users/mayenikhalo/Public/From\ aEroPartition/Dev/ClariFi\ iOS/ClariFi\ iOS/Models/Currency.swift /Users/mayenikhalo/Public/From\ aEroPartition/Dev/ClariFi\ iOS/ClariFi\ iOS/Models/FormatterCache.swift /Users/mayenikhalo/Public/From\ aEroPartition/Dev/ClariFi\ iOS/ClariFi\ iOS/Models/OnboardingError.swift /Users/mayenikhalo/Public/From\ aEroPartition/Dev/ClariFi\ iOS/ClariFi\ iOS/Models/Transaction+Currency.swift (in target 'ClariFi iOS' from project 'ClariFi iOS')
SwiftCompile normal x86_64 /Users/mayenikhalo/Public/From\ aEroPartition/Dev/ClariFi\ iOS/ClariFi\ iOS/ClariFi\ iOSTests/Performance/PerformanceBenchmarks.swift (in target 'ClariFi iOS' from project 'ClariFi iOS')
    cd /Users/mayenikhalo/Public/From\ aEroPartition/Dev/ClariFi\ iOS
    

SwiftCompile normal x86_64 /Users/mayenikhalo/Public/From\ aEroPartition/Dev/ClariFi\ iOS/ClariFi\ iOS/Configuration/SupabaseConfiguration.swift (in target 'ClariFi iOS' from project 'ClariFi iOS')
    cd /Users/mayenikhalo/Public/From\ aEroPartition/Dev/ClariFi\ iOS
    

SwiftCompile normal x86_64 /Users/mayenikhalo/Public/From\ aEroPartition/Dev/ClariFi\ iOS/ClariFi\ iOS/Core/DependencyInjection/AppDIContainer.swift (in target 'ClariFi iOS' from project 'ClariFi iOS')
    cd /Users/mayenikhalo/Public/From\ aEroPartition/Dev/ClariFi\ iOS
    

SwiftCompile normal x86_64 /Users/mayenikhalo/Public/From\ aEroPartition/Dev/ClariFi\ iOS/ClariFi\ iOS/Core/DependencyInjection/AppDIContainer+Registration.swift (in target 'ClariFi iOS' from project 'ClariFi iOS')
    cd /Users/mayenikhalo/Public/From\ aEroPartition/Dev/ClariFi\ iOS
    
/Users/mayenikhalo/Public/From aEroPartition/Dev/ClariFi iOS/ClariFi iOS/Core/DependencyInjection/AppDIContainer+Registration.swift:153:50: warning: use of protocol 'TransactionRepository' as a type must be written 'any TransactionRepository'; this will be an error in a future Swift language mode
                transactionRepository: c.resolve(TransactionRepository.self),
                                                 ^~~~~~~~~~~~~~~~~~~~~
                                                 (any TransactionRepository)
/Users/mayenikhalo/Public/From aEroPartition/Dev/ClariFi iOS/ClariFi iOS/Core/DependencyInjection/AppDIContainer+Registration.swift:168:50: warning: use of protocol 'TransactionRepository' as a type must be written 'any TransactionRepository'; this will be an error in a future Swift language mode
                transactionRepository: c.resolve(TransactionRepository.self),
                                                 ^~~~~~~~~~~~~~~~~~~~~
                                                 (any TransactionRepository)
/Users/mayenikhalo/Public/From aEroPartition/Dev/ClariFi iOS/ClariFi iOS/Core/DependencyInjection/AppDIContainer+Registration.swift:183:45: warning: use of protocol 'BudgetRepository' as a type must be written 'any BudgetRepository'; this will be an error in a future Swift language mode
                budgetRepository: c.resolve(BudgetRepository.self),
                                            ^~~~~~~~~~~~~~~~
                                            (any BudgetRepository)
/Users/mayenikhalo/Public/From aEroPartition/Dev/ClariFi iOS/ClariFi iOS/Core/DependencyInjection/AppDIContainer+Registration.swift:184:53: warning: use of protocol 'BudgetCategoryRepository' as a type must be written 'any BudgetCategoryRepository'; this will be an error in a future Swift language mode
                budgetCategoryRepository: c.resolve(BudgetCategoryRepository.self),
                                                    ^~~~~~~~~~~~~~~~~~~~~~~~
                                                    (any BudgetCategoryRepository)
/Users/mayenikhalo/Public/From aEroPartition/Dev/ClariFi iOS/ClariFi iOS/Core/DependencyInjection/AppDIContainer+Registration.swift:185:50: warning: use of protocol 'TransactionRepository' as a type must be written 'any TransactionRepository'; this will be an error in a future Swift language mode
                transactionRepository: c.resolve(TransactionRepository.self),
                                                 ^~~~~~~~~~~~~~~~~~~~~
                                                 (any TransactionRepository)
/Users/mayenikhalo/Public/From aEroPartition/Dev/ClariFi iOS/ClariFi iOS/Core/DependencyInjection/AppDIContainer+Registration.swift:199:48: warning: use of protocol 'RecurringTransactionRepository' as a type must be written 'any RecurringTransactionRepository'; this will be an error in a future Swift language mode
                recurringRepository: c.resolve(RecurringTransactionRepository.self),
                                               ^~~~~~~~~~~~~~~~~~~~~~~~~~~~~~
                                               (any RecurringTransactionRepository)
/Users/mayenikhalo/Public/From aEroPartition/Dev/ClariFi iOS/ClariFi iOS/Core/DependencyInjection/AppDIContainer+Registration.swift:200:50: warning: use of protocol 'TransactionRepository' as a type must be written 'any TransactionRepository'; this will be an error in a future Swift language mode
                transactionRepository: c.resolve(TransactionRepository.self),
                                                 ^~~~~~~~~~~~~~~~~~~~~
                                                 (any TransactionRepository)
/Users/mayenikhalo/Public/From aEroPartition/Dev/ClariFi iOS/ClariFi iOS/Core/DependencyInjection/AppDIContainer+Registration.swift:227:45: warning: use of protocol 'BudgetRepository' as a type must be written 'any BudgetRepository'; this will be an error in a future Swift language mode
                budgetRepository: c.resolve(BudgetRepository.self),
                                            ^~~~~~~~~~~~~~~~
                                            (any BudgetRepository)
/Users/mayenikhalo/Public/From aEroPartition/Dev/ClariFi iOS/ClariFi iOS/Core/DependencyInjection/AppDIContainer+Registration.swift:228:53: warning: use of protocol 'BudgetCategoryRepository' as a type must be written 'any BudgetCategoryRepository'; this will be an error in a future Swift language mode
                budgetCategoryRepository: c.resolve(BudgetCategoryRepository.self),
                                                    ^~~~~~~~~~~~~~~~~~~~~~~~
                                                    (any BudgetCategoryRepository)
/Users/mayenikhalo/Public/From aEroPartition/Dev/ClariFi iOS/ClariFi iOS/Core/DependencyInjection/AppDIContainer+Registration.swift:361:50: warning: use of protocol 'TransactionRepository' as a type must be written 'any TransactionRepository'; this will be an error in a future Swift language mode
                transactionRepository: c.resolve(TransactionRepository.self),
                                                 ^~~~~~~~~~~~~~~~~~~~~
                                                 (any TransactionRepository)
/Users/mayenikhalo/Public/From aEroPartition/Dev/ClariFi iOS/ClariFi iOS/Core/DependencyInjection/AppDIContainer+Registration.swift:376:50: warning: use of protocol 'TransactionRepository' as a type must be written 'any TransactionRepository'; this will be an error in a future Swift language mode
                transactionRepository: c.resolve(TransactionRepository.self),
                                                 ^~~~~~~~~~~~~~~~~~~~~
                                                 (any TransactionRepository)
/Users/mayenikhalo/Public/From aEroPartition/Dev/ClariFi iOS/ClariFi iOS/Core/DependencyInjection/AppDIContainer+Registration.swift:391:45: warning: use of protocol 'BudgetRepository' as a type must be written 'any BudgetRepository'; this will be an error in a future Swift language mode
                budgetRepository: c.resolve(BudgetRepository.self),
                                            ^~~~~~~~~~~~~~~~
                                            (any BudgetRepository)
/Users/mayenikhalo/Public/From aEroPartition/Dev/ClariFi iOS/ClariFi iOS/Core/DependencyInjection/AppDIContainer+Registration.swift:392:53: warning: use of protocol 'BudgetCategoryRepository' as a type must be written 'any BudgetCategoryRepository'; this will be an error in a future Swift language mode
                budgetCategoryRepository: c.resolve(BudgetCategoryRepository.self),
                                                    ^~~~~~~~~~~~~~~~~~~~~~~~
                                                    (any BudgetCategoryRepository)
/Users/mayenikhalo/Public/From aEroPartition/Dev/ClariFi iOS/ClariFi iOS/Core/DependencyInjection/AppDIContainer+Registration.swift:393:50: warning: use of protocol 'TransactionRepository' as a type must be written 'any TransactionRepository'; this will be an error in a future Swift language mode
                transactionRepository: c.resolve(TransactionRepository.self),
                                                 ^~~~~~~~~~~~~~~~~~~~~
                                                 (any TransactionRepository)
/Users/mayenikhalo/Public/From aEroPartition/Dev/ClariFi iOS/ClariFi iOS/Core/DependencyInjection/AppDIContainer+Registration.swift:407:48: warning: use of protocol 'RecurringTransactionRepository' as a type must be written 'any RecurringTransactionRepository'; this will be an error in a future Swift language mode
                recurringRepository: c.resolve(RecurringTransactionRepository.self),
                                               ^~~~~~~~~~~~~~~~~~~~~~~~~~~~~~
                                               (any RecurringTransactionRepository)
/Users/mayenikhalo/Public/From aEroPartition/Dev/ClariFi iOS/ClariFi iOS/Core/DependencyInjection/AppDIContainer+Registration.swift:408:50: warning: use of protocol 'TransactionRepository' as a type must be written 'any TransactionRepository'; this will be an error in a future Swift language mode
                transactionRepository: c.resolve(TransactionRepository.self),
                                                 ^~~~~~~~~~~~~~~~~~~~~
                                                 (any TransactionRepository)
/Users/mayenikhalo/Public/From aEroPartition/Dev/ClariFi iOS/ClariFi iOS/Core/DependencyInjection/AppDIContainer+Registration.swift:433:45: warning: use of protocol 'BudgetRepository' as a type must be written 'any BudgetRepository'; this will be an error in a future Swift language mode
                budgetRepository: c.resolve(BudgetRepository.self),
                                            ^~~~~~~~~~~~~~~~
                                            (any BudgetRepository)
/Users/mayenikhalo/Public/From aEroPartition/Dev/ClariFi iOS/ClariFi iOS/Core/DependencyInjection/AppDIContainer+Registration.swift:434:53: warning: use of protocol 'BudgetCategoryRepository' as a type must be written 'any BudgetCategoryRepository'; this will be an error in a future Swift language mode
                budgetCategoryRepository: c.resolve(BudgetCategoryRepository.self),
                                                    ^~~~~~~~~~~~~~~~~~~~~~~~
                                                    (any BudgetCategoryRepository)

SwiftCompile normal x86_64 /Users/mayenikhalo/Public/From\ aEroPartition/Dev/ClariFi\ iOS/ClariFi\ iOS/Core/DependencyInjection/DIContainer.swift (in target 'ClariFi iOS' from project 'ClariFi iOS')
    cd /Users/mayenikhalo/Public/From\ aEroPartition/Dev/ClariFi\ iOS
    

SwiftCompile normal x86_64 /Users/mayenikhalo/Public/From\ aEroPartition/Dev/ClariFi\ iOS/ClariFi\ iOS/Core/DependencyInjection/DIContainer+Environment.swift (in target 'ClariFi iOS' from project 'ClariFi iOS')
    cd /Users/mayenikhalo/Public/From\ aEroPartition/Dev/ClariFi\ iOS
    

SwiftCompile normal x86_64 /Users/mayenikhalo/Public/From\ aEroPartition/Dev/ClariFi\ iOS/ClariFi\ iOS/Core/Extensions/ColorSystem.swift (in target 'ClariFi iOS' from project 'ClariFi iOS')
    cd /Users/mayenikhalo/Public/From\ aEroPartition/Dev/ClariFi\ iOS
    

SwiftCompile normal x86_64 /Users/mayenikhalo/Public/From\ aEroPartition/Dev/ClariFi\ iOS/ClariFi\ iOS/Core/Extensions/Decimal+Currency.swift (in target 'ClariFi iOS' from project 'ClariFi iOS')
    cd /Users/mayenikhalo/Public/From\ aEroPartition/Dev/ClariFi\ iOS
    

SwiftCompile normal x86_64 /Users/mayenikhalo/Public/From\ aEroPartition/Dev/ClariFi\ iOS/ClariFi\ iOS/Core/Extensions/Typography.swift (in target 'ClariFi iOS' from project 'ClariFi iOS')
    cd /Users/mayenikhalo/Public/From\ aEroPartition/Dev/ClariFi\ iOS
    

SwiftCompile normal x86_64 /Users/mayenikhalo/Public/From\ aEroPartition/Dev/ClariFi\ iOS/ClariFi\ iOS/Core/Extensions/View+ErrorAlert.swift (in target 'ClariFi iOS' from project 'ClariFi iOS')
    cd /Users/mayenikhalo/Public/From\ aEroPartition/Dev/ClariFi\ iOS
    

SwiftCompile normal x86_64 /Users/mayenikhalo/Public/From\ aEroPartition/Dev/ClariFi\ iOS/ClariFi\ iOS/Core/Extensions/View+ErrorAlert+Example.swift (in target 'ClariFi iOS' from project 'ClariFi iOS')
    cd /Users/mayenikhalo/Public/From\ aEroPartition/Dev/ClariFi\ iOS
    

SwiftCompile normal x86_64 /Users/mayenikhalo/Public/From\ aEroPartition/Dev/ClariFi\ iOS/ClariFi\ iOS/Models/AccountSetupData.swift (in target 'ClariFi iOS' from project 'ClariFi iOS')
    cd /Users/mayenikhalo/Public/From\ aEroPartition/Dev/ClariFi\ iOS
    

SwiftCompile normal x86_64 /Users/mayenikhalo/Public/From\ aEroPartition/Dev/ClariFi\ iOS/ClariFi\ iOS/Models/AppError.swift (in target 'ClariFi iOS' from project 'ClariFi iOS')
    cd /Users/mayenikhalo/Public/From\ aEroPartition/Dev/ClariFi\ iOS
    

SwiftCompile normal x86_64 /Users/mayenikhalo/Public/From\ aEroPartition/Dev/ClariFi\ iOS/ClariFi\ iOS/Models/Budget+Extensions.swift (in target 'ClariFi iOS' from project 'ClariFi iOS')
    cd /Users/mayenikhalo/Public/From\ aEroPartition/Dev/ClariFi\ iOS
    

SwiftCompile normal x86_64 /Users/mayenikhalo/Public/From\ aEroPartition/Dev/ClariFi\ iOS/ClariFi\ iOS/Models/CategoryDefinition.swift (in target 'ClariFi iOS' from project 'ClariFi iOS')
    cd /Users/mayenikhalo/Public/From\ aEroPartition/Dev/ClariFi\ iOS
    

SwiftCompile normal x86_64 /Users/mayenikhalo/Public/From\ aEroPartition/Dev/ClariFi\ iOS/ClariFi\ iOS/Models/CategoryMappingError.swift (in target 'ClariFi iOS' from project 'ClariFi iOS')
    cd /Users/mayenikhalo/Public/From\ aEroPartition/Dev/ClariFi\ iOS
    

SwiftCompile normal x86_64 /Users/mayenikhalo/Public/From\ aEroPartition/Dev/ClariFi\ iOS/ClariFi\ iOS/Models/CoreDataValidation.swift (in target 'ClariFi iOS' from project 'ClariFi iOS')
    cd /Users/mayenikhalo/Public/From\ aEroPartition/Dev/ClariFi\ iOS
    

SwiftCompile normal x86_64 /Users/mayenikhalo/Public/From\ aEroPartition/Dev/ClariFi\ iOS/ClariFi\ iOS/Models/Currency.swift (in target 'ClariFi iOS' from project 'ClariFi iOS')
    cd /Users/mayenikhalo/Public/From\ aEroPartition/Dev/ClariFi\ iOS
    
/Users/mayenikhalo/Public/From aEroPartition/Dev/ClariFi iOS/ClariFi iOS/Models/Currency.swift:185:13: warning: no 'async' operations occur within 'await' expression
            await formatterCache.clearCache()
            ^
/Users/mayenikhalo/Public/From aEroPartition/Dev/ClariFi iOS/ClariFi iOS/Models/Currency.swift:191:16: warning: no 'async' operations occur within 'await' expression
        return await formatterCache.cacheSize
               ^

SwiftCompile normal x86_64 /Users/mayenikhalo/Public/From\ aEroPartition/Dev/ClariFi\ iOS/ClariFi\ iOS/Models/FormatterCache.swift (in target 'ClariFi iOS' from project 'ClariFi iOS')
    cd /Users/mayenikhalo/Public/From\ aEroPartition/Dev/ClariFi\ iOS
    

SwiftCompile normal x86_64 /Users/mayenikhalo/Public/From\ aEroPartition/Dev/ClariFi\ iOS/ClariFi\ iOS/Models/OnboardingError.swift (in target 'ClariFi iOS' from project 'ClariFi iOS')
    cd /Users/mayenikhalo/Public/From\ aEroPartition/Dev/ClariFi\ iOS
    

SwiftCompile normal x86_64 /Users/mayenikhalo/Public/From\ aEroPartition/Dev/ClariFi\ iOS/ClariFi\ iOS/Models/Transaction+Currency.swift (in target 'ClariFi iOS' from project 'ClariFi iOS')
    cd /Users/mayenikhalo/Public/From\ aEroPartition/Dev/ClariFi\ iOS
    

SwiftCompile normal x86_64 Compiling\ TransactionEntryViewModel.swift,\ TransactionReviewViewModel.swift,\ LoginView.swift,\ PasswordStrengthView.swift,\ RegistrationView.swift,\ WelcomeView.swift,\ CategoryPickerView.swift,\ EmptyStateView.swift,\ HybridGlassCard.swift,\ LoadingOverlay.swift,\ LoadingStateView.swift,\ PremiumUpsellView.swift,\ SuccessAnimationView.swift,\ ToastView.swift,\ AccountSetupStepView.swift,\ FirstActionGuidanceView.swift,\ OnboardingSuccessView.swift,\ QuickStartView.swift,\ AboutAppView.swift,\ AboutView.swift /Users/mayenikhalo/Public/From\ aEroPartition/Dev/ClariFi\ iOS/ClariFi\ iOS/ViewModels/TransactionEntryViewModel.swift /Users/mayenikhalo/Public/From\ aEroPartition/Dev/ClariFi\ iOS/ClariFi\ iOS/ViewModels/TransactionReviewViewModel.swift /Users/mayenikhalo/Public/From\ aEroPartition/Dev/ClariFi\ iOS/ClariFi\ iOS/Views/Authentication/LoginView.swift /Users/mayenikhalo/Public/From\ aEroPartition/Dev/ClariFi\ iOS/ClariFi\ iOS/Views/Authentication/PasswordStrengthView.swift /Users/mayenikhalo/Public/From\ aEroPartition/Dev/ClariFi\ iOS/ClariFi\ iOS/Views/Authentication/RegistrationView.swift /Users/mayenikhalo/Public/From\ aEroPartition/Dev/ClariFi\ iOS/ClariFi\ iOS/Views/Authentication/WelcomeView.swift /Users/mayenikhalo/Public/From\ aEroPartition/Dev/ClariFi\ iOS/ClariFi\ iOS/Views/Components/CategoryPickerView.swift /Users/mayenikhalo/Public/From\ aEroPartition/Dev/ClariFi\ iOS/ClariFi\ iOS/Views/Components/EmptyStateView.swift /Users/mayenikhalo/Public/From\ aEroPartition/Dev/ClariFi\ iOS/ClariFi\ iOS/Views/Components/HybridGlassCard.swift /Users/mayenikhalo/Public/From\ aEroPartition/Dev/ClariFi\ iOS/ClariFi\ iOS/Views/Components/LoadingOverlay.swift /Users/mayenikhalo/Public/From\ aEroPartition/Dev/ClariFi\ iOS/ClariFi\ iOS/Views/Components/LoadingStateView.swift /Users/mayenikhalo/Public/From\ aEroPartition/Dev/ClariFi\ iOS/ClariFi\ iOS/Views/Components/PremiumUpsellView.swift /Users/mayenikhalo/Public/From\ aEroPartition/Dev/ClariFi\ iOS/ClariFi\ iOS/Views/Components/SuccessAnimationView.swift /Users/mayenikhalo/Public/From\ aEroPartition/Dev/ClariFi\ iOS/ClariFi\ iOS/Views/Components/ToastView.swift /Users/mayenikhalo/Public/From\ aEroPartition/Dev/ClariFi\ iOS/ClariFi\ iOS/Views/Onboarding/AccountSetupStepView.swift /Users/mayenikhalo/Public/From\ aEroPartition/Dev/ClariFi\ iOS/ClariFi\ iOS/Views/Onboarding/FirstActionGuidanceView.swift /Users/mayenikhalo/Public/From\ aEroPartition/Dev/ClariFi\ iOS/ClariFi\ iOS/Views/Onboarding/OnboardingSuccessView.swift /Users/mayenikhalo/Public/From\ aEroPartition/Dev/ClariFi\ iOS/ClariFi\ iOS/Views/Onboarding/QuickStartView.swift /Users/mayenikhalo/Public/From\ aEroPartition/Dev/ClariFi\ iOS/ClariFi\ iOS/Views/AboutAppView.swift /Users/mayenikhalo/Public/From\ aEroPartition/Dev/ClariFi\ iOS/ClariFi\ iOS/Views/AboutView.swift (in target 'ClariFi iOS' from project 'ClariFi iOS')
SwiftCompile normal x86_64 /Users/mayenikhalo/Public/From\ aEroPartition/Dev/ClariFi\ iOS/ClariFi\ iOS/ViewModels/TransactionEntryViewModel.swift (in target 'ClariFi iOS' from project 'ClariFi iOS')
    cd /Users/mayenikhalo/Public/From\ aEroPartition/Dev/ClariFi\ iOS
    

SwiftCompile normal x86_64 /Users/mayenikhalo/Public/From\ aEroPartition/Dev/ClariFi\ iOS/ClariFi\ iOS/ViewModels/TransactionReviewViewModel.swift (in target 'ClariFi iOS' from project 'ClariFi iOS')
    cd /Users/mayenikhalo/Public/From\ aEroPartition/Dev/ClariFi\ iOS
    

SwiftCompile normal x86_64 /Users/mayenikhalo/Public/From\ aEroPartition/Dev/ClariFi\ iOS/ClariFi\ iOS/Views/Authentication/LoginView.swift (in target 'ClariFi iOS' from project 'ClariFi iOS')
    cd /Users/mayenikhalo/Public/From\ aEroPartition/Dev/ClariFi\ iOS
    

SwiftCompile normal x86_64 /Users/mayenikhalo/Public/From\ aEroPartition/Dev/ClariFi\ iOS/ClariFi\ iOS/Views/Authentication/PasswordStrengthView.swift (in target 'ClariFi iOS' from project 'ClariFi iOS')
    cd /Users/mayenikhalo/Public/From\ aEroPartition/Dev/ClariFi\ iOS
    

SwiftCompile normal x86_64 /Users/mayenikhalo/Public/From\ aEroPartition/Dev/ClariFi\ iOS/ClariFi\ iOS/Views/Authentication/RegistrationView.swift (in target 'ClariFi iOS' from project 'ClariFi iOS')
    cd /Users/mayenikhalo/Public/From\ aEroPartition/Dev/ClariFi\ iOS
    

SwiftCompile normal x86_64 /Users/mayenikhalo/Public/From\ aEroPartition/Dev/ClariFi\ iOS/ClariFi\ iOS/Views/Authentication/WelcomeView.swift (in target 'ClariFi iOS' from project 'ClariFi iOS')
    cd /Users/mayenikhalo/Public/From\ aEroPartition/Dev/ClariFi\ iOS
    

SwiftCompile normal x86_64 /Users/mayenikhalo/Public/From\ aEroPartition/Dev/ClariFi\ iOS/ClariFi\ iOS/Views/Components/CategoryPickerView.swift (in target 'ClariFi iOS' from project 'ClariFi iOS')
    cd /Users/mayenikhalo/Public/From\ aEroPartition/Dev/ClariFi\ iOS
    

SwiftCompile normal x86_64 /Users/mayenikhalo/Public/From\ aEroPartition/Dev/ClariFi\ iOS/ClariFi\ iOS/Views/Components/EmptyStateView.swift (in target 'ClariFi iOS' from project 'ClariFi iOS')
    cd /Users/mayenikhalo/Public/From\ aEroPartition/Dev/ClariFi\ iOS
    

SwiftCompile normal x86_64 /Users/mayenikhalo/Public/From\ aEroPartition/Dev/ClariFi\ iOS/ClariFi\ iOS/Views/Components/HybridGlassCard.swift (in target 'ClariFi iOS' from project 'ClariFi iOS')
    cd /Users/mayenikhalo/Public/From\ aEroPartition/Dev/ClariFi\ iOS
    

SwiftCompile normal x86_64 /Users/mayenikhalo/Public/From\ aEroPartition/Dev/ClariFi\ iOS/ClariFi\ iOS/Views/Components/LoadingOverlay.swift (in target 'ClariFi iOS' from project 'ClariFi iOS')
    cd /Users/mayenikhalo/Public/From\ aEroPartition/Dev/ClariFi\ iOS
    

SwiftCompile normal x86_64 /Users/mayenikhalo/Public/From\ aEroPartition/Dev/ClariFi\ iOS/ClariFi\ iOS/Views/Components/LoadingStateView.swift (in target 'ClariFi iOS' from project 'ClariFi iOS')
    cd /Users/mayenikhalo/Public/From\ aEroPartition/Dev/ClariFi\ iOS
    

SwiftCompile normal x86_64 /Users/mayenikhalo/Public/From\ aEroPartition/Dev/ClariFi\ iOS/ClariFi\ iOS/Views/Components/PremiumUpsellView.swift (in target 'ClariFi iOS' from project 'ClariFi iOS')
    cd /Users/mayenikhalo/Public/From\ aEroPartition/Dev/ClariFi\ iOS
    

SwiftCompile normal x86_64 /Users/mayenikhalo/Public/From\ aEroPartition/Dev/ClariFi\ iOS/ClariFi\ iOS/Views/Components/SuccessAnimationView.swift (in target 'ClariFi iOS' from project 'ClariFi iOS')
    cd /Users/mayenikhalo/Public/From\ aEroPartition/Dev/ClariFi\ iOS
    

SwiftCompile normal x86_64 /Users/mayenikhalo/Public/From\ aEroPartition/Dev/ClariFi\ iOS/ClariFi\ iOS/Views/Components/ToastView.swift (in target 'ClariFi iOS' from project 'ClariFi iOS')
    cd /Users/mayenikhalo/Public/From\ aEroPartition/Dev/ClariFi\ iOS
    

SwiftCompile normal x86_64 /Users/mayenikhalo/Public/From\ aEroPartition/Dev/ClariFi\ iOS/ClariFi\ iOS/Views/Onboarding/AccountSetupStepView.swift (in target 'ClariFi iOS' from project 'ClariFi iOS')
    cd /Users/mayenikhalo/Public/From\ aEroPartition/Dev/ClariFi\ iOS
    
/Users/mayenikhalo/Public/From aEroPartition/Dev/ClariFi iOS/ClariFi iOS/Views/Onboarding/AccountSetupStepView.swift:227:30: warning: 'onChange(of:perform:)' was deprecated in iOS 17.0: Use `onChange` with a two or zero parameter action closure instead.
                            .onChange(of: accountName) { _ in
                             ^
/Users/mayenikhalo/Public/From aEroPartition/Dev/ClariFi iOS/ClariFi iOS/Views/Onboarding/AccountSetupStepView.swift:254:22: warning: 'onChange(of:perform:)' was deprecated in iOS 17.0: Use `onChange` with a two or zero parameter action closure instead.
                    .onChange(of: selectedType) { _ in
                     ^
/Users/mayenikhalo/Public/From aEroPartition/Dev/ClariFi iOS/ClariFi iOS/Views/Onboarding/AccountSetupStepView.swift:264:30: warning: 'onChange(of:perform:)' was deprecated in iOS 17.0: Use `onChange` with a two or zero parameter action closure instead.
                            .onChange(of: initialBalance) { _ in
                             ^

SwiftCompile normal x86_64 /Users/mayenikhalo/Public/From\ aEroPartition/Dev/ClariFi\ iOS/ClariFi\ iOS/Views/Onboarding/FirstActionGuidanceView.swift (in target 'ClariFi iOS' from project 'ClariFi iOS')
    cd /Users/mayenikhalo/Public/From\ aEroPartition/Dev/ClariFi\ iOS
    

SwiftCompile normal x86_64 /Users/mayenikhalo/Public/From\ aEroPartition/Dev/ClariFi\ iOS/ClariFi\ iOS/Views/Onboarding/OnboardingSuccessView.swift (in target 'ClariFi iOS' from project 'ClariFi iOS')
    cd /Users/mayenikhalo/Public/From\ aEroPartition/Dev/ClariFi\ iOS
    

SwiftCompile normal x86_64 /Users/mayenikhalo/Public/From\ aEroPartition/Dev/ClariFi\ iOS/ClariFi\ iOS/Views/Onboarding/QuickStartView.swift (in target 'ClariFi iOS' from project 'ClariFi iOS')
    cd /Users/mayenikhalo/Public/From\ aEroPartition/Dev/ClariFi\ iOS
    

SwiftCompile normal x86_64 /Users/mayenikhalo/Public/From\ aEroPartition/Dev/ClariFi\ iOS/ClariFi\ iOS/Views/AboutAppView.swift (in target 'ClariFi iOS' from project 'ClariFi iOS')
    cd /Users/mayenikhalo/Public/From\ aEroPartition/Dev/ClariFi\ iOS
    

SwiftCompile normal x86_64 /Users/mayenikhalo/Public/From\ aEroPartition/Dev/ClariFi\ iOS/ClariFi\ iOS/Views/AboutView.swift (in target 'ClariFi iOS' from project 'ClariFi iOS')
    cd /Users/mayenikhalo/Public/From\ aEroPartition/Dev/ClariFi\ iOS
    

SwiftCompile normal x86_64 Compiling\ CategoryService.swift,\ ClariFiAppIntents.swift,\ CorrectionStore.swift,\ EncryptionService.swift,\ InsightNotificationService.swift,\ InsightsEngine.swift,\ OCRService.swift,\ PrivacyManager.swift,\ RecurringTransactionService.swift,\ RuleEngine.swift,\ ScenarioPlanningService.swift,\ SecureFileManager.swift,\ SecurityAuditService.swift,\ SmartTransactionParser.swift,\ StatementPatterns.swift,\ SubscriptionService.swift,\ TransactionParserService.swift,\ VisionOCRService.swift,\ KeychainHelper.swift,\ AccessibilityHelper.swift,\ AnalyticsViewModifier.swift /Users/mayenikhalo/Public/From\ aEroPartition/Dev/ClariFi\ iOS/ClariFi\ iOS/Services/CategoryService.swift /Users/mayenikhalo/Public/From\ aEroPartition/Dev/ClariFi\ iOS/ClariFi\ iOS/Services/ClariFiAppIntents.swift /Users/mayenikhalo/Public/From\ aEroPartition/Dev/ClariFi\ iOS/ClariFi\ iOS/Services/CorrectionStore.swift /Users/mayenikhalo/Public/From\ aEroPartition/Dev/ClariFi\ iOS/ClariFi\ iOS/Services/EncryptionService.swift /Users/mayenikhalo/Public/From\ aEroPartition/Dev/ClariFi\ iOS/ClariFi\ iOS/Services/InsightNotificationService.swift /Users/mayenikhalo/Public/From\ aEroPartition/Dev/ClariFi\ iOS/ClariFi\ iOS/Services/InsightsEngine.swift /Users/mayenikhalo/Public/From\ aEroPartition/Dev/ClariFi\ iOS/ClariFi\ iOS/Services/OCRService.swift /Users/mayenikhalo/Public/From\ aEroPartition/Dev/ClariFi\ iOS/ClariFi\ iOS/Services/PrivacyManager.swift /Users/mayenikhalo/Public/From\ aEroPartition/Dev/ClariFi\ iOS/ClariFi\ iOS/Services/RecurringTransactionService.swift /Users/mayenikhalo/Public/From\ aEroPartition/Dev/ClariFi\ iOS/ClariFi\ iOS/Services/RuleEngine.swift /Users/mayenikhalo/Public/From\ aEroPartition/Dev/ClariFi\ iOS/ClariFi\ iOS/Services/ScenarioPlanningService.swift /Users/mayenikhalo/Public/From\ aEroPartition/Dev/ClariFi\ iOS/ClariFi\ iOS/Services/SecureFileManager.swift /Users/mayenikhalo/Public/From\ aEroPartition/Dev/ClariFi\ iOS/ClariFi\ iOS/Services/SecurityAuditService.swift /Users/mayenikhalo/Public/From\ aEroPartition/Dev/ClariFi\ iOS/ClariFi\ iOS/Services/SmartTransactionParser.swift /Users/mayenikhalo/Public/From\ aEroPartition/Dev/ClariFi\ iOS/ClariFi\ iOS/Services/StatementPatterns.swift /Users/mayenikhalo/Public/From\ aEroPartition/Dev/ClariFi\ iOS/ClariFi\ iOS/Services/SubscriptionService.swift /Users/mayenikhalo/Public/From\ aEroPartition/Dev/ClariFi\ iOS/ClariFi\ iOS/Services/TransactionParserService.swift /Users/mayenikhalo/Public/From\ aEroPartition/Dev/ClariFi\ iOS/ClariFi\ iOS/Services/VisionOCRService.swift /Users/mayenikhalo/Public/From\ aEroPartition/Dev/ClariFi\ iOS/ClariFi\ iOS/Utilities/Security/KeychainHelper.swift /Users/mayenikhalo/Public/From\ aEroPartition/Dev/ClariFi\ iOS/ClariFi\ iOS/Utilities/AccessibilityHelper.swift /Users/mayenikhalo/Public/From\ aEroPartition/Dev/ClariFi\ iOS/ClariFi\ iOS/Utilities/AnalyticsViewModifier.swift (in target 'ClariFi iOS' from project 'ClariFi iOS')

SwiftCompile normal x86_64 /Users/mayenikhalo/Public/From\ aEroPartition/Dev/ClariFi\ iOS/ClariFi\ iOS/Services/CategoryService.swift (in target 'ClariFi iOS' from project 'ClariFi iOS')
    cd /Users/mayenikhalo/Public/From\ aEroPartition/Dev/ClariFi\ iOS
    

SwiftCompile normal x86_64 /Users/mayenikhalo/Public/From\ aEroPartition/Dev/ClariFi\ iOS/ClariFi\ iOS/Services/ClariFiAppIntents.swift (in target 'ClariFi iOS' from project 'ClariFi iOS')
    cd /Users/mayenikhalo/Public/From\ aEroPartition/Dev/ClariFi\ iOS
    

SwiftCompile normal x86_64 /Users/mayenikhalo/Public/From\ aEroPartition/Dev/ClariFi\ iOS/ClariFi\ iOS/Services/CorrectionStore.swift (in target 'ClariFi iOS' from project 'ClariFi iOS')
    cd /Users/mayenikhalo/Public/From\ aEroPartition/Dev/ClariFi\ iOS
    

SwiftCompile normal x86_64 /Users/mayenikhalo/Public/From\ aEroPartition/Dev/ClariFi\ iOS/ClariFi\ iOS/Services/EncryptionService.swift (in target 'ClariFi iOS' from project 'ClariFi iOS')
    cd /Users/mayenikhalo/Public/From\ aEroPartition/Dev/ClariFi\ iOS
    

SwiftCompile normal x86_64 /Users/mayenikhalo/Public/From\ aEroPartition/Dev/ClariFi\ iOS/ClariFi\ iOS/Services/InsightNotificationService.swift (in target 'ClariFi iOS' from project 'ClariFi iOS')
    cd /Users/mayenikhalo/Public/From\ aEroPartition/Dev/ClariFi\ iOS
    

SwiftCompile normal x86_64 /Users/mayenikhalo/Public/From\ aEroPartition/Dev/ClariFi\ iOS/ClariFi\ iOS/Services/InsightsEngine.swift (in target 'ClariFi iOS' from project 'ClariFi iOS')
    cd /Users/mayenikhalo/Public/From\ aEroPartition/Dev/ClariFi\ iOS
    
/Users/mayenikhalo/Public/From aEroPartition/Dev/ClariFi iOS/ClariFi iOS/Services/InsightsEngine.swift:108:10: warning: non-Sendable parameter type '[Transaction]' cannot be sent from caller of protocol requirement 'generateInsights(for:budget:)' into actor-isolated implementation; this is an error in the Swift 6 language mode
    func generateInsights(for transactions: [Transaction], budget: Budget?) async -> [Insight] {
         ^
Swift.Array:1:23: note: generic struct 'Array' does not conform to the 'Sendable' protocol
@frozen public struct Array<Element> : _DestructorSafeContainer {
                      ^
/Users/mayenikhalo/Public/From aEroPartition/Dev/ClariFi iOS/ClariFi iOS/Services/InsightsEngine.swift:108:10: warning: non-Sendable parameter type 'Budget?' cannot be sent from caller of protocol requirement 'generateInsights(for:budget:)' into actor-isolated implementation; this is an error in the Swift 6 language mode
    func generateInsights(for transactions: [Transaction], budget: Budget?) async -> [Insight] {
         ^
Swift.Optional:1:21: note: generic enum 'Optional' does not conform to the 'Sendable' protocol
@frozen public enum Optional<Wrapped> : ~Copyable, ~Escapable where Wrapped : ~Copyable, Wrapped : ~Escapable {
                    ^
/Users/mayenikhalo/Public/From aEroPartition/Dev/ClariFi iOS/ClariFi iOS/Services/InsightsEngine.swift:128:10: warning: non-Sendable parameter type '[Transaction]' cannot be sent from caller of protocol requirement 'generateSpendingTrends(for:transactions:)' into actor-isolated implementation; this is an error in the Swift 6 language mode
    func generateSpendingTrends(for period: DateInterval, transactions: [Transaction]) async -> SpendingTrends {
         ^
Swift.Array:1:23: note: generic struct 'Array' does not conform to the 'Sendable' protocol
@frozen public struct Array<Element> : _DestructorSafeContainer {
                      ^

SwiftCompile normal x86_64 /Users/mayenikhalo/Public/From\ aEroPartition/Dev/ClariFi\ iOS/ClariFi\ iOS/Services/OCRService.swift (in target 'ClariFi iOS' from project 'ClariFi iOS')
    cd /Users/mayenikhalo/Public/From\ aEroPartition/Dev/ClariFi\ iOS
    

SwiftCompile normal x86_64 /Users/mayenikhalo/Public/From\ aEroPartition/Dev/ClariFi\ iOS/ClariFi\ iOS/Services/PrivacyManager.swift (in target 'ClariFi iOS' from project 'ClariFi iOS')
    cd /Users/mayenikhalo/Public/From\ aEroPartition/Dev/ClariFi\ iOS
    
/Users/mayenikhalo/Public/From aEroPartition/Dev/ClariFi iOS/ClariFi iOS/Services/PrivacyManager.swift:123:40: warning: capture of 'self' with non-Sendable type 'PrivacyManager' in a '@Sendable' closure
            let transactionCount = try self.viewContext.count(for: transactionFetch)
                                       ^
/Users/mayenikhalo/Public/From aEroPartition/Dev/ClariFi iOS/ClariFi iOS/Services/PrivacyManager.swift:70:7: note: class 'PrivacyManager' does not conform to the 'Sendable' protocol
class PrivacyManager: ObservableObject, PrivacyManagerProtocol {
      ^
/Users/mayenikhalo/Public/From aEroPartition/Dev/ClariFi iOS/ClariFi iOS/Services/PrivacyManager.swift:161:36: warning: capture of 'self' with non-Sendable type 'PrivacyManager' in a '@Sendable' closure
            let transactions = try self.fetchAllTransactions()
                                   ^
/Users/mayenikhalo/Public/From aEroPartition/Dev/ClariFi iOS/ClariFi iOS/Services/PrivacyManager.swift:70:7: note: class 'PrivacyManager' does not conform to the 'Sendable' protocol
class PrivacyManager: ObservableObject, PrivacyManagerProtocol {
      ^
/Users/mayenikhalo/Public/From aEroPartition/Dev/ClariFi iOS/ClariFi iOS/Services/PrivacyManager.swift:199:17: warning: capture of 'self' with non-Sendable type 'PrivacyManager' in a '@Sendable' closure
            try self.viewContext.execute(transactionDelete)
                ^
/Users/mayenikhalo/Public/From aEroPartition/Dev/ClariFi iOS/ClariFi iOS/Services/PrivacyManager.swift:70:7: note: class 'PrivacyManager' does not conform to the 'Sendable' protocol
class PrivacyManager: ObservableObject, PrivacyManagerProtocol {
      ^

SwiftCompile normal x86_64 /Users/mayenikhalo/Public/From\ aEroPartition/Dev/ClariFi\ iOS/ClariFi\ iOS/Services/RecurringTransactionService.swift (in target 'ClariFi iOS' from project 'ClariFi iOS')
    cd /Users/mayenikhalo/Public/From\ aEroPartition/Dev/ClariFi\ iOS
    

SwiftCompile normal x86_64 /Users/mayenikhalo/Public/From\ aEroPartition/Dev/ClariFi\ iOS/ClariFi\ iOS/Services/RuleEngine.swift (in target 'ClariFi iOS' from project 'ClariFi iOS')
    cd /Users/mayenikhalo/Public/From\ aEroPartition/Dev/ClariFi\ iOS
    

SwiftCompile normal x86_64 /Users/mayenikhalo/Public/From\ aEroPartition/Dev/ClariFi\ iOS/ClariFi\ iOS/Services/ScenarioPlanningService.swift (in target 'ClariFi iOS' from project 'ClariFi iOS')
    cd /Users/mayenikhalo/Public/From\ aEroPartition/Dev/ClariFi\ iOS
    

SwiftCompile normal x86_64 /Users/mayenikhalo/Public/From\ aEroPartition/Dev/ClariFi\ iOS/ClariFi\ iOS/Services/SecureFileManager.swift (in target 'ClariFi iOS' from project 'ClariFi iOS')
    cd /Users/mayenikhalo/Public/From\ aEroPartition/Dev/ClariFi\ iOS
    

SwiftCompile normal x86_64 /Users/mayenikhalo/Public/From\ aEroPartition/Dev/ClariFi\ iOS/ClariFi\ iOS/Services/SecurityAuditService.swift (in target 'ClariFi iOS' from project 'ClariFi iOS')
    cd /Users/mayenikhalo/Public/From\ aEroPartition/Dev/ClariFi\ iOS
    

SwiftCompile normal x86_64 /Users/mayenikhalo/Public/From\ aEroPartition/Dev/ClariFi\ iOS/ClariFi\ iOS/Services/SmartTransactionParser.swift (in target 'ClariFi iOS' from project 'ClariFi iOS')
    cd /Users/mayenikhalo/Public/From\ aEroPartition/Dev/ClariFi\ iOS
    

SwiftCompile normal x86_64 /Users/mayenikhalo/Public/From\ aEroPartition/Dev/ClariFi\ iOS/ClariFi\ iOS/Services/StatementPatterns.swift (in target 'ClariFi iOS' from project 'ClariFi iOS')
    cd /Users/mayenikhalo/Public/From\ aEroPartition/Dev/ClariFi\ iOS
    

SwiftCompile normal x86_64 /Users/mayenikhalo/Public/From\ aEroPartition/Dev/ClariFi\ iOS/ClariFi\ iOS/Services/SubscriptionService.swift (in target 'ClariFi iOS' from project 'ClariFi iOS')
    cd /Users/mayenikhalo/Public/From\ aEroPartition/Dev/ClariFi\ iOS
    
/Users/mayenikhalo/Public/From aEroPartition/Dev/ClariFi iOS/ClariFi iOS/Services/SubscriptionService.swift:213:16: warning: reference to captured var 'activeSubscription' in concurrently-executing code; this is an error in the Swift 6 language mode
            if activeSubscription != nil {
               ^
/Users/mayenikhalo/Public/From aEroPartition/Dev/ClariFi iOS/ClariFi iOS/Services/SubscriptionService.swift:214:37: warning: reference to captured var 'expirationDate' in concurrently-executing code; this is an error in the Swift 6 language mode
                if let expiration = expirationDate {
                                    ^
/Users/mayenikhalo/Public/From aEroPartition/Dev/ClariFi iOS/ClariFi iOS/Services/SubscriptionService.swift:244:47: warning: no 'async' operations occur within 'await' expression
                        let transaction = try await self.checkVerified(result)
                                              ^
/Users/mayenikhalo/Public/From aEroPartition/Dev/ClariFi iOS/ClariFi iOS/Services/SubscriptionService.swift:254:15: warning: 'catch' block is unreachable because no errors are thrown in 'do' block
            } catch {
              ^

SwiftCompile normal x86_64 /Users/mayenikhalo/Public/From\ aEroPartition/Dev/ClariFi\ iOS/ClariFi\ iOS/Services/TransactionParserService.swift (in target 'ClariFi iOS' from project 'ClariFi iOS')
    cd /Users/mayenikhalo/Public/From\ aEroPartition/Dev/ClariFi\ iOS
    

SwiftCompile normal x86_64 /Users/mayenikhalo/Public/From\ aEroPartition/Dev/ClariFi\ iOS/ClariFi\ iOS/Services/VisionOCRService.swift (in target 'ClariFi iOS' from project 'ClariFi iOS')
    cd /Users/mayenikhalo/Public/From\ aEroPartition/Dev/ClariFi\ iOS
    

SwiftCompile normal x86_64 /Users/mayenikhalo/Public/From\ aEroPartition/Dev/ClariFi\ iOS/ClariFi\ iOS/Utilities/Security/KeychainHelper.swift (in target 'ClariFi iOS' from project 'ClariFi iOS')
    cd /Users/mayenikhalo/Public/From\ aEroPartition/Dev/ClariFi\ iOS
    

SwiftCompile normal x86_64 /Users/mayenikhalo/Public/From\ aEroPartition/Dev/ClariFi\ iOS/ClariFi\ iOS/Utilities/AccessibilityHelper.swift (in target 'ClariFi iOS' from project 'ClariFi iOS')
    cd /Users/mayenikhalo/Public/From\ aEroPartition/Dev/ClariFi\ iOS
    
/Users/mayenikhalo/Public/From aEroPartition/Dev/ClariFi iOS/ClariFi iOS/Utilities/AccessibilityHelper.swift:194:11: warning: 'catch' block is unreachable because no errors are thrown in 'do' block
        } catch {
          ^

SwiftCompile normal x86_64 /Users/mayenikhalo/Public/From\ aEroPartition/Dev/ClariFi\ iOS/ClariFi\ iOS/Utilities/AnalyticsViewModifier.swift (in target 'ClariFi iOS' from project 'ClariFi iOS')
    cd /Users/mayenikhalo/Public/From\ aEroPartition/Dev/ClariFi\ iOS
    

SwiftCompile normal x86_64 Compiling\ CategoryMigration.swift,\ CategoryMigrationExample.swift,\ ErrorHandler.swift,\ LLMPerformanceMonitor.swift,\ MemoryManager.swift,\ OnboardingAnalytics.swift,\ PerformanceMonitor.swift,\ SafeSymbols.swift,\ LoginViewModel.swift,\ RegistrationViewModel.swift,\ BatchCategorizationViewModel.swift,\ BudgetCreationViewModel.swift,\ BudgetViewModel.swift,\ CategorizationRulesViewModel.swift,\ InsightsViewModel.swift,\ OnboardingCoordinator.swift,\ OnboardingViewModel.swift,\ PrivacyDashboardViewModel.swift,\ StatementUploadViewModel.swift,\ SubscriptionViewModel.swift /Users/mayenikhalo/Public/From\ aEroPartition/Dev/ClariFi\ iOS/ClariFi\ iOS/Utilities/CategoryMigration.swift /Users/mayenikhalo/Public/From\ aEroPartition/Dev/ClariFi\ iOS/ClariFi\ iOS/Utilities/CategoryMigrationExample.swift /Users/mayenikhalo/Public/From\ aEroPartition/Dev/ClariFi\ iOS/ClariFi\ iOS/Utilities/ErrorHandler.swift /Users/mayenikhalo/Public/From\ aEroPartition/Dev/ClariFi\ iOS/ClariFi\ iOS/Utilities/LLMPerformanceMonitor.swift /Users/mayenikhalo/Public/From\ aEroPartition/Dev/ClariFi\ iOS/ClariFi\ iOS/Utilities/MemoryManager.swift /Users/mayenikhalo/Public/From\ aEroPartition/Dev/ClariFi\ iOS/ClariFi\ iOS/Utilities/OnboardingAnalytics.swift /Users/mayenikhalo/Public/From\ aEroPartition/Dev/ClariFi\ iOS/ClariFi\ iOS/Utilities/PerformanceMonitor.swift /Users/mayenikhalo/Public/From\ aEroPartition/Dev/ClariFi\ iOS/ClariFi\ iOS/Utilities/SafeSymbols.swift /Users/mayenikhalo/Public/From\ aEroPartition/Dev/ClariFi\ iOS/ClariFi\ iOS/ViewModels/Authentication/LoginViewModel.swift /Users/mayenikhalo/Public/From\ aEroPartition/Dev/ClariFi\ iOS/ClariFi\ iOS/ViewModels/Authentication/RegistrationViewModel.swift /Users/mayenikhalo/Public/From\ aEroPartition/Dev/ClariFi\ iOS/ClariFi\ iOS/ViewModels/BatchCategorizationViewModel.swift /Users/mayenikhalo/Public/From\ aEroPartition/Dev/ClariFi\ iOS/ClariFi\ iOS/ViewModels/BudgetCreationViewModel.swift /Users/mayenikhalo/Public/From\ aEroPartition/Dev/ClariFi\ iOS/ClariFi\ iOS/ViewModels/BudgetViewModel.swift /Users/mayenikhalo/Public/From\ aEroPartition/Dev/ClariFi\ iOS/ClariFi\ iOS/ViewModels/CategorizationRulesViewModel.swift /Users/mayenikhalo/Public/From\ aEroPartition/Dev/ClariFi\ iOS/ClariFi\ iOS/ViewModels/InsightsViewModel.swift /Users/mayenikhalo/Public/From\ aEroPartition/Dev/ClariFi\ iOS/ClariFi\ iOS/ViewModels/OnboardingCoordinator.swift /Users/mayenikhalo/Public/From\ aEroPartition/Dev/ClariFi\ iOS/ClariFi\ iOS/ViewModels/OnboardingViewModel.swift /Users/mayenikhalo/Public/From\ aEroPartition/Dev/ClariFi\ iOS/ClariFi\ iOS/ViewModels/PrivacyDashboardViewModel.swift /Users/mayenikhalo/Public/From\ aEroPartition/Dev/ClariFi\ iOS/ClariFi\ iOS/ViewModels/StatementUploadViewModel.swift /Users/mayenikhalo/Public/From\ aEroPartition/Dev/ClariFi\ iOS/ClariFi\ iOS/ViewModels/SubscriptionViewModel.swift (in target 'ClariFi iOS' from project 'ClariFi iOS')

SwiftCompile normal x86_64 /Users/mayenikhalo/Public/From\ aEroPartition/Dev/ClariFi\ iOS/ClariFi\ iOS/Utilities/CategoryMigration.swift (in target 'ClariFi iOS' from project 'ClariFi iOS')
    cd /Users/mayenikhalo/Public/From\ aEroPartition/Dev/ClariFi\ iOS
    

SwiftCompile normal x86_64 /Users/mayenikhalo/Public/From\ aEroPartition/Dev/ClariFi\ iOS/ClariFi\ iOS/Utilities/CategoryMigrationExample.swift (in target 'ClariFi iOS' from project 'ClariFi iOS')
    cd /Users/mayenikhalo/Public/From\ aEroPartition/Dev/ClariFi\ iOS
    

SwiftCompile normal x86_64 /Users/mayenikhalo/Public/From\ aEroPartition/Dev/ClariFi\ iOS/ClariFi\ iOS/Utilities/ErrorHandler.swift (in target 'ClariFi iOS' from project 'ClariFi iOS')
    cd /Users/mayenikhalo/Public/From\ aEroPartition/Dev/ClariFi\ iOS
    
/Users/mayenikhalo/Public/From aEroPartition/Dev/ClariFi iOS/ClariFi iOS/Utilities/ErrorHandler.swift:82:35: warning: no calls to throwing functions occur within 'try' expression
        if let analyticsService = try? AppDIContainer().resolve(AnalyticsServiceProtocol.self) {
                                  ^

SwiftCompile normal x86_64 /Users/mayenikhalo/Public/From\ aEroPartition/Dev/ClariFi\ iOS/ClariFi\ iOS/Utilities/LLMPerformanceMonitor.swift (in target 'ClariFi iOS' from project 'ClariFi iOS')
    cd /Users/mayenikhalo/Public/From\ aEroPartition/Dev/ClariFi\ iOS
    

SwiftCompile normal x86_64 /Users/mayenikhalo/Public/From\ aEroPartition/Dev/ClariFi\ iOS/ClariFi\ iOS/Utilities/MemoryManager.swift (in target 'ClariFi iOS' from project 'ClariFi iOS')
    cd /Users/mayenikhalo/Public/From\ aEroPartition/Dev/ClariFi\ iOS
    

SwiftCompile normal x86_64 /Users/mayenikhalo/Public/From\ aEroPartition/Dev/ClariFi\ iOS/ClariFi\ iOS/Utilities/OnboardingAnalytics.swift (in target 'ClariFi iOS' from project 'ClariFi iOS')
    cd /Users/mayenikhalo/Public/From\ aEroPartition/Dev/ClariFi\ iOS
    

SwiftCompile normal x86_64 /Users/mayenikhalo/Public/From\ aEroPartition/Dev/ClariFi\ iOS/ClariFi\ iOS/Utilities/PerformanceMonitor.swift (in target 'ClariFi iOS' from project 'ClariFi iOS')
    cd /Users/mayenikhalo/Public/From\ aEroPartition/Dev/ClariFi\ iOS
    

SwiftCompile normal x86_64 /Users/mayenikhalo/Public/From\ aEroPartition/Dev/ClariFi\ iOS/ClariFi\ iOS/Utilities/SafeSymbols.swift (in target 'ClariFi iOS' from project 'ClariFi iOS')
    cd /Users/mayenikhalo/Public/From\ aEroPartition/Dev/ClariFi\ iOS
    

SwiftCompile normal x86_64 /Users/mayenikhalo/Public/From\ aEroPartition/Dev/ClariFi\ iOS/ClariFi\ iOS/ViewModels/Authentication/LoginViewModel.swift (in target 'ClariFi iOS' from project 'ClariFi iOS')
    cd /Users/mayenikhalo/Public/From\ aEroPartition/Dev/ClariFi\ iOS
    

SwiftCompile normal x86_64 /Users/mayenikhalo/Public/From\ aEroPartition/Dev/ClariFi\ iOS/ClariFi\ iOS/ViewModels/Authentication/RegistrationViewModel.swift (in target 'ClariFi iOS' from project 'ClariFi iOS')
    cd /Users/mayenikhalo/Public/From\ aEroPartition/Dev/ClariFi\ iOS
    

SwiftCompile normal x86_64 /Users/mayenikhalo/Public/From\ aEroPartition/Dev/ClariFi\ iOS/ClariFi\ iOS/ViewModels/BatchCategorizationViewModel.swift (in target 'ClariFi iOS' from project 'ClariFi iOS')
    cd /Users/mayenikhalo/Public/From\ aEroPartition/Dev/ClariFi\ iOS
    

SwiftCompile normal x86_64 /Users/mayenikhalo/Public/From\ aEroPartition/Dev/ClariFi\ iOS/ClariFi\ iOS/ViewModels/BudgetCreationViewModel.swift (in target 'ClariFi iOS' from project 'ClariFi iOS')
    cd /Users/mayenikhalo/Public/From\ aEroPartition/Dev/ClariFi\ iOS
    

SwiftCompile normal x86_64 /Users/mayenikhalo/Public/From\ aEroPartition/Dev/ClariFi\ iOS/ClariFi\ iOS/ViewModels/BudgetViewModel.swift (in target 'ClariFi iOS' from project 'ClariFi iOS')
    cd /Users/mayenikhalo/Public/From\ aEroPartition/Dev/ClariFi\ iOS
    

SwiftCompile normal x86_64 /Users/mayenikhalo/Public/From\ aEroPartition/Dev/ClariFi\ iOS/ClariFi\ iOS/ViewModels/CategorizationRulesViewModel.swift (in target 'ClariFi iOS' from project 'ClariFi iOS')
    cd /Users/mayenikhalo/Public/From\ aEroPartition/Dev/ClariFi\ iOS
    

SwiftCompile normal x86_64 /Users/mayenikhalo/Public/From\ aEroPartition/Dev/ClariFi\ iOS/ClariFi\ iOS/ViewModels/InsightsViewModel.swift (in target 'ClariFi iOS' from project 'ClariFi iOS')
    cd /Users/mayenikhalo/Public/From\ aEroPartition/Dev/ClariFi\ iOS
    

SwiftCompile normal x86_64 /Users/mayenikhalo/Public/From\ aEroPartition/Dev/ClariFi\ iOS/ClariFi\ iOS/ViewModels/OnboardingCoordinator.swift (in target 'ClariFi iOS' from project 'ClariFi iOS')
    cd /Users/mayenikhalo/Public/From\ aEroPartition/Dev/ClariFi\ iOS
    

SwiftCompile normal x86_64 /Users/mayenikhalo/Public/From\ aEroPartition/Dev/ClariFi\ iOS/ClariFi\ iOS/ViewModels/OnboardingViewModel.swift (in target 'ClariFi iOS' from project 'ClariFi iOS')
    cd /Users/mayenikhalo/Public/From\ aEroPartition/Dev/ClariFi\ iOS
    

SwiftCompile normal x86_64 /Users/mayenikhalo/Public/From\ aEroPartition/Dev/ClariFi\ iOS/ClariFi\ iOS/ViewModels/PrivacyDashboardViewModel.swift (in target 'ClariFi iOS' from project 'ClariFi iOS')
    cd /Users/mayenikhalo/Public/From\ aEroPartition/Dev/ClariFi\ iOS
    

SwiftCompile normal x86_64 /Users/mayenikhalo/Public/From\ aEroPartition/Dev/ClariFi\ iOS/ClariFi\ iOS/ViewModels/StatementUploadViewModel.swift (in target 'ClariFi iOS' from project 'ClariFi iOS')
    cd /Users/mayenikhalo/Public/From\ aEroPartition/Dev/ClariFi\ iOS
    
/Users/mayenikhalo/Public/From aEroPartition/Dev/ClariFi iOS/ClariFi iOS/ViewModels/StatementUploadViewModel.swift:61:40: warning: capture of 'fetchRequest' with non-Sendable type 'NSFetchRequest<Statement>' in a '@Sendable' closure
                try self.context.fetch(fetchRequest)
                                       ^
/Applications/Xcode.app/Contents/Developer/Platforms/iPhoneSimulator.platform/Developer/SDKs/iPhoneSimulator26.0.sdk/System/Library/Frameworks/CoreData.framework/Headers/NSFetchRequest.h:47:12: note: generic class 'NSFetchRequest' does not conform to the 'Sendable' protocol
@interface NSFetchRequest<__covariant ResultType:id<NSFetchRequestResult>> : NSPersistentStoreRequest <NSCoding, NSCopying> {
           ^
/Users/mayenikhalo/Public/From aEroPartition/Dev/ClariFi iOS/ClariFi iOS/ViewModels/StatementUploadViewModel.swift:5:1: warning: add '@preconcurrency' to suppress 'Sendable'-related warnings from module 'CoreData'
import CoreData
^
@preconcurrency 
/Users/mayenikhalo/Public/From aEroPartition/Dev/ClariFi iOS/ClariFi iOS/ViewModels/StatementUploadViewModel.swift:73:13: warning: capture of 'statement' with non-Sendable type 'Statement' in a '@Sendable' closure
            statement.uploadHash = fileHash
            ^
/Users/aero/Library/Developer/Xcode/DerivedData/ClariFi_iOS-gmrlhvqnuqrbwdaistjzehzlpfwz/Build/Intermediates.noindex/ClariFi iOS.build/Debug-iphonesimulator/ClariFi iOS.build/DerivedSources/CoreDataGenerated/ClariFi_iOS/Statement+CoreDataClass.swift:16:14: note: class 'Statement' does not conform to the 'Sendable' protocol
public class Statement: NSManagedObject {
             ^
/Users/mayenikhalo/Public/From aEroPartition/Dev/ClariFi iOS/ClariFi iOS/ViewModels/StatementUploadViewModel.swift:311:21: warning: capture of 'statement' with non-Sendable type 'Statement' in a '@Sendable' closure
                    statement.processingStatus = "completed"
                    ^
/Users/aero/Library/Developer/Xcode/DerivedData/ClariFi_iOS-gmrlhvqnuqrbwdaistjzehzlpfwz/Build/Intermediates.noindex/ClariFi iOS.build/Debug-iphonesimulator/ClariFi iOS.build/DerivedSources/CoreDataGenerated/ClariFi_iOS/Statement+CoreDataClass.swift:16:14: note: class 'Statement' does not conform to the 'Sendable' protocol
public class Statement: NSManagedObject {
             ^

SwiftCompile normal x86_64 /Users/mayenikhalo/Public/From\ aEroPartition/Dev/ClariFi\ iOS/ClariFi\ iOS/ViewModels/SubscriptionViewModel.swift (in target 'ClariFi iOS' from project 'ClariFi iOS')
    cd /Users/mayenikhalo/Public/From\ aEroPartition/Dev/ClariFi\ iOS
    

SwiftCompile normal x86_64 Compiling\ Transaction+Extensions.swift,\ TransactionEditData.swift,\ BaseViewModel.swift,\ BackgroundContextProvider.swift,\ CoreDataRepositories.swift,\ CoreDataRepositories+Background.swift,\ RepositoryFactory.swift,\ RepositoryProtocols.swift,\ AuthenticationService.swift,\ AuthenticationServiceProtocol.swift,\ SessionManager.swift,\ AppleFoundationModelManager.swift,\ AppleLLMCategorizationService.swift,\ LLMCache.swift,\ LLMCategorizationServiceProtocol.swift,\ AnalyticsService.swift,\ BiometricAuthService.swift,\ BudgetMonitoringService.swift,\ BudgetTemplateService.swift,\ CashflowForecastingService.swift,\ CategoryMappingService.swift /Users/mayenikhalo/Public/From\ aEroPartition/Dev/ClariFi\ iOS/ClariFi\ iOS/Models/Transaction+Extensions.swift /Users/mayenikhalo/Public/From\ aEroPartition/Dev/ClariFi\ iOS/ClariFi\ iOS/Models/TransactionEditData.swift /Users/mayenikhalo/Public/From\ aEroPartition/Dev/ClariFi\ iOS/ClariFi\ iOS/Presentation/ViewModels/Base/BaseViewModel.swift /Users/mayenikhalo/Public/From\ aEroPartition/Dev/ClariFi\ iOS/ClariFi\ iOS/Repositories/ContextIsolation/BackgroundContextProvider.swift /Users/mayenikhalo/Public/From\ aEroPartition/Dev/ClariFi\ iOS/ClariFi\ iOS/Repositories/CoreDataRepositories.swift /Users/mayenikhalo/Public/From\ aEroPartition/Dev/ClariFi\ iOS/ClariFi\ iOS/Repositories/CoreDataRepositories+Background.swift /Users/mayenikhalo/Public/From\ aEroPartition/Dev/ClariFi\ iOS/ClariFi\ iOS/Repositories/RepositoryFactory.swift /Users/mayenikhalo/Public/From\ aEroPartition/Dev/ClariFi\ iOS/ClariFi\ iOS/Repositories/RepositoryProtocols.swift /Users/mayenikhalo/Public/From\ aEroPartition/Dev/ClariFi\ iOS/ClariFi\ iOS/Services/Authentication/AuthenticationService.swift /Users/mayenikhalo/Public/From\ aEroPartition/Dev/ClariFi\ iOS/ClariFi\ iOS/Services/Authentication/AuthenticationServiceProtocol.swift /Users/mayenikhalo/Public/From\ aEroPartition/Dev/ClariFi\ iOS/ClariFi\ iOS/Services/Authentication/SessionManager.swift /Users/mayenikhalo/Public/From\ aEroPartition/Dev/ClariFi\ iOS/ClariFi\ iOS/Services/LLM/AppleFoundationModelManager.swift /Users/mayenikhalo/Public/From\ aEroPartition/Dev/ClariFi\ iOS/ClariFi\ iOS/Services/LLM/AppleLLMCategorizationService.swift /Users/mayenikhalo/Public/From\ aEroPartition/Dev/ClariFi\ iOS/ClariFi\ iOS/Services/LLM/LLMCache.swift /Users/mayenikhalo/Public/From\ aEroPartition/Dev/ClariFi\ iOS/ClariFi\ iOS/Services/LLM/LLMCategorizationServiceProtocol.swift /Users/mayenikhalo/Public/From\ aEroPartition/Dev/ClariFi\ iOS/ClariFi\ iOS/Services/AnalyticsService.swift /Users/mayenikhalo/Public/From\ aEroPartition/Dev/ClariFi\ iOS/ClariFi\ iOS/Services/BiometricAuthService.swift /Users/mayenikhalo/Public/From\ aEroPartition/Dev/ClariFi\ iOS/ClariFi\ iOS/Services/BudgetMonitoringService.swift /Users/mayenikhalo/Public/From\ aEroPartition/Dev/ClariFi\ iOS/ClariFi\ iOS/Services/BudgetTemplateService.swift /Users/mayenikhalo/Public/From\ aEroPartition/Dev/ClariFi\ iOS/ClariFi\ iOS/Services/CashflowForecastingService.swift /Users/mayenikhalo/Public/From\ aEroPartition/Dev/ClariFi\ iOS/ClariFi\ iOS/Services/CategoryMappingService.swift (in target 'ClariFi iOS' from project 'ClariFi iOS')

SwiftCompile normal x86_64 /Users/mayenikhalo/Public/From\ aEroPartition/Dev/ClariFi\ iOS/ClariFi\ iOS/Models/Transaction+Extensions.swift (in target 'ClariFi iOS' from project 'ClariFi iOS')
    cd /Users/mayenikhalo/Public/From\ aEroPartition/Dev/ClariFi\ iOS
    

SwiftCompile normal x86_64 /Users/mayenikhalo/Public/From\ aEroPartition/Dev/ClariFi\ iOS/ClariFi\ iOS/Models/TransactionEditData.swift (in target 'ClariFi iOS' from project 'ClariFi iOS')
    cd /Users/mayenikhalo/Public/From\ aEroPartition/Dev/ClariFi\ iOS
    

SwiftCompile normal x86_64 /Users/mayenikhalo/Public/From\ aEroPartition/Dev/ClariFi\ iOS/ClariFi\ iOS/Presentation/ViewModels/Base/BaseViewModel.swift (in target 'ClariFi iOS' from project 'ClariFi iOS')
    cd /Users/mayenikhalo/Public/From\ aEroPartition/Dev/ClariFi\ iOS
    
/Users/mayenikhalo/Public/From aEroPartition/Dev/ClariFi iOS/ClariFi iOS/Presentation/ViewModels/Base/BaseViewModel.swift:68:11: warning: 'catch' block is unreachable because no errors are thrown in 'do' block
        } catch {
          ^

SwiftCompile normal x86_64 /Users/mayenikhalo/Public/From\ aEroPartition/Dev/ClariFi\ iOS/ClariFi\ iOS/Repositories/ContextIsolation/BackgroundContextProvider.swift (in target 'ClariFi iOS' from project 'ClariFi iOS')
    cd /Users/mayenikhalo/Public/From\ aEroPartition/Dev/ClariFi\ iOS
    
/Users/mayenikhalo/Public/From aEroPartition/Dev/ClariFi iOS/ClariFi iOS/Repositories/ContextIsolation/BackgroundContextProvider.swift:68:51: warning: cast from 'Void' to unrelated type 'NSManagedObjectContext' always fails
            return contextPool.removeLastObject() as! NSManagedObjectContext
                   ~~~~~~~~~~~~~~~~~~~~~~~~~~~~~~ ^   ~~~~~~~~~~~~~~~~~~~~~~

SwiftCompile normal x86_64 /Users/mayenikhalo/Public/From\ aEroPartition/Dev/ClariFi\ iOS/ClariFi\ iOS/Repositories/CoreDataRepositories.swift (in target 'ClariFi iOS' from project 'ClariFi iOS')
    cd /Users/mayenikhalo/Public/From\ aEroPartition/Dev/ClariFi\ iOS
    
/Users/mayenikhalo/Public/From aEroPartition/Dev/ClariFi iOS/ClariFi iOS/Repositories/CoreDataRepositories.swift:48:17: warning: capture of 'self' with non-Sendable type 'BaseCoreDataRepository<T>' in a '@Sendable' closure
            try self.context.save()
                ^
/Users/mayenikhalo/Public/From aEroPartition/Dev/ClariFi iOS/ClariFi iOS/Repositories/CoreDataRepositories.swift:12:7: note: generic class 'BaseCoreDataRepository' does not conform to the 'Sendable' protocol
class BaseCoreDataRepository<T: NSManagedObject>: BaseRepository {
      ^
/Users/mayenikhalo/Public/From aEroPartition/Dev/ClariFi iOS/ClariFi iOS/Repositories/CoreDataRepositories.swift:54:13: warning: capture of 'self' with non-Sendable type 'BaseCoreDataRepository<T>' in a '@Sendable' closure
            self.context.delete(entity)
            ^
/Users/mayenikhalo/Public/From aEroPartition/Dev/ClariFi iOS/ClariFi iOS/Repositories/CoreDataRepositories.swift:12:7: note: generic class 'BaseCoreDataRepository' does not conform to the 'Sendable' protocol
class BaseCoreDataRepository<T: NSManagedObject>: BaseRepository {
      ^
/Users/mayenikhalo/Public/From aEroPartition/Dev/ClariFi iOS/ClariFi iOS/Repositories/CoreDataRepositories.swift:61:57: warning: capture of 'self' with non-Sendable type 'BaseCoreDataRepository<T>' in a '@Sendable' closure
            let request = NSFetchRequest<T>(entityName: self.entityName)
                                                        ^
/Users/mayenikhalo/Public/From aEroPartition/Dev/ClariFi iOS/ClariFi iOS/Repositories/CoreDataRepositories.swift:12:7: note: generic class 'BaseCoreDataRepository' does not conform to the 'Sendable' protocol
class BaseCoreDataRepository<T: NSManagedObject>: BaseRepository {
      ^
/Users/mayenikhalo/Public/From aEroPartition/Dev/ClariFi iOS/ClariFi iOS/Repositories/CoreDataRepositories.swift:68:57: warning: capture of 'self' with non-Sendable type 'BaseCoreDataRepository<T>' in a '@Sendable' closure
            let request = NSFetchRequest<T>(entityName: self.entityName)
                                                        ^
/Users/mayenikhalo/Public/From aEroPartition/Dev/ClariFi iOS/ClariFi iOS/Repositories/CoreDataRepositories.swift:12:7: note: generic class 'BaseCoreDataRepository' does not conform to the 'Sendable' protocol
class BaseCoreDataRepository<T: NSManagedObject>: BaseRepository {
      ^
/Users/mayenikhalo/Public/From aEroPartition/Dev/ClariFi iOS/ClariFi iOS/Repositories/CoreDataRepositories.swift:89:67: warning: capture of 'self' with non-Sendable type 'CoreDataTransactionRepository' in a '@Sendable' closure
            let request = NSFetchRequest<Transaction>(entityName: self.entityName)
                                                                  ^
/Users/mayenikhalo/Public/From aEroPartition/Dev/ClariFi iOS/ClariFi iOS/Repositories/CoreDataRepositories.swift:77:7: note: class 'CoreDataTransactionRepository' does not conform to the 'Sendable' protocol
class CoreDataTransactionRepository: BaseCoreDataRepository<Transaction>, TransactionRepository {
      ^
/Users/mayenikhalo/Public/From aEroPartition/Dev/ClariFi iOS/ClariFi iOS/Repositories/CoreDataRepositories.swift:98:67: warning: capture of 'self' with non-Sendable type 'CoreDataTransactionRepository' in a '@Sendable' closure
            let request = NSFetchRequest<Transaction>(entityName: self.entityName)
                                                                  ^
/Users/mayenikhalo/Public/From aEroPartition/Dev/ClariFi iOS/ClariFi iOS/Repositories/CoreDataRepositories.swift:77:7: note: class 'CoreDataTransactionRepository' does not conform to the 'Sendable' protocol
class CoreDataTransactionRepository: BaseCoreDataRepository<Transaction>, TransactionRepository {
      ^
/Users/mayenikhalo/Public/From aEroPartition/Dev/ClariFi iOS/ClariFi iOS/Repositories/CoreDataRepositories.swift:99:70: warning: capture of 'account' with non-Sendable type 'Account' in a '@Sendable' closure
            request.predicate = NSPredicate(format: "account == %@", account)
                                                                     ^
/Users/aero/Library/Developer/Xcode/DerivedData/ClariFi_iOS-gmrlhvqnuqrbwdaistjzehzlpfwz/Build/Intermediates.noindex/ClariFi iOS.build/Debug-iphonesimulator/ClariFi iOS.build/DerivedSources/CoreDataGenerated/ClariFi_iOS/Account+CoreDataClass.swift:16:14: note: class 'Account' does not conform to the 'Sendable' protocol
public class Account: NSManagedObject {
             ^
/Users/mayenikhalo/Public/From aEroPartition/Dev/ClariFi iOS/ClariFi iOS/Repositories/CoreDataRepositories.swift:107:67: warning: capture of 'self' with non-Sendable type 'CoreDataTransactionRepository' in a '@Sendable' closure
            let request = NSFetchRequest<Transaction>(entityName: self.entityName)
                                                                  ^
/Users/mayenikhalo/Public/From aEroPartition/Dev/ClariFi iOS/ClariFi iOS/Repositories/CoreDataRepositories.swift:77:7: note: class 'CoreDataTransactionRepository' does not conform to the 'Sendable' protocol
class CoreDataTransactionRepository: BaseCoreDataRepository<Transaction>, TransactionRepository {
      ^
/Users/mayenikhalo/Public/From aEroPartition/Dev/ClariFi iOS/ClariFi iOS/Repositories/CoreDataRepositories.swift:116:67: warning: capture of 'self' with non-Sendable type 'CoreDataTransactionRepository' in a '@Sendable' closure
            let request = NSFetchRequest<Transaction>(entityName: self.entityName)
                                                                  ^
/Users/mayenikhalo/Public/From aEroPartition/Dev/ClariFi iOS/ClariFi iOS/Repositories/CoreDataRepositories.swift:77:7: note: class 'CoreDataTransactionRepository' does not conform to the 'Sendable' protocol
class CoreDataTransactionRepository: BaseCoreDataRepository<Transaction>, TransactionRepository {
      ^
/Users/mayenikhalo/Public/From aEroPartition/Dev/ClariFi iOS/ClariFi iOS/Repositories/CoreDataRepositories.swift:125:67: warning: capture of 'self' with non-Sendable type 'CoreDataTransactionRepository' in a '@Sendable' closure
            let request = NSFetchRequest<Transaction>(entityName: self.entityName)
                                                                  ^
/Users/mayenikhalo/Public/From aEroPartition/Dev/ClariFi iOS/ClariFi iOS/Repositories/CoreDataRepositories.swift:77:7: note: class 'CoreDataTransactionRepository' does not conform to the 'Sendable' protocol
class CoreDataTransactionRepository: BaseCoreDataRepository<Transaction>, TransactionRepository {
      ^
/Users/mayenikhalo/Public/From aEroPartition/Dev/ClariFi iOS/ClariFi iOS/Repositories/CoreDataRepositories.swift:135:32: warning: capture of 'transactions' with non-Sendable type '[Transaction]' in a '@Sendable' closure
            for transaction in transactions {
                               ^
Swift.Array:1:23: note: generic struct 'Array' does not conform to the 'Sendable' protocol
@frozen public struct Array<Element> : _DestructorSafeContainer {
                      ^
/Users/mayenikhalo/Public/From aEroPartition/Dev/ClariFi iOS/ClariFi iOS/Repositories/CoreDataRepositories.swift:138:17: warning: capture of 'self' with non-Sendable type 'CoreDataTransactionRepository' in a '@Sendable' closure
            try self.context.save()
                ^
/Users/mayenikhalo/Public/From aEroPartition/Dev/ClariFi iOS/ClariFi iOS/Repositories/CoreDataRepositories.swift:77:7: note: class 'CoreDataTransactionRepository' does not conform to the 'Sendable' protocol
class CoreDataTransactionRepository: BaseCoreDataRepository<Transaction>, TransactionRepository {
      ^
/Users/mayenikhalo/Public/From aEroPartition/Dev/ClariFi iOS/ClariFi iOS/Repositories/CoreDataRepositories.swift:152:17: warning: capture of 'transaction' with non-Sendable type 'Transaction' in a '@Sendable' closure
                transaction.date = date
                ^
/Users/aero/Library/Developer/Xcode/DerivedData/ClariFi_iOS-gmrlhvqnuqrbwdaistjzehzlpfwz/Build/Intermediates.noindex/ClariFi iOS.build/Debug-iphonesimulator/ClariFi iOS.build/DerivedSources/CoreDataGenerated/ClariFi_iOS/Transaction+CoreDataClass.swift:16:14: note: class 'Transaction' does not conform to the 'Sendable' protocol
public class Transaction: NSManagedObject {
             ^
/Users/mayenikhalo/Public/From aEroPartition/Dev/ClariFi iOS/ClariFi iOS/Repositories/CoreDataRepositories.swift:168:17: warning: capture of 'self' with non-Sendable type 'CoreDataTransactionRepository' in a '@Sendable' closure
            try self.context.save()
                ^
/Users/mayenikhalo/Public/From aEroPartition/Dev/ClariFi iOS/ClariFi iOS/Repositories/CoreDataRepositories.swift:77:7: note: class 'CoreDataTransactionRepository' does not conform to the 'Sendable' protocol
class CoreDataTransactionRepository: BaseCoreDataRepository<Transaction>, TransactionRepository {
      ^
/Users/mayenikhalo/Public/From aEroPartition/Dev/ClariFi iOS/ClariFi iOS/Repositories/CoreDataRepositories.swift:176:67: warning: capture of 'self' with non-Sendable type 'CoreDataTransactionRepository' in a '@Sendable' closure
            let request = NSFetchRequest<Transaction>(entityName: self.entityName)
                                                                  ^
/Users/mayenikhalo/Public/From aEroPartition/Dev/ClariFi iOS/ClariFi iOS/Repositories/CoreDataRepositories.swift:77:7: note: class 'CoreDataTransactionRepository' does not conform to the 'Sendable' protocol
class CoreDataTransactionRepository: BaseCoreDataRepository<Transaction>, TransactionRepository {
      ^
/Users/mayenikhalo/Public/From aEroPartition/Dev/ClariFi iOS/ClariFi iOS/Repositories/CoreDataRepositories.swift:185:67: warning: capture of 'self' with non-Sendable type 'CoreDataTransactionRepository' in a '@Sendable' closure
            let request = NSFetchRequest<Transaction>(entityName: self.entityName)
                                                                  ^
/Users/mayenikhalo/Public/From aEroPartition/Dev/ClariFi iOS/ClariFi iOS/Repositories/CoreDataRepositories.swift:77:7: note: class 'CoreDataTransactionRepository' does not conform to the 'Sendable' protocol
class CoreDataTransactionRepository: BaseCoreDataRepository<Transaction>, TransactionRepository {
      ^
/Users/mayenikhalo/Public/From aEroPartition/Dev/ClariFi iOS/ClariFi iOS/Repositories/CoreDataRepositories.swift:207:63: warning: capture of 'self' with non-Sendable type 'CoreDataAccountRepository' in a '@Sendable' closure
            let request = NSFetchRequest<Account>(entityName: self.entityName)
                                                              ^
/Users/mayenikhalo/Public/From aEroPartition/Dev/ClariFi iOS/ClariFi iOS/Repositories/CoreDataRepositories.swift:195:7: note: class 'CoreDataAccountRepository' does not conform to the 'Sendable' protocol
class CoreDataAccountRepository: BaseCoreDataRepository<Account>, AccountRepository {
      ^
/Users/mayenikhalo/Public/From aEroPartition/Dev/ClariFi iOS/ClariFi iOS/Repositories/CoreDataRepositories.swift:216:63: warning: capture of 'self' with non-Sendable type 'CoreDataAccountRepository' in a '@Sendable' closure
            let request = NSFetchRequest<Account>(entityName: self.entityName)
                                                              ^
/Users/mayenikhalo/Public/From aEroPartition/Dev/ClariFi iOS/ClariFi iOS/Repositories/CoreDataRepositories.swift:195:7: note: class 'CoreDataAccountRepository' does not conform to the 'Sendable' protocol
class CoreDataAccountRepository: BaseCoreDataRepository<Account>, AccountRepository {
      ^
/Users/mayenikhalo/Public/From aEroPartition/Dev/ClariFi iOS/ClariFi iOS/Repositories/CoreDataRepositories.swift:225:13: warning: capture of 'account' with non-Sendable type 'Account' in a '@Sendable' closure
            account.isActive = false
            ^
/Users/aero/Library/Developer/Xcode/DerivedData/ClariFi_iOS-gmrlhvqnuqrbwdaistjzehzlpfwz/Build/Intermediates.noindex/ClariFi iOS.build/Debug-iphonesimulator/ClariFi iOS.build/DerivedSources/CoreDataGenerated/ClariFi_iOS/Account+CoreDataClass.swift:16:14: note: class 'Account' does not conform to the 'Sendable' protocol
public class Account: NSManagedObject {
             ^
/Users/mayenikhalo/Public/From aEroPartition/Dev/ClariFi iOS/ClariFi iOS/Repositories/CoreDataRepositories.swift:227:17: warning: capture of 'self' with non-Sendable type 'CoreDataAccountRepository' in a '@Sendable' closure
            try self.context.save()
                ^
/Users/mayenikhalo/Public/From aEroPartition/Dev/ClariFi iOS/ClariFi iOS/Repositories/CoreDataRepositories.swift:195:7: note: class 'CoreDataAccountRepository' does not conform to the 'Sendable' protocol
class CoreDataAccountRepository: BaseCoreDataRepository<Account>, AccountRepository {
      ^
/Users/mayenikhalo/Public/From aEroPartition/Dev/ClariFi iOS/ClariFi iOS/Repositories/CoreDataRepositories.swift:234:70: warning: capture of 'account' with non-Sendable type 'Account' in a '@Sendable' closure
            request.predicate = NSPredicate(format: "account == %@", account)
                                                                     ^
/Users/aero/Library/Developer/Xcode/DerivedData/ClariFi_iOS-gmrlhvqnuqrbwdaistjzehzlpfwz/Build/Intermediates.noindex/ClariFi iOS.build/Debug-iphonesimulator/ClariFi iOS.build/DerivedSources/CoreDataGenerated/ClariFi_iOS/Account+CoreDataClass.swift:16:14: note: class 'Account' does not conform to the 'Sendable' protocol
public class Account: NSManagedObject {
             ^
/Users/mayenikhalo/Public/From aEroPartition/Dev/ClariFi iOS/ClariFi iOS/Repositories/CoreDataRepositories.swift:235:24: warning: capture of 'self' with non-Sendable type 'CoreDataAccountRepository' in a '@Sendable' closure
            return try self.context.count(for: request)
                       ^
/Users/mayenikhalo/Public/From aEroPartition/Dev/ClariFi iOS/ClariFi iOS/Repositories/CoreDataRepositories.swift:195:7: note: class 'CoreDataAccountRepository' does not conform to the 'Sendable' protocol
class CoreDataAccountRepository: BaseCoreDataRepository<Account>, AccountRepository {
      ^
/Users/mayenikhalo/Public/From aEroPartition/Dev/ClariFi iOS/ClariFi iOS/Repositories/CoreDataRepositories.swift:242:63: warning: capture of 'self' with non-Sendable type 'CoreDataAccountRepository' in a '@Sendable' closure
            let request = NSFetchRequest<Account>(entityName: self.entityName)
                                                              ^
/Users/mayenikhalo/Public/From aEroPartition/Dev/ClariFi iOS/ClariFi iOS/Repositories/CoreDataRepositories.swift:195:7: note: class 'CoreDataAccountRepository' does not conform to the 'Sendable' protocol
class CoreDataAccountRepository: BaseCoreDataRepository<Account>, AccountRepository {
      ^
/Users/mayenikhalo/Public/From aEroPartition/Dev/ClariFi iOS/ClariFi iOS/Repositories/CoreDataRepositories.swift:279:62: warning: capture of 'self' with non-Sendable type 'CoreDataBudgetRepository' in a '@Sendable' closure
            let request = NSFetchRequest<Budget>(entityName: self.entityName)
                                                             ^
/Users/mayenikhalo/Public/From aEroPartition/Dev/ClariFi iOS/ClariFi iOS/Repositories/CoreDataRepositories.swift:267:7: note: class 'CoreDataBudgetRepository' does not conform to the 'Sendable' protocol
class CoreDataBudgetRepository: BaseCoreDataRepository<Budget>, BudgetRepository {
      ^
/Users/mayenikhalo/Public/From aEroPartition/Dev/ClariFi iOS/ClariFi iOS/Repositories/CoreDataRepositories.swift:289:62: warning: capture of 'self' with non-Sendable type 'CoreDataBudgetRepository' in a '@Sendable' closure
            let request = NSFetchRequest<Budget>(entityName: self.entityName)
                                                             ^
/Users/mayenikhalo/Public/From aEroPartition/Dev/ClariFi iOS/ClariFi iOS/Repositories/CoreDataRepositories.swift:267:7: note: class 'CoreDataBudgetRepository' does not conform to the 'Sendable' protocol
class CoreDataBudgetRepository: BaseCoreDataRepository<Budget>, BudgetRepository {
      ^
/Users/mayenikhalo/Public/From aEroPartition/Dev/ClariFi iOS/ClariFi iOS/Repositories/CoreDataRepositories.swift:298:13: warning: capture of 'budget' with non-Sendable type 'Budget' in a '@Sendable' closure
            budget.isActive = false
            ^
/Users/aero/Library/Developer/Xcode/DerivedData/ClariFi_iOS-gmrlhvqnuqrbwdaistjzehzlpfwz/Build/Intermediates.noindex/ClariFi iOS.build/Debug-iphonesimulator/ClariFi iOS.build/DerivedSources/CoreDataGenerated/ClariFi_iOS/Budget+CoreDataClass.swift:16:14: note: class 'Budget' does not conform to the 'Sendable' protocol
public class Budget: NSManagedObject {
             ^
/Users/mayenikhalo/Public/From aEroPartition/Dev/ClariFi iOS/ClariFi iOS/Repositories/CoreDataRepositories.swift:300:17: warning: capture of 'self' with non-Sendable type 'CoreDataBudgetRepository' in a '@Sendable' closure
            try self.context.save()
                ^
/Users/mayenikhalo/Public/From aEroPartition/Dev/ClariFi iOS/ClariFi iOS/Repositories/CoreDataRepositories.swift:267:7: note: class 'CoreDataBudgetRepository' does not conform to the 'Sendable' protocol
class CoreDataBudgetRepository: BaseCoreDataRepository<Budget>, BudgetRepository {
      ^
/Users/mayenikhalo/Public/From aEroPartition/Dev/ClariFi iOS/ClariFi iOS/Repositories/CoreDataRepositories.swift:306:62: warning: capture of 'self' with non-Sendable type 'CoreDataBudgetRepository' in a '@Sendable' closure
            let request = NSFetchRequest<Budget>(entityName: self.entityName)
                                                             ^
/Users/mayenikhalo/Public/From aEroPartition/Dev/ClariFi iOS/ClariFi iOS/Repositories/CoreDataRepositories.swift:267:7: note: class 'CoreDataBudgetRepository' does not conform to the 'Sendable' protocol
class CoreDataBudgetRepository: BaseCoreDataRepository<Budget>, BudgetRepository {
      ^
/Users/mayenikhalo/Public/From aEroPartition/Dev/ClariFi iOS/ClariFi iOS/Repositories/CoreDataRepositories.swift:328:70: warning: capture of 'self' with non-Sendable type 'CoreDataBudgetCategoryRepository' in a '@Sendable' closure
            let request = NSFetchRequest<BudgetCategory>(entityName: self.entityName)
                                                                     ^
/Users/mayenikhalo/Public/From aEroPartition/Dev/ClariFi iOS/ClariFi iOS/Repositories/CoreDataRepositories.swift:316:7: note: class 'CoreDataBudgetCategoryRepository' does not conform to the 'Sendable' protocol
class CoreDataBudgetCategoryRepository: BaseCoreDataRepository<BudgetCategory>, BudgetCategoryRepository {
      ^
/Users/mayenikhalo/Public/From aEroPartition/Dev/ClariFi iOS/ClariFi iOS/Repositories/CoreDataRepositories.swift:329:69: warning: capture of 'budget' with non-Sendable type 'Budget' in a '@Sendable' closure
            request.predicate = NSPredicate(format: "budget == %@", budget)
                                                                    ^
/Users/aero/Library/Developer/Xcode/DerivedData/ClariFi_iOS-gmrlhvqnuqrbwdaistjzehzlpfwz/Build/Intermediates.noindex/ClariFi iOS.build/Debug-iphonesimulator/ClariFi iOS.build/DerivedSources/CoreDataGenerated/ClariFi_iOS/Budget+CoreDataClass.swift:16:14: note: class 'Budget' does not conform to the 'Sendable' protocol
public class Budget: NSManagedObject {
             ^
/Users/mayenikhalo/Public/From aEroPartition/Dev/ClariFi iOS/ClariFi iOS/Repositories/CoreDataRepositories.swift:337:70: warning: capture of 'self' with non-Sendable type 'CoreDataBudgetCategoryRepository' in a '@Sendable' closure
            let request = NSFetchRequest<BudgetCategory>(entityName: self.entityName)
                                                                     ^
/Users/mayenikhalo/Public/From aEroPartition/Dev/ClariFi iOS/ClariFi iOS/Repositories/CoreDataRepositories.swift:316:7: note: class 'CoreDataBudgetCategoryRepository' does not conform to the 'Sendable' protocol
class CoreDataBudgetCategoryRepository: BaseCoreDataRepository<BudgetCategory>, BudgetCategoryRepository {
      ^
/Users/mayenikhalo/Public/From aEroPartition/Dev/ClariFi iOS/ClariFi iOS/Repositories/CoreDataRepositories.swift:338:90: warning: capture of 'budget' with non-Sendable type 'Budget' in a '@Sendable' closure
            request.predicate = NSPredicate(format: "name == %@ AND budget == %@", name, budget)
                                                                                         ^
/Users/aero/Library/Developer/Xcode/DerivedData/ClariFi_iOS-gmrlhvqnuqrbwdaistjzehzlpfwz/Build/Intermediates.noindex/ClariFi iOS.build/Debug-iphonesimulator/ClariFi iOS.build/DerivedSources/CoreDataGenerated/ClariFi_iOS/Budget+CoreDataClass.swift:16:14: note: class 'Budget' does not conform to the 'Sendable' protocol
public class Budget: NSManagedObject {
             ^
/Users/mayenikhalo/Public/From aEroPartition/Dev/ClariFi iOS/ClariFi iOS/Repositories/CoreDataRepositories.swift:346:13: warning: capture of 'category' with non-Sendable type 'BudgetCategory' in a '@Sendable' closure
            category.spentAmount = amount
            ^
/Users/aero/Library/Developer/Xcode/DerivedData/ClariFi_iOS-gmrlhvqnuqrbwdaistjzehzlpfwz/Build/Intermediates.noindex/ClariFi iOS.build/Debug-iphonesimulator/ClariFi iOS.build/DerivedSources/CoreDataGenerated/ClariFi_iOS/BudgetCategory+CoreDataClass.swift:16:14: note: class 'BudgetCategory' does not conform to the 'Sendable' protocol
public class BudgetCategory: NSManagedObject {
             ^
/Users/mayenikhalo/Public/From aEroPartition/Dev/ClariFi iOS/ClariFi iOS/Repositories/CoreDataRepositories.swift:348:17: warning: capture of 'self' with non-Sendable type 'CoreDataBudgetCategoryRepository' in a '@Sendable' closure
            try self.context.save()
                ^
/Users/mayenikhalo/Public/From aEroPartition/Dev/ClariFi iOS/ClariFi iOS/Repositories/CoreDataRepositories.swift:316:7: note: class 'CoreDataBudgetCategoryRepository' does not conform to the 'Sendable' protocol
class CoreDataBudgetCategoryRepository: BaseCoreDataRepository<BudgetCategory>, BudgetCategoryRepository {
      ^
/Users/mayenikhalo/Public/From aEroPartition/Dev/ClariFi iOS/ClariFi iOS/Repositories/CoreDataRepositories.swift:354:70: warning: capture of 'self' with non-Sendable type 'CoreDataBudgetCategoryRepository' in a '@Sendable' closure
            let request = NSFetchRequest<BudgetCategory>(entityName: self.entityName)
                                                                     ^
/Users/mayenikhalo/Public/From aEroPartition/Dev/ClariFi iOS/ClariFi iOS/Repositories/CoreDataRepositories.swift:316:7: note: class 'CoreDataBudgetCategoryRepository' does not conform to the 'Sendable' protocol
class CoreDataBudgetCategoryRepository: BaseCoreDataRepository<BudgetCategory>, BudgetCategoryRepository {
      ^
/Users/mayenikhalo/Public/From aEroPartition/Dev/ClariFi iOS/ClariFi iOS/Repositories/CoreDataRepositories.swift:355:102: warning: capture of 'budget' with non-Sendable type 'Budget' in a '@Sendable' closure
            request.predicate = NSPredicate(format: "budget == %@ AND spentAmount > budgetedAmount", budget)
                                                                                                     ^
/Users/aero/Library/Developer/Xcode/DerivedData/ClariFi_iOS-gmrlhvqnuqrbwdaistjzehzlpfwz/Build/Intermediates.noindex/ClariFi iOS.build/Debug-iphonesimulator/ClariFi iOS.build/DerivedSources/CoreDataGenerated/ClariFi_iOS/Budget+CoreDataClass.swift:16:14: note: class 'Budget' does not conform to the 'Sendable' protocol
public class Budget: NSManagedObject {
             ^
/Users/mayenikhalo/Public/From aEroPartition/Dev/ClariFi iOS/ClariFi iOS/Repositories/CoreDataRepositories.swift:375:65: warning: capture of 'self' with non-Sendable type 'CoreDataStatementRepository' in a '@Sendable' closure
            let request = NSFetchRequest<Statement>(entityName: self.entityName)
                                                                ^
/Users/mayenikhalo/Public/From aEroPartition/Dev/ClariFi iOS/ClariFi iOS/Repositories/CoreDataRepositories.swift:363:7: note: class 'CoreDataStatementRepository' does not conform to the 'Sendable' protocol
class CoreDataStatementRepository: BaseCoreDataRepository<Statement>, StatementRepository {
      ^
/Users/mayenikhalo/Public/From aEroPartition/Dev/ClariFi iOS/ClariFi iOS/Repositories/CoreDataRepositories.swift:384:65: warning: capture of 'self' with non-Sendable type 'CoreDataStatementRepository' in a '@Sendable' closure
            let request = NSFetchRequest<Statement>(entityName: self.entityName)
                                                                ^
/Users/mayenikhalo/Public/From aEroPartition/Dev/ClariFi iOS/ClariFi iOS/Repositories/CoreDataRepositories.swift:363:7: note: class 'CoreDataStatementRepository' does not conform to the 'Sendable' protocol
class CoreDataStatementRepository: BaseCoreDataRepository<Statement>, StatementRepository {
      ^
/Users/mayenikhalo/Public/From aEroPartition/Dev/ClariFi iOS/ClariFi iOS/Repositories/CoreDataRepositories.swift:393:65: warning: capture of 'self' with non-Sendable type 'CoreDataStatementRepository' in a '@Sendable' closure
            let request = NSFetchRequest<Statement>(entityName: self.entityName)
                                                                ^
/Users/mayenikhalo/Public/From aEroPartition/Dev/ClariFi iOS/ClariFi iOS/Repositories/CoreDataRepositories.swift:363:7: note: class 'CoreDataStatementRepository' does not conform to the 'Sendable' protocol
class CoreDataStatementRepository: BaseCoreDataRepository<Statement>, StatementRepository {
      ^
/Users/mayenikhalo/Public/From aEroPartition/Dev/ClariFi iOS/ClariFi iOS/Repositories/CoreDataRepositories.swift:402:13: warning: capture of 'statement' with non-Sendable type 'Statement' in a '@Sendable' closure
            statement.processingStatus = status
            ^
/Users/aero/Library/Developer/Xcode/DerivedData/ClariFi_iOS-gmrlhvqnuqrbwdaistjzehzlpfwz/Build/Intermediates.noindex/ClariFi iOS.build/Debug-iphonesimulator/ClariFi iOS.build/DerivedSources/CoreDataGenerated/ClariFi_iOS/Statement+CoreDataClass.swift:16:14: note: class 'Statement' does not conform to the 'Sendable' protocol
public class Statement: NSManagedObject {
             ^
/Users/mayenikhalo/Public/From aEroPartition/Dev/ClariFi iOS/ClariFi iOS/Repositories/CoreDataRepositories.swift:404:17: warning: capture of 'self' with non-Sendable type 'CoreDataStatementRepository' in a '@Sendable' closure
            try self.context.save()
                ^
/Users/mayenikhalo/Public/From aEroPartition/Dev/ClariFi iOS/ClariFi iOS/Repositories/CoreDataRepositories.swift:363:7: note: class 'CoreDataStatementRepository' does not conform to the 'Sendable' protocol
class CoreDataStatementRepository: BaseCoreDataRepository<Statement>, StatementRepository {
      ^
/Users/mayenikhalo/Public/From aEroPartition/Dev/ClariFi iOS/ClariFi iOS/Repositories/CoreDataRepositories.swift:410:65: warning: capture of 'self' with non-Sendable type 'CoreDataStatementRepository' in a '@Sendable' closure
            let request = NSFetchRequest<Statement>(entityName: self.entityName)
                                                                ^
/Users/mayenikhalo/Public/From aEroPartition/Dev/ClariFi iOS/ClariFi iOS/Repositories/CoreDataRepositories.swift:363:7: note: class 'CoreDataStatementRepository' does not conform to the 'Sendable' protocol
class CoreDataStatementRepository: BaseCoreDataRepository<Statement>, StatementRepository {
      ^
/Users/mayenikhalo/Public/From aEroPartition/Dev/ClariFi iOS/ClariFi iOS/Repositories/CoreDataRepositories.swift:432:76: warning: capture of 'self' with non-Sendable type 'CoreDataRecurringTransactionRepository' in a '@Sendable' closure
            let request = NSFetchRequest<RecurringTransaction>(entityName: self.entityName)
                                                                           ^
/Users/mayenikhalo/Public/From aEroPartition/Dev/ClariFi iOS/ClariFi iOS/Repositories/CoreDataRepositories.swift:420:7: note: class 'CoreDataRecurringTransactionRepository' does not conform to the 'Sendable' protocol
class CoreDataRecurringTransactionRepository: BaseCoreDataRepository<RecurringTransaction>, RecurringTransactionRepository {
      ^
/Users/mayenikhalo/Public/From aEroPartition/Dev/ClariFi iOS/ClariFi iOS/Repositories/CoreDataRepositories.swift:441:76: warning: capture of 'self' with non-Sendable type 'CoreDataRecurringTransactionRepository' in a '@Sendable' closure
            let request = NSFetchRequest<RecurringTransaction>(entityName: self.entityName)
                                                                           ^
/Users/mayenikhalo/Public/From aEroPartition/Dev/ClariFi iOS/ClariFi iOS/Repositories/CoreDataRepositories.swift:420:7: note: class 'CoreDataRecurringTransactionRepository' does not conform to the 'Sendable' protocol
class CoreDataRecurringTransactionRepository: BaseCoreDataRepository<RecurringTransaction>, RecurringTransactionRepository {
      ^
/Users/mayenikhalo/Public/From aEroPartition/Dev/ClariFi iOS/ClariFi iOS/Repositories/CoreDataRepositories.swift:442:90: warning: capture of 'account' with non-Sendable type 'Account' in a '@Sendable' closure
            request.predicate = NSPredicate(format: "account == %@ AND isActive == YES", account)
                                                                                         ^
/Users/aero/Library/Developer/Xcode/DerivedData/ClariFi_iOS-gmrlhvqnuqrbwdaistjzehzlpfwz/Build/Intermediates.noindex/ClariFi iOS.build/Debug-iphonesimulator/ClariFi iOS.build/DerivedSources/CoreDataGenerated/ClariFi_iOS/Account+CoreDataClass.swift:16:14: note: class 'Account' does not conform to the 'Sendable' protocol
public class Account: NSManagedObject {
             ^
/Users/mayenikhalo/Public/From aEroPartition/Dev/ClariFi iOS/ClariFi iOS/Repositories/CoreDataRepositories.swift:450:76: warning: capture of 'self' with non-Sendable type 'CoreDataRecurringTransactionRepository' in a '@Sendable' closure
            let request = NSFetchRequest<RecurringTransaction>(entityName: self.entityName)
                                                                           ^
/Users/mayenikhalo/Public/From aEroPartition/Dev/ClariFi iOS/ClariFi iOS/Repositories/CoreDataRepositories.swift:420:7: note: class 'CoreDataRecurringTransactionRepository' does not conform to the 'Sendable' protocol
class CoreDataRecurringTransactionRepository: BaseCoreDataRepository<RecurringTransaction>, RecurringTransactionRepository {
      ^
/Users/mayenikhalo/Public/From aEroPartition/Dev/ClariFi iOS/ClariFi iOS/Repositories/CoreDataRepositories.swift:459:13: warning: capture of 'recurring' with non-Sendable type 'RecurringTransaction' in a '@Sendable' closure
            recurring.nextOccurrence = nextDate
            ^
/Users/aero/Library/Developer/Xcode/DerivedData/ClariFi_iOS-gmrlhvqnuqrbwdaistjzehzlpfwz/Build/Intermediates.noindex/ClariFi iOS.build/Debug-iphonesimulator/ClariFi iOS.build/DerivedSources/CoreDataGenerated/ClariFi_iOS/RecurringTransaction+CoreDataClass.swift:16:14: note: class 'RecurringTransaction' does not conform to the 'Sendable' protocol
public class RecurringTransaction: NSManagedObject {
             ^
/Users/mayenikhalo/Public/From aEroPartition/Dev/ClariFi iOS/ClariFi iOS/Repositories/CoreDataRepositories.swift:461:17: warning: capture of 'self' with non-Sendable type 'CoreDataRecurringTransactionRepository' in a '@Sendable' closure
            try self.context.save()
                ^
/Users/mayenikhalo/Public/From aEroPartition/Dev/ClariFi iOS/ClariFi iOS/Repositories/CoreDataRepositories.swift:420:7: note: class 'CoreDataRecurringTransactionRepository' does not conform to the 'Sendable' protocol
class CoreDataRecurringTransactionRepository: BaseCoreDataRepository<RecurringTransaction>, RecurringTransactionRepository {
      ^
/Users/mayenikhalo/Public/From aEroPartition/Dev/ClariFi iOS/ClariFi iOS/Repositories/CoreDataRepositories.swift:467:13: warning: capture of 'recurring' with non-Sendable type 'RecurringTransaction' in a '@Sendable' closure
            recurring.isActive = false
            ^
/Users/aero/Library/Developer/Xcode/DerivedData/ClariFi_iOS-gmrlhvqnuqrbwdaistjzehzlpfwz/Build/Intermediates.noindex/ClariFi iOS.build/Debug-iphonesimulator/ClariFi iOS.build/DerivedSources/CoreDataGenerated/ClariFi_iOS/RecurringTransaction+CoreDataClass.swift:16:14: note: class 'RecurringTransaction' does not conform to the 'Sendable' protocol
public class RecurringTransaction: NSManagedObject {
             ^
/Users/mayenikhalo/Public/From aEroPartition/Dev/ClariFi iOS/ClariFi iOS/Repositories/CoreDataRepositories.swift:469:17: warning: capture of 'self' with non-Sendable type 'CoreDataRecurringTransactionRepository' in a '@Sendable' closure
            try self.context.save()
                ^
/Users/mayenikhalo/Public/From aEroPartition/Dev/ClariFi iOS/ClariFi iOS/Repositories/CoreDataRepositories.swift:420:7: note: class 'CoreDataRecurringTransactionRepository' does not conform to the 'Sendable' protocol
class CoreDataRecurringTransactionRepository: BaseCoreDataRepository<RecurringTransaction>, RecurringTransactionRepository {
      ^

SwiftCompile normal x86_64 /Users/mayenikhalo/Public/From\ aEroPartition/Dev/ClariFi\ iOS/ClariFi\ iOS/Repositories/CoreDataRepositories+Background.swift (in target 'ClariFi iOS' from project 'ClariFi iOS')
    cd /Users/mayenikhalo/Public/From\ aEroPartition/Dev/ClariFi\ iOS
    

SwiftCompile normal x86_64 /Users/mayenikhalo/Public/From\ aEroPartition/Dev/ClariFi\ iOS/ClariFi\ iOS/Repositories/RepositoryFactory.swift (in target 'ClariFi iOS' from project 'ClariFi iOS')
    cd /Users/mayenikhalo/Public/From\ aEroPartition/Dev/ClariFi\ iOS
    
/Users/mayenikhalo/Public/From aEroPartition/Dev/ClariFi iOS/ClariFi iOS/Repositories/RepositoryFactory.swift:131:37: warning: comparing non-optional value of type 'any TransactionRepository' to 'nil' always returns true
        guard transactionRepository != nil,
              ~~~~~~~~~~~~~~~~~~~~~ ^  ~~~
/Users/mayenikhalo/Public/From aEroPartition/Dev/ClariFi iOS/ClariFi iOS/Repositories/RepositoryFactory.swift:132:33: warning: comparing non-optional value of type 'any AccountRepository' to 'nil' always returns true
              accountRepository != nil,
              ~~~~~~~~~~~~~~~~~ ^  ~~~
/Users/mayenikhalo/Public/From aEroPartition/Dev/ClariFi iOS/ClariFi iOS/Repositories/RepositoryFactory.swift:133:32: warning: comparing non-optional value of type 'any BudgetRepository' to 'nil' always returns true
              budgetRepository != nil,
              ~~~~~~~~~~~~~~~~ ^  ~~~
/Users/mayenikhalo/Public/From aEroPartition/Dev/ClariFi iOS/ClariFi iOS/Repositories/RepositoryFactory.swift:134:40: warning: comparing non-optional value of type 'any BudgetCategoryRepository' to 'nil' always returns true
              budgetCategoryRepository != nil,
              ~~~~~~~~~~~~~~~~~~~~~~~~ ^  ~~~
/Users/mayenikhalo/Public/From aEroPartition/Dev/ClariFi iOS/ClariFi iOS/Repositories/RepositoryFactory.swift:135:35: warning: comparing non-optional value of type 'any StatementRepository' to 'nil' always returns true
              statementRepository != nil,
              ~~~~~~~~~~~~~~~~~~~ ^  ~~~
/Users/mayenikhalo/Public/From aEroPartition/Dev/ClariFi iOS/ClariFi iOS/Repositories/RepositoryFactory.swift:136:46: warning: comparing non-optional value of type 'any RecurringTransactionRepository' to 'nil' always returns true
              recurringTransactionRepository != nil else {
              ~~~~~~~~~~~~~~~~~~~~~~~~~~~~~~ ^  ~~~

SwiftCompile normal x86_64 /Users/mayenikhalo/Public/From\ aEroPartition/Dev/ClariFi\ iOS/ClariFi\ iOS/Repositories/RepositoryProtocols.swift (in target 'ClariFi iOS' from project 'ClariFi iOS')
    cd /Users/mayenikhalo/Public/From\ aEroPartition/Dev/ClariFi\ iOS
    

SwiftCompile normal x86_64 /Users/mayenikhalo/Public/From\ aEroPartition/Dev/ClariFi\ iOS/ClariFi\ iOS/Services/Authentication/AuthenticationService.swift (in target 'ClariFi iOS' from project 'ClariFi iOS')
    cd /Users/mayenikhalo/Public/From\ aEroPartition/Dev/ClariFi\ iOS
    
/Users/mayenikhalo/Public/From aEroPartition/Dev/ClariFi iOS/ClariFi iOS/Services/Authentication/AuthenticationService.swift:68:10: warning: non-Sendable type 'User' cannot be returned from main actor-isolated implementation to caller of protocol requirement 'signUp(email:password:displayName:)'; this is an error in the Swift 6 language mode
    func signUp(email: String, password: String, displayName: String) async throws -> User {
         ^
/Users/aero/Library/Developer/Xcode/DerivedData/ClariFi_iOS-gmrlhvqnuqrbwdaistjzehzlpfwz/Build/Intermediates.noindex/ClariFi iOS.build/Debug-iphonesimulator/ClariFi iOS.build/DerivedSources/CoreDataGenerated/ClariFi_iOS/User+CoreDataClass.swift:16:14: note: class 'User' does not conform to the 'Sendable' protocol
public class User: NSManagedObject {
             ^
/Users/mayenikhalo/Public/From aEroPartition/Dev/ClariFi iOS/ClariFi iOS/Services/Authentication/AuthenticationService.swift:132:10: warning: non-Sendable type 'User' cannot be returned from main actor-isolated implementation to caller of protocol requirement 'signIn(email:password:)'; this is an error in the Swift 6 language mode
    func signIn(email: String, password: String) async throws -> User {
         ^
/Users/aero/Library/Developer/Xcode/DerivedData/ClariFi_iOS-gmrlhvqnuqrbwdaistjzehzlpfwz/Build/Intermediates.noindex/ClariFi iOS.build/Debug-iphonesimulator/ClariFi iOS.build/DerivedSources/CoreDataGenerated/ClariFi_iOS/User+CoreDataClass.swift:16:14: note: class 'User' does not conform to the 'Sendable' protocol
public class User: NSManagedObject {
             ^
/Users/mayenikhalo/Public/From aEroPartition/Dev/ClariFi iOS/ClariFi iOS/Services/Authentication/AuthenticationService.swift:205:10: warning: non-Sendable type 'User?' cannot be returned from main actor-isolated implementation to caller of protocol requirement 'getCurrentUser()'; this is an error in the Swift 6 language mode
    func getCurrentUser() async throws -> User? {
         ^
Swift.Optional:1:21: note: generic enum 'Optional' does not conform to the 'Sendable' protocol
@frozen public enum Optional<Wrapped> : ~Copyable, ~Escapable where Wrapped : ~Copyable, Wrapped : ~Escapable {
                    ^
/Users/mayenikhalo/Public/From aEroPartition/Dev/ClariFi iOS/ClariFi iOS/Services/Authentication/AuthenticationService.swift:396:43: warning: 'deleteUser(id:shouldSoftDelete:)' is deprecated: Use deleteUser with UUID instead of string.
            try await supabase.auth.admin.deleteUser(id: user.supabaseUserId ?? "")
                                          ^

SwiftCompile normal x86_64 /Users/mayenikhalo/Public/From\ aEroPartition/Dev/ClariFi\ iOS/ClariFi\ iOS/Services/Authentication/AuthenticationServiceProtocol.swift (in target 'ClariFi iOS' from project 'ClariFi iOS')
    cd /Users/mayenikhalo/Public/From\ aEroPartition/Dev/ClariFi\ iOS
    

SwiftCompile normal x86_64 /Users/mayenikhalo/Public/From\ aEroPartition/Dev/ClariFi\ iOS/ClariFi\ iOS/Services/Authentication/SessionManager.swift (in target 'ClariFi iOS' from project 'ClariFi iOS')
    cd /Users/mayenikhalo/Public/From\ aEroPartition/Dev/ClariFi\ iOS
    

SwiftCompile normal x86_64 /Users/mayenikhalo/Public/From\ aEroPartition/Dev/ClariFi\ iOS/ClariFi\ iOS/Services/LLM/AppleFoundationModelManager.swift (in target 'ClariFi iOS' from project 'ClariFi iOS')
    cd /Users/mayenikhalo/Public/From\ aEroPartition/Dev/ClariFi\ iOS
    
/Users/mayenikhalo/Public/From aEroPartition/Dev/ClariFi iOS/ClariFi iOS/Services/LLM/AppleFoundationModelManager.swift:52:11: warning: 'catch' block is unreachable because no errors are thrown in 'do' block
        } catch {
          ^

SwiftCompile normal x86_64 /Users/mayenikhalo/Public/From\ aEroPartition/Dev/ClariFi\ iOS/ClariFi\ iOS/Services/LLM/AppleLLMCategorizationService.swift (in target 'ClariFi iOS' from project 'ClariFi iOS')
    cd /Users/mayenikhalo/Public/From\ aEroPartition/Dev/ClariFi\ iOS
    
/Users/mayenikhalo/Public/From aEroPartition/Dev/ClariFi iOS/ClariFi iOS/Services/LLM/AppleLLMCategorizationService.swift:43:57: warning: main actor-isolated static property 'shared' can not be referenced from a nonisolated context; this is an error in the Swift 6 language mode
        self.performanceMonitor = LLMPerformanceMonitor.shared
                                                        ^
/Users/mayenikhalo/Public/From aEroPartition/Dev/ClariFi iOS/ClariFi iOS/Utilities/LLMPerformanceMonitor.swift:17:16: note: static property declared here
    static let shared = LLMPerformanceMonitor()
               ^
/Users/mayenikhalo/Public/From aEroPartition/Dev/ClariFi iOS/ClariFi iOS/Services/LLM/AppleLLMCategorizationService.swift:105:21: warning: capture of 'self' with non-Sendable type 'AppleLLMCategorizationService?' in a '@Sendable' closure
                    self?.pendingQueries.removeValue(forKey: cacheKey)
                    ^
/Users/mayenikhalo/Public/From aEroPartition/Dev/ClariFi iOS/ClariFi iOS/Services/LLM/AppleLLMCategorizationService.swift:12:7: note: class 'AppleLLMCategorizationService' does not conform to the 'Sendable' protocol
class AppleLLMCategorizationService: LLMCategorizationServiceProtocol {
      ^
/Users/mayenikhalo/Public/From aEroPartition/Dev/ClariFi iOS/ClariFi iOS/Services/LLM/AppleLLMCategorizationService.swift:128:21: warning: capture of 'self' with non-Sendable type 'AppleLLMCategorizationService?' in a '@Sendable' closure
                    self?.pendingQueries.removeValue(forKey: cacheKey)
                    ^
/Users/mayenikhalo/Public/From aEroPartition/Dev/ClariFi iOS/ClariFi iOS/Services/LLM/AppleLLMCategorizationService.swift:12:7: note: class 'AppleLLMCategorizationService' does not conform to the 'Sendable' protocol
class AppleLLMCategorizationService: LLMCategorizationServiceProtocol {
      ^
/Users/mayenikhalo/Public/From aEroPartition/Dev/ClariFi iOS/ClariFi iOS/Services/LLM/AppleLLMCategorizationService.swift:147:21: warning: capture of 'self' with non-Sendable type 'AppleLLMCategorizationService?' in a '@Sendable' closure
                    self?.pendingQueries.removeValue(forKey: cacheKey)
                    ^
/Users/mayenikhalo/Public/From aEroPartition/Dev/ClariFi iOS/ClariFi iOS/Services/LLM/AppleLLMCategorizationService.swift:12:7: note: class 'AppleLLMCategorizationService' does not conform to the 'Sendable' protocol
class AppleLLMCategorizationService: LLMCategorizationServiceProtocol {
      ^
/Users/mayenikhalo/Public/From aEroPartition/Dev/ClariFi iOS/ClariFi iOS/Services/LLM/AppleLLMCategorizationService.swift:156:13: warning: capture of 'self' with non-Sendable type 'AppleLLMCategorizationService?' in a '@Sendable' closure
            self?.pendingQueries[cacheKey] = task
            ^
/Users/mayenikhalo/Public/From aEroPartition/Dev/ClariFi iOS/ClariFi iOS/Services/LLM/AppleLLMCategorizationService.swift:12:7: note: class 'AppleLLMCategorizationService' does not conform to the 'Sendable' protocol
class AppleLLMCategorizationService: LLMCategorizationServiceProtocol {
      ^

SwiftCompile normal x86_64 /Users/mayenikhalo/Public/From\ aEroPartition/Dev/ClariFi\ iOS/ClariFi\ iOS/Services/LLM/LLMCache.swift (in target 'ClariFi iOS' from project 'ClariFi iOS')
    cd /Users/mayenikhalo/Public/From\ aEroPartition/Dev/ClariFi\ iOS
    

SwiftCompile normal x86_64 /Users/mayenikhalo/Public/From\ aEroPartition/Dev/ClariFi\ iOS/ClariFi\ iOS/Services/LLM/LLMCategorizationServiceProtocol.swift (in target 'ClariFi iOS' from project 'ClariFi iOS')
    cd /Users/mayenikhalo/Public/From\ aEroPartition/Dev/ClariFi\ iOS
    

SwiftCompile normal x86_64 /Users/mayenikhalo/Public/From\ aEroPartition/Dev/ClariFi\ iOS/ClariFi\ iOS/Services/AnalyticsService.swift (in target 'ClariFi iOS' from project 'ClariFi iOS')
    cd /Users/mayenikhalo/Public/From\ aEroPartition/Dev/ClariFi\ iOS
    

SwiftCompile normal x86_64 /Users/mayenikhalo/Public/From\ aEroPartition/Dev/ClariFi\ iOS/ClariFi\ iOS/Services/BiometricAuthService.swift (in target 'ClariFi iOS' from project 'ClariFi iOS')
    cd /Users/mayenikhalo/Public/From\ aEroPartition/Dev/ClariFi\ iOS
    

SwiftCompile normal x86_64 /Users/mayenikhalo/Public/From\ aEroPartition/Dev/ClariFi\ iOS/ClariFi\ iOS/Services/BudgetMonitoringService.swift (in target 'ClariFi iOS' from project 'ClariFi iOS')
    cd /Users/mayenikhalo/Public/From\ aEroPartition/Dev/ClariFi\ iOS
    

SwiftCompile normal x86_64 /Users/mayenikhalo/Public/From\ aEroPartition/Dev/ClariFi\ iOS/ClariFi\ iOS/Services/BudgetTemplateService.swift (in target 'ClariFi iOS' from project 'ClariFi iOS')
    cd /Users/mayenikhalo/Public/From\ aEroPartition/Dev/ClariFi\ iOS
    

SwiftCompile normal x86_64 /Users/mayenikhalo/Public/From\ aEroPartition/Dev/ClariFi\ iOS/ClariFi\ iOS/Services/CashflowForecastingService.swift (in target 'ClariFi iOS' from project 'ClariFi iOS')
    cd /Users/mayenikhalo/Public/From\ aEroPartition/Dev/ClariFi\ iOS
    

SwiftCompile normal x86_64 /Users/mayenikhalo/Public/From\ aEroPartition/Dev/ClariFi\ iOS/ClariFi\ iOS/Services/CategoryMappingService.swift (in target 'ClariFi iOS' from project 'ClariFi iOS')
    cd /Users/mayenikhalo/Public/From\ aEroPartition/Dev/ClariFi\ iOS
    

SwiftEmitModule normal x86_64 Emitting\ module\ for\ ClariFi_iOS (in target 'ClariFi iOS' from project 'ClariFi iOS')

EmitSwiftModule normal x86_64 (in target 'ClariFi iOS' from project 'ClariFi iOS')
    cd /Users/mayenikhalo/Public/From\ aEroPartition/Dev/ClariFi\ iOS
    
/Users/mayenikhalo/Public/From aEroPartition/Dev/ClariFi iOS/ClariFi iOS/Services/Authentication/AuthenticationService.swift:68:10: warning: non-Sendable type 'User' cannot be returned from main actor-isolated implementation to caller of protocol requirement 'signUp(email:password:displayName:)'; this is an error in the Swift 6 language mode
    func signUp(email: String, password: String, displayName: String) async throws -> User {
         ^
/Users/aero/Library/Developer/Xcode/DerivedData/ClariFi_iOS-gmrlhvqnuqrbwdaistjzehzlpfwz/Build/Intermediates.noindex/ClariFi iOS.build/Debug-iphonesimulator/ClariFi iOS.build/DerivedSources/CoreDataGenerated/ClariFi_iOS/User+CoreDataClass.swift:16:14: note: class 'User' does not conform to the 'Sendable' protocol
public class User: NSManagedObject {
             ^
/Users/mayenikhalo/Public/From aEroPartition/Dev/ClariFi iOS/ClariFi iOS/Services/Authentication/AuthenticationService.swift:132:10: warning: non-Sendable type 'User' cannot be returned from main actor-isolated implementation to caller of protocol requirement 'signIn(email:password:)'; this is an error in the Swift 6 language mode
    func signIn(email: String, password: String) async throws -> User {
         ^
/Users/aero/Library/Developer/Xcode/DerivedData/ClariFi_iOS-gmrlhvqnuqrbwdaistjzehzlpfwz/Build/Intermediates.noindex/ClariFi iOS.build/Debug-iphonesimulator/ClariFi iOS.build/DerivedSources/CoreDataGenerated/ClariFi_iOS/User+CoreDataClass.swift:16:14: note: class 'User' does not conform to the 'Sendable' protocol
public class User: NSManagedObject {
             ^
/Users/mayenikhalo/Public/From aEroPartition/Dev/ClariFi iOS/ClariFi iOS/Services/Authentication/AuthenticationService.swift:205:10: warning: non-Sendable type 'User?' cannot be returned from main actor-isolated implementation to caller of protocol requirement 'getCurrentUser()'; this is an error in the Swift 6 language mode
    func getCurrentUser() async throws -> User? {
         ^
Swift.Optional:1:21: note: generic enum 'Optional' does not conform to the 'Sendable' protocol
@frozen public enum Optional<Wrapped> : ~Copyable, ~Escapable where Wrapped : ~Copyable, Wrapped : ~Escapable {
                    ^
/Users/mayenikhalo/Public/From aEroPartition/Dev/ClariFi iOS/ClariFi iOS/Services/InsightsEngine.swift:108:10: warning: non-Sendable parameter type '[Transaction]' cannot be sent from caller of protocol requirement 'generateInsights(for:budget:)' into actor-isolated implementation; this is an error in the Swift 6 language mode
    func generateInsights(for transactions: [Transaction], budget: Budget?) async -> [Insight] {
         ^
Swift.Array:1:23: note: generic struct 'Array' does not conform to the 'Sendable' protocol
@frozen public struct Array<Element> : _DestructorSafeContainer {
                      ^
/Users/mayenikhalo/Public/From aEroPartition/Dev/ClariFi iOS/ClariFi iOS/Services/InsightsEngine.swift:108:10: warning: non-Sendable parameter type 'Budget?' cannot be sent from caller of protocol requirement 'generateInsights(for:budget:)' into actor-isolated implementation; this is an error in the Swift 6 language mode
    func generateInsights(for transactions: [Transaction], budget: Budget?) async -> [Insight] {
         ^
Swift.Optional:1:21: note: generic enum 'Optional' does not conform to the 'Sendable' protocol
@frozen public enum Optional<Wrapped> : ~Copyable, ~Escapable where Wrapped : ~Copyable, Wrapped : ~Escapable {
                    ^
/Users/mayenikhalo/Public/From aEroPartition/Dev/ClariFi iOS/ClariFi iOS/Services/InsightsEngine.swift:128:10: warning: non-Sendable parameter type '[Transaction]' cannot be sent from caller of protocol requirement 'generateSpendingTrends(for:transactions:)' into actor-isolated implementation; this is an error in the Swift 6 language mode
    func generateSpendingTrends(for period: DateInterval, transactions: [Transaction]) async -> SpendingTrends {
         ^
Swift.Array:1:23: note: generic struct 'Array' does not conform to the 'Sendable' protocol
@frozen public struct Array<Element> : _DestructorSafeContainer {
                      ^

SwiftEmitModule normal arm64 Emitting\ module\ for\ ClariFi_iOS (in target 'ClariFi iOS' from project 'ClariFi iOS')

EmitSwiftModule normal arm64 (in target 'ClariFi iOS' from project 'ClariFi iOS')
    cd /Users/mayenikhalo/Public/From\ aEroPartition/Dev/ClariFi\ iOS
    
/Users/mayenikhalo/Public/From aEroPartition/Dev/ClariFi iOS/ClariFi iOS/Services/Authentication/AuthenticationService.swift:68:10: warning: non-Sendable type 'User' cannot be returned from main actor-isolated implementation to caller of protocol requirement 'signUp(email:password:displayName:)'; this is an error in the Swift 6 language mode
    func signUp(email: String, password: String, displayName: String) async throws -> User {
         ^
/Users/aero/Library/Developer/Xcode/DerivedData/ClariFi_iOS-gmrlhvqnuqrbwdaistjzehzlpfwz/Build/Intermediates.noindex/ClariFi iOS.build/Debug-iphonesimulator/ClariFi iOS.build/DerivedSources/CoreDataGenerated/ClariFi_iOS/User+CoreDataClass.swift:16:14: note: class 'User' does not conform to the 'Sendable' protocol
public class User: NSManagedObject {
             ^
/Users/mayenikhalo/Public/From aEroPartition/Dev/ClariFi iOS/ClariFi iOS/Services/Authentication/AuthenticationService.swift:132:10: warning: non-Sendable type 'User' cannot be returned from main actor-isolated implementation to caller of protocol requirement 'signIn(email:password:)'; this is an error in the Swift 6 language mode
    func signIn(email: String, password: String) async throws -> User {
         ^
/Users/aero/Library/Developer/Xcode/DerivedData/ClariFi_iOS-gmrlhvqnuqrbwdaistjzehzlpfwz/Build/Intermediates.noindex/ClariFi iOS.build/Debug-iphonesimulator/ClariFi iOS.build/DerivedSources/CoreDataGenerated/ClariFi_iOS/User+CoreDataClass.swift:16:14: note: class 'User' does not conform to the 'Sendable' protocol
public class User: NSManagedObject {
             ^
/Users/mayenikhalo/Public/From aEroPartition/Dev/ClariFi iOS/ClariFi iOS/Services/Authentication/AuthenticationService.swift:205:10: warning: non-Sendable type 'User?' cannot be returned from main actor-isolated implementation to caller of protocol requirement 'getCurrentUser()'; this is an error in the Swift 6 language mode
    func getCurrentUser() async throws -> User? {
         ^
Swift.Optional:1:21: note: generic enum 'Optional' does not conform to the 'Sendable' protocol
@frozen public enum Optional<Wrapped> : ~Copyable, ~Escapable where Wrapped : ~Copyable, Wrapped : ~Escapable {
                    ^
/Users/mayenikhalo/Public/From aEroPartition/Dev/ClariFi iOS/ClariFi iOS/Services/InsightsEngine.swift:108:10: warning: non-Sendable parameter type '[Transaction]' cannot be sent from caller of protocol requirement 'generateInsights(for:budget:)' into actor-isolated implementation; this is an error in the Swift 6 language mode
    func generateInsights(for transactions: [Transaction], budget: Budget?) async -> [Insight] {
         ^
Swift.Array:1:23: note: generic struct 'Array' does not conform to the 'Sendable' protocol
@frozen public struct Array<Element> : _DestructorSafeContainer {
                      ^
/Users/mayenikhalo/Public/From aEroPartition/Dev/ClariFi iOS/ClariFi iOS/Services/InsightsEngine.swift:108:10: warning: non-Sendable parameter type 'Budget?' cannot be sent from caller of protocol requirement 'generateInsights(for:budget:)' into actor-isolated implementation; this is an error in the Swift 6 language mode
    func generateInsights(for transactions: [Transaction], budget: Budget?) async -> [Insight] {
         ^
Swift.Optional:1:21: note: generic enum 'Optional' does not conform to the 'Sendable' protocol
@frozen public enum Optional<Wrapped> : ~Copyable, ~Escapable where Wrapped : ~Copyable, Wrapped : ~Escapable {
                    ^
/Users/mayenikhalo/Public/From aEroPartition/Dev/ClariFi iOS/ClariFi iOS/Services/InsightsEngine.swift:128:10: warning: non-Sendable parameter type '[Transaction]' cannot be sent from caller of protocol requirement 'generateSpendingTrends(for:transactions:)' into actor-isolated implementation; this is an error in the Swift 6 language mode
    func generateSpendingTrends(for period: DateInterval, transactions: [Transaction]) async -> SpendingTrends {
         ^
Swift.Array:1:23: note: generic struct 'Array' does not conform to the 'Sendable' protocol
@frozen public struct Array<Element> : _DestructorSafeContainer {
                      ^

SwiftDriverJobDiscovery normal x86_64 Compiling Types.swift (in target 'Auth' from project 'Supabase')

SwiftCompile normal arm64 Compiling\ HelpSupportView.swift,\ HelpView.swift,\ HomeView.swift,\ InsightDetailView.swift,\ InsightsView.swift /Users/mayenikhalo/Public/From\ aEroPartition/Dev/ClariFi\ iOS/ClariFi\ iOS/Views/HelpSupportView.swift /Users/mayenikhalo/Public/From\ aEroPartition/Dev/ClariFi\ iOS/ClariFi\ iOS/Views/HelpView.swift /Users/mayenikhalo/Public/From\ aEroPartition/Dev/ClariFi\ iOS/ClariFi\ iOS/Views/HomeView.swift /Users/mayenikhalo/Public/From\ aEroPartition/Dev/ClariFi\ iOS/ClariFi\ iOS/Views/InsightDetailView.swift /Users/mayenikhalo/Public/From\ aEroPartition/Dev/ClariFi\ iOS/ClariFi\ iOS/Views/InsightsView.swift (in target 'ClariFi iOS' from project 'ClariFi iOS')

SwiftCompile normal arm64 /Users/mayenikhalo/Public/From\ aEroPartition/Dev/ClariFi\ iOS/ClariFi\ iOS/Views/HelpSupportView.swift (in target 'ClariFi iOS' from project 'ClariFi iOS')
    cd /Users/mayenikhalo/Public/From\ aEroPartition/Dev/ClariFi\ iOS
    

SwiftCompile normal arm64 /Users/mayenikhalo/Public/From\ aEroPartition/Dev/ClariFi\ iOS/ClariFi\ iOS/Views/HelpView.swift (in target 'ClariFi iOS' from project 'ClariFi iOS')
    cd /Users/mayenikhalo/Public/From\ aEroPartition/Dev/ClariFi\ iOS
    

SwiftCompile normal arm64 /Users/mayenikhalo/Public/From\ aEroPartition/Dev/ClariFi\ iOS/ClariFi\ iOS/Views/HomeView.swift (in target 'ClariFi iOS' from project 'ClariFi iOS')
    cd /Users/mayenikhalo/Public/From\ aEroPartition/Dev/ClariFi\ iOS
    
/Users/mayenikhalo/Public/From aEroPartition/Dev/ClariFi iOS/ClariFi iOS/Views/HomeView.swift:461:60: warning: conformance of 'NSManagedObject' to 'Sendable' is unavailable in iOS; this is an error in the Swift 6 language mode
                let transactionsSnapshot = await MainActor.run {
                                                           ^
note: conformance of 'NSManagedObject' to 'Sendable' has been explicitly marked unavailable here
@_nonSendable
^
/Users/mayenikhalo/Public/From aEroPartition/Dev/ClariFi iOS/ClariFi iOS/Views/HomeView.swift:466:30: warning: no 'async' operations occur within 'await' expression
                let result = await performCalculation(transactions: transactionsSnapshot)
                             ^
/Users/mayenikhalo/Public/From aEroPartition/Dev/ClariFi iOS/ClariFi iOS/Views/HomeView.swift:548:90: warning: use of protocol 'TransactionRepository' as a type must be written 'any TransactionRepository'; this will be an error in a future Swift language mode
        guard let transactionRepo: any TransactionRepository = container.resolveOptional(TransactionRepository.self),
                                                                                         ^~~~~~~~~~~~~~~~~~~~~
                                                                                         (any TransactionRepository)
/Users/mayenikhalo/Public/From aEroPartition/Dev/ClariFi iOS/ClariFi iOS/Views/HomeView.swift:549:82: warning: use of protocol 'AccountRepository' as a type must be written 'any AccountRepository'; this will be an error in a future Swift language mode
              let accountRepo: any AccountRepository = container.resolveOptional(AccountRepository.self),
                                                                                 ^~~~~~~~~~~~~~~~~
                                                                                 (any AccountRepository)
/Users/mayenikhalo/Public/From aEroPartition/Dev/ClariFi iOS/ClariFi iOS/Views/HomeView.swift:550:86: warning: use of protocol 'StatementRepository' as a type must be written 'any StatementRepository'; this will be an error in a future Swift language mode
              let statementRepo: any StatementRepository = container.resolveOptional(StatementRepository.self),
                                                                                     ^~~~~~~~~~~~~~~~~~~
                                                                                     (any StatementRepository)
/Users/mayenikhalo/Public/From aEroPartition/Dev/ClariFi iOS/ClariFi iOS/Views/HomeView.swift:588:90: warning: use of protocol 'TransactionRepository' as a type must be written 'any TransactionRepository'; this will be an error in a future Swift language mode
        guard let transactionRepo: any TransactionRepository = container.resolveOptional(TransactionRepository.self),
                                                                                         ^~~~~~~~~~~~~~~~~~~~~
                                                                                         (any TransactionRepository)
/Users/mayenikhalo/Public/From aEroPartition/Dev/ClariFi iOS/ClariFi iOS/Views/HomeView.swift:589:82: warning: use of protocol 'AccountRepository' as a type must be written 'any AccountRepository'; this will be an error in a future Swift language mode
              let accountRepo: any AccountRepository = container.resolveOptional(AccountRepository.self),
                                                                                 ^~~~~~~~~~~~~~~~~
                                                                                 (any AccountRepository)

SwiftCompile normal arm64 /Users/mayenikhalo/Public/From\ aEroPartition/Dev/ClariFi\ iOS/ClariFi\ iOS/Views/InsightDetailView.swift (in target 'ClariFi iOS' from project 'ClariFi iOS')
    cd /Users/mayenikhalo/Public/From\ aEroPartition/Dev/ClariFi\ iOS
    

SwiftCompile normal arm64 /Users/mayenikhalo/Public/From\ aEroPartition/Dev/ClariFi\ iOS/ClariFi\ iOS/Views/InsightsView.swift (in target 'ClariFi iOS' from project 'ClariFi iOS')
    cd /Users/mayenikhalo/Public/From\ aEroPartition/Dev/ClariFi\ iOS
    

SwiftDriverJobDiscovery normal x86_64 Compiling User+CoreDataClass.swift, User+CoreDataProperties.swift, Transaction+CoreDataClass.swift, Transaction+CoreDataProperties.swift, Account+CoreDataClass.swift, Account+CoreDataProperties.swift, Budget+CoreDataClass.swift, Budget+CoreDataProperties.swift, BudgetCategory+CoreDataClass.swift, BudgetCategory+CoreDataProperties.swift, Statement+CoreDataClass.swift, Statement+CoreDataProperties.swift, RecurringTransaction+CoreDataClass.swift, RecurringTransaction+CoreDataProperties.swift, CategorizationRule+CoreDataClass.swift, CategorizationRule+CoreDataProperties.swift, MerchantPattern+CoreDataClass.swift, MerchantPattern+CoreDataProperties.swift, ClariFi_iOS+CoreDataModel.swift, GeneratedAssetSymbols.swift (in target 'ClariFi iOS' from project 'ClariFi iOS')

SwiftCompile normal arm64 Compiling\ ClariFi_iOSApp.swift,\ Configuration.swift,\ ContentView.swift,\ Persistence.swift /Users/mayenikhalo/Public/From\ aEroPartition/Dev/ClariFi\ iOS/ClariFi\ iOS/ClariFi_iOSApp.swift /Users/mayenikhalo/Public/From\ aEroPartition/Dev/ClariFi\ iOS/ClariFi\ iOS/Configuration.swift /Users/mayenikhalo/Public/From\ aEroPartition/Dev/ClariFi\ iOS/ClariFi\ iOS/ContentView.swift /Users/mayenikhalo/Public/From\ aEroPartition/Dev/ClariFi\ iOS/ClariFi\ iOS/Persistence.swift (in target 'ClariFi iOS' from project 'ClariFi iOS')

SwiftCompile normal arm64 /Users/mayenikhalo/Public/From\ aEroPartition/Dev/ClariFi\ iOS/ClariFi\ iOS/ClariFi_iOSApp.swift (in target 'ClariFi iOS' from project 'ClariFi iOS')
    cd /Users/mayenikhalo/Public/From\ aEroPartition/Dev/ClariFi\ iOS
    
/Users/mayenikhalo/Public/From aEroPartition/Dev/ClariFi iOS/ClariFi iOS/ClariFi_iOSApp.swift:38:11: warning: 'catch' block is unreachable because no errors are thrown in 'do' block
        } catch {
          ^

SwiftCompile normal arm64 /Users/mayenikhalo/Public/From\ aEroPartition/Dev/ClariFi\ iOS/ClariFi\ iOS/Configuration.swift (in target 'ClariFi iOS' from project 'ClariFi iOS')
    cd /Users/mayenikhalo/Public/From\ aEroPartition/Dev/ClariFi\ iOS
    

SwiftCompile normal arm64 /Users/mayenikhalo/Public/From\ aEroPartition/Dev/ClariFi\ iOS/ClariFi\ iOS/ContentView.swift (in target 'ClariFi iOS' from project 'ClariFi iOS')
    cd /Users/mayenikhalo/Public/From\ aEroPartition/Dev/ClariFi\ iOS
    
/Users/mayenikhalo/Public/From aEroPartition/Dev/ClariFi iOS/ClariFi iOS/ContentView.swift:72:10: warning: 'onChange(of:perform:)' was deprecated in iOS 17.0: Use `onChange` with a two or zero parameter action closure instead.
        .onChange(of: sessionManager.isAuthenticated) { sessionIsAuthenticated in
         ^
/Users/mayenikhalo/Public/From aEroPartition/Dev/ClariFi iOS/ClariFi iOS/ContentView.swift:83:10: warning: 'onChange(of:perform:)' was deprecated in iOS 17.0: Use `onChange` with a two or zero parameter action closure instead.
        .onChange(of: scenePhase) { newPhase in
         ^

SwiftCompile normal arm64 /Users/mayenikhalo/Public/From\ aEroPartition/Dev/ClariFi\ iOS/ClariFi\ iOS/Persistence.swift (in target 'ClariFi iOS' from project 'ClariFi iOS')
    cd /Users/mayenikhalo/Public/From\ aEroPartition/Dev/ClariFi\ iOS
    

SwiftDriverJobDiscovery normal x86_64 Emitting module for ClariFi_iOS (in target 'ClariFi iOS' from project 'ClariFi iOS')

SwiftDriverJobDiscovery normal arm64 Emitting module for ClariFi_iOS (in target 'ClariFi iOS' from project 'ClariFi iOS')

SwiftDriver\ Compilation\ Requirements ClariFi\ iOS normal x86_64 com.apple.xcode.tools.swift.compiler (in target 'ClariFi iOS' from project 'ClariFi iOS')
    cd /Users/mayenikhalo/Public/From\ aEroPartition/Dev/ClariFi\ iOS
    builtin-Swift-Compilation-Requirements -- /Applications/Xcode.app/Contents/Developer/Toolchains/XcodeDefault.xctoolchain/usr/bin/swiftc -module-name ClariFi_iOS -Onone -enforce-exclusivity\=checked @/Users/aero/Library/Developer/Xcode/DerivedData/ClariFi_iOS-gmrlhvqnuqrbwdaistjzehzlpfwz/Build/Intermediates.noindex/ClariFi\ iOS.build/Debug-iphonesimulator/ClariFi\ iOS.build/Objects-normal/x86_64/ClariFi\ iOS.SwiftFileList -DDEBUG -enable-bare-slash-regex -enable-experimental-feature DebugDescriptionMacro -sdk /Applications/Xcode.app/Contents/Developer/Platforms/iPhoneSimulator.platform/Developer/SDKs/iPhoneSimulator26.0.sdk -target x86_64-apple-ios18.5-simulator -g -module-cache-path /Users/aero/Library/Developer/Xcode/DerivedData/ModuleCache.noindex -Xfrontend -serialize-debugging-options -profile-coverage-mapping -profile-generate -enable-testing -index-store-path /Users/aero/Library/Developer/Xcode/DerivedData/ClariFi_iOS-gmrlhvqnuqrbwdaistjzehzlpfwz/Index.noindex/DataStore -Xcc -D_LIBCPP_HARDENING_MODE\=_LIBCPP_HARDENING_MODE_DEBUG -swift-version 5 -I /Users/aero/Library/Developer/Xcode/DerivedData/ClariFi_iOS-gmrlhvqnuqrbwdaistjzehzlpfwz/Build/Products/Debug-iphonesimulator -F /Users/aero/Library/Developer/Xcode/DerivedData/ClariFi_iOS-gmrlhvqnuqrbwdaistjzehzlpfwz/Build/Products/Debug-iphonesimulator/PackageFrameworks -F /Users/aero/Library/Developer/Xcode/DerivedData/ClariFi_iOS-gmrlhvqnuqrbwdaistjzehzlpfwz/Build/Products/Debug-iphonesimulator/PackageFrameworks -F /Users/aero/Library/Developer/Xcode/DerivedData/ClariFi_iOS-gmrlhvqnuqrbwdaistjzehzlpfwz/Build/Products/Debug-iphonesimulator/PackageFrameworks -F /Users/aero/Library/Developer/Xcode/DerivedData/ClariFi_iOS-gmrlhvqnuqrbwdaistjzehzlpfwz/Build/Products/Debug-iphonesimulator/PackageFrameworks -F /Users/aero/Library/Developer/Xcode/DerivedData/ClariFi_iOS-gmrlhvqnuqrbwdaistjzehzlpfwz/Build/Products/Debug-iphonesimulator/PackageFrameworks -F /Users/aero/Library/Developer/Xcode/DerivedData/ClariFi_iOS-gmrlhvqnuqrbwdaistjzehzlpfwz/Build/Products/Debug-iphonesimulator/PackageFrameworks -F /Users/aero/Library/Developer/Xcode/DerivedData/ClariFi_iOS-gmrlhvqnuqrbwdaistjzehzlpfwz/Build/Products/Debug-iphonesimulator/PackageFrameworks -F /Users/aero/Library/Developer/Xcode/DerivedData/ClariFi_iOS-gmrlhvqnuqrbwdaistjzehzlpfwz/Build/Products/Debug-iphonesimulator/PackageFrameworks -F /Users/aero/Library/Developer/Xcode/DerivedData/ClariFi_iOS-gmrlhvqnuqrbwdaistjzehzlpfwz/Build/Products/Debug-iphonesimulator/PackageFrameworks -F /Users/aero/Library/Developer/Xcode/DerivedData/ClariFi_iOS-gmrlhvqnuqrbwdaistjzehzlpfwz/Build/Products/Debug-iphonesimulator/PackageFrameworks -F /Users/aero/Library/Developer/Xcode/DerivedData/ClariFi_iOS-gmrlhvqnuqrbwdaistjzehzlpfwz/Build/Products/Debug-iphonesimulator/PackageFrameworks -F /Users/aero/Library/Developer/Xcode/DerivedData/ClariFi_iOS-gmrlhvqnuqrbwdaistjzehzlpfwz/Build/Products/Debug-iphonesimulator/PackageFrameworks -F /Users/aero/Library/Developer/Xcode/DerivedData/ClariFi_iOS-gmrlhvqnuqrbwdaistjzehzlpfwz/Build/Products/Debug-iphonesimulator/PackageFrameworks -F /Users/aero/Library/Developer/Xcode/DerivedData/ClariFi_iOS-gmrlhvqnuqrbwdaistjzehzlpfwz/Build/Products/Debug-iphonesimulator/PackageFrameworks -F /Users/aero/Library/Developer/Xcode/DerivedData/ClariFi_iOS-gmrlhvqnuqrbwdaistjzehzlpfwz/Build/Products/Debug-iphonesimulator -emit-localized-strings -emit-localized-strings-path /Users/aero/Library/Developer/Xcode/DerivedData/ClariFi_iOS-gmrlhvqnuqrbwdaistjzehzlpfwz/Build/Intermediates.noindex/ClariFi\ iOS.build/Debug-iphonesimulator/ClariFi\ iOS.build/Objects-normal/x86_64 -c -j8 -enable-batch-mode -incremental -Xcc -ivfsstatcache -Xcc /Users/aero/Library/Developer/Xcode/DerivedData/SDKStatCaches.noindex/iphonesimulator26.0-23A339-26257891a6c027eb51374368541b8346.sdkstatcache -output-file-map /Users/aero/Library/Developer/Xcode/DerivedData/ClariFi_iOS-gmrlhvqnuqrbwdaistjzehzlpfwz/Build/Intermediates.noindex/ClariFi\ iOS.build/Debug-iphonesimulator/ClariFi\ iOS.build/Objects-normal/x86_64/ClariFi\ iOS-OutputFileMap.json -use-frontend-parseable-output -save-temps -no-color-diagnostics -explicit-module-build -module-cache-path /Users/aero/Library/Developer/Xcode/DerivedData/ClariFi_iOS-gmrlhvqnuqrbwdaistjzehzlpfwz/Build/Intermediates.noindex/SwiftExplicitPrecompiledModules -clang-scanner-module-cache-path /Users/aero/Library/Developer/Xcode/DerivedData/ModuleCache.noindex -sdk-module-cache-path /Users/aero/Library/Developer/Xcode/DerivedData/ModuleCache.noindex -serialize-diagnostics -emit-dependencies -emit-module -emit-module-path /Users/aero/Library/Developer/Xcode/DerivedData/ClariFi_iOS-gmrlhvqnuqrbwdaistjzehzlpfwz/Build/Intermediates.noindex/ClariFi\ iOS.build/Debug-iphonesimulator/ClariFi\ iOS.build/Objects-normal/x86_64/ClariFi_iOS.swiftmodule -validate-clang-modules-once -clang-build-session-file /Users/aero/Library/Developer/Xcode/DerivedData/ModuleCache.noindex/Session.modulevalidation -Xcc -I/Users/aero/Library/Developer/Xcode/DerivedData/ClariFi_iOS-gmrlhvqnuqrbwdaistjzehzlpfwz/Build/Intermediates.noindex/ClariFi\ iOS.build/Debug-iphonesimulator/ClariFi\ iOS.build/swift-overrides.hmap -emit-const-values -Xfrontend -const-gather-protocols-file -Xfrontend /Users/aero/Library/Developer/Xcode/DerivedData/ClariFi_iOS-gmrlhvqnuqrbwdaistjzehzlpfwz/Build/Intermediates.noindex/ClariFi\ iOS.build/Debug-iphonesimulator/ClariFi\ iOS.build/Objects-normal/x86_64/ClariFi\ iOS_const_extract_protocols.json -Xcc -iquote -Xcc /Users/aero/Library/Developer/Xcode/DerivedData/ClariFi_iOS-gmrlhvqnuqrbwdaistjzehzlpfwz/Build/Intermediates.noindex/ClariFi\ iOS.build/Debug-iphonesimulator/ClariFi\ iOS.build/ClariFi\ iOS-generated-files.hmap -Xcc -I/Users/aero/Library/Developer/Xcode/DerivedData/ClariFi_iOS-gmrlhvqnuqrbwdaistjzehzlpfwz/Build/Intermediates.noindex/ClariFi\ iOS.build/Debug-iphonesimulator/ClariFi\ iOS.build/ClariFi\ iOS-own-target-headers.hmap -Xcc -I/Users/aero/Library/Developer/Xcode/DerivedData/ClariFi_iOS-gmrlhvqnuqrbwdaistjzehzlpfwz/Build/Intermediates.noindex/ClariFi\ iOS.build/Debug-iphonesimulator/ClariFi\ iOS.build/ClariFi\ iOS-all-non-framework-target-headers.hmap -Xcc -ivfsoverlay -Xcc /Users/aero/Library/Developer/Xcode/DerivedData/ClariFi_iOS-gmrlhvqnuqrbwdaistjzehzlpfwz/Build/Intermediates.noindex/ClariFi\ iOS.build/Debug-iphonesimulator/ClariFi\ iOS-73d971fc02cd0c099b48ec6e4c7f6243-VFS-iphonesimulator/all-product-headers.yaml -Xcc -iquote -Xcc /Users/aero/Library/Developer/Xcode/DerivedData/ClariFi_iOS-gmrlhvqnuqrbwdaistjzehzlpfwz/Build/Intermediates.noindex/ClariFi\ iOS.build/Debug-iphonesimulator/ClariFi\ iOS.build/ClariFi\ iOS-project-headers.hmap -Xcc -I/Users/aero/Library/Developer/Xcode/DerivedData/ClariFi_iOS-gmrlhvqnuqrbwdaistjzehzlpfwz/Build/Products/Debug-iphonesimulator/include -Xcc -I/Users/aero/Library/Developer/Xcode/DerivedData/ClariFi_iOS-gmrlhvqnuqrbwdaistjzehzlpfwz/Build/Intermediates.noindex/ClariFi\ iOS.build/Debug-iphonesimulator/ClariFi\ iOS.build/DerivedSources-normal/x86_64 -Xcc -I/Users/aero/Library/Developer/Xcode/DerivedData/ClariFi_iOS-gmrlhvqnuqrbwdaistjzehzlpfwz/Build/Intermediates.noindex/ClariFi\ iOS.build/Debug-iphonesimulator/ClariFi\ iOS.build/DerivedSources/x86_64 -Xcc -I/Users/aero/Library/Developer/Xcode/DerivedData/ClariFi_iOS-gmrlhvqnuqrbwdaistjzehzlpfwz/Build/Intermediates.noindex/ClariFi\ iOS.build/Debug-iphonesimulator/ClariFi\ iOS.build/DerivedSources -Xcc -DDEBUG\=1 -emit-objc-header -emit-objc-header-path /Users/aero/Library/Developer/Xcode/DerivedData/ClariFi_iOS-gmrlhvqnuqrbwdaistjzehzlpfwz/Build/Intermediates.noindex/ClariFi\ iOS.build/Debug-iphonesimulator/ClariFi\ iOS.build/Objects-normal/x86_64/ClariFi_iOS-Swift.h -working-directory /Users/mayenikhalo/Public/From\ aEroPartition/Dev/ClariFi\ iOS -experimental-emit-module-separately -disable-cmo

SwiftDriver\ Compilation\ Requirements ClariFi\ iOS normal arm64 com.apple.xcode.tools.swift.compiler (in target 'ClariFi iOS' from project 'ClariFi iOS')
    cd /Users/mayenikhalo/Public/From\ aEroPartition/Dev/ClariFi\ iOS
    builtin-Swift-Compilation-Requirements -- /Applications/Xcode.app/Contents/Developer/Toolchains/XcodeDefault.xctoolchain/usr/bin/swiftc -module-name ClariFi_iOS -Onone -enforce-exclusivity\=checked @/Users/aero/Library/Developer/Xcode/DerivedData/ClariFi_iOS-gmrlhvqnuqrbwdaistjzehzlpfwz/Build/Intermediates.noindex/ClariFi\ iOS.build/Debug-iphonesimulator/ClariFi\ iOS.build/Objects-normal/arm64/ClariFi\ iOS.SwiftFileList -DDEBUG -enable-bare-slash-regex -enable-experimental-feature DebugDescriptionMacro -sdk /Applications/Xcode.app/Contents/Developer/Platforms/iPhoneSimulator.platform/Developer/SDKs/iPhoneSimulator26.0.sdk -target arm64-apple-ios18.5-simulator -g -module-cache-path /Users/aero/Library/Developer/Xcode/DerivedData/ModuleCache.noindex -Xfrontend -serialize-debugging-options -profile-coverage-mapping -profile-generate -enable-testing -index-store-path /Users/aero/Library/Developer/Xcode/DerivedData/ClariFi_iOS-gmrlhvqnuqrbwdaistjzehzlpfwz/Index.noindex/DataStore -Xcc -D_LIBCPP_HARDENING_MODE\=_LIBCPP_HARDENING_MODE_DEBUG -swift-version 5 -I /Users/aero/Library/Developer/Xcode/DerivedData/ClariFi_iOS-gmrlhvqnuqrbwdaistjzehzlpfwz/Build/Products/Debug-iphonesimulator -F /Users/aero/Library/Developer/Xcode/DerivedData/ClariFi_iOS-gmrlhvqnuqrbwdaistjzehzlpfwz/Build/Products/Debug-iphonesimulator/PackageFrameworks -F /Users/aero/Library/Developer/Xcode/DerivedData/ClariFi_iOS-gmrlhvqnuqrbwdaistjzehzlpfwz/Build/Products/Debug-iphonesimulator/PackageFrameworks -F /Users/aero/Library/Developer/Xcode/DerivedData/ClariFi_iOS-gmrlhvqnuqrbwdaistjzehzlpfwz/Build/Products/Debug-iphonesimulator/PackageFrameworks -F /Users/aero/Library/Developer/Xcode/DerivedData/ClariFi_iOS-gmrlhvqnuqrbwdaistjzehzlpfwz/Build/Products/Debug-iphonesimulator/PackageFrameworks -F /Users/aero/Library/Developer/Xcode/DerivedData/ClariFi_iOS-gmrlhvqnuqrbwdaistjzehzlpfwz/Build/Products/Debug-iphonesimulator/PackageFrameworks -F /Users/aero/Library/Developer/Xcode/DerivedData/ClariFi_iOS-gmrlhvqnuqrbwdaistjzehzlpfwz/Build/Products/Debug-iphonesimulator/PackageFrameworks -F /Users/aero/Library/Developer/Xcode/DerivedData/ClariFi_iOS-gmrlhvqnuqrbwdaistjzehzlpfwz/Build/Products/Debug-iphonesimulator/PackageFrameworks -F /Users/aero/Library/Developer/Xcode/DerivedData/ClariFi_iOS-gmrlhvqnuqrbwdaistjzehzlpfwz/Build/Products/Debug-iphonesimulator/PackageFrameworks -F /Users/aero/Library/Developer/Xcode/DerivedData/ClariFi_iOS-gmrlhvqnuqrbwdaistjzehzlpfwz/Build/Products/Debug-iphonesimulator/PackageFrameworks -F /Users/aero/Library/Developer/Xcode/DerivedData/ClariFi_iOS-gmrlhvqnuqrbwdaistjzehzlpfwz/Build/Products/Debug-iphonesimulator/PackageFrameworks -F /Users/aero/Library/Developer/Xcode/DerivedData/ClariFi_iOS-gmrlhvqnuqrbwdaistjzehzlpfwz/Build/Products/Debug-iphonesimulator/PackageFrameworks -F /Users/aero/Library/Developer/Xcode/DerivedData/ClariFi_iOS-gmrlhvqnuqrbwdaistjzehzlpfwz/Build/Products/Debug-iphonesimulator/PackageFrameworks -F /Users/aero/Library/Developer/Xcode/DerivedData/ClariFi_iOS-gmrlhvqnuqrbwdaistjzehzlpfwz/Build/Products/Debug-iphonesimulator/PackageFrameworks -F /Users/aero/Library/Developer/Xcode/DerivedData/ClariFi_iOS-gmrlhvqnuqrbwdaistjzehzlpfwz/Build/Products/Debug-iphonesimulator/PackageFrameworks -F /Users/aero/Library/Developer/Xcode/DerivedData/ClariFi_iOS-gmrlhvqnuqrbwdaistjzehzlpfwz/Build/Products/Debug-iphonesimulator -emit-localized-strings -emit-localized-strings-path /Users/aero/Library/Developer/Xcode/DerivedData/ClariFi_iOS-gmrlhvqnuqrbwdaistjzehzlpfwz/Build/Intermediates.noindex/ClariFi\ iOS.build/Debug-iphonesimulator/ClariFi\ iOS.build/Objects-normal/arm64 -c -j8 -enable-batch-mode -incremental -Xcc -ivfsstatcache -Xcc /Users/aero/Library/Developer/Xcode/DerivedData/SDKStatCaches.noindex/iphonesimulator26.0-23A339-26257891a6c027eb51374368541b8346.sdkstatcache -output-file-map /Users/aero/Library/Developer/Xcode/DerivedData/ClariFi_iOS-gmrlhvqnuqrbwdaistjzehzlpfwz/Build/Intermediates.noindex/ClariFi\ iOS.build/Debug-iphonesimulator/ClariFi\ iOS.build/Objects-normal/arm64/ClariFi\ iOS-OutputFileMap.json -use-frontend-parseable-output -save-temps -no-color-diagnostics -explicit-module-build -module-cache-path /Users/aero/Library/Developer/Xcode/DerivedData/ClariFi_iOS-gmrlhvqnuqrbwdaistjzehzlpfwz/Build/Intermediates.noindex/SwiftExplicitPrecompiledModules -clang-scanner-module-cache-path /Users/aero/Library/Developer/Xcode/DerivedData/ModuleCache.noindex -sdk-module-cache-path /Users/aero/Library/Developer/Xcode/DerivedData/ModuleCache.noindex -serialize-diagnostics -emit-dependencies -emit-module -emit-module-path /Users/aero/Library/Developer/Xcode/DerivedData/ClariFi_iOS-gmrlhvqnuqrbwdaistjzehzlpfwz/Build/Intermediates.noindex/ClariFi\ iOS.build/Debug-iphonesimulator/ClariFi\ iOS.build/Objects-normal/arm64/ClariFi_iOS.swiftmodule -validate-clang-modules-once -clang-build-session-file /Users/aero/Library/Developer/Xcode/DerivedData/ModuleCache.noindex/Session.modulevalidation -Xcc -I/Users/aero/Library/Developer/Xcode/DerivedData/ClariFi_iOS-gmrlhvqnuqrbwdaistjzehzlpfwz/Build/Intermediates.noindex/ClariFi\ iOS.build/Debug-iphonesimulator/ClariFi\ iOS.build/swift-overrides.hmap -emit-const-values -Xfrontend -const-gather-protocols-file -Xfrontend /Users/aero/Library/Developer/Xcode/DerivedData/ClariFi_iOS-gmrlhvqnuqrbwdaistjzehzlpfwz/Build/Intermediates.noindex/ClariFi\ iOS.build/Debug-iphonesimulator/ClariFi\ iOS.build/Objects-normal/arm64/ClariFi\ iOS_const_extract_protocols.json -Xcc -iquote -Xcc /Users/aero/Library/Developer/Xcode/DerivedData/ClariFi_iOS-gmrlhvqnuqrbwdaistjzehzlpfwz/Build/Intermediates.noindex/ClariFi\ iOS.build/Debug-iphonesimulator/ClariFi\ iOS.build/ClariFi\ iOS-generated-files.hmap -Xcc -I/Users/aero/Library/Developer/Xcode/DerivedData/ClariFi_iOS-gmrlhvqnuqrbwdaistjzehzlpfwz/Build/Intermediates.noindex/ClariFi\ iOS.build/Debug-iphonesimulator/ClariFi\ iOS.build/ClariFi\ iOS-own-target-headers.hmap -Xcc -I/Users/aero/Library/Developer/Xcode/DerivedData/ClariFi_iOS-gmrlhvqnuqrbwdaistjzehzlpfwz/Build/Intermediates.noindex/ClariFi\ iOS.build/Debug-iphonesimulator/ClariFi\ iOS.build/ClariFi\ iOS-all-non-framework-target-headers.hmap -Xcc -ivfsoverlay -Xcc /Users/aero/Library/Developer/Xcode/DerivedData/ClariFi_iOS-gmrlhvqnuqrbwdaistjzehzlpfwz/Build/Intermediates.noindex/ClariFi\ iOS.build/Debug-iphonesimulator/ClariFi\ iOS-73d971fc02cd0c099b48ec6e4c7f6243-VFS-iphonesimulator/all-product-headers.yaml -Xcc -iquote -Xcc /Users/aero/Library/Developer/Xcode/DerivedData/ClariFi_iOS-gmrlhvqnuqrbwdaistjzehzlpfwz/Build/Intermediates.noindex/ClariFi\ iOS.build/Debug-iphonesimulator/ClariFi\ iOS.build/ClariFi\ iOS-project-headers.hmap -Xcc -I/Users/aero/Library/Developer/Xcode/DerivedData/ClariFi_iOS-gmrlhvqnuqrbwdaistjzehzlpfwz/Build/Products/Debug-iphonesimulator/include -Xcc -I/Users/aero/Library/Developer/Xcode/DerivedData/ClariFi_iOS-gmrlhvqnuqrbwdaistjzehzlpfwz/Build/Intermediates.noindex/ClariFi\ iOS.build/Debug-iphonesimulator/ClariFi\ iOS.build/DerivedSources-normal/arm64 -Xcc -I/Users/aero/Library/Developer/Xcode/DerivedData/ClariFi_iOS-gmrlhvqnuqrbwdaistjzehzlpfwz/Build/Intermediates.noindex/ClariFi\ iOS.build/Debug-iphonesimulator/ClariFi\ iOS.build/DerivedSources/arm64 -Xcc -I/Users/aero/Library/Developer/Xcode/DerivedData/ClariFi_iOS-gmrlhvqnuqrbwdaistjzehzlpfwz/Build/Intermediates.noindex/ClariFi\ iOS.build/Debug-iphonesimulator/ClariFi\ iOS.build/DerivedSources -Xcc -DDEBUG\=1 -emit-objc-header -emit-objc-header-path /Users/aero/Library/Developer/Xcode/DerivedData/ClariFi_iOS-gmrlhvqnuqrbwdaistjzehzlpfwz/Build/Intermediates.noindex/ClariFi\ iOS.build/Debug-iphonesimulator/ClariFi\ iOS.build/Objects-normal/arm64/ClariFi_iOS-Swift.h -working-directory /Users/mayenikhalo/Public/From\ aEroPartition/Dev/ClariFi\ iOS -experimental-emit-module-separately -disable-cmo

Copy /Users/aero/Library/Developer/Xcode/DerivedData/ClariFi_iOS-gmrlhvqnuqrbwdaistjzehzlpfwz/Build/Products/Debug-iphonesimulator/ClariFi_iOS.swiftmodule/x86_64-apple-ios-simulator.swiftmodule /Users/aero/Library/Developer/Xcode/DerivedData/ClariFi_iOS-gmrlhvqnuqrbwdaistjzehzlpfwz/Build/Intermediates.noindex/ClariFi\ iOS.build/Debug-iphonesimulator/ClariFi\ iOS.build/Objects-normal/x86_64/ClariFi_iOS.swiftmodule (in target 'ClariFi iOS' from project 'ClariFi iOS')
    cd /Users/mayenikhalo/Public/From\ aEroPartition/Dev/ClariFi\ iOS
    builtin-copy -exclude .DS_Store -exclude CVS -exclude .svn -exclude .git -exclude .hg -resolve-src-symlinks -rename /Users/aero/Library/Developer/Xcode/DerivedData/ClariFi_iOS-gmrlhvqnuqrbwdaistjzehzlpfwz/Build/Intermediates.noindex/ClariFi\ iOS.build/Debug-iphonesimulator/ClariFi\ iOS.build/Objects-normal/x86_64/ClariFi_iOS.swiftmodule /Users/aero/Library/Developer/Xcode/DerivedData/ClariFi_iOS-gmrlhvqnuqrbwdaistjzehzlpfwz/Build/Products/Debug-iphonesimulator/ClariFi_iOS.swiftmodule/x86_64-apple-ios-simulator.swiftmodule

Copy /Users/aero/Library/Developer/Xcode/DerivedData/ClariFi_iOS-gmrlhvqnuqrbwdaistjzehzlpfwz/Build/Products/Debug-iphonesimulator/ClariFi_iOS.swiftmodule/x86_64-apple-ios-simulator.abi.json /Users/aero/Library/Developer/Xcode/DerivedData/ClariFi_iOS-gmrlhvqnuqrbwdaistjzehzlpfwz/Build/Intermediates.noindex/ClariFi\ iOS.build/Debug-iphonesimulator/ClariFi\ iOS.build/Objects-normal/x86_64/ClariFi_iOS.abi.json (in target 'ClariFi iOS' from project 'ClariFi iOS')
    cd /Users/mayenikhalo/Public/From\ aEroPartition/Dev/ClariFi\ iOS
    builtin-copy -exclude .DS_Store -exclude CVS -exclude .svn -exclude .git -exclude .hg -resolve-src-symlinks -rename /Users/aero/Library/Developer/Xcode/DerivedData/ClariFi_iOS-gmrlhvqnuqrbwdaistjzehzlpfwz/Build/Intermediates.noindex/ClariFi\ iOS.build/Debug-iphonesimulator/ClariFi\ iOS.build/Objects-normal/x86_64/ClariFi_iOS.abi.json /Users/aero/Library/Developer/Xcode/DerivedData/ClariFi_iOS-gmrlhvqnuqrbwdaistjzehzlpfwz/Build/Products/Debug-iphonesimulator/ClariFi_iOS.swiftmodule/x86_64-apple-ios-simulator.abi.json

Copy /Users/aero/Library/Developer/Xcode/DerivedData/ClariFi_iOS-gmrlhvqnuqrbwdaistjzehzlpfwz/Build/Products/Debug-iphonesimulator/ClariFi_iOS.swiftmodule/arm64-apple-ios-simulator.swiftmodule /Users/aero/Library/Developer/Xcode/DerivedData/ClariFi_iOS-gmrlhvqnuqrbwdaistjzehzlpfwz/Build/Intermediates.noindex/ClariFi\ iOS.build/Debug-iphonesimulator/ClariFi\ iOS.build/Objects-normal/arm64/ClariFi_iOS.swiftmodule (in target 'ClariFi iOS' from project 'ClariFi iOS')
    cd /Users/mayenikhalo/Public/From\ aEroPartition/Dev/ClariFi\ iOS
    builtin-copy -exclude .DS_Store -exclude CVS -exclude .svn -exclude .git -exclude .hg -resolve-src-symlinks -rename /Users/aero/Library/Developer/Xcode/DerivedData/ClariFi_iOS-gmrlhvqnuqrbwdaistjzehzlpfwz/Build/Intermediates.noindex/ClariFi\ iOS.build/Debug-iphonesimulator/ClariFi\ iOS.build/Objects-normal/arm64/ClariFi_iOS.swiftmodule /Users/aero/Library/Developer/Xcode/DerivedData/ClariFi_iOS-gmrlhvqnuqrbwdaistjzehzlpfwz/Build/Products/Debug-iphonesimulator/ClariFi_iOS.swiftmodule/arm64-apple-ios-simulator.swiftmodule

Copy /Users/aero/Library/Developer/Xcode/DerivedData/ClariFi_iOS-gmrlhvqnuqrbwdaistjzehzlpfwz/Build/Products/Debug-iphonesimulator/ClariFi_iOS.swiftmodule/arm64-apple-ios-simulator.abi.json /Users/aero/Library/Developer/Xcode/DerivedData/ClariFi_iOS-gmrlhvqnuqrbwdaistjzehzlpfwz/Build/Intermediates.noindex/ClariFi\ iOS.build/Debug-iphonesimulator/ClariFi\ iOS.build/Objects-normal/arm64/ClariFi_iOS.abi.json (in target 'ClariFi iOS' from project 'ClariFi iOS')
    cd /Users/mayenikhalo/Public/From\ aEroPartition/Dev/ClariFi\ iOS
    builtin-copy -exclude .DS_Store -exclude CVS -exclude .svn -exclude .git -exclude .hg -resolve-src-symlinks -rename /Users/aero/Library/Developer/Xcode/DerivedData/ClariFi_iOS-gmrlhvqnuqrbwdaistjzehzlpfwz/Build/Intermediates.noindex/ClariFi\ iOS.build/Debug-iphonesimulator/ClariFi\ iOS.build/Objects-normal/arm64/ClariFi_iOS.abi.json /Users/aero/Library/Developer/Xcode/DerivedData/ClariFi_iOS-gmrlhvqnuqrbwdaistjzehzlpfwz/Build/Products/Debug-iphonesimulator/ClariFi_iOS.swiftmodule/arm64-apple-ios-simulator.abi.json

Copy /Users/aero/Library/Developer/Xcode/DerivedData/ClariFi_iOS-gmrlhvqnuqrbwdaistjzehzlpfwz/Build/Products/Debug-iphonesimulator/ClariFi_iOS.swiftmodule/Project/x86_64-apple-ios-simulator.swiftsourceinfo /Users/aero/Library/Developer/Xcode/DerivedData/ClariFi_iOS-gmrlhvqnuqrbwdaistjzehzlpfwz/Build/Intermediates.noindex/ClariFi\ iOS.build/Debug-iphonesimulator/ClariFi\ iOS.build/Objects-normal/x86_64/ClariFi_iOS.swiftsourceinfo (in target 'ClariFi iOS' from project 'ClariFi iOS')
    cd /Users/mayenikhalo/Public/From\ aEroPartition/Dev/ClariFi\ iOS
    builtin-copy -exclude .DS_Store -exclude CVS -exclude .svn -exclude .git -exclude .hg -resolve-src-symlinks -rename /Users/aero/Library/Developer/Xcode/DerivedData/ClariFi_iOS-gmrlhvqnuqrbwdaistjzehzlpfwz/Build/Intermediates.noindex/ClariFi\ iOS.build/Debug-iphonesimulator/ClariFi\ iOS.build/Objects-normal/x86_64/ClariFi_iOS.swiftsourceinfo /Users/aero/Library/Developer/Xcode/DerivedData/ClariFi_iOS-gmrlhvqnuqrbwdaistjzehzlpfwz/Build/Products/Debug-iphonesimulator/ClariFi_iOS.swiftmodule/Project/x86_64-apple-ios-simulator.swiftsourceinfo

Copy /Users/aero/Library/Developer/Xcode/DerivedData/ClariFi_iOS-gmrlhvqnuqrbwdaistjzehzlpfwz/Build/Products/Debug-iphonesimulator/ClariFi_iOS.swiftmodule/Project/arm64-apple-ios-simulator.swiftsourceinfo /Users/aero/Library/Developer/Xcode/DerivedData/ClariFi_iOS-gmrlhvqnuqrbwdaistjzehzlpfwz/Build/Intermediates.noindex/ClariFi\ iOS.build/Debug-iphonesimulator/ClariFi\ iOS.build/Objects-normal/arm64/ClariFi_iOS.swiftsourceinfo (in target 'ClariFi iOS' from project 'ClariFi iOS')
    cd /Users/mayenikhalo/Public/From\ aEroPartition/Dev/ClariFi\ iOS
    builtin-copy -exclude .DS_Store -exclude CVS -exclude .svn -exclude .git -exclude .hg -resolve-src-symlinks -rename /Users/aero/Library/Developer/Xcode/DerivedData/ClariFi_iOS-gmrlhvqnuqrbwdaistjzehzlpfwz/Build/Intermediates.noindex/ClariFi\ iOS.build/Debug-iphonesimulator/ClariFi\ iOS.build/Objects-normal/arm64/ClariFi_iOS.swiftsourceinfo /Users/aero/Library/Developer/Xcode/DerivedData/ClariFi_iOS-gmrlhvqnuqrbwdaistjzehzlpfwz/Build/Products/Debug-iphonesimulator/ClariFi_iOS.swiftmodule/Project/arm64-apple-ios-simulator.swiftsourceinfo

SwiftCompile normal arm64 Compiling\ ScenarioPlanningService.swift,\ AccessibilityHelper.swift,\ AnalyticsViewModifier.swift,\ CategoryMigration.swift,\ ErrorHandler.swift /Users/mayenikhalo/Public/From\ aEroPartition/Dev/ClariFi\ iOS/ClariFi\ iOS/Services/ScenarioPlanningService.swift /Users/mayenikhalo/Public/From\ aEroPartition/Dev/ClariFi\ iOS/ClariFi\ iOS/Utilities/AccessibilityHelper.swift /Users/mayenikhalo/Public/From\ aEroPartition/Dev/ClariFi\ iOS/ClariFi\ iOS/Utilities/AnalyticsViewModifier.swift /Users/mayenikhalo/Public/From\ aEroPartition/Dev/ClariFi\ iOS/ClariFi\ iOS/Utilities/CategoryMigration.swift /Users/mayenikhalo/Public/From\ aEroPartition/Dev/ClariFi\ iOS/ClariFi\ iOS/Utilities/ErrorHandler.swift (in target 'ClariFi iOS' from project 'ClariFi iOS')

SwiftCompile normal arm64 /Users/mayenikhalo/Public/From\ aEroPartition/Dev/ClariFi\ iOS/ClariFi\ iOS/Services/ScenarioPlanningService.swift (in target 'ClariFi iOS' from project 'ClariFi iOS')
    cd /Users/mayenikhalo/Public/From\ aEroPartition/Dev/ClariFi\ iOS
    

SwiftCompile normal arm64 /Users/mayenikhalo/Public/From\ aEroPartition/Dev/ClariFi\ iOS/ClariFi\ iOS/Utilities/AccessibilityHelper.swift (in target 'ClariFi iOS' from project 'ClariFi iOS')
    cd /Users/mayenikhalo/Public/From\ aEroPartition/Dev/ClariFi\ iOS
    
/Users/mayenikhalo/Public/From aEroPartition/Dev/ClariFi iOS/ClariFi iOS/Utilities/AccessibilityHelper.swift:194:11: warning: 'catch' block is unreachable because no errors are thrown in 'do' block
        } catch {
          ^

SwiftCompile normal arm64 /Users/mayenikhalo/Public/From\ aEroPartition/Dev/ClariFi\ iOS/ClariFi\ iOS/Utilities/AnalyticsViewModifier.swift (in target 'ClariFi iOS' from project 'ClariFi iOS')
    cd /Users/mayenikhalo/Public/From\ aEroPartition/Dev/ClariFi\ iOS
    

SwiftCompile normal arm64 /Users/mayenikhalo/Public/From\ aEroPartition/Dev/ClariFi\ iOS/ClariFi\ iOS/Utilities/CategoryMigration.swift (in target 'ClariFi iOS' from project 'ClariFi iOS')
    cd /Users/mayenikhalo/Public/From\ aEroPartition/Dev/ClariFi\ iOS
    

SwiftCompile normal arm64 /Users/mayenikhalo/Public/From\ aEroPartition/Dev/ClariFi\ iOS/ClariFi\ iOS/Utilities/ErrorHandler.swift (in target 'ClariFi iOS' from project 'ClariFi iOS')
    cd /Users/mayenikhalo/Public/From\ aEroPartition/Dev/ClariFi\ iOS
    
/Users/mayenikhalo/Public/From aEroPartition/Dev/ClariFi iOS/ClariFi iOS/Utilities/ErrorHandler.swift:82:35: warning: no calls to throwing functions occur within 'try' expression
        if let analyticsService = try? AppDIContainer().resolve(AnalyticsServiceProtocol.self) {
                                  ^

SwiftCompile normal arm64 Compiling\ PremiumInsightsView.swift,\ PrivacyDashboardView.swift,\ RecurringTransactionSetupView.swift,\ RecurringTransactionsListView.swift,\ ScenarioPlanningView.swift /Users/mayenikhalo/Public/From\ aEroPartition/Dev/ClariFi\ iOS/ClariFi\ iOS/Views/PremiumInsightsView.swift /Users/mayenikhalo/Public/From\ aEroPartition/Dev/ClariFi\ iOS/ClariFi\ iOS/Views/PrivacyDashboardView.swift /Users/mayenikhalo/Public/From\ aEroPartition/Dev/ClariFi\ iOS/ClariFi\ iOS/Views/RecurringTransactionSetupView.swift /Users/mayenikhalo/Public/From\ aEroPartition/Dev/ClariFi\ iOS/ClariFi\ iOS/Views/RecurringTransactionsListView.swift /Users/mayenikhalo/Public/From\ aEroPartition/Dev/ClariFi\ iOS/ClariFi\ iOS/Views/ScenarioPlanningView.swift (in target 'ClariFi iOS' from project 'ClariFi iOS')

SwiftCompile normal arm64 /Users/mayenikhalo/Public/From\ aEroPartition/Dev/ClariFi\ iOS/ClariFi\ iOS/Views/PremiumInsightsView.swift (in target 'ClariFi iOS' from project 'ClariFi iOS')
    cd /Users/mayenikhalo/Public/From\ aEroPartition/Dev/ClariFi\ iOS
    

SwiftCompile normal arm64 /Users/mayenikhalo/Public/From\ aEroPartition/Dev/ClariFi\ iOS/ClariFi\ iOS/Views/PrivacyDashboardView.swift (in target 'ClariFi iOS' from project 'ClariFi iOS')
    cd /Users/mayenikhalo/Public/From\ aEroPartition/Dev/ClariFi\ iOS
    

SwiftCompile normal arm64 /Users/mayenikhalo/Public/From\ aEroPartition/Dev/ClariFi\ iOS/ClariFi\ iOS/Views/RecurringTransactionSetupView.swift (in target 'ClariFi iOS' from project 'ClariFi iOS')
    cd /Users/mayenikhalo/Public/From\ aEroPartition/Dev/ClariFi\ iOS
    

SwiftCompile normal arm64 /Users/mayenikhalo/Public/From\ aEroPartition/Dev/ClariFi\ iOS/ClariFi\ iOS/Views/RecurringTransactionsListView.swift (in target 'ClariFi iOS' from project 'ClariFi iOS')
    cd /Users/mayenikhalo/Public/From\ aEroPartition/Dev/ClariFi\ iOS
    

SwiftCompile normal arm64 /Users/mayenikhalo/Public/From\ aEroPartition/Dev/ClariFi\ iOS/ClariFi\ iOS/Views/ScenarioPlanningView.swift (in target 'ClariFi iOS' from project 'ClariFi iOS')
    cd /Users/mayenikhalo/Public/From\ aEroPartition/Dev/ClariFi\ iOS
    

SwiftDriverJobDiscovery normal x86_64 Compiling PerformanceBenchmarks.swift, SupabaseConfiguration.swift, AppDIContainer.swift, AppDIContainer+Registration.swift, DIContainer.swift, DIContainer+Environment.swift, ColorSystem.swift, Decimal+Currency.swift, Typography.swift, View+ErrorAlert.swift, View+ErrorAlert+Example.swift, AccountSetupData.swift, AppError.swift, Budget+Extensions.swift, CategoryDefinition.swift, CategoryMappingError.swift, CoreDataValidation.swift, Currency.swift, FormatterCache.swift, OnboardingError.swift, Transaction+Currency.swift (in target 'ClariFi iOS' from project 'ClariFi iOS')

SwiftCompile normal arm64 Compiling\ OnboardingAnalytics.swift,\ SafeSymbols.swift,\ CategorizationRulesView.swift,\ CurrencySettingsView.swift,\ ErrorView.swift /Users/mayenikhalo/Public/From\ aEroPartition/Dev/ClariFi\ iOS/ClariFi\ iOS/Utilities/OnboardingAnalytics.swift /Users/mayenikhalo/Public/From\ aEroPartition/Dev/ClariFi\ iOS/ClariFi\ iOS/Utilities/SafeSymbols.swift /Users/mayenikhalo/Public/From\ aEroPartition/Dev/ClariFi\ iOS/ClariFi\ iOS/Views/CategorizationRulesView.swift /Users/mayenikhalo/Public/From\ aEroPartition/Dev/ClariFi\ iOS/ClariFi\ iOS/Views/CurrencySettingsView.swift /Users/mayenikhalo/Public/From\ aEroPartition/Dev/ClariFi\ iOS/ClariFi\ iOS/Views/ErrorView.swift (in target 'ClariFi iOS' from project 'ClariFi iOS')

SwiftCompile normal arm64 /Users/mayenikhalo/Public/From\ aEroPartition/Dev/ClariFi\ iOS/ClariFi\ iOS/Utilities/OnboardingAnalytics.swift (in target 'ClariFi iOS' from project 'ClariFi iOS')
    cd /Users/mayenikhalo/Public/From\ aEroPartition/Dev/ClariFi\ iOS
    

SwiftCompile normal arm64 /Users/mayenikhalo/Public/From\ aEroPartition/Dev/ClariFi\ iOS/ClariFi\ iOS/Utilities/SafeSymbols.swift (in target 'ClariFi iOS' from project 'ClariFi iOS')
    cd /Users/mayenikhalo/Public/From\ aEroPartition/Dev/ClariFi\ iOS
    

SwiftCompile normal arm64 /Users/mayenikhalo/Public/From\ aEroPartition/Dev/ClariFi\ iOS/ClariFi\ iOS/Views/CategorizationRulesView.swift (in target 'ClariFi iOS' from project 'ClariFi iOS')
    cd /Users/mayenikhalo/Public/From\ aEroPartition/Dev/ClariFi\ iOS
    

SwiftCompile normal arm64 /Users/mayenikhalo/Public/From\ aEroPartition/Dev/ClariFi\ iOS/ClariFi\ iOS/Views/CurrencySettingsView.swift (in target 'ClariFi iOS' from project 'ClariFi iOS')
    cd /Users/mayenikhalo/Public/From\ aEroPartition/Dev/ClariFi\ iOS
    

SwiftCompile normal arm64 /Users/mayenikhalo/Public/From\ aEroPartition/Dev/ClariFi\ iOS/ClariFi\ iOS/Views/ErrorView.swift (in target 'ClariFi iOS' from project 'ClariFi iOS')
    cd /Users/mayenikhalo/Public/From\ aEroPartition/Dev/ClariFi\ iOS
    

SwiftDriverJobDiscovery normal x86_64 Compiling Transaction+Extensions.swift, TransactionEditData.swift, BaseViewModel.swift, BackgroundContextProvider.swift, CoreDataRepositories.swift, CoreDataRepositories+Background.swift, RepositoryFactory.swift, RepositoryProtocols.swift, AuthenticationService.swift, AuthenticationServiceProtocol.swift, SessionManager.swift, AppleFoundationModelManager.swift, AppleLLMCategorizationService.swift, LLMCache.swift, LLMCategorizationServiceProtocol.swift, AnalyticsService.swift, BiometricAuthService.swift, BudgetMonitoringService.swift, BudgetTemplateService.swift, CashflowForecastingService.swift, CategoryMappingService.swift (in target 'ClariFi iOS' from project 'ClariFi iOS')

SwiftCompile normal x86_64 Compiling\ AccountSetupView.swift,\ ActivityView.swift,\ AnalyticsSettingsView.swift,\ BatchCategorizationView.swift,\ BiometricSettingsView.swift,\ BudgetCreationView.swift,\ BudgetView.swift,\ CashflowForecastView.swift,\ CategorizationRulesView.swift,\ CurrencySettingsView.swift,\ ErrorView.swift,\ HelpSupportView.swift,\ HelpView.swift,\ HomeView.swift,\ InsightDetailView.swift,\ InsightsView.swift,\ LiquidGlassCard.swift,\ MainTabView.swift,\ OnboardingView.swift,\ PaywallView.swift /Users/mayenikhalo/Public/From\ aEroPartition/Dev/ClariFi\ iOS/ClariFi\ iOS/Views/AccountSetupView.swift /Users/mayenikhalo/Public/From\ aEroPartition/Dev/ClariFi\ iOS/ClariFi\ iOS/Views/ActivityView.swift /Users/mayenikhalo/Public/From\ aEroPartition/Dev/ClariFi\ iOS/ClariFi\ iOS/Views/AnalyticsSettingsView.swift /Users/mayenikhalo/Public/From\ aEroPartition/Dev/ClariFi\ iOS/ClariFi\ iOS/Views/BatchCategorizationView.swift /Users/mayenikhalo/Public/From\ aEroPartition/Dev/ClariFi\ iOS/ClariFi\ iOS/Views/BiometricSettingsView.swift /Users/mayenikhalo/Public/From\ aEroPartition/Dev/ClariFi\ iOS/ClariFi\ iOS/Views/BudgetCreationView.swift /Users/mayenikhalo/Public/From\ aEroPartition/Dev/ClariFi\ iOS/ClariFi\ iOS/Views/BudgetView.swift /Users/mayenikhalo/Public/From\ aEroPartition/Dev/ClariFi\ iOS/ClariFi\ iOS/Views/CashflowForecastView.swift /Users/mayenikhalo/Public/From\ aEroPartition/Dev/ClariFi\ iOS/ClariFi\ iOS/Views/CategorizationRulesView.swift /Users/mayenikhalo/Public/From\ aEroPartition/Dev/ClariFi\ iOS/ClariFi\ iOS/Views/CurrencySettingsView.swift /Users/mayenikhalo/Public/From\ aEroPartition/Dev/ClariFi\ iOS/ClariFi\ iOS/Views/ErrorView.swift /Users/mayenikhalo/Public/From\ aEroPartition/Dev/ClariFi\ iOS/ClariFi\ iOS/Views/HelpSupportView.swift /Users/mayenikhalo/Public/From\ aEroPartition/Dev/ClariFi\ iOS/ClariFi\ iOS/Views/HelpView.swift /Users/mayenikhalo/Public/From\ aEroPartition/Dev/ClariFi\ iOS/ClariFi\ iOS/Views/HomeView.swift /Users/mayenikhalo/Public/From\ aEroPartition/Dev/ClariFi\ iOS/ClariFi\ iOS/Views/InsightDetailView.swift /Users/mayenikhalo/Public/From\ aEroPartition/Dev/ClariFi\ iOS/ClariFi\ iOS/Views/InsightsView.swift /Users/mayenikhalo/Public/From\ aEroPartition/Dev/ClariFi\ iOS/ClariFi\ iOS/Views/LiquidGlassCard.swift /Users/mayenikhalo/Public/From\ aEroPartition/Dev/ClariFi\ iOS/ClariFi\ iOS/Views/MainTabView.swift /Users/mayenikhalo/Public/From\ aEroPartition/Dev/ClariFi\ iOS/ClariFi\ iOS/Views/OnboardingView.swift /Users/mayenikhalo/Public/From\ aEroPartition/Dev/ClariFi\ iOS/ClariFi\ iOS/Views/PaywallView.swift (in target 'ClariFi iOS' from project 'ClariFi iOS')
SwiftCompile normal x86_64 /Users/mayenikhalo/Public/From\ aEroPartition/Dev/ClariFi\ iOS/ClariFi\ iOS/Views/AccountSetupView.swift (in target 'ClariFi iOS' from project 'ClariFi iOS')
    cd /Users/mayenikhalo/Public/From\ aEroPartition/Dev/ClariFi\ iOS
    

SwiftCompile normal x86_64 /Users/mayenikhalo/Public/From\ aEroPartition/Dev/ClariFi\ iOS/ClariFi\ iOS/Views/ActivityView.swift (in target 'ClariFi iOS' from project 'ClariFi iOS')
    cd /Users/mayenikhalo/Public/From\ aEroPartition/Dev/ClariFi\ iOS
    
/Users/mayenikhalo/Public/From aEroPartition/Dev/ClariFi iOS/ClariFi iOS/Views/ActivityView.swift:58:90: warning: use of protocol 'TransactionRepository' as a type must be written 'any TransactionRepository'; this will be an error in a future Swift language mode
        guard let transactionRepo: any TransactionRepository = container.resolveOptional(TransactionRepository.self),
                                                                                         ^~~~~~~~~~~~~~~~~~~~~
                                                                                         (any TransactionRepository)
/Users/mayenikhalo/Public/From aEroPartition/Dev/ClariFi iOS/ClariFi iOS/Views/ActivityView.swift:59:80: warning: use of protocol 'BudgetRepository' as a type must be written 'any BudgetRepository'; this will be an error in a future Swift language mode
              let budgetRepo: any BudgetRepository = container.resolveOptional(BudgetRepository.self),
                                                                               ^~~~~~~~~~~~~~~~
                                                                               (any BudgetRepository)

SwiftCompile normal x86_64 /Users/mayenikhalo/Public/From\ aEroPartition/Dev/ClariFi\ iOS/ClariFi\ iOS/Views/AnalyticsSettingsView.swift (in target 'ClariFi iOS' from project 'ClariFi iOS')
    cd /Users/mayenikhalo/Public/From\ aEroPartition/Dev/ClariFi\ iOS
    
/Users/mayenikhalo/Public/From aEroPartition/Dev/ClariFi iOS/ClariFi iOS/Views/AnalyticsSettingsView.swift:54:18: warning: 'onChange(of:perform:)' was deprecated in iOS 17.0: Use `onChange` with a two or zero parameter action closure instead.
                .onChange(of: analyticsEnabled) { newValue in
                 ^

SwiftCompile normal x86_64 /Users/mayenikhalo/Public/From\ aEroPartition/Dev/ClariFi\ iOS/ClariFi\ iOS/Views/BatchCategorizationView.swift (in target 'ClariFi iOS' from project 'ClariFi iOS')
    cd /Users/mayenikhalo/Public/From\ aEroPartition/Dev/ClariFi\ iOS
    

SwiftCompile normal x86_64 /Users/mayenikhalo/Public/From\ aEroPartition/Dev/ClariFi\ iOS/ClariFi\ iOS/Views/BiometricSettingsView.swift (in target 'ClariFi iOS' from project 'ClariFi iOS')
    cd /Users/mayenikhalo/Public/From\ aEroPartition/Dev/ClariFi\ iOS
    

SwiftCompile normal x86_64 /Users/mayenikhalo/Public/From\ aEroPartition/Dev/ClariFi\ iOS/ClariFi\ iOS/Views/BudgetCreationView.swift (in target 'ClariFi iOS' from project 'ClariFi iOS')
    cd /Users/mayenikhalo/Public/From\ aEroPartition/Dev/ClariFi\ iOS
    
/Users/mayenikhalo/Public/From aEroPartition/Dev/ClariFi iOS/ClariFi iOS/Views/BudgetCreationView.swift:250:22: warning: 'onChange(of:perform:)' was deprecated in iOS 17.0: Use `onChange` with a two or zero parameter action closure instead.
                    .onChange(of: nameText) { newValue in
                     ^
/Users/mayenikhalo/Public/From aEroPartition/Dev/ClariFi iOS/ClariFi iOS/Views/BudgetCreationView.swift:264:22: warning: 'onChange(of:perform:)' was deprecated in iOS 17.0: Use `onChange` with a two or zero parameter action closure instead.
                    .onChange(of: amountText) { newValue in
                     ^

SwiftCompile normal x86_64 /Users/mayenikhalo/Public/From\ aEroPartition/Dev/ClariFi\ iOS/ClariFi\ iOS/Views/BudgetView.swift (in target 'ClariFi iOS' from project 'ClariFi iOS')
    cd /Users/mayenikhalo/Public/From\ aEroPartition/Dev/ClariFi\ iOS
    

SwiftCompile normal x86_64 /Users/mayenikhalo/Public/From\ aEroPartition/Dev/ClariFi\ iOS/ClariFi\ iOS/Views/CashflowForecastView.swift (in target 'ClariFi iOS' from project 'ClariFi iOS')
    cd /Users/mayenikhalo/Public/From\ aEroPartition/Dev/ClariFi\ iOS
    

SwiftCompile normal x86_64 /Users/mayenikhalo/Public/From\ aEroPartition/Dev/ClariFi\ iOS/ClariFi\ iOS/Views/CategorizationRulesView.swift (in target 'ClariFi iOS' from project 'ClariFi iOS')
    cd /Users/mayenikhalo/Public/From\ aEroPartition/Dev/ClariFi\ iOS
    

SwiftCompile normal x86_64 /Users/mayenikhalo/Public/From\ aEroPartition/Dev/ClariFi\ iOS/ClariFi\ iOS/Views/CurrencySettingsView.swift (in target 'ClariFi iOS' from project 'ClariFi iOS')
    cd /Users/mayenikhalo/Public/From\ aEroPartition/Dev/ClariFi\ iOS
    

SwiftCompile normal x86_64 /Users/mayenikhalo/Public/From\ aEroPartition/Dev/ClariFi\ iOS/ClariFi\ iOS/Views/ErrorView.swift (in target 'ClariFi iOS' from project 'ClariFi iOS')
    cd /Users/mayenikhalo/Public/From\ aEroPartition/Dev/ClariFi\ iOS
    

SwiftCompile normal x86_64 /Users/mayenikhalo/Public/From\ aEroPartition/Dev/ClariFi\ iOS/ClariFi\ iOS/Views/HelpSupportView.swift (in target 'ClariFi iOS' from project 'ClariFi iOS')
    cd /Users/mayenikhalo/Public/From\ aEroPartition/Dev/ClariFi\ iOS
    

SwiftCompile normal x86_64 /Users/mayenikhalo/Public/From\ aEroPartition/Dev/ClariFi\ iOS/ClariFi\ iOS/Views/HelpView.swift (in target 'ClariFi iOS' from project 'ClariFi iOS')
    cd /Users/mayenikhalo/Public/From\ aEroPartition/Dev/ClariFi\ iOS
    

SwiftCompile normal x86_64 /Users/mayenikhalo/Public/From\ aEroPartition/Dev/ClariFi\ iOS/ClariFi\ iOS/Views/HomeView.swift (in target 'ClariFi iOS' from project 'ClariFi iOS')
    cd /Users/mayenikhalo/Public/From\ aEroPartition/Dev/ClariFi\ iOS
    
/Users/mayenikhalo/Public/From aEroPartition/Dev/ClariFi iOS/ClariFi iOS/Views/HomeView.swift:461:60: warning: conformance of 'NSManagedObject' to 'Sendable' is unavailable in iOS; this is an error in the Swift 6 language mode
                let transactionsSnapshot = await MainActor.run {
                                                           ^
note: conformance of 'NSManagedObject' to 'Sendable' has been explicitly marked unavailable here
@_nonSendable
^
/Users/mayenikhalo/Public/From aEroPartition/Dev/ClariFi iOS/ClariFi iOS/Views/HomeView.swift:466:30: warning: no 'async' operations occur within 'await' expression
                let result = await performCalculation(transactions: transactionsSnapshot)
                             ^
/Users/mayenikhalo/Public/From aEroPartition/Dev/ClariFi iOS/ClariFi iOS/Views/HomeView.swift:548:90: warning: use of protocol 'TransactionRepository' as a type must be written 'any TransactionRepository'; this will be an error in a future Swift language mode
        guard let transactionRepo: any TransactionRepository = container.resolveOptional(TransactionRepository.self),
                                                                                         ^~~~~~~~~~~~~~~~~~~~~
                                                                                         (any TransactionRepository)
/Users/mayenikhalo/Public/From aEroPartition/Dev/ClariFi iOS/ClariFi iOS/Views/HomeView.swift:549:82: warning: use of protocol 'AccountRepository' as a type must be written 'any AccountRepository'; this will be an error in a future Swift language mode
              let accountRepo: any AccountRepository = container.resolveOptional(AccountRepository.self),
                                                                                 ^~~~~~~~~~~~~~~~~
                                                                                 (any AccountRepository)
/Users/mayenikhalo/Public/From aEroPartition/Dev/ClariFi iOS/ClariFi iOS/Views/HomeView.swift:550:86: warning: use of protocol 'StatementRepository' as a type must be written 'any StatementRepository'; this will be an error in a future Swift language mode
              let statementRepo: any StatementRepository = container.resolveOptional(StatementRepository.self),
                                                                                     ^~~~~~~~~~~~~~~~~~~
                                                                                     (any StatementRepository)
/Users/mayenikhalo/Public/From aEroPartition/Dev/ClariFi iOS/ClariFi iOS/Views/HomeView.swift:588:90: warning: use of protocol 'TransactionRepository' as a type must be written 'any TransactionRepository'; this will be an error in a future Swift language mode
        guard let transactionRepo: any TransactionRepository = container.resolveOptional(TransactionRepository.self),
                                                                                         ^~~~~~~~~~~~~~~~~~~~~
                                                                                         (any TransactionRepository)
/Users/mayenikhalo/Public/From aEroPartition/Dev/ClariFi iOS/ClariFi iOS/Views/HomeView.swift:589:82: warning: use of protocol 'AccountRepository' as a type must be written 'any AccountRepository'; this will be an error in a future Swift language mode
              let accountRepo: any AccountRepository = container.resolveOptional(AccountRepository.self),
                                                                                 ^~~~~~~~~~~~~~~~~
                                                                                 (any AccountRepository)

SwiftCompile normal x86_64 /Users/mayenikhalo/Public/From\ aEroPartition/Dev/ClariFi\ iOS/ClariFi\ iOS/Views/InsightDetailView.swift (in target 'ClariFi iOS' from project 'ClariFi iOS')
    cd /Users/mayenikhalo/Public/From\ aEroPartition/Dev/ClariFi\ iOS
    

SwiftCompile normal x86_64 /Users/mayenikhalo/Public/From\ aEroPartition/Dev/ClariFi\ iOS/ClariFi\ iOS/Views/InsightsView.swift (in target 'ClariFi iOS' from project 'ClariFi iOS')
    cd /Users/mayenikhalo/Public/From\ aEroPartition/Dev/ClariFi\ iOS
    

SwiftCompile normal x86_64 /Users/mayenikhalo/Public/From\ aEroPartition/Dev/ClariFi\ iOS/ClariFi\ iOS/Views/LiquidGlassCard.swift (in target 'ClariFi iOS' from project 'ClariFi iOS')
    cd /Users/mayenikhalo/Public/From\ aEroPartition/Dev/ClariFi\ iOS
    

SwiftCompile normal x86_64 /Users/mayenikhalo/Public/From\ aEroPartition/Dev/ClariFi\ iOS/ClariFi\ iOS/Views/MainTabView.swift (in target 'ClariFi iOS' from project 'ClariFi iOS')
    cd /Users/mayenikhalo/Public/From\ aEroPartition/Dev/ClariFi\ iOS
    

SwiftCompile normal x86_64 /Users/mayenikhalo/Public/From\ aEroPartition/Dev/ClariFi\ iOS/ClariFi\ iOS/Views/OnboardingView.swift (in target 'ClariFi iOS' from project 'ClariFi iOS')
    cd /Users/mayenikhalo/Public/From\ aEroPartition/Dev/ClariFi\ iOS
    
/Users/mayenikhalo/Public/From aEroPartition/Dev/ClariFi iOS/ClariFi iOS/Views/OnboardingView.swift:70:10: warning: 'onChange(of:perform:)' was deprecated in iOS 17.0: Use `onChange` with a two or zero parameter action closure instead.
        .onChange(of: coordinator.currentStep) { newStep in
         ^
/Users/mayenikhalo/Public/From aEroPartition/Dev/ClariFi iOS/ClariFi iOS/Views/OnboardingView.swift:85:10: warning: 'onChange(of:perform:)' was deprecated in iOS 17.0: Use `onChange` with a two or zero parameter action closure instead.
        .onChange(of: coordinator.isComplete) { isComplete in
         ^

SwiftCompile normal x86_64 /Users/mayenikhalo/Public/From\ aEroPartition/Dev/ClariFi\ iOS/ClariFi\ iOS/Views/PaywallView.swift (in target 'ClariFi iOS' from project 'ClariFi iOS')
    cd /Users/mayenikhalo/Public/From\ aEroPartition/Dev/ClariFi\ iOS
    

SwiftDriverJobDiscovery normal arm64 Compiling ClariFi_iOSApp.swift, Configuration.swift, ContentView.swift, Persistence.swift (in target 'ClariFi iOS' from project 'ClariFi iOS')

SwiftCompile normal arm64 Compiling\ AccountSetupView.swift,\ ActivityView.swift,\ AnalyticsSettingsView.swift /Users/mayenikhalo/Public/From\ aEroPartition/Dev/ClariFi\ iOS/ClariFi\ iOS/Views/AccountSetupView.swift /Users/mayenikhalo/Public/From\ aEroPartition/Dev/ClariFi\ iOS/ClariFi\ iOS/Views/ActivityView.swift /Users/mayenikhalo/Public/From\ aEroPartition/Dev/ClariFi\ iOS/ClariFi\ iOS/Views/AnalyticsSettingsView.swift (in target 'ClariFi iOS' from project 'ClariFi iOS')

SwiftCompile normal arm64 /Users/mayenikhalo/Public/From\ aEroPartition/Dev/ClariFi\ iOS/ClariFi\ iOS/Views/AccountSetupView.swift (in target 'ClariFi iOS' from project 'ClariFi iOS')
    cd /Users/mayenikhalo/Public/From\ aEroPartition/Dev/ClariFi\ iOS
    

SwiftCompile normal arm64 /Users/mayenikhalo/Public/From\ aEroPartition/Dev/ClariFi\ iOS/ClariFi\ iOS/Views/ActivityView.swift (in target 'ClariFi iOS' from project 'ClariFi iOS')
    cd /Users/mayenikhalo/Public/From\ aEroPartition/Dev/ClariFi\ iOS
    
/Users/mayenikhalo/Public/From aEroPartition/Dev/ClariFi iOS/ClariFi iOS/Views/ActivityView.swift:58:90: warning: use of protocol 'TransactionRepository' as a type must be written 'any TransactionRepository'; this will be an error in a future Swift language mode
        guard let transactionRepo: any TransactionRepository = container.resolveOptional(TransactionRepository.self),
                                                                                         ^~~~~~~~~~~~~~~~~~~~~
                                                                                         (any TransactionRepository)
/Users/mayenikhalo/Public/From aEroPartition/Dev/ClariFi iOS/ClariFi iOS/Views/ActivityView.swift:59:80: warning: use of protocol 'BudgetRepository' as a type must be written 'any BudgetRepository'; this will be an error in a future Swift language mode
              let budgetRepo: any BudgetRepository = container.resolveOptional(BudgetRepository.self),
                                                                               ^~~~~~~~~~~~~~~~
                                                                               (any BudgetRepository)

SwiftCompile normal arm64 /Users/mayenikhalo/Public/From\ aEroPartition/Dev/ClariFi\ iOS/ClariFi\ iOS/Views/AnalyticsSettingsView.swift (in target 'ClariFi iOS' from project 'ClariFi iOS')
    cd /Users/mayenikhalo/Public/From\ aEroPartition/Dev/ClariFi\ iOS
    
/Users/mayenikhalo/Public/From aEroPartition/Dev/ClariFi iOS/ClariFi iOS/Views/AnalyticsSettingsView.swift:54:18: warning: 'onChange(of:perform:)' was deprecated in iOS 17.0: Use `onChange` with a two or zero parameter action closure instead.
                .onChange(of: analyticsEnabled) { newValue in
                 ^

SwiftDriverJobDiscovery normal arm64 Compiling ScenarioPlanningService.swift, AccessibilityHelper.swift, AnalyticsViewModifier.swift, CategoryMigration.swift, ErrorHandler.swift (in target 'ClariFi iOS' from project 'ClariFi iOS')

SwiftCompile normal arm64 Compiling\ BiometricSettingsView.swift,\ BudgetCreationView.swift,\ BudgetView.swift /Users/mayenikhalo/Public/From\ aEroPartition/Dev/ClariFi\ iOS/ClariFi\ iOS/Views/BiometricSettingsView.swift /Users/mayenikhalo/Public/From\ aEroPartition/Dev/ClariFi\ iOS/ClariFi\ iOS/Views/BudgetCreationView.swift /Users/mayenikhalo/Public/From\ aEroPartition/Dev/ClariFi\ iOS/ClariFi\ iOS/Views/BudgetView.swift (in target 'ClariFi iOS' from project 'ClariFi iOS')

SwiftCompile normal arm64 /Users/mayenikhalo/Public/From\ aEroPartition/Dev/ClariFi\ iOS/ClariFi\ iOS/Views/BiometricSettingsView.swift (in target 'ClariFi iOS' from project 'ClariFi iOS')
    cd /Users/mayenikhalo/Public/From\ aEroPartition/Dev/ClariFi\ iOS
    

SwiftCompile normal arm64 /Users/mayenikhalo/Public/From\ aEroPartition/Dev/ClariFi\ iOS/ClariFi\ iOS/Views/BudgetCreationView.swift (in target 'ClariFi iOS' from project 'ClariFi iOS')
    cd /Users/mayenikhalo/Public/From\ aEroPartition/Dev/ClariFi\ iOS
    
/Users/mayenikhalo/Public/From aEroPartition/Dev/ClariFi iOS/ClariFi iOS/Views/BudgetCreationView.swift:250:22: warning: 'onChange(of:perform:)' was deprecated in iOS 17.0: Use `onChange` with a two or zero parameter action closure instead.
                    .onChange(of: nameText) { newValue in
                     ^
/Users/mayenikhalo/Public/From aEroPartition/Dev/ClariFi iOS/ClariFi iOS/Views/BudgetCreationView.swift:264:22: warning: 'onChange(of:perform:)' was deprecated in iOS 17.0: Use `onChange` with a two or zero parameter action closure instead.
                    .onChange(of: amountText) { newValue in
                     ^

SwiftCompile normal arm64 /Users/mayenikhalo/Public/From\ aEroPartition/Dev/ClariFi\ iOS/ClariFi\ iOS/Views/BudgetView.swift (in target 'ClariFi iOS' from project 'ClariFi iOS')
    cd /Users/mayenikhalo/Public/From\ aEroPartition/Dev/ClariFi\ iOS
    

SwiftDriverJobDiscovery normal x86_64 Compiling CategoryMigration.swift, CategoryMigrationExample.swift, ErrorHandler.swift, LLMPerformanceMonitor.swift, MemoryManager.swift, OnboardingAnalytics.swift, PerformanceMonitor.swift, SafeSymbols.swift, LoginViewModel.swift, RegistrationViewModel.swift, BatchCategorizationViewModel.swift, BudgetCreationViewModel.swift, BudgetViewModel.swift, CategorizationRulesViewModel.swift, InsightsViewModel.swift, OnboardingCoordinator.swift, OnboardingViewModel.swift, PrivacyDashboardViewModel.swift, StatementUploadViewModel.swift, SubscriptionViewModel.swift (in target 'ClariFi iOS' from project 'ClariFi iOS')

SwiftCompile normal arm64 Compiling\ HybridGlassCard.swift,\ LoadingOverlay.swift,\ LoadingStateView.swift,\ PremiumUpsellView.swift /Users/mayenikhalo/Public/From\ aEroPartition/Dev/ClariFi\ iOS/ClariFi\ iOS/Views/Components/HybridGlassCard.swift /Users/mayenikhalo/Public/From\ aEroPartition/Dev/ClariFi\ iOS/ClariFi\ iOS/Views/Components/LoadingOverlay.swift /Users/mayenikhalo/Public/From\ aEroPartition/Dev/ClariFi\ iOS/ClariFi\ iOS/Views/Components/LoadingStateView.swift /Users/mayenikhalo/Public/From\ aEroPartition/Dev/ClariFi\ iOS/ClariFi\ iOS/Views/Components/PremiumUpsellView.swift (in target 'ClariFi iOS' from project 'ClariFi iOS')

SwiftCompile normal arm64 /Users/mayenikhalo/Public/From\ aEroPartition/Dev/ClariFi\ iOS/ClariFi\ iOS/Views/Components/HybridGlassCard.swift (in target 'ClariFi iOS' from project 'ClariFi iOS')
    cd /Users/mayenikhalo/Public/From\ aEroPartition/Dev/ClariFi\ iOS
    

SwiftCompile normal arm64 /Users/mayenikhalo/Public/From\ aEroPartition/Dev/ClariFi\ iOS/ClariFi\ iOS/Views/Components/LoadingOverlay.swift (in target 'ClariFi iOS' from project 'ClariFi iOS')
    cd /Users/mayenikhalo/Public/From\ aEroPartition/Dev/ClariFi\ iOS
    

SwiftCompile normal arm64 /Users/mayenikhalo/Public/From\ aEroPartition/Dev/ClariFi\ iOS/ClariFi\ iOS/Views/Components/LoadingStateView.swift (in target 'ClariFi iOS' from project 'ClariFi iOS')
    cd /Users/mayenikhalo/Public/From\ aEroPartition/Dev/ClariFi\ iOS
    

SwiftCompile normal arm64 /Users/mayenikhalo/Public/From\ aEroPartition/Dev/ClariFi\ iOS/ClariFi\ iOS/Views/Components/PremiumUpsellView.swift (in target 'ClariFi iOS' from project 'ClariFi iOS')
    cd /Users/mayenikhalo/Public/From\ aEroPartition/Dev/ClariFi\ iOS
    

SwiftDriverJobDiscovery normal x86_64 Compiling CategoryService.swift, ClariFiAppIntents.swift, CorrectionStore.swift, EncryptionService.swift, InsightNotificationService.swift, InsightsEngine.swift, OCRService.swift, PrivacyManager.swift, RecurringTransactionService.swift, RuleEngine.swift, ScenarioPlanningService.swift, SecureFileManager.swift, SecurityAuditService.swift, SmartTransactionParser.swift, StatementPatterns.swift, SubscriptionService.swift, TransactionParserService.swift, VisionOCRService.swift, KeychainHelper.swift, AccessibilityHelper.swift, AnalyticsViewModifier.swift (in target 'ClariFi iOS' from project 'ClariFi iOS')

SwiftCompile normal arm64 Compiling\ RepositoryFactory.swift,\ AnalyticsService.swift,\ CashflowForecastingService.swift,\ CategoryService.swift /Users/mayenikhalo/Public/From\ aEroPartition/Dev/ClariFi\ iOS/ClariFi\ iOS/Repositories/RepositoryFactory.swift /Users/mayenikhalo/Public/From\ aEroPartition/Dev/ClariFi\ iOS/ClariFi\ iOS/Services/AnalyticsService.swift /Users/mayenikhalo/Public/From\ aEroPartition/Dev/ClariFi\ iOS/ClariFi\ iOS/Services/CashflowForecastingService.swift /Users/mayenikhalo/Public/From\ aEroPartition/Dev/ClariFi\ iOS/ClariFi\ iOS/Services/CategoryService.swift (in target 'ClariFi iOS' from project 'ClariFi iOS')

SwiftCompile normal arm64 /Users/mayenikhalo/Public/From\ aEroPartition/Dev/ClariFi\ iOS/ClariFi\ iOS/Repositories/RepositoryFactory.swift (in target 'ClariFi iOS' from project 'ClariFi iOS')
    cd /Users/mayenikhalo/Public/From\ aEroPartition/Dev/ClariFi\ iOS
    
/Users/mayenikhalo/Public/From aEroPartition/Dev/ClariFi iOS/ClariFi iOS/Repositories/RepositoryFactory.swift:131:37: warning: comparing non-optional value of type 'any TransactionRepository' to 'nil' always returns true
        guard transactionRepository != nil,
              ~~~~~~~~~~~~~~~~~~~~~ ^  ~~~
/Users/mayenikhalo/Public/From aEroPartition/Dev/ClariFi iOS/ClariFi iOS/Repositories/RepositoryFactory.swift:132:33: warning: comparing non-optional value of type 'any AccountRepository' to 'nil' always returns true
              accountRepository != nil,
              ~~~~~~~~~~~~~~~~~ ^  ~~~
/Users/mayenikhalo/Public/From aEroPartition/Dev/ClariFi iOS/ClariFi iOS/Repositories/RepositoryFactory.swift:133:32: warning: comparing non-optional value of type 'any BudgetRepository' to 'nil' always returns true
              budgetRepository != nil,
              ~~~~~~~~~~~~~~~~ ^  ~~~
/Users/mayenikhalo/Public/From aEroPartition/Dev/ClariFi iOS/ClariFi iOS/Repositories/RepositoryFactory.swift:134:40: warning: comparing non-optional value of type 'any BudgetCategoryRepository' to 'nil' always returns true
              budgetCategoryRepository != nil,
              ~~~~~~~~~~~~~~~~~~~~~~~~ ^  ~~~
/Users/mayenikhalo/Public/From aEroPartition/Dev/ClariFi iOS/ClariFi iOS/Repositories/RepositoryFactory.swift:135:35: warning: comparing non-optional value of type 'any StatementRepository' to 'nil' always returns true
              statementRepository != nil,
              ~~~~~~~~~~~~~~~~~~~ ^  ~~~
/Users/mayenikhalo/Public/From aEroPartition/Dev/ClariFi iOS/ClariFi iOS/Repositories/RepositoryFactory.swift:136:46: warning: comparing non-optional value of type 'any RecurringTransactionRepository' to 'nil' always returns true
              recurringTransactionRepository != nil else {
              ~~~~~~~~~~~~~~~~~~~~~~~~~~~~~~ ^  ~~~

SwiftCompile normal arm64 /Users/mayenikhalo/Public/From\ aEroPartition/Dev/ClariFi\ iOS/ClariFi\ iOS/Services/AnalyticsService.swift (in target 'ClariFi iOS' from project 'ClariFi iOS')
    cd /Users/mayenikhalo/Public/From\ aEroPartition/Dev/ClariFi\ iOS
    

SwiftCompile normal arm64 /Users/mayenikhalo/Public/From\ aEroPartition/Dev/ClariFi\ iOS/ClariFi\ iOS/Services/CashflowForecastingService.swift (in target 'ClariFi iOS' from project 'ClariFi iOS')
    cd /Users/mayenikhalo/Public/From\ aEroPartition/Dev/ClariFi\ iOS
    

SwiftCompile normal arm64 /Users/mayenikhalo/Public/From\ aEroPartition/Dev/ClariFi\ iOS/ClariFi\ iOS/Services/CategoryService.swift (in target 'ClariFi iOS' from project 'ClariFi iOS')
    cd /Users/mayenikhalo/Public/From\ aEroPartition/Dev/ClariFi\ iOS
    

SwiftDriverJobDiscovery normal arm64 Compiling HelpSupportView.swift, HelpView.swift, HomeView.swift, InsightDetailView.swift, InsightsView.swift (in target 'ClariFi iOS' from project 'ClariFi iOS')

SwiftCompile normal arm64 Compiling\ SuccessAnimationView.swift,\ ToastView.swift,\ AccountSetupStepView.swift,\ FirstActionGuidanceView.swift /Users/mayenikhalo/Public/From\ aEroPartition/Dev/ClariFi\ iOS/ClariFi\ iOS/Views/Components/SuccessAnimationView.swift /Users/mayenikhalo/Public/From\ aEroPartition/Dev/ClariFi\ iOS/ClariFi\ iOS/Views/Components/ToastView.swift /Users/mayenikhalo/Public/From\ aEroPartition/Dev/ClariFi\ iOS/ClariFi\ iOS/Views/Onboarding/AccountSetupStepView.swift /Users/mayenikhalo/Public/From\ aEroPartition/Dev/ClariFi\ iOS/ClariFi\ iOS/Views/Onboarding/FirstActionGuidanceView.swift (in target 'ClariFi iOS' from project 'ClariFi iOS')

SwiftCompile normal arm64 /Users/mayenikhalo/Public/From\ aEroPartition/Dev/ClariFi\ iOS/ClariFi\ iOS/Views/Components/SuccessAnimationView.swift (in target 'ClariFi iOS' from project 'ClariFi iOS')
    cd /Users/mayenikhalo/Public/From\ aEroPartition/Dev/ClariFi\ iOS
    

SwiftCompile normal arm64 /Users/mayenikhalo/Public/From\ aEroPartition/Dev/ClariFi\ iOS/ClariFi\ iOS/Views/Components/ToastView.swift (in target 'ClariFi iOS' from project 'ClariFi iOS')
    cd /Users/mayenikhalo/Public/From\ aEroPartition/Dev/ClariFi\ iOS
    

SwiftCompile normal arm64 /Users/mayenikhalo/Public/From\ aEroPartition/Dev/ClariFi\ iOS/ClariFi\ iOS/Views/Onboarding/AccountSetupStepView.swift (in target 'ClariFi iOS' from project 'ClariFi iOS')
    cd /Users/mayenikhalo/Public/From\ aEroPartition/Dev/ClariFi\ iOS
    
/Users/mayenikhalo/Public/From aEroPartition/Dev/ClariFi iOS/ClariFi iOS/Views/Onboarding/AccountSetupStepView.swift:227:30: warning: 'onChange(of:perform:)' was deprecated in iOS 17.0: Use `onChange` with a two or zero parameter action closure instead.
                            .onChange(of: accountName) { _ in
                             ^
/Users/mayenikhalo/Public/From aEroPartition/Dev/ClariFi iOS/ClariFi iOS/Views/Onboarding/AccountSetupStepView.swift:254:22: warning: 'onChange(of:perform:)' was deprecated in iOS 17.0: Use `onChange` with a two or zero parameter action closure instead.
                    .onChange(of: selectedType) { _ in
                     ^
/Users/mayenikhalo/Public/From aEroPartition/Dev/ClariFi iOS/ClariFi iOS/Views/Onboarding/AccountSetupStepView.swift:264:30: warning: 'onChange(of:perform:)' was deprecated in iOS 17.0: Use `onChange` with a two or zero parameter action closure instead.
                            .onChange(of: initialBalance) { _ in
                             ^

SwiftCompile normal arm64 /Users/mayenikhalo/Public/From\ aEroPartition/Dev/ClariFi\ iOS/ClariFi\ iOS/Views/Onboarding/FirstActionGuidanceView.swift (in target 'ClariFi iOS' from project 'ClariFi iOS')
    cd /Users/mayenikhalo/Public/From\ aEroPartition/Dev/ClariFi\ iOS
    

SwiftDriverJobDiscovery normal arm64 Compiling AccountSetupView.swift, ActivityView.swift, AnalyticsSettingsView.swift (in target 'ClariFi iOS' from project 'ClariFi iOS')

SwiftCompile normal arm64 Compiling\ AppDIContainer+Registration.swift,\ ColorSystem.swift,\ Typography.swift,\ CoreDataRepositories.swift /Users/mayenikhalo/Public/From\ aEroPartition/Dev/ClariFi\ iOS/ClariFi\ iOS/Core/DependencyInjection/AppDIContainer+Registration.swift /Users/mayenikhalo/Public/From\ aEroPartition/Dev/ClariFi\ iOS/ClariFi\ iOS/Core/Extensions/ColorSystem.swift /Users/mayenikhalo/Public/From\ aEroPartition/Dev/ClariFi\ iOS/ClariFi\ iOS/Core/Extensions/Typography.swift /Users/mayenikhalo/Public/From\ aEroPartition/Dev/ClariFi\ iOS/ClariFi\ iOS/Repositories/CoreDataRepositories.swift (in target 'ClariFi iOS' from project 'ClariFi iOS')

SwiftCompile normal arm64 /Users/mayenikhalo/Public/From\ aEroPartition/Dev/ClariFi\ iOS/ClariFi\ iOS/Core/DependencyInjection/AppDIContainer+Registration.swift (in target 'ClariFi iOS' from project 'ClariFi iOS')
    cd /Users/mayenikhalo/Public/From\ aEroPartition/Dev/ClariFi\ iOS
    
/Users/mayenikhalo/Public/From aEroPartition/Dev/ClariFi iOS/ClariFi iOS/Core/DependencyInjection/AppDIContainer+Registration.swift:153:50: warning: use of protocol 'TransactionRepository' as a type must be written 'any TransactionRepository'; this will be an error in a future Swift language mode
                transactionRepository: c.resolve(TransactionRepository.self),
                                                 ^~~~~~~~~~~~~~~~~~~~~
                                                 (any TransactionRepository)
/Users/mayenikhalo/Public/From aEroPartition/Dev/ClariFi iOS/ClariFi iOS/Core/DependencyInjection/AppDIContainer+Registration.swift:168:50: warning: use of protocol 'TransactionRepository' as a type must be written 'any TransactionRepository'; this will be an error in a future Swift language mode
                transactionRepository: c.resolve(TransactionRepository.self),
                                                 ^~~~~~~~~~~~~~~~~~~~~
                                                 (any TransactionRepository)
/Users/mayenikhalo/Public/From aEroPartition/Dev/ClariFi iOS/ClariFi iOS/Core/DependencyInjection/AppDIContainer+Registration.swift:183:45: warning: use of protocol 'BudgetRepository' as a type must be written 'any BudgetRepository'; this will be an error in a future Swift language mode
                budgetRepository: c.resolve(BudgetRepository.self),
                                            ^~~~~~~~~~~~~~~~
                                            (any BudgetRepository)
/Users/mayenikhalo/Public/From aEroPartition/Dev/ClariFi iOS/ClariFi iOS/Core/DependencyInjection/AppDIContainer+Registration.swift:184:53: warning: use of protocol 'BudgetCategoryRepository' as a type must be written 'any BudgetCategoryRepository'; this will be an error in a future Swift language mode
                budgetCategoryRepository: c.resolve(BudgetCategoryRepository.self),
                                                    ^~~~~~~~~~~~~~~~~~~~~~~~
                                                    (any BudgetCategoryRepository)
/Users/mayenikhalo/Public/From aEroPartition/Dev/ClariFi iOS/ClariFi iOS/Core/DependencyInjection/AppDIContainer+Registration.swift:185:50: warning: use of protocol 'TransactionRepository' as a type must be written 'any TransactionRepository'; this will be an error in a future Swift language mode
                transactionRepository: c.resolve(TransactionRepository.self),
                                                 ^~~~~~~~~~~~~~~~~~~~~
                                                 (any TransactionRepository)
/Users/mayenikhalo/Public/From aEroPartition/Dev/ClariFi iOS/ClariFi iOS/Core/DependencyInjection/AppDIContainer+Registration.swift:199:48: warning: use of protocol 'RecurringTransactionRepository' as a type must be written 'any RecurringTransactionRepository'; this will be an error in a future Swift language mode
                recurringRepository: c.resolve(RecurringTransactionRepository.self),
                                               ^~~~~~~~~~~~~~~~~~~~~~~~~~~~~~
                                               (any RecurringTransactionRepository)
/Users/mayenikhalo/Public/From aEroPartition/Dev/ClariFi iOS/ClariFi iOS/Core/DependencyInjection/AppDIContainer+Registration.swift:200:50: warning: use of protocol 'TransactionRepository' as a type must be written 'any TransactionRepository'; this will be an error in a future Swift language mode
                transactionRepository: c.resolve(TransactionRepository.self),
                                                 ^~~~~~~~~~~~~~~~~~~~~
                                                 (any TransactionRepository)
/Users/mayenikhalo/Public/From aEroPartition/Dev/ClariFi iOS/ClariFi iOS/Core/DependencyInjection/AppDIContainer+Registration.swift:227:45: warning: use of protocol 'BudgetRepository' as a type must be written 'any BudgetRepository'; this will be an error in a future Swift language mode
                budgetRepository: c.resolve(BudgetRepository.self),
                                            ^~~~~~~~~~~~~~~~
                                            (any BudgetRepository)
/Users/mayenikhalo/Public/From aEroPartition/Dev/ClariFi iOS/ClariFi iOS/Core/DependencyInjection/AppDIContainer+Registration.swift:228:53: warning: use of protocol 'BudgetCategoryRepository' as a type must be written 'any BudgetCategoryRepository'; this will be an error in a future Swift language mode
                budgetCategoryRepository: c.resolve(BudgetCategoryRepository.self),
                                                    ^~~~~~~~~~~~~~~~~~~~~~~~
                                                    (any BudgetCategoryRepository)
/Users/mayenikhalo/Public/From aEroPartition/Dev/ClariFi iOS/ClariFi iOS/Core/DependencyInjection/AppDIContainer+Registration.swift:361:50: warning: use of protocol 'TransactionRepository' as a type must be written 'any TransactionRepository'; this will be an error in a future Swift language mode
                transactionRepository: c.resolve(TransactionRepository.self),
                                                 ^~~~~~~~~~~~~~~~~~~~~
                                                 (any TransactionRepository)
/Users/mayenikhalo/Public/From aEroPartition/Dev/ClariFi iOS/ClariFi iOS/Core/DependencyInjection/AppDIContainer+Registration.swift:376:50: warning: use of protocol 'TransactionRepository' as a type must be written 'any TransactionRepository'; this will be an error in a future Swift language mode
                transactionRepository: c.resolve(TransactionRepository.self),
                                                 ^~~~~~~~~~~~~~~~~~~~~
                                                 (any TransactionRepository)
/Users/mayenikhalo/Public/From aEroPartition/Dev/ClariFi iOS/ClariFi iOS/Core/DependencyInjection/AppDIContainer+Registration.swift:391:45: warning: use of protocol 'BudgetRepository' as a type must be written 'any BudgetRepository'; this will be an error in a future Swift language mode
                budgetRepository: c.resolve(BudgetRepository.self),
                                            ^~~~~~~~~~~~~~~~
                                            (any BudgetRepository)
/Users/mayenikhalo/Public/From aEroPartition/Dev/ClariFi iOS/ClariFi iOS/Core/DependencyInjection/AppDIContainer+Registration.swift:392:53: warning: use of protocol 'BudgetCategoryRepository' as a type must be written 'any BudgetCategoryRepository'; this will be an error in a future Swift language mode
                budgetCategoryRepository: c.resolve(BudgetCategoryRepository.self),
                                                    ^~~~~~~~~~~~~~~~~~~~~~~~
                                                    (any BudgetCategoryRepository)
/Users/mayenikhalo/Public/From aEroPartition/Dev/ClariFi iOS/ClariFi iOS/Core/DependencyInjection/AppDIContainer+Registration.swift:393:50: warning: use of protocol 'TransactionRepository' as a type must be written 'any TransactionRepository'; this will be an error in a future Swift language mode
                transactionRepository: c.resolve(TransactionRepository.self),
                                                 ^~~~~~~~~~~~~~~~~~~~~
                                                 (any TransactionRepository)
/Users/mayenikhalo/Public/From aEroPartition/Dev/ClariFi iOS/ClariFi iOS/Core/DependencyInjection/AppDIContainer+Registration.swift:407:48: warning: use of protocol 'RecurringTransactionRepository' as a type must be written 'any RecurringTransactionRepository'; this will be an error in a future Swift language mode
                recurringRepository: c.resolve(RecurringTransactionRepository.self),
                                               ^~~~~~~~~~~~~~~~~~~~~~~~~~~~~~
                                               (any RecurringTransactionRepository)
/Users/mayenikhalo/Public/From aEroPartition/Dev/ClariFi iOS/ClariFi iOS/Core/DependencyInjection/AppDIContainer+Registration.swift:408:50: warning: use of protocol 'TransactionRepository' as a type must be written 'any TransactionRepository'; this will be an error in a future Swift language mode
                transactionRepository: c.resolve(TransactionRepository.self),
                                                 ^~~~~~~~~~~~~~~~~~~~~
                                                 (any TransactionRepository)
/Users/mayenikhalo/Public/From aEroPartition/Dev/ClariFi iOS/ClariFi iOS/Core/DependencyInjection/AppDIContainer+Registration.swift:433:45: warning: use of protocol 'BudgetRepository' as a type must be written 'any BudgetRepository'; this will be an error in a future Swift language mode
                budgetRepository: c.resolve(BudgetRepository.self),
                                            ^~~~~~~~~~~~~~~~
                                            (any BudgetRepository)
/Users/mayenikhalo/Public/From aEroPartition/Dev/ClariFi iOS/ClariFi iOS/Core/DependencyInjection/AppDIContainer+Registration.swift:434:53: warning: use of protocol 'BudgetCategoryRepository' as a type must be written 'any BudgetCategoryRepository'; this will be an error in a future Swift language mode
                budgetCategoryRepository: c.resolve(BudgetCategoryRepository.self),
                                                    ^~~~~~~~~~~~~~~~~~~~~~~~
                                                    (any BudgetCategoryRepository)

SwiftCompile normal arm64 /Users/mayenikhalo/Public/From\ aEroPartition/Dev/ClariFi\ iOS/ClariFi\ iOS/Core/Extensions/ColorSystem.swift (in target 'ClariFi iOS' from project 'ClariFi iOS')
    cd /Users/mayenikhalo/Public/From\ aEroPartition/Dev/ClariFi\ iOS
    

SwiftCompile normal arm64 /Users/mayenikhalo/Public/From\ aEroPartition/Dev/ClariFi\ iOS/ClariFi\ iOS/Core/Extensions/Typography.swift (in target 'ClariFi iOS' from project 'ClariFi iOS')
    cd /Users/mayenikhalo/Public/From\ aEroPartition/Dev/ClariFi\ iOS
    

SwiftCompile normal arm64 /Users/mayenikhalo/Public/From\ aEroPartition/Dev/ClariFi\ iOS/ClariFi\ iOS/Repositories/CoreDataRepositories.swift (in target 'ClariFi iOS' from project 'ClariFi iOS')
    cd /Users/mayenikhalo/Public/From\ aEroPartition/Dev/ClariFi\ iOS
    
/Users/mayenikhalo/Public/From aEroPartition/Dev/ClariFi iOS/ClariFi iOS/Repositories/CoreDataRepositories.swift:48:17: warning: capture of 'self' with non-Sendable type 'BaseCoreDataRepository<T>' in a '@Sendable' closure
            try self.context.save()
                ^
/Users/mayenikhalo/Public/From aEroPartition/Dev/ClariFi iOS/ClariFi iOS/Repositories/CoreDataRepositories.swift:12:7: note: generic class 'BaseCoreDataRepository' does not conform to the 'Sendable' protocol
class BaseCoreDataRepository<T: NSManagedObject>: BaseRepository {
      ^
/Users/mayenikhalo/Public/From aEroPartition/Dev/ClariFi iOS/ClariFi iOS/Repositories/CoreDataRepositories.swift:54:13: warning: capture of 'self' with non-Sendable type 'BaseCoreDataRepository<T>' in a '@Sendable' closure
            self.context.delete(entity)
            ^
/Users/mayenikhalo/Public/From aEroPartition/Dev/ClariFi iOS/ClariFi iOS/Repositories/CoreDataRepositories.swift:12:7: note: generic class 'BaseCoreDataRepository' does not conform to the 'Sendable' protocol
class BaseCoreDataRepository<T: NSManagedObject>: BaseRepository {
      ^
/Users/mayenikhalo/Public/From aEroPartition/Dev/ClariFi iOS/ClariFi iOS/Repositories/CoreDataRepositories.swift:61:57: warning: capture of 'self' with non-Sendable type 'BaseCoreDataRepository<T>' in a '@Sendable' closure
            let request = NSFetchRequest<T>(entityName: self.entityName)
                                                        ^
/Users/mayenikhalo/Public/From aEroPartition/Dev/ClariFi iOS/ClariFi iOS/Repositories/CoreDataRepositories.swift:12:7: note: generic class 'BaseCoreDataRepository' does not conform to the 'Sendable' protocol
class BaseCoreDataRepository<T: NSManagedObject>: BaseRepository {
      ^
/Users/mayenikhalo/Public/From aEroPartition/Dev/ClariFi iOS/ClariFi iOS/Repositories/CoreDataRepositories.swift:68:57: warning: capture of 'self' with non-Sendable type 'BaseCoreDataRepository<T>' in a '@Sendable' closure
            let request = NSFetchRequest<T>(entityName: self.entityName)
                                                        ^
/Users/mayenikhalo/Public/From aEroPartition/Dev/ClariFi iOS/ClariFi iOS/Repositories/CoreDataRepositories.swift:12:7: note: generic class 'BaseCoreDataRepository' does not conform to the 'Sendable' protocol
class BaseCoreDataRepository<T: NSManagedObject>: BaseRepository {
      ^
/Users/mayenikhalo/Public/From aEroPartition/Dev/ClariFi iOS/ClariFi iOS/Repositories/CoreDataRepositories.swift:89:67: warning: capture of 'self' with non-Sendable type 'CoreDataTransactionRepository' in a '@Sendable' closure
            let request = NSFetchRequest<Transaction>(entityName: self.entityName)
                                                                  ^
/Users/mayenikhalo/Public/From aEroPartition/Dev/ClariFi iOS/ClariFi iOS/Repositories/CoreDataRepositories.swift:77:7: note: class 'CoreDataTransactionRepository' does not conform to the 'Sendable' protocol
class CoreDataTransactionRepository: BaseCoreDataRepository<Transaction>, TransactionRepository {
      ^
/Users/mayenikhalo/Public/From aEroPartition/Dev/ClariFi iOS/ClariFi iOS/Repositories/CoreDataRepositories.swift:98:67: warning: capture of 'self' with non-Sendable type 'CoreDataTransactionRepository' in a '@Sendable' closure
            let request = NSFetchRequest<Transaction>(entityName: self.entityName)
                                                                  ^
/Users/mayenikhalo/Public/From aEroPartition/Dev/ClariFi iOS/ClariFi iOS/Repositories/CoreDataRepositories.swift:77:7: note: class 'CoreDataTransactionRepository' does not conform to the 'Sendable' protocol
class CoreDataTransactionRepository: BaseCoreDataRepository<Transaction>, TransactionRepository {
      ^
/Users/mayenikhalo/Public/From aEroPartition/Dev/ClariFi iOS/ClariFi iOS/Repositories/CoreDataRepositories.swift:99:70: warning: capture of 'account' with non-Sendable type 'Account' in a '@Sendable' closure
            request.predicate = NSPredicate(format: "account == %@", account)
                                                                     ^
/Users/aero/Library/Developer/Xcode/DerivedData/ClariFi_iOS-gmrlhvqnuqrbwdaistjzehzlpfwz/Build/Intermediates.noindex/ClariFi iOS.build/Debug-iphonesimulator/ClariFi iOS.build/DerivedSources/CoreDataGenerated/ClariFi_iOS/Account+CoreDataClass.swift:16:14: note: class 'Account' does not conform to the 'Sendable' protocol
public class Account: NSManagedObject {
             ^
/Users/mayenikhalo/Public/From aEroPartition/Dev/ClariFi iOS/ClariFi iOS/Repositories/CoreDataRepositories.swift:107:67: warning: capture of 'self' with non-Sendable type 'CoreDataTransactionRepository' in a '@Sendable' closure
            let request = NSFetchRequest<Transaction>(entityName: self.entityName)
                                                                  ^
/Users/mayenikhalo/Public/From aEroPartition/Dev/ClariFi iOS/ClariFi iOS/Repositories/CoreDataRepositories.swift:77:7: note: class 'CoreDataTransactionRepository' does not conform to the 'Sendable' protocol
class CoreDataTransactionRepository: BaseCoreDataRepository<Transaction>, TransactionRepository {
      ^
/Users/mayenikhalo/Public/From aEroPartition/Dev/ClariFi iOS/ClariFi iOS/Repositories/CoreDataRepositories.swift:116:67: warning: capture of 'self' with non-Sendable type 'CoreDataTransactionRepository' in a '@Sendable' closure
            let request = NSFetchRequest<Transaction>(entityName: self.entityName)
                                                                  ^
/Users/mayenikhalo/Public/From aEroPartition/Dev/ClariFi iOS/ClariFi iOS/Repositories/CoreDataRepositories.swift:77:7: note: class 'CoreDataTransactionRepository' does not conform to the 'Sendable' protocol
class CoreDataTransactionRepository: BaseCoreDataRepository<Transaction>, TransactionRepository {
      ^
/Users/mayenikhalo/Public/From aEroPartition/Dev/ClariFi iOS/ClariFi iOS/Repositories/CoreDataRepositories.swift:125:67: warning: capture of 'self' with non-Sendable type 'CoreDataTransactionRepository' in a '@Sendable' closure
            let request = NSFetchRequest<Transaction>(entityName: self.entityName)
                                                                  ^
/Users/mayenikhalo/Public/From aEroPartition/Dev/ClariFi iOS/ClariFi iOS/Repositories/CoreDataRepositories.swift:77:7: note: class 'CoreDataTransactionRepository' does not conform to the 'Sendable' protocol
class CoreDataTransactionRepository: BaseCoreDataRepository<Transaction>, TransactionRepository {
      ^
/Users/mayenikhalo/Public/From aEroPartition/Dev/ClariFi iOS/ClariFi iOS/Repositories/CoreDataRepositories.swift:135:32: warning: capture of 'transactions' with non-Sendable type '[Transaction]' in a '@Sendable' closure
            for transaction in transactions {
                               ^
Swift.Array:1:23: note: generic struct 'Array' does not conform to the 'Sendable' protocol
@frozen public struct Array<Element> : _DestructorSafeContainer {
                      ^
/Users/mayenikhalo/Public/From aEroPartition/Dev/ClariFi iOS/ClariFi iOS/Repositories/CoreDataRepositories.swift:138:17: warning: capture of 'self' with non-Sendable type 'CoreDataTransactionRepository' in a '@Sendable' closure
            try self.context.save()
                ^
/Users/mayenikhalo/Public/From aEroPartition/Dev/ClariFi iOS/ClariFi iOS/Repositories/CoreDataRepositories.swift:77:7: note: class 'CoreDataTransactionRepository' does not conform to the 'Sendable' protocol
class CoreDataTransactionRepository: BaseCoreDataRepository<Transaction>, TransactionRepository {
      ^
/Users/mayenikhalo/Public/From aEroPartition/Dev/ClariFi iOS/ClariFi iOS/Repositories/CoreDataRepositories.swift:152:17: warning: capture of 'transaction' with non-Sendable type 'Transaction' in a '@Sendable' closure
                transaction.date = date
                ^
/Users/aero/Library/Developer/Xcode/DerivedData/ClariFi_iOS-gmrlhvqnuqrbwdaistjzehzlpfwz/Build/Intermediates.noindex/ClariFi iOS.build/Debug-iphonesimulator/ClariFi iOS.build/DerivedSources/CoreDataGenerated/ClariFi_iOS/Transaction+CoreDataClass.swift:16:14: note: class 'Transaction' does not conform to the 'Sendable' protocol
public class Transaction: NSManagedObject {
             ^
/Users/mayenikhalo/Public/From aEroPartition/Dev/ClariFi iOS/ClariFi iOS/Repositories/CoreDataRepositories.swift:168:17: warning: capture of 'self' with non-Sendable type 'CoreDataTransactionRepository' in a '@Sendable' closure
            try self.context.save()
                ^
/Users/mayenikhalo/Public/From aEroPartition/Dev/ClariFi iOS/ClariFi iOS/Repositories/CoreDataRepositories.swift:77:7: note: class 'CoreDataTransactionRepository' does not conform to the 'Sendable' protocol
class CoreDataTransactionRepository: BaseCoreDataRepository<Transaction>, TransactionRepository {
      ^
/Users/mayenikhalo/Public/From aEroPartition/Dev/ClariFi iOS/ClariFi iOS/Repositories/CoreDataRepositories.swift:176:67: warning: capture of 'self' with non-Sendable type 'CoreDataTransactionRepository' in a '@Sendable' closure
            let request = NSFetchRequest<Transaction>(entityName: self.entityName)
                                                                  ^
/Users/mayenikhalo/Public/From aEroPartition/Dev/ClariFi iOS/ClariFi iOS/Repositories/CoreDataRepositories.swift:77:7: note: class 'CoreDataTransactionRepository' does not conform to the 'Sendable' protocol
class CoreDataTransactionRepository: BaseCoreDataRepository<Transaction>, TransactionRepository {
      ^
/Users/mayenikhalo/Public/From aEroPartition/Dev/ClariFi iOS/ClariFi iOS/Repositories/CoreDataRepositories.swift:185:67: warning: capture of 'self' with non-Sendable type 'CoreDataTransactionRepository' in a '@Sendable' closure
            let request = NSFetchRequest<Transaction>(entityName: self.entityName)
                                                                  ^
/Users/mayenikhalo/Public/From aEroPartition/Dev/ClariFi iOS/ClariFi iOS/Repositories/CoreDataRepositories.swift:77:7: note: class 'CoreDataTransactionRepository' does not conform to the 'Sendable' protocol
class CoreDataTransactionRepository: BaseCoreDataRepository<Transaction>, TransactionRepository {
      ^
/Users/mayenikhalo/Public/From aEroPartition/Dev/ClariFi iOS/ClariFi iOS/Repositories/CoreDataRepositories.swift:207:63: warning: capture of 'self' with non-Sendable type 'CoreDataAccountRepository' in a '@Sendable' closure
            let request = NSFetchRequest<Account>(entityName: self.entityName)
                                                              ^
/Users/mayenikhalo/Public/From aEroPartition/Dev/ClariFi iOS/ClariFi iOS/Repositories/CoreDataRepositories.swift:195:7: note: class 'CoreDataAccountRepository' does not conform to the 'Sendable' protocol
class CoreDataAccountRepository: BaseCoreDataRepository<Account>, AccountRepository {
      ^
/Users/mayenikhalo/Public/From aEroPartition/Dev/ClariFi iOS/ClariFi iOS/Repositories/CoreDataRepositories.swift:216:63: warning: capture of 'self' with non-Sendable type 'CoreDataAccountRepository' in a '@Sendable' closure
            let request = NSFetchRequest<Account>(entityName: self.entityName)
                                                              ^
/Users/mayenikhalo/Public/From aEroPartition/Dev/ClariFi iOS/ClariFi iOS/Repositories/CoreDataRepositories.swift:195:7: note: class 'CoreDataAccountRepository' does not conform to the 'Sendable' protocol
class CoreDataAccountRepository: BaseCoreDataRepository<Account>, AccountRepository {
      ^
/Users/mayenikhalo/Public/From aEroPartition/Dev/ClariFi iOS/ClariFi iOS/Repositories/CoreDataRepositories.swift:225:13: warning: capture of 'account' with non-Sendable type 'Account' in a '@Sendable' closure
            account.isActive = false
            ^
/Users/aero/Library/Developer/Xcode/DerivedData/ClariFi_iOS-gmrlhvqnuqrbwdaistjzehzlpfwz/Build/Intermediates.noindex/ClariFi iOS.build/Debug-iphonesimulator/ClariFi iOS.build/DerivedSources/CoreDataGenerated/ClariFi_iOS/Account+CoreDataClass.swift:16:14: note: class 'Account' does not conform to the 'Sendable' protocol
public class Account: NSManagedObject {
             ^
/Users/mayenikhalo/Public/From aEroPartition/Dev/ClariFi iOS/ClariFi iOS/Repositories/CoreDataRepositories.swift:227:17: warning: capture of 'self' with non-Sendable type 'CoreDataAccountRepository' in a '@Sendable' closure
            try self.context.save()
                ^
/Users/mayenikhalo/Public/From aEroPartition/Dev/ClariFi iOS/ClariFi iOS/Repositories/CoreDataRepositories.swift:195:7: note: class 'CoreDataAccountRepository' does not conform to the 'Sendable' protocol
class CoreDataAccountRepository: BaseCoreDataRepository<Account>, AccountRepository {
      ^
/Users/mayenikhalo/Public/From aEroPartition/Dev/ClariFi iOS/ClariFi iOS/Repositories/CoreDataRepositories.swift:234:70: warning: capture of 'account' with non-Sendable type 'Account' in a '@Sendable' closure
            request.predicate = NSPredicate(format: "account == %@", account)
                                                                     ^
/Users/aero/Library/Developer/Xcode/DerivedData/ClariFi_iOS-gmrlhvqnuqrbwdaistjzehzlpfwz/Build/Intermediates.noindex/ClariFi iOS.build/Debug-iphonesimulator/ClariFi iOS.build/DerivedSources/CoreDataGenerated/ClariFi_iOS/Account+CoreDataClass.swift:16:14: note: class 'Account' does not conform to the 'Sendable' protocol
public class Account: NSManagedObject {
             ^
/Users/mayenikhalo/Public/From aEroPartition/Dev/ClariFi iOS/ClariFi iOS/Repositories/CoreDataRepositories.swift:235:24: warning: capture of 'self' with non-Sendable type 'CoreDataAccountRepository' in a '@Sendable' closure
            return try self.context.count(for: request)
                       ^
/Users/mayenikhalo/Public/From aEroPartition/Dev/ClariFi iOS/ClariFi iOS/Repositories/CoreDataRepositories.swift:195:7: note: class 'CoreDataAccountRepository' does not conform to the 'Sendable' protocol
class CoreDataAccountRepository: BaseCoreDataRepository<Account>, AccountRepository {
      ^
/Users/mayenikhalo/Public/From aEroPartition/Dev/ClariFi iOS/ClariFi iOS/Repositories/CoreDataRepositories.swift:242:63: warning: capture of 'self' with non-Sendable type 'CoreDataAccountRepository' in a '@Sendable' closure
            let request = NSFetchRequest<Account>(entityName: self.entityName)
                                                              ^
/Users/mayenikhalo/Public/From aEroPartition/Dev/ClariFi iOS/ClariFi iOS/Repositories/CoreDataRepositories.swift:195:7: note: class 'CoreDataAccountRepository' does not conform to the 'Sendable' protocol
class CoreDataAccountRepository: BaseCoreDataRepository<Account>, AccountRepository {
      ^
/Users/mayenikhalo/Public/From aEroPartition/Dev/ClariFi iOS/ClariFi iOS/Repositories/CoreDataRepositories.swift:279:62: warning: capture of 'self' with non-Sendable type 'CoreDataBudgetRepository' in a '@Sendable' closure
            let request = NSFetchRequest<Budget>(entityName: self.entityName)
                                                             ^
/Users/mayenikhalo/Public/From aEroPartition/Dev/ClariFi iOS/ClariFi iOS/Repositories/CoreDataRepositories.swift:267:7: note: class 'CoreDataBudgetRepository' does not conform to the 'Sendable' protocol
class CoreDataBudgetRepository: BaseCoreDataRepository<Budget>, BudgetRepository {
      ^
/Users/mayenikhalo/Public/From aEroPartition/Dev/ClariFi iOS/ClariFi iOS/Repositories/CoreDataRepositories.swift:289:62: warning: capture of 'self' with non-Sendable type 'CoreDataBudgetRepository' in a '@Sendable' closure
            let request = NSFetchRequest<Budget>(entityName: self.entityName)
                                                             ^
/Users/mayenikhalo/Public/From aEroPartition/Dev/ClariFi iOS/ClariFi iOS/Repositories/CoreDataRepositories.swift:267:7: note: class 'CoreDataBudgetRepository' does not conform to the 'Sendable' protocol
class CoreDataBudgetRepository: BaseCoreDataRepository<Budget>, BudgetRepository {
      ^
/Users/mayenikhalo/Public/From aEroPartition/Dev/ClariFi iOS/ClariFi iOS/Repositories/CoreDataRepositories.swift:298:13: warning: capture of 'budget' with non-Sendable type 'Budget' in a '@Sendable' closure
            budget.isActive = false
            ^
/Users/aero/Library/Developer/Xcode/DerivedData/ClariFi_iOS-gmrlhvqnuqrbwdaistjzehzlpfwz/Build/Intermediates.noindex/ClariFi iOS.build/Debug-iphonesimulator/ClariFi iOS.build/DerivedSources/CoreDataGenerated/ClariFi_iOS/Budget+CoreDataClass.swift:16:14: note: class 'Budget' does not conform to the 'Sendable' protocol
public class Budget: NSManagedObject {
             ^
/Users/mayenikhalo/Public/From aEroPartition/Dev/ClariFi iOS/ClariFi iOS/Repositories/CoreDataRepositories.swift:300:17: warning: capture of 'self' with non-Sendable type 'CoreDataBudgetRepository' in a '@Sendable' closure
            try self.context.save()
                ^
/Users/mayenikhalo/Public/From aEroPartition/Dev/ClariFi iOS/ClariFi iOS/Repositories/CoreDataRepositories.swift:267:7: note: class 'CoreDataBudgetRepository' does not conform to the 'Sendable' protocol
class CoreDataBudgetRepository: BaseCoreDataRepository<Budget>, BudgetRepository {
      ^
/Users/mayenikhalo/Public/From aEroPartition/Dev/ClariFi iOS/ClariFi iOS/Repositories/CoreDataRepositories.swift:306:62: warning: capture of 'self' with non-Sendable type 'CoreDataBudgetRepository' in a '@Sendable' closure
            let request = NSFetchRequest<Budget>(entityName: self.entityName)
                                                             ^
/Users/mayenikhalo/Public/From aEroPartition/Dev/ClariFi iOS/ClariFi iOS/Repositories/CoreDataRepositories.swift:267:7: note: class 'CoreDataBudgetRepository' does not conform to the 'Sendable' protocol
class CoreDataBudgetRepository: BaseCoreDataRepository<Budget>, BudgetRepository {
      ^
/Users/mayenikhalo/Public/From aEroPartition/Dev/ClariFi iOS/ClariFi iOS/Repositories/CoreDataRepositories.swift:328:70: warning: capture of 'self' with non-Sendable type 'CoreDataBudgetCategoryRepository' in a '@Sendable' closure
            let request = NSFetchRequest<BudgetCategory>(entityName: self.entityName)
                                                                     ^
/Users/mayenikhalo/Public/From aEroPartition/Dev/ClariFi iOS/ClariFi iOS/Repositories/CoreDataRepositories.swift:316:7: note: class 'CoreDataBudgetCategoryRepository' does not conform to the 'Sendable' protocol
class CoreDataBudgetCategoryRepository: BaseCoreDataRepository<BudgetCategory>, BudgetCategoryRepository {
      ^
/Users/mayenikhalo/Public/From aEroPartition/Dev/ClariFi iOS/ClariFi iOS/Repositories/CoreDataRepositories.swift:329:69: warning: capture of 'budget' with non-Sendable type 'Budget' in a '@Sendable' closure
            request.predicate = NSPredicate(format: "budget == %@", budget)
                                                                    ^
/Users/aero/Library/Developer/Xcode/DerivedData/ClariFi_iOS-gmrlhvqnuqrbwdaistjzehzlpfwz/Build/Intermediates.noindex/ClariFi iOS.build/Debug-iphonesimulator/ClariFi iOS.build/DerivedSources/CoreDataGenerated/ClariFi_iOS/Budget+CoreDataClass.swift:16:14: note: class 'Budget' does not conform to the 'Sendable' protocol
public class Budget: NSManagedObject {
             ^
/Users/mayenikhalo/Public/From aEroPartition/Dev/ClariFi iOS/ClariFi iOS/Repositories/CoreDataRepositories.swift:337:70: warning: capture of 'self' with non-Sendable type 'CoreDataBudgetCategoryRepository' in a '@Sendable' closure
            let request = NSFetchRequest<BudgetCategory>(entityName: self.entityName)
                                                                     ^
/Users/mayenikhalo/Public/From aEroPartition/Dev/ClariFi iOS/ClariFi iOS/Repositories/CoreDataRepositories.swift:316:7: note: class 'CoreDataBudgetCategoryRepository' does not conform to the 'Sendable' protocol
class CoreDataBudgetCategoryRepository: BaseCoreDataRepository<BudgetCategory>, BudgetCategoryRepository {
      ^
/Users/mayenikhalo/Public/From aEroPartition/Dev/ClariFi iOS/ClariFi iOS/Repositories/CoreDataRepositories.swift:338:90: warning: capture of 'budget' with non-Sendable type 'Budget' in a '@Sendable' closure
            request.predicate = NSPredicate(format: "name == %@ AND budget == %@", name, budget)
                                                                                         ^
/Users/aero/Library/Developer/Xcode/DerivedData/ClariFi_iOS-gmrlhvqnuqrbwdaistjzehzlpfwz/Build/Intermediates.noindex/ClariFi iOS.build/Debug-iphonesimulator/ClariFi iOS.build/DerivedSources/CoreDataGenerated/ClariFi_iOS/Budget+CoreDataClass.swift:16:14: note: class 'Budget' does not conform to the 'Sendable' protocol
public class Budget: NSManagedObject {
             ^
/Users/mayenikhalo/Public/From aEroPartition/Dev/ClariFi iOS/ClariFi iOS/Repositories/CoreDataRepositories.swift:346:13: warning: capture of 'category' with non-Sendable type 'BudgetCategory' in a '@Sendable' closure
            category.spentAmount = amount
            ^
/Users/aero/Library/Developer/Xcode/DerivedData/ClariFi_iOS-gmrlhvqnuqrbwdaistjzehzlpfwz/Build/Intermediates.noindex/ClariFi iOS.build/Debug-iphonesimulator/ClariFi iOS.build/DerivedSources/CoreDataGenerated/ClariFi_iOS/BudgetCategory+CoreDataClass.swift:16:14: note: class 'BudgetCategory' does not conform to the 'Sendable' protocol
public class BudgetCategory: NSManagedObject {
             ^
/Users/mayenikhalo/Public/From aEroPartition/Dev/ClariFi iOS/ClariFi iOS/Repositories/CoreDataRepositories.swift:348:17: warning: capture of 'self' with non-Sendable type 'CoreDataBudgetCategoryRepository' in a '@Sendable' closure
            try self.context.save()
                ^
/Users/mayenikhalo/Public/From aEroPartition/Dev/ClariFi iOS/ClariFi iOS/Repositories/CoreDataRepositories.swift:316:7: note: class 'CoreDataBudgetCategoryRepository' does not conform to the 'Sendable' protocol
class CoreDataBudgetCategoryRepository: BaseCoreDataRepository<BudgetCategory>, BudgetCategoryRepository {
      ^
/Users/mayenikhalo/Public/From aEroPartition/Dev/ClariFi iOS/ClariFi iOS/Repositories/CoreDataRepositories.swift:354:70: warning: capture of 'self' with non-Sendable type 'CoreDataBudgetCategoryRepository' in a '@Sendable' closure
            let request = NSFetchRequest<BudgetCategory>(entityName: self.entityName)
                                                                     ^
/Users/mayenikhalo/Public/From aEroPartition/Dev/ClariFi iOS/ClariFi iOS/Repositories/CoreDataRepositories.swift:316:7: note: class 'CoreDataBudgetCategoryRepository' does not conform to the 'Sendable' protocol
class CoreDataBudgetCategoryRepository: BaseCoreDataRepository<BudgetCategory>, BudgetCategoryRepository {
      ^
/Users/mayenikhalo/Public/From aEroPartition/Dev/ClariFi iOS/ClariFi iOS/Repositories/CoreDataRepositories.swift:355:102: warning: capture of 'budget' with non-Sendable type 'Budget' in a '@Sendable' closure
            request.predicate = NSPredicate(format: "budget == %@ AND spentAmount > budgetedAmount", budget)
                                                                                                     ^
/Users/aero/Library/Developer/Xcode/DerivedData/ClariFi_iOS-gmrlhvqnuqrbwdaistjzehzlpfwz/Build/Intermediates.noindex/ClariFi iOS.build/Debug-iphonesimulator/ClariFi iOS.build/DerivedSources/CoreDataGenerated/ClariFi_iOS/Budget+CoreDataClass.swift:16:14: note: class 'Budget' does not conform to the 'Sendable' protocol
public class Budget: NSManagedObject {
             ^
/Users/mayenikhalo/Public/From aEroPartition/Dev/ClariFi iOS/ClariFi iOS/Repositories/CoreDataRepositories.swift:375:65: warning: capture of 'self' with non-Sendable type 'CoreDataStatementRepository' in a '@Sendable' closure
            let request = NSFetchRequest<Statement>(entityName: self.entityName)
                                                                ^
/Users/mayenikhalo/Public/From aEroPartition/Dev/ClariFi iOS/ClariFi iOS/Repositories/CoreDataRepositories.swift:363:7: note: class 'CoreDataStatementRepository' does not conform to the 'Sendable' protocol
class CoreDataStatementRepository: BaseCoreDataRepository<Statement>, StatementRepository {
      ^
/Users/mayenikhalo/Public/From aEroPartition/Dev/ClariFi iOS/ClariFi iOS/Repositories/CoreDataRepositories.swift:384:65: warning: capture of 'self' with non-Sendable type 'CoreDataStatementRepository' in a '@Sendable' closure
            let request = NSFetchRequest<Statement>(entityName: self.entityName)
                                                                ^
/Users/mayenikhalo/Public/From aEroPartition/Dev/ClariFi iOS/ClariFi iOS/Repositories/CoreDataRepositories.swift:363:7: note: class 'CoreDataStatementRepository' does not conform to the 'Sendable' protocol
class CoreDataStatementRepository: BaseCoreDataRepository<Statement>, StatementRepository {
      ^
/Users/mayenikhalo/Public/From aEroPartition/Dev/ClariFi iOS/ClariFi iOS/Repositories/CoreDataRepositories.swift:393:65: warning: capture of 'self' with non-Sendable type 'CoreDataStatementRepository' in a '@Sendable' closure
            let request = NSFetchRequest<Statement>(entityName: self.entityName)
                                                                ^
/Users/mayenikhalo/Public/From aEroPartition/Dev/ClariFi iOS/ClariFi iOS/Repositories/CoreDataRepositories.swift:363:7: note: class 'CoreDataStatementRepository' does not conform to the 'Sendable' protocol
class CoreDataStatementRepository: BaseCoreDataRepository<Statement>, StatementRepository {
      ^
/Users/mayenikhalo/Public/From aEroPartition/Dev/ClariFi iOS/ClariFi iOS/Repositories/CoreDataRepositories.swift:402:13: warning: capture of 'statement' with non-Sendable type 'Statement' in a '@Sendable' closure
            statement.processingStatus = status
            ^
/Users/aero/Library/Developer/Xcode/DerivedData/ClariFi_iOS-gmrlhvqnuqrbwdaistjzehzlpfwz/Build/Intermediates.noindex/ClariFi iOS.build/Debug-iphonesimulator/ClariFi iOS.build/DerivedSources/CoreDataGenerated/ClariFi_iOS/Statement+CoreDataClass.swift:16:14: note: class 'Statement' does not conform to the 'Sendable' protocol
public class Statement: NSManagedObject {
             ^
/Users/mayenikhalo/Public/From aEroPartition/Dev/ClariFi iOS/ClariFi iOS/Repositories/CoreDataRepositories.swift:404:17: warning: capture of 'self' with non-Sendable type 'CoreDataStatementRepository' in a '@Sendable' closure
            try self.context.save()
                ^
/Users/mayenikhalo/Public/From aEroPartition/Dev/ClariFi iOS/ClariFi iOS/Repositories/CoreDataRepositories.swift:363:7: note: class 'CoreDataStatementRepository' does not conform to the 'Sendable' protocol
class CoreDataStatementRepository: BaseCoreDataRepository<Statement>, StatementRepository {
      ^
/Users/mayenikhalo/Public/From aEroPartition/Dev/ClariFi iOS/ClariFi iOS/Repositories/CoreDataRepositories.swift:410:65: warning: capture of 'self' with non-Sendable type 'CoreDataStatementRepository' in a '@Sendable' closure
            let request = NSFetchRequest<Statement>(entityName: self.entityName)
                                                                ^
/Users/mayenikhalo/Public/From aEroPartition/Dev/ClariFi iOS/ClariFi iOS/Repositories/CoreDataRepositories.swift:363:7: note: class 'CoreDataStatementRepository' does not conform to the 'Sendable' protocol
class CoreDataStatementRepository: BaseCoreDataRepository<Statement>, StatementRepository {
      ^
/Users/mayenikhalo/Public/From aEroPartition/Dev/ClariFi iOS/ClariFi iOS/Repositories/CoreDataRepositories.swift:432:76: warning: capture of 'self' with non-Sendable type 'CoreDataRecurringTransactionRepository' in a '@Sendable' closure
            let request = NSFetchRequest<RecurringTransaction>(entityName: self.entityName)
                                                                           ^
/Users/mayenikhalo/Public/From aEroPartition/Dev/ClariFi iOS/ClariFi iOS/Repositories/CoreDataRepositories.swift:420:7: note: class 'CoreDataRecurringTransactionRepository' does not conform to the 'Sendable' protocol
class CoreDataRecurringTransactionRepository: BaseCoreDataRepository<RecurringTransaction>, RecurringTransactionRepository {
      ^
/Users/mayenikhalo/Public/From aEroPartition/Dev/ClariFi iOS/ClariFi iOS/Repositories/CoreDataRepositories.swift:441:76: warning: capture of 'self' with non-Sendable type 'CoreDataRecurringTransactionRepository' in a '@Sendable' closure
            let request = NSFetchRequest<RecurringTransaction>(entityName: self.entityName)
                                                                           ^
/Users/mayenikhalo/Public/From aEroPartition/Dev/ClariFi iOS/ClariFi iOS/Repositories/CoreDataRepositories.swift:420:7: note: class 'CoreDataRecurringTransactionRepository' does not conform to the 'Sendable' protocol
class CoreDataRecurringTransactionRepository: BaseCoreDataRepository<RecurringTransaction>, RecurringTransactionRepository {
      ^
/Users/mayenikhalo/Public/From aEroPartition/Dev/ClariFi iOS/ClariFi iOS/Repositories/CoreDataRepositories.swift:442:90: warning: capture of 'account' with non-Sendable type 'Account' in a '@Sendable' closure
            request.predicate = NSPredicate(format: "account == %@ AND isActive == YES", account)
                                                                                         ^
/Users/aero/Library/Developer/Xcode/DerivedData/ClariFi_iOS-gmrlhvqnuqrbwdaistjzehzlpfwz/Build/Intermediates.noindex/ClariFi iOS.build/Debug-iphonesimulator/ClariFi iOS.build/DerivedSources/CoreDataGenerated/ClariFi_iOS/Account+CoreDataClass.swift:16:14: note: class 'Account' does not conform to the 'Sendable' protocol
public class Account: NSManagedObject {
             ^
/Users/mayenikhalo/Public/From aEroPartition/Dev/ClariFi iOS/ClariFi iOS/Repositories/CoreDataRepositories.swift:450:76: warning: capture of 'self' with non-Sendable type 'CoreDataRecurringTransactionRepository' in a '@Sendable' closure
            let request = NSFetchRequest<RecurringTransaction>(entityName: self.entityName)
                                                                           ^
/Users/mayenikhalo/Public/From aEroPartition/Dev/ClariFi iOS/ClariFi iOS/Repositories/CoreDataRepositories.swift:420:7: note: class 'CoreDataRecurringTransactionRepository' does not conform to the 'Sendable' protocol
class CoreDataRecurringTransactionRepository: BaseCoreDataRepository<RecurringTransaction>, RecurringTransactionRepository {
      ^
/Users/mayenikhalo/Public/From aEroPartition/Dev/ClariFi iOS/ClariFi iOS/Repositories/CoreDataRepositories.swift:459:13: warning: capture of 'recurring' with non-Sendable type 'RecurringTransaction' in a '@Sendable' closure
            recurring.nextOccurrence = nextDate
            ^
/Users/aero/Library/Developer/Xcode/DerivedData/ClariFi_iOS-gmrlhvqnuqrbwdaistjzehzlpfwz/Build/Intermediates.noindex/ClariFi iOS.build/Debug-iphonesimulator/ClariFi iOS.build/DerivedSources/CoreDataGenerated/ClariFi_iOS/RecurringTransaction+CoreDataClass.swift:16:14: note: class 'RecurringTransaction' does not conform to the 'Sendable' protocol
public class RecurringTransaction: NSManagedObject {
             ^
/Users/mayenikhalo/Public/From aEroPartition/Dev/ClariFi iOS/ClariFi iOS/Repositories/CoreDataRepositories.swift:461:17: warning: capture of 'self' with non-Sendable type 'CoreDataRecurringTransactionRepository' in a '@Sendable' closure
            try self.context.save()
                ^
/Users/mayenikhalo/Public/From aEroPartition/Dev/ClariFi iOS/ClariFi iOS/Repositories/CoreDataRepositories.swift:420:7: note: class 'CoreDataRecurringTransactionRepository' does not conform to the 'Sendable' protocol
class CoreDataRecurringTransactionRepository: BaseCoreDataRepository<RecurringTransaction>, RecurringTransactionRepository {
      ^
/Users/mayenikhalo/Public/From aEroPartition/Dev/ClariFi iOS/ClariFi iOS/Repositories/CoreDataRepositories.swift:467:13: warning: capture of 'recurring' with non-Sendable type 'RecurringTransaction' in a '@Sendable' closure
            recurring.isActive = false
            ^
/Users/aero/Library/Developer/Xcode/DerivedData/ClariFi_iOS-gmrlhvqnuqrbwdaistjzehzlpfwz/Build/Intermediates.noindex/ClariFi iOS.build/Debug-iphonesimulator/ClariFi iOS.build/DerivedSources/CoreDataGenerated/ClariFi_iOS/RecurringTransaction+CoreDataClass.swift:16:14: note: class 'RecurringTransaction' does not conform to the 'Sendable' protocol
public class RecurringTransaction: NSManagedObject {
             ^
/Users/mayenikhalo/Public/From aEroPartition/Dev/ClariFi iOS/ClariFi iOS/Repositories/CoreDataRepositories.swift:469:17: warning: capture of 'self' with non-Sendable type 'CoreDataRecurringTransactionRepository' in a '@Sendable' closure
            try self.context.save()
                ^
/Users/mayenikhalo/Public/From aEroPartition/Dev/ClariFi iOS/ClariFi iOS/Repositories/CoreDataRepositories.swift:420:7: note: class 'CoreDataRecurringTransactionRepository' does not conform to the 'Sendable' protocol
class CoreDataRecurringTransactionRepository: BaseCoreDataRepository<RecurringTransaction>, RecurringTransactionRepository {
      ^

SwiftDriverJobDiscovery normal arm64 Compiling RepositoryFactory.swift, AnalyticsService.swift, CashflowForecastingService.swift, CategoryService.swift (in target 'ClariFi iOS' from project 'ClariFi iOS')

SwiftCompile normal arm64 Compiling\ OnboardingSuccessView.swift,\ QuickStartView.swift,\ AboutAppView.swift,\ AboutView.swift /Users/mayenikhalo/Public/From\ aEroPartition/Dev/ClariFi\ iOS/ClariFi\ iOS/Views/Onboarding/OnboardingSuccessView.swift /Users/mayenikhalo/Public/From\ aEroPartition/Dev/ClariFi\ iOS/ClariFi\ iOS/Views/Onboarding/QuickStartView.swift /Users/mayenikhalo/Public/From\ aEroPartition/Dev/ClariFi\ iOS/ClariFi\ iOS/Views/AboutAppView.swift /Users/mayenikhalo/Public/From\ aEroPartition/Dev/ClariFi\ iOS/ClariFi\ iOS/Views/AboutView.swift (in target 'ClariFi iOS' from project 'ClariFi iOS')

SwiftCompile normal arm64 /Users/mayenikhalo/Public/From\ aEroPartition/Dev/ClariFi\ iOS/ClariFi\ iOS/Views/Onboarding/OnboardingSuccessView.swift (in target 'ClariFi iOS' from project 'ClariFi iOS')
    cd /Users/mayenikhalo/Public/From\ aEroPartition/Dev/ClariFi\ iOS
    

SwiftCompile normal arm64 /Users/mayenikhalo/Public/From\ aEroPartition/Dev/ClariFi\ iOS/ClariFi\ iOS/Views/Onboarding/QuickStartView.swift (in target 'ClariFi iOS' from project 'ClariFi iOS')
    cd /Users/mayenikhalo/Public/From\ aEroPartition/Dev/ClariFi\ iOS
    

SwiftCompile normal arm64 /Users/mayenikhalo/Public/From\ aEroPartition/Dev/ClariFi\ iOS/ClariFi\ iOS/Views/AboutAppView.swift (in target 'ClariFi iOS' from project 'ClariFi iOS')
    cd /Users/mayenikhalo/Public/From\ aEroPartition/Dev/ClariFi\ iOS
    

SwiftCompile normal arm64 /Users/mayenikhalo/Public/From\ aEroPartition/Dev/ClariFi\ iOS/ClariFi\ iOS/Views/AboutView.swift (in target 'ClariFi iOS' from project 'ClariFi iOS')
    cd /Users/mayenikhalo/Public/From\ aEroPartition/Dev/ClariFi\ iOS
    

SwiftDriverJobDiscovery normal arm64 Compiling BiometricSettingsView.swift, BudgetCreationView.swift, BudgetView.swift (in target 'ClariFi iOS' from project 'ClariFi iOS')

SwiftCompile normal x86_64 Compiling\ PlanningView.swift,\ PremiumInsightsView.swift,\ PrivacyDashboardView.swift,\ RecurringTransactionSetupView.swift,\ RecurringTransactionsListView.swift,\ ScenarioPlanningView.swift,\ SecurityAuditView.swift,\ StatementUploadView.swift,\ SuccessView.swift,\ TransactionDetailView.swift,\ TransactionEditView.swift,\ TransactionEntryView.swift,\ TransactionReviewView.swift,\ TransactionRowView.swift,\ TransactionsListView.swift,\ ClariFiWidget.swift,\ ClariFi_iOSApp.swift,\ Configuration.swift,\ ContentView.swift,\ Persistence.swift /Users/mayenikhalo/Public/From\ aEroPartition/Dev/ClariFi\ iOS/ClariFi\ iOS/Views/PlanningView.swift /Users/mayenikhalo/Public/From\ aEroPartition/Dev/ClariFi\ iOS/ClariFi\ iOS/Views/PremiumInsightsView.swift /Users/mayenikhalo/Public/From\ aEroPartition/Dev/ClariFi\ iOS/ClariFi\ iOS/Views/PrivacyDashboardView.swift /Users/mayenikhalo/Public/From\ aEroPartition/Dev/ClariFi\ iOS/ClariFi\ iOS/Views/RecurringTransactionSetupView.swift /Users/mayenikhalo/Public/From\ aEroPartition/Dev/ClariFi\ iOS/ClariFi\ iOS/Views/RecurringTransactionsListView.swift /Users/mayenikhalo/Public/From\ aEroPartition/Dev/ClariFi\ iOS/ClariFi\ iOS/Views/ScenarioPlanningView.swift /Users/mayenikhalo/Public/From\ aEroPartition/Dev/ClariFi\ iOS/ClariFi\ iOS/Views/SecurityAuditView.swift /Users/mayenikhalo/Public/From\ aEroPartition/Dev/ClariFi\ iOS/ClariFi\ iOS/Views/StatementUploadView.swift /Users/mayenikhalo/Public/From\ aEroPartition/Dev/ClariFi\ iOS/ClariFi\ iOS/Views/SuccessView.swift /Users/mayenikhalo/Public/From\ aEroPartition/Dev/ClariFi\ iOS/ClariFi\ iOS/Views/TransactionDetailView.swift /Users/mayenikhalo/Public/From\ aEroPartition/Dev/ClariFi\ iOS/ClariFi\ iOS/Views/TransactionEditView.swift /Users/mayenikhalo/Public/From\ aEroPartition/Dev/ClariFi\ iOS/ClariFi\ iOS/Views/TransactionEntryView.swift /Users/mayenikhalo/Public/From\ aEroPartition/Dev/ClariFi\ iOS/ClariFi\ iOS/Views/TransactionReviewView.swift /Users/mayenikhalo/Public/From\ aEroPartition/Dev/ClariFi\ iOS/ClariFi\ iOS/Views/TransactionRowView.swift /Users/mayenikhalo/Public/From\ aEroPartition/Dev/ClariFi\ iOS/ClariFi\ iOS/Views/TransactionsListView.swift /Users/mayenikhalo/Public/From\ aEroPartition/Dev/ClariFi\ iOS/ClariFi\ iOS/Widgets/ClariFiWidget.swift /Users/mayenikhalo/Public/From\ aEroPartition/Dev/ClariFi\ iOS/ClariFi\ iOS/ClariFi_iOSApp.swift /Users/mayenikhalo/Public/From\ aEroPartition/Dev/ClariFi\ iOS/ClariFi\ iOS/Configuration.swift /Users/mayenikhalo/Public/From\ aEroPartition/Dev/ClariFi\ iOS/ClariFi\ iOS/ContentView.swift /Users/mayenikhalo/Public/From\ aEroPartition/Dev/ClariFi\ iOS/ClariFi\ iOS/Persistence.swift (in target 'ClariFi iOS' from project 'ClariFi iOS')
SwiftCompile normal x86_64 /Users/mayenikhalo/Public/From\ aEroPartition/Dev/ClariFi\ iOS/ClariFi\ iOS/Views/PlanningView.swift (in target 'ClariFi iOS' from project 'ClariFi iOS')
    cd /Users/mayenikhalo/Public/From\ aEroPartition/Dev/ClariFi\ iOS
    
/Users/mayenikhalo/Public/From aEroPartition/Dev/ClariFi iOS/ClariFi iOS/Views/PlanningView.swift:35:25: warning: 'init(destination:tag:selection:label:)' was deprecated in iOS 16.0: use NavigationLink(value:label:), or navigationDestination(isPresented:destination:), inside a NavigationStack or NavigationSplitView
                        NavigationLink(
                        ^
/Users/mayenikhalo/Public/From aEroPartition/Dev/ClariFi iOS/ClariFi iOS/Views/PlanningView.swift:61:25: warning: 'init(destination:tag:selection:label:)' was deprecated in iOS 16.0: use NavigationLink(value:label:), or navigationDestination(isPresented:destination:), inside a NavigationStack or NavigationSplitView
                        NavigationLink(
                        ^
/Users/mayenikhalo/Public/From aEroPartition/Dev/ClariFi iOS/ClariFi iOS/Views/PlanningView.swift:378:90: warning: use of protocol 'TransactionRepository' as a type must be written 'any TransactionRepository'; this will be an error in a future Swift language mode
        guard let transactionRepo: any TransactionRepository = container.resolveOptional(TransactionRepository.self),
                                                                                         ^~~~~~~~~~~~~~~~~~~~~
                                                                                         (any TransactionRepository)
/Users/mayenikhalo/Public/From aEroPartition/Dev/ClariFi iOS/ClariFi iOS/Views/PlanningView.swift:379:80: warning: use of protocol 'BudgetRepository' as a type must be written 'any BudgetRepository'; this will be an error in a future Swift language mode
              let budgetRepo: any BudgetRepository = container.resolveOptional(BudgetRepository.self),
                                                                               ^~~~~~~~~~~~~~~~
                                                                               (any BudgetRepository)
/Users/mayenikhalo/Public/From aEroPartition/Dev/ClariFi iOS/ClariFi iOS/Views/PlanningView.swift:380:96: warning: use of protocol 'BudgetCategoryRepository' as a type must be written 'any BudgetCategoryRepository'; this will be an error in a future Swift language mode
              let budgetCategoryRepo: any BudgetCategoryRepository = container.resolveOptional(BudgetCategoryRepository.self) else {
                                                                                               ^~~~~~~~~~~~~~~~~~~~~~~~
                                                                                               (any BudgetCategoryRepository)
/Users/mayenikhalo/Public/From aEroPartition/Dev/ClariFi iOS/ClariFi iOS/Views/PlanningView.swift:423:80: warning: use of protocol 'BudgetRepository' as a type must be written 'any BudgetRepository'; this will be an error in a future Swift language mode
        guard let budgetRepo: any BudgetRepository = container.resolveOptional(BudgetRepository.self),
                                                                               ^~~~~~~~~~~~~~~~
                                                                               (any BudgetRepository)
/Users/mayenikhalo/Public/From aEroPartition/Dev/ClariFi iOS/ClariFi iOS/Views/PlanningView.swift:424:96: warning: use of protocol 'BudgetCategoryRepository' as a type must be written 'any BudgetCategoryRepository'; this will be an error in a future Swift language mode
              let budgetCategoryRepo: any BudgetCategoryRepository = container.resolveOptional(BudgetCategoryRepository.self),
                                                                                               ^~~~~~~~~~~~~~~~~~~~~~~~
                                                                                               (any BudgetCategoryRepository)

SwiftCompile normal x86_64 /Users/mayenikhalo/Public/From\ aEroPartition/Dev/ClariFi\ iOS/ClariFi\ iOS/Views/PremiumInsightsView.swift (in target 'ClariFi iOS' from project 'ClariFi iOS')
    cd /Users/mayenikhalo/Public/From\ aEroPartition/Dev/ClariFi\ iOS
    

SwiftCompile normal x86_64 /Users/mayenikhalo/Public/From\ aEroPartition/Dev/ClariFi\ iOS/ClariFi\ iOS/Views/PrivacyDashboardView.swift (in target 'ClariFi iOS' from project 'ClariFi iOS')
    cd /Users/mayenikhalo/Public/From\ aEroPartition/Dev/ClariFi\ iOS
    

SwiftCompile normal x86_64 /Users/mayenikhalo/Public/From\ aEroPartition/Dev/ClariFi\ iOS/ClariFi\ iOS/Views/RecurringTransactionSetupView.swift (in target 'ClariFi iOS' from project 'ClariFi iOS')
    cd /Users/mayenikhalo/Public/From\ aEroPartition/Dev/ClariFi\ iOS
    

SwiftCompile normal x86_64 /Users/mayenikhalo/Public/From\ aEroPartition/Dev/ClariFi\ iOS/ClariFi\ iOS/Views/RecurringTransactionsListView.swift (in target 'ClariFi iOS' from project 'ClariFi iOS')
    cd /Users/mayenikhalo/Public/From\ aEroPartition/Dev/ClariFi\ iOS
    

SwiftCompile normal x86_64 /Users/mayenikhalo/Public/From\ aEroPartition/Dev/ClariFi\ iOS/ClariFi\ iOS/Views/ScenarioPlanningView.swift (in target 'ClariFi iOS' from project 'ClariFi iOS')
    cd /Users/mayenikhalo/Public/From\ aEroPartition/Dev/ClariFi\ iOS
    

SwiftCompile normal x86_64 /Users/mayenikhalo/Public/From\ aEroPartition/Dev/ClariFi\ iOS/ClariFi\ iOS/Views/SecurityAuditView.swift (in target 'ClariFi iOS' from project 'ClariFi iOS')
    cd /Users/mayenikhalo/Public/From\ aEroPartition/Dev/ClariFi\ iOS
    

SwiftCompile normal x86_64 /Users/mayenikhalo/Public/From\ aEroPartition/Dev/ClariFi\ iOS/ClariFi\ iOS/Views/StatementUploadView.swift (in target 'ClariFi iOS' from project 'ClariFi iOS')
    cd /Users/mayenikhalo/Public/From\ aEroPartition/Dev/ClariFi\ iOS
    

SwiftCompile normal x86_64 /Users/mayenikhalo/Public/From\ aEroPartition/Dev/ClariFi\ iOS/ClariFi\ iOS/Views/SuccessView.swift (in target 'ClariFi iOS' from project 'ClariFi iOS')
    cd /Users/mayenikhalo/Public/From\ aEroPartition/Dev/ClariFi\ iOS
    

SwiftCompile normal x86_64 /Users/mayenikhalo/Public/From\ aEroPartition/Dev/ClariFi\ iOS/ClariFi\ iOS/Views/TransactionDetailView.swift (in target 'ClariFi iOS' from project 'ClariFi iOS')
    cd /Users/mayenikhalo/Public/From\ aEroPartition/Dev/ClariFi\ iOS
    
/Users/mayenikhalo/Public/From aEroPartition/Dev/ClariFi iOS/ClariFi iOS/Views/TransactionDetailView.swift:111:62: warning: use of protocol 'TransactionRepository' as a type must be written 'any TransactionRepository'; this will be an error in a future Swift language mode
            guard let repository = container.resolveOptional(TransactionRepository.self) else {
                                                             ^~~~~~~~~~~~~~~~~~~~~
                                                             (any TransactionRepository)

SwiftCompile normal x86_64 /Users/mayenikhalo/Public/From\ aEroPartition/Dev/ClariFi\ iOS/ClariFi\ iOS/Views/TransactionEditView.swift (in target 'ClariFi iOS' from project 'ClariFi iOS')
    cd /Users/mayenikhalo/Public/From\ aEroPartition/Dev/ClariFi\ iOS
    

SwiftCompile normal x86_64 /Users/mayenikhalo/Public/From\ aEroPartition/Dev/ClariFi\ iOS/ClariFi\ iOS/Views/TransactionEntryView.swift (in target 'ClariFi iOS' from project 'ClariFi iOS')
    cd /Users/mayenikhalo/Public/From\ aEroPartition/Dev/ClariFi\ iOS
    

SwiftCompile normal x86_64 /Users/mayenikhalo/Public/From\ aEroPartition/Dev/ClariFi\ iOS/ClariFi\ iOS/Views/TransactionReviewView.swift (in target 'ClariFi iOS' from project 'ClariFi iOS')
    cd /Users/mayenikhalo/Public/From\ aEroPartition/Dev/ClariFi\ iOS
    

SwiftCompile normal x86_64 /Users/mayenikhalo/Public/From\ aEroPartition/Dev/ClariFi\ iOS/ClariFi\ iOS/Views/TransactionRowView.swift (in target 'ClariFi iOS' from project 'ClariFi iOS')
    cd /Users/mayenikhalo/Public/From\ aEroPartition/Dev/ClariFi\ iOS
    

SwiftCompile normal x86_64 /Users/mayenikhalo/Public/From\ aEroPartition/Dev/ClariFi\ iOS/ClariFi\ iOS/Views/TransactionsListView.swift (in target 'ClariFi iOS' from project 'ClariFi iOS')
    cd /Users/mayenikhalo/Public/From\ aEroPartition/Dev/ClariFi\ iOS
    
/Users/mayenikhalo/Public/From aEroPartition/Dev/ClariFi iOS/ClariFi iOS/Views/TransactionsListView.swift:314:90: warning: use of protocol 'TransactionRepository' as a type must be written 'any TransactionRepository'; this will be an error in a future Swift language mode
        guard let transactionRepo: any TransactionRepository = container.resolveOptional(TransactionRepository.self),
                                                                                         ^~~~~~~~~~~~~~~~~~~~~
                                                                                         (any TransactionRepository)
/Users/mayenikhalo/Public/From aEroPartition/Dev/ClariFi iOS/ClariFi iOS/Views/TransactionsListView.swift:315:82: warning: use of protocol 'AccountRepository' as a type must be written 'any AccountRepository'; this will be an error in a future Swift language mode
              let accountRepo: any AccountRepository = container.resolveOptional(AccountRepository.self) else {
                                                                                 ^~~~~~~~~~~~~~~~~
                                                                                 (any AccountRepository)
/Users/mayenikhalo/Public/From aEroPartition/Dev/ClariFi iOS/ClariFi iOS/Views/TransactionsListView.swift:335:108: warning: use of protocol 'RecurringTransactionRepository' as a type must be written 'any RecurringTransactionRepository'; this will be an error in a future Swift language mode
        let recurringTransactionRepository: any RecurringTransactionRepository = container.resolveOptional(RecurringTransactionRepository.self) ?? CoreDataRecurringTransactionRepository(context: viewContext)
                                                                                                           ^~~~~~~~~~~~~~~~~~~~~~~~~~~~~~
                                                                                                           (any RecurringTransactionRepository)

SwiftCompile normal x86_64 /Users/mayenikhalo/Public/From\ aEroPartition/Dev/ClariFi\ iOS/ClariFi\ iOS/Widgets/ClariFiWidget.swift (in target 'ClariFi iOS' from project 'ClariFi iOS')
    cd /Users/mayenikhalo/Public/From\ aEroPartition/Dev/ClariFi\ iOS
    

SwiftCompile normal x86_64 /Users/mayenikhalo/Public/From\ aEroPartition/Dev/ClariFi\ iOS/ClariFi\ iOS/ClariFi_iOSApp.swift (in target 'ClariFi iOS' from project 'ClariFi iOS')
    cd /Users/mayenikhalo/Public/From\ aEroPartition/Dev/ClariFi\ iOS
    
/Users/mayenikhalo/Public/From aEroPartition/Dev/ClariFi iOS/ClariFi iOS/ClariFi_iOSApp.swift:38:11: warning: 'catch' block is unreachable because no errors are thrown in 'do' block
        } catch {
          ^

SwiftCompile normal x86_64 /Users/mayenikhalo/Public/From\ aEroPartition/Dev/ClariFi\ iOS/ClariFi\ iOS/Configuration.swift (in target 'ClariFi iOS' from project 'ClariFi iOS')
    cd /Users/mayenikhalo/Public/From\ aEroPartition/Dev/ClariFi\ iOS
    

SwiftCompile normal x86_64 /Users/mayenikhalo/Public/From\ aEroPartition/Dev/ClariFi\ iOS/ClariFi\ iOS/ContentView.swift (in target 'ClariFi iOS' from project 'ClariFi iOS')
    cd /Users/mayenikhalo/Public/From\ aEroPartition/Dev/ClariFi\ iOS
    
/Users/mayenikhalo/Public/From aEroPartition/Dev/ClariFi iOS/ClariFi iOS/ContentView.swift:72:10: warning: 'onChange(of:perform:)' was deprecated in iOS 17.0: Use `onChange` with a two or zero parameter action closure instead.
        .onChange(of: sessionManager.isAuthenticated) { sessionIsAuthenticated in
         ^
/Users/mayenikhalo/Public/From aEroPartition/Dev/ClariFi iOS/ClariFi iOS/ContentView.swift:83:10: warning: 'onChange(of:perform:)' was deprecated in iOS 17.0: Use `onChange` with a two or zero parameter action closure instead.
        .onChange(of: scenePhase) { newPhase in
         ^

SwiftCompile normal x86_64 /Users/mayenikhalo/Public/From\ aEroPartition/Dev/ClariFi\ iOS/ClariFi\ iOS/Persistence.swift (in target 'ClariFi iOS' from project 'ClariFi iOS')
    cd /Users/mayenikhalo/Public/From\ aEroPartition/Dev/ClariFi\ iOS
    

SwiftDriverJobDiscovery normal arm64 Compiling OnboardingAnalytics.swift, SafeSymbols.swift, CategorizationRulesView.swift, CurrencySettingsView.swift, ErrorView.swift (in target 'ClariFi iOS' from project 'ClariFi iOS')

SwiftCompile normal arm64 Compiling\ SecurityAuditView.swift,\ StatementUploadView.swift,\ SuccessView.swift,\ TransactionDetailView.swift,\ TransactionEditView.swift /Users/mayenikhalo/Public/From\ aEroPartition/Dev/ClariFi\ iOS/ClariFi\ iOS/Views/SecurityAuditView.swift /Users/mayenikhalo/Public/From\ aEroPartition/Dev/ClariFi\ iOS/ClariFi\ iOS/Views/StatementUploadView.swift /Users/mayenikhalo/Public/From\ aEroPartition/Dev/ClariFi\ iOS/ClariFi\ iOS/Views/SuccessView.swift /Users/mayenikhalo/Public/From\ aEroPartition/Dev/ClariFi\ iOS/ClariFi\ iOS/Views/TransactionDetailView.swift /Users/mayenikhalo/Public/From\ aEroPartition/Dev/ClariFi\ iOS/ClariFi\ iOS/Views/TransactionEditView.swift (in target 'ClariFi iOS' from project 'ClariFi iOS')

SwiftCompile normal arm64 /Users/mayenikhalo/Public/From\ aEroPartition/Dev/ClariFi\ iOS/ClariFi\ iOS/Views/SecurityAuditView.swift (in target 'ClariFi iOS' from project 'ClariFi iOS')
    cd /Users/mayenikhalo/Public/From\ aEroPartition/Dev/ClariFi\ iOS
    

SwiftCompile normal arm64 /Users/mayenikhalo/Public/From\ aEroPartition/Dev/ClariFi\ iOS/ClariFi\ iOS/Views/StatementUploadView.swift (in target 'ClariFi iOS' from project 'ClariFi iOS')
    cd /Users/mayenikhalo/Public/From\ aEroPartition/Dev/ClariFi\ iOS
    

SwiftCompile normal arm64 /Users/mayenikhalo/Public/From\ aEroPartition/Dev/ClariFi\ iOS/ClariFi\ iOS/Views/SuccessView.swift (in target 'ClariFi iOS' from project 'ClariFi iOS')
    cd /Users/mayenikhalo/Public/From\ aEroPartition/Dev/ClariFi\ iOS
    

SwiftCompile normal arm64 /Users/mayenikhalo/Public/From\ aEroPartition/Dev/ClariFi\ iOS/ClariFi\ iOS/Views/TransactionDetailView.swift (in target 'ClariFi iOS' from project 'ClariFi iOS')
    cd /Users/mayenikhalo/Public/From\ aEroPartition/Dev/ClariFi\ iOS
    
/Users/mayenikhalo/Public/From aEroPartition/Dev/ClariFi iOS/ClariFi iOS/Views/TransactionDetailView.swift:111:62: warning: use of protocol 'TransactionRepository' as a type must be written 'any TransactionRepository'; this will be an error in a future Swift language mode
            guard let repository = container.resolveOptional(TransactionRepository.self) else {
                                                             ^~~~~~~~~~~~~~~~~~~~~
                                                             (any TransactionRepository)

SwiftCompile normal arm64 /Users/mayenikhalo/Public/From\ aEroPartition/Dev/ClariFi\ iOS/ClariFi\ iOS/Views/TransactionEditView.swift (in target 'ClariFi iOS' from project 'ClariFi iOS')
    cd /Users/mayenikhalo/Public/From\ aEroPartition/Dev/ClariFi\ iOS
    

SwiftCompile normal arm64 Compiling\ SubscriptionService.swift,\ MemoryManager.swift,\ CategoryPickerView.swift,\ EmptyStateView.swift /Users/mayenikhalo/Public/From\ aEroPartition/Dev/ClariFi\ iOS/ClariFi\ iOS/Services/SubscriptionService.swift /Users/mayenikhalo/Public/From\ aEroPartition/Dev/ClariFi\ iOS/ClariFi\ iOS/Utilities/MemoryManager.swift /Users/mayenikhalo/Public/From\ aEroPartition/Dev/ClariFi\ iOS/ClariFi\ iOS/Views/Components/CategoryPickerView.swift /Users/mayenikhalo/Public/From\ aEroPartition/Dev/ClariFi\ iOS/ClariFi\ iOS/Views/Components/EmptyStateView.swift (in target 'ClariFi iOS' from project 'ClariFi iOS')

SwiftCompile normal arm64 /Users/mayenikhalo/Public/From\ aEroPartition/Dev/ClariFi\ iOS/ClariFi\ iOS/Services/SubscriptionService.swift (in target 'ClariFi iOS' from project 'ClariFi iOS')
    cd /Users/mayenikhalo/Public/From\ aEroPartition/Dev/ClariFi\ iOS
    
/Users/mayenikhalo/Public/From aEroPartition/Dev/ClariFi iOS/ClariFi iOS/Services/SubscriptionService.swift:213:16: warning: reference to captured var 'activeSubscription' in concurrently-executing code; this is an error in the Swift 6 language mode
            if activeSubscription != nil {
               ^
/Users/mayenikhalo/Public/From aEroPartition/Dev/ClariFi iOS/ClariFi iOS/Services/SubscriptionService.swift:214:37: warning: reference to captured var 'expirationDate' in concurrently-executing code; this is an error in the Swift 6 language mode
                if let expiration = expirationDate {
                                    ^
/Users/mayenikhalo/Public/From aEroPartition/Dev/ClariFi iOS/ClariFi iOS/Services/SubscriptionService.swift:244:47: warning: no 'async' operations occur within 'await' expression
                        let transaction = try await self.checkVerified(result)
                                              ^
/Users/mayenikhalo/Public/From aEroPartition/Dev/ClariFi iOS/ClariFi iOS/Services/SubscriptionService.swift:254:15: warning: 'catch' block is unreachable because no errors are thrown in 'do' block
            } catch {
              ^

SwiftCompile normal arm64 /Users/mayenikhalo/Public/From\ aEroPartition/Dev/ClariFi\ iOS/ClariFi\ iOS/Utilities/MemoryManager.swift (in target 'ClariFi iOS' from project 'ClariFi iOS')
    cd /Users/mayenikhalo/Public/From\ aEroPartition/Dev/ClariFi\ iOS
    

SwiftCompile normal arm64 /Users/mayenikhalo/Public/From\ aEroPartition/Dev/ClariFi\ iOS/ClariFi\ iOS/Views/Components/CategoryPickerView.swift (in target 'ClariFi iOS' from project 'ClariFi iOS')
    cd /Users/mayenikhalo/Public/From\ aEroPartition/Dev/ClariFi\ iOS
    

SwiftCompile normal arm64 /Users/mayenikhalo/Public/From\ aEroPartition/Dev/ClariFi\ iOS/ClariFi\ iOS/Views/Components/EmptyStateView.swift (in target 'ClariFi iOS' from project 'ClariFi iOS')
    cd /Users/mayenikhalo/Public/From\ aEroPartition/Dev/ClariFi\ iOS
    

SwiftDriverJobDiscovery normal arm64 Compiling HybridGlassCard.swift, LoadingOverlay.swift, LoadingStateView.swift, PremiumUpsellView.swift (in target 'ClariFi iOS' from project 'ClariFi iOS')

SwiftDriverJobDiscovery normal arm64 Compiling PremiumInsightsView.swift, PrivacyDashboardView.swift, RecurringTransactionSetupView.swift, RecurringTransactionsListView.swift, ScenarioPlanningView.swift (in target 'ClariFi iOS' from project 'ClariFi iOS')

SwiftCompile normal arm64 Compiling\ TransactionEntryView.swift,\ TransactionReviewView.swift,\ TransactionRowView.swift,\ TransactionsListView.swift,\ ClariFiWidget.swift /Users/mayenikhalo/Public/From\ aEroPartition/Dev/ClariFi\ iOS/ClariFi\ iOS/Views/TransactionEntryView.swift /Users/mayenikhalo/Public/From\ aEroPartition/Dev/ClariFi\ iOS/ClariFi\ iOS/Views/TransactionReviewView.swift /Users/mayenikhalo/Public/From\ aEroPartition/Dev/ClariFi\ iOS/ClariFi\ iOS/Views/TransactionRowView.swift /Users/mayenikhalo/Public/From\ aEroPartition/Dev/ClariFi\ iOS/ClariFi\ iOS/Views/TransactionsListView.swift /Users/mayenikhalo/Public/From\ aEroPartition/Dev/ClariFi\ iOS/ClariFi\ iOS/Widgets/ClariFiWidget.swift (in target 'ClariFi iOS' from project 'ClariFi iOS')

SwiftCompile normal arm64 /Users/mayenikhalo/Public/From\ aEroPartition/Dev/ClariFi\ iOS/ClariFi\ iOS/Views/TransactionEntryView.swift (in target 'ClariFi iOS' from project 'ClariFi iOS')
    cd /Users/mayenikhalo/Public/From\ aEroPartition/Dev/ClariFi\ iOS
    

SwiftCompile normal arm64 /Users/mayenikhalo/Public/From\ aEroPartition/Dev/ClariFi\ iOS/ClariFi\ iOS/Views/TransactionReviewView.swift (in target 'ClariFi iOS' from project 'ClariFi iOS')
    cd /Users/mayenikhalo/Public/From\ aEroPartition/Dev/ClariFi\ iOS
    

SwiftCompile normal arm64 /Users/mayenikhalo/Public/From\ aEroPartition/Dev/ClariFi\ iOS/ClariFi\ iOS/Views/TransactionRowView.swift (in target 'ClariFi iOS' from project 'ClariFi iOS')
    cd /Users/mayenikhalo/Public/From\ aEroPartition/Dev/ClariFi\ iOS
    

SwiftCompile normal arm64 /Users/mayenikhalo/Public/From\ aEroPartition/Dev/ClariFi\ iOS/ClariFi\ iOS/Views/TransactionsListView.swift (in target 'ClariFi iOS' from project 'ClariFi iOS')
    cd /Users/mayenikhalo/Public/From\ aEroPartition/Dev/ClariFi\ iOS
    
/Users/mayenikhalo/Public/From aEroPartition/Dev/ClariFi iOS/ClariFi iOS/Views/TransactionsListView.swift:314:90: warning: use of protocol 'TransactionRepository' as a type must be written 'any TransactionRepository'; this will be an error in a future Swift language mode
        guard let transactionRepo: any TransactionRepository = container.resolveOptional(TransactionRepository.self),
                                                                                         ^~~~~~~~~~~~~~~~~~~~~
                                                                                         (any TransactionRepository)
/Users/mayenikhalo/Public/From aEroPartition/Dev/ClariFi iOS/ClariFi iOS/Views/TransactionsListView.swift:315:82: warning: use of protocol 'AccountRepository' as a type must be written 'any AccountRepository'; this will be an error in a future Swift language mode
              let accountRepo: any AccountRepository = container.resolveOptional(AccountRepository.self) else {
                                                                                 ^~~~~~~~~~~~~~~~~
                                                                                 (any AccountRepository)
/Users/mayenikhalo/Public/From aEroPartition/Dev/ClariFi iOS/ClariFi iOS/Views/TransactionsListView.swift:335:108: warning: use of protocol 'RecurringTransactionRepository' as a type must be written 'any RecurringTransactionRepository'; this will be an error in a future Swift language mode
        let recurringTransactionRepository: any RecurringTransactionRepository = container.resolveOptional(RecurringTransactionRepository.self) ?? CoreDataRecurringTransactionRepository(context: viewContext)
                                                                                                           ^~~~~~~~~~~~~~~~~~~~~~~~~~~~~~
                                                                                                           (any RecurringTransactionRepository)

SwiftCompile normal arm64 /Users/mayenikhalo/Public/From\ aEroPartition/Dev/ClariFi\ iOS/ClariFi\ iOS/Widgets/ClariFiWidget.swift (in target 'ClariFi iOS' from project 'ClariFi iOS')
    cd /Users/mayenikhalo/Public/From\ aEroPartition/Dev/ClariFi\ iOS
    

SwiftDriverJobDiscovery normal arm64 Compiling AppDIContainer+Registration.swift, ColorSystem.swift, Typography.swift, CoreDataRepositories.swift (in target 'ClariFi iOS' from project 'ClariFi iOS')

SwiftCompile normal arm64 Compiling\ LiquidGlassCard.swift,\ MainTabView.swift,\ OnboardingView.swift,\ PaywallView.swift,\ PlanningView.swift /Users/mayenikhalo/Public/From\ aEroPartition/Dev/ClariFi\ iOS/ClariFi\ iOS/Views/LiquidGlassCard.swift /Users/mayenikhalo/Public/From\ aEroPartition/Dev/ClariFi\ iOS/ClariFi\ iOS/Views/MainTabView.swift /Users/mayenikhalo/Public/From\ aEroPartition/Dev/ClariFi\ iOS/ClariFi\ iOS/Views/OnboardingView.swift /Users/mayenikhalo/Public/From\ aEroPartition/Dev/ClariFi\ iOS/ClariFi\ iOS/Views/PaywallView.swift /Users/mayenikhalo/Public/From\ aEroPartition/Dev/ClariFi\ iOS/ClariFi\ iOS/Views/PlanningView.swift (in target 'ClariFi iOS' from project 'ClariFi iOS')

SwiftCompile normal arm64 /Users/mayenikhalo/Public/From\ aEroPartition/Dev/ClariFi\ iOS/ClariFi\ iOS/Views/LiquidGlassCard.swift (in target 'ClariFi iOS' from project 'ClariFi iOS')
    cd /Users/mayenikhalo/Public/From\ aEroPartition/Dev/ClariFi\ iOS
    

SwiftCompile normal arm64 /Users/mayenikhalo/Public/From\ aEroPartition/Dev/ClariFi\ iOS/ClariFi\ iOS/Views/MainTabView.swift (in target 'ClariFi iOS' from project 'ClariFi iOS')
    cd /Users/mayenikhalo/Public/From\ aEroPartition/Dev/ClariFi\ iOS
    

SwiftCompile normal arm64 /Users/mayenikhalo/Public/From\ aEroPartition/Dev/ClariFi\ iOS/ClariFi\ iOS/Views/OnboardingView.swift (in target 'ClariFi iOS' from project 'ClariFi iOS')
    cd /Users/mayenikhalo/Public/From\ aEroPartition/Dev/ClariFi\ iOS
    
/Users/mayenikhalo/Public/From aEroPartition/Dev/ClariFi iOS/ClariFi iOS/Views/OnboardingView.swift:70:10: warning: 'onChange(of:perform:)' was deprecated in iOS 17.0: Use `onChange` with a two or zero parameter action closure instead.
        .onChange(of: coordinator.currentStep) { newStep in
         ^
/Users/mayenikhalo/Public/From aEroPartition/Dev/ClariFi iOS/ClariFi iOS/Views/OnboardingView.swift:85:10: warning: 'onChange(of:perform:)' was deprecated in iOS 17.0: Use `onChange` with a two or zero parameter action closure instead.
        .onChange(of: coordinator.isComplete) { isComplete in
         ^

SwiftCompile normal arm64 /Users/mayenikhalo/Public/From\ aEroPartition/Dev/ClariFi\ iOS/ClariFi\ iOS/Views/PaywallView.swift (in target 'ClariFi iOS' from project 'ClariFi iOS')
    cd /Users/mayenikhalo/Public/From\ aEroPartition/Dev/ClariFi\ iOS
    

SwiftCompile normal arm64 /Users/mayenikhalo/Public/From\ aEroPartition/Dev/ClariFi\ iOS/ClariFi\ iOS/Views/PlanningView.swift (in target 'ClariFi iOS' from project 'ClariFi iOS')
    cd /Users/mayenikhalo/Public/From\ aEroPartition/Dev/ClariFi\ iOS
    
/Users/mayenikhalo/Public/From aEroPartition/Dev/ClariFi iOS/ClariFi iOS/Views/PlanningView.swift:35:25: warning: 'init(destination:tag:selection:label:)' was deprecated in iOS 16.0: use NavigationLink(value:label:), or navigationDestination(isPresented:destination:), inside a NavigationStack or NavigationSplitView
                        NavigationLink(
                        ^
/Users/mayenikhalo/Public/From aEroPartition/Dev/ClariFi iOS/ClariFi iOS/Views/PlanningView.swift:61:25: warning: 'init(destination:tag:selection:label:)' was deprecated in iOS 16.0: use NavigationLink(value:label:), or navigationDestination(isPresented:destination:), inside a NavigationStack or NavigationSplitView
                        NavigationLink(
                        ^
/Users/mayenikhalo/Public/From aEroPartition/Dev/ClariFi iOS/ClariFi iOS/Views/PlanningView.swift:378:90: warning: use of protocol 'TransactionRepository' as a type must be written 'any TransactionRepository'; this will be an error in a future Swift language mode
        guard let transactionRepo: any TransactionRepository = container.resolveOptional(TransactionRepository.self),
                                                                                         ^~~~~~~~~~~~~~~~~~~~~
                                                                                         (any TransactionRepository)
/Users/mayenikhalo/Public/From aEroPartition/Dev/ClariFi iOS/ClariFi iOS/Views/PlanningView.swift:379:80: warning: use of protocol 'BudgetRepository' as a type must be written 'any BudgetRepository'; this will be an error in a future Swift language mode
              let budgetRepo: any BudgetRepository = container.resolveOptional(BudgetRepository.self),
                                                                               ^~~~~~~~~~~~~~~~
                                                                               (any BudgetRepository)
/Users/mayenikhalo/Public/From aEroPartition/Dev/ClariFi iOS/ClariFi iOS/Views/PlanningView.swift:380:96: warning: use of protocol 'BudgetCategoryRepository' as a type must be written 'any BudgetCategoryRepository'; this will be an error in a future Swift language mode
              let budgetCategoryRepo: any BudgetCategoryRepository = container.resolveOptional(BudgetCategoryRepository.self) else {
                                                                                               ^~~~~~~~~~~~~~~~~~~~~~~~
                                                                                               (any BudgetCategoryRepository)
/Users/mayenikhalo/Public/From aEroPartition/Dev/ClariFi iOS/ClariFi iOS/Views/PlanningView.swift:423:80: warning: use of protocol 'BudgetRepository' as a type must be written 'any BudgetRepository'; this will be an error in a future Swift language mode
        guard let budgetRepo: any BudgetRepository = container.resolveOptional(BudgetRepository.self),
                                                                               ^~~~~~~~~~~~~~~~
                                                                               (any BudgetRepository)
/Users/mayenikhalo/Public/From aEroPartition/Dev/ClariFi iOS/ClariFi iOS/Views/PlanningView.swift:424:96: warning: use of protocol 'BudgetCategoryRepository' as a type must be written 'any BudgetCategoryRepository'; this will be an error in a future Swift language mode
              let budgetCategoryRepo: any BudgetCategoryRepository = container.resolveOptional(BudgetCategoryRepository.self),
                                                                                               ^~~~~~~~~~~~~~~~~~~~~~~~
                                                                                               (any BudgetCategoryRepository)

SwiftDriverJobDiscovery normal arm64 Compiling OnboardingSuccessView.swift, QuickStartView.swift, AboutAppView.swift, AboutView.swift (in target 'ClariFi iOS' from project 'ClariFi iOS')

SwiftDriverJobDiscovery normal arm64 Compiling SuccessAnimationView.swift, ToastView.swift, AccountSetupStepView.swift, FirstActionGuidanceView.swift (in target 'ClariFi iOS' from project 'ClariFi iOS')

SwiftDriver\ Compilation Auth normal x86_64 com.apple.xcode.tools.swift.compiler (in target 'Auth' from project 'Supabase')
    cd /Users/mayenikhalo/Public/From\ aEroPartition/Dev/ClariFi\ iOS/ClariFi\ iOS.xcodeproj
    builtin-Swift-Compilation -- /Applications/Xcode.app/Contents/Developer/Toolchains/XcodeDefault.xctoolchain/usr/bin/swiftc -module-name Auth -Onone -enforce-exclusivity\=checked @/Users/aero/Library/Developer/Xcode/DerivedData/ClariFi_iOS-gmrlhvqnuqrbwdaistjzehzlpfwz/Build/Intermediates.noindex/Supabase.build/Debug-iphonesimulator/Auth.build/Objects-normal/x86_64/Auth.SwiftFileList -DSWIFT_PACKAGE -DDEBUG -DSWIFT_MODULE_RESOURCE_BUNDLE_UNAVAILABLE -DXcode -enable-upcoming-feature ExistentialAny -enable-experimental-feature StrictConcurrency -plugin-path /Applications/Xcode.app/Contents/Developer/Toolchains/XcodeDefault.xctoolchain/usr/lib/swift/host/plugins/testing -enable-experimental-feature DebugDescriptionMacro -sdk /Applications/Xcode.app/Contents/Developer/Platforms/iPhoneSimulator.platform/Developer/SDKs/iPhoneSimulator26.0.sdk -target x86_64-apple-ios13.0-simulator -g -module-cache-path /Users/aero/Library/Developer/Xcode/DerivedData/ModuleCache.noindex -Xfrontend -serialize-debugging-options -profile-coverage-mapping -profile-generate -enable-testing -suppress-warnings -index-store-path /Users/aero/Library/Developer/Xcode/DerivedData/ClariFi_iOS-gmrlhvqnuqrbwdaistjzehzlpfwz/Index.noindex/DataStore -Xcc -D_LIBCPP_HARDENING_MODE\=_LIBCPP_HARDENING_MODE_DEBUG -swift-version 5 -I /Users/aero/Library/Developer/Xcode/DerivedData/ClariFi_iOS-gmrlhvqnuqrbwdaistjzehzlpfwz/Build/Products/Debug-iphonesimulator -Isystem /Applications/Xcode.app/Contents/Developer/Platforms/iPhoneSimulator.platform/Developer/usr/lib -F /Users/aero/Library/Developer/Xcode/DerivedData/ClariFi_iOS-gmrlhvqnuqrbwdaistjzehzlpfwz/Build/Products/Debug-iphonesimulator/PackageFrameworks -F /Users/aero/Library/Developer/Xcode/DerivedData/ClariFi_iOS-gmrlhvqnuqrbwdaistjzehzlpfwz/Build/Products/Debug-iphonesimulator/PackageFrameworks -F /Users/aero/Library/Developer/Xcode/DerivedData/ClariFi_iOS-gmrlhvqnuqrbwdaistjzehzlpfwz/Build/Products/Debug-iphonesimulator/PackageFrameworks -F /Users/aero/Library/Developer/Xcode/DerivedData/ClariFi_iOS-gmrlhvqnuqrbwdaistjzehzlpfwz/Build/Products/Debug-iphonesimulator/PackageFrameworks -F /Users/aero/Library/Developer/Xcode/DerivedData/ClariFi_iOS-gmrlhvqnuqrbwdaistjzehzlpfwz/Build/Products/Debug-iphonesimulator/PackageFrameworks -F /Users/aero/Library/Developer/Xcode/DerivedData/ClariFi_iOS-gmrlhvqnuqrbwdaistjzehzlpfwz/Build/Products/Debug-iphonesimulator/PackageFrameworks -F /Users/aero/Library/Developer/Xcode/DerivedData/ClariFi_iOS-gmrlhvqnuqrbwdaistjzehzlpfwz/Build/Products/Debug-iphonesimulator/PackageFrameworks -F /Users/aero/Library/Developer/Xcode/DerivedData/ClariFi_iOS-gmrlhvqnuqrbwdaistjzehzlpfwz/Build/Products/Debug-iphonesimulator/PackageFrameworks -F /Users/aero/Library/Developer/Xcode/DerivedData/ClariFi_iOS-gmrlhvqnuqrbwdaistjzehzlpfwz/Build/Products/Debug-iphonesimulator -F /Applications/Xcode.app/Contents/Developer/Platforms/iPhoneSimulator.platform/Developer/Library/Frameworks -F /Applications/Xcode.app/Contents/Developer/Platforms/iPhoneSimulator.platform/Developer/SDKs/iPhoneSimulator26.0.sdk/Developer/Library/Frameworks -c -j8 -enable-batch-mode -incremental -Xcc -ivfsstatcache -Xcc /Users/aero/Library/Developer/Xcode/DerivedData/SDKStatCaches.noindex/iphonesimulator26.0-23A339-26257891a6c027eb51374368541b8346.sdkstatcache -output-file-map /Users/aero/Library/Developer/Xcode/DerivedData/ClariFi_iOS-gmrlhvqnuqrbwdaistjzehzlpfwz/Build/Intermediates.noindex/Supabase.build/Debug-iphonesimulator/Auth.build/Objects-normal/x86_64/Auth-OutputFileMap.json -use-frontend-parseable-output -save-temps -no-color-diagnostics -explicit-module-build -module-cache-path /Users/aero/Library/Developer/Xcode/DerivedData/ClariFi_iOS-gmrlhvqnuqrbwdaistjzehzlpfwz/Build/Intermediates.noindex/SwiftExplicitPrecompiledModules -clang-scanner-module-cache-path /Users/aero/Library/Developer/Xcode/DerivedData/ModuleCache.noindex -sdk-module-cache-path /Users/aero/Library/Developer/Xcode/DerivedData/ModuleCache.noindex -serialize-diagnostics -emit-dependencies -emit-module -emit-module-path /Users/aero/Library/Developer/Xcode/DerivedData/ClariFi_iOS-gmrlhvqnuqrbwdaistjzehzlpfwz/Build/Intermediates.noindex/Supabase.build/Debug-iphonesimulator/Auth.build/Objects-normal/x86_64/Auth.swiftmodule -validate-clang-modules-once -clang-build-session-file /Users/aero/Library/Developer/Xcode/DerivedData/ModuleCache.noindex/Session.modulevalidation -package-name supabase_swift -Xcc -I/Users/aero/Library/Developer/Xcode/DerivedData/ClariFi_iOS-gmrlhvqnuqrbwdaistjzehzlpfwz/Build/Intermediates.noindex/Supabase.build/Debug-iphonesimulator/Auth.build/swift-overrides.hmap -emit-const-values -Xfrontend -const-gather-protocols-file -Xfrontend /Users/aero/Library/Developer/Xcode/DerivedData/ClariFi_iOS-gmrlhvqnuqrbwdaistjzehzlpfwz/Build/Intermediates.noindex/Supabase.build/Debug-iphonesimulator/Auth.build/Objects-normal/x86_64/Auth_const_extract_protocols.json -Xcc -I/Users/aero/Library/Developer/Xcode/DerivedData/ClariFi_iOS-gmrlhvqnuqrbwdaistjzehzlpfwz/Build/Products/Debug-iphonesimulator/include -Xcc -I/Users/aero/Library/Developer/Xcode/DerivedData/ClariFi_iOS-gmrlhvqnuqrbwdaistjzehzlpfwz/Build/Intermediates.noindex/Supabase.build/Debug-iphonesimulator/Auth.build/DerivedSources-normal/x86_64 -Xcc -I/Users/aero/Library/Developer/Xcode/DerivedData/ClariFi_iOS-gmrlhvqnuqrbwdaistjzehzlpfwz/Build/Intermediates.noindex/Supabase.build/Debug-iphonesimulator/Auth.build/DerivedSources/x86_64 -Xcc -I/Users/aero/Library/Developer/Xcode/DerivedData/ClariFi_iOS-gmrlhvqnuqrbwdaistjzehzlpfwz/Build/Intermediates.noindex/Supabase.build/Debug-iphonesimulator/Auth.build/DerivedSources -Xcc -DSWIFT_PACKAGE -Xcc -DDEBUG\=1 -emit-objc-header -emit-objc-header-path /Users/aero/Library/Developer/Xcode/DerivedData/ClariFi_iOS-gmrlhvqnuqrbwdaistjzehzlpfwz/Build/Intermediates.noindex/Supabase.build/Debug-iphonesimulator/Auth.build/Objects-normal/x86_64/Auth-Swift.h -working-directory /Users/mayenikhalo/Public/From\ aEroPartition/Dev/ClariFi\ iOS/ClariFi\ iOS.xcodeproj -experimental-emit-module-separately -disable-cmo

Ld /Users/aero/Library/Developer/Xcode/DerivedData/ClariFi_iOS-gmrlhvqnuqrbwdaistjzehzlpfwz/Build/Intermediates.noindex/Supabase.build/Debug-iphonesimulator/Auth.build/Objects-normal/x86_64/Binary/Auth.o normal x86_64 (in target 'Auth' from project 'Supabase')
    cd /Users/aero/Library/Developer/Xcode/DerivedData/ClariFi_iOS-gmrlhvqnuqrbwdaistjzehzlpfwz/SourcePackages/checkouts/supabase-swift
    /Applications/Xcode.app/Contents/Developer/Toolchains/XcodeDefault.xctoolchain/usr/bin/clang -Xlinker -reproducible -target x86_64-apple-ios13.0-simulator -r -isysroot /Applications/Xcode.app/Contents/Developer/Platforms/iPhoneSimulator.platform/Developer/SDKs/iPhoneSimulator26.0.sdk -O0 -w -L/Users/aero/Library/Developer/Xcode/DerivedData/ClariFi_iOS-gmrlhvqnuqrbwdaistjzehzlpfwz/Build/Intermediates.noindex/EagerLinkingTBDs/Debug-iphonesimulator -L/Users/aero/Library/Developer/Xcode/DerivedData/ClariFi_iOS-gmrlhvqnuqrbwdaistjzehzlpfwz/Build/Products/Debug-iphonesimulator -L/Applications/Xcode.app/Contents/Developer/Platforms/iPhoneSimulator.platform/Developer/usr/lib -F/Users/aero/Library/Developer/Xcode/DerivedData/ClariFi_iOS-gmrlhvqnuqrbwdaistjzehzlpfwz/Build/Intermediates.noindex/EagerLinkingTBDs/Debug-iphonesimulator -F/Users/aero/Library/Developer/Xcode/DerivedData/ClariFi_iOS-gmrlhvqnuqrbwdaistjzehzlpfwz/Build/Products/Debug-iphonesimulator/PackageFrameworks -F/Users/aero/Library/Developer/Xcode/DerivedData/ClariFi_iOS-gmrlhvqnuqrbwdaistjzehzlpfwz/Build/Products/Debug-iphonesimulator/PackageFrameworks -F/Users/aero/Library/Developer/Xcode/DerivedData/ClariFi_iOS-gmrlhvqnuqrbwdaistjzehzlpfwz/Build/Products/Debug-iphonesimulator/PackageFrameworks -F/Users/aero/Library/Developer/Xcode/DerivedData/ClariFi_iOS-gmrlhvqnuqrbwdaistjzehzlpfwz/Build/Products/Debug-iphonesimulator/PackageFrameworks -F/Users/aero/Library/Developer/Xcode/DerivedData/ClariFi_iOS-gmrlhvqnuqrbwdaistjzehzlpfwz/Build/Products/Debug-iphonesimulator/PackageFrameworks -F/Users/aero/Library/Developer/Xcode/DerivedData/ClariFi_iOS-gmrlhvqnuqrbwdaistjzehzlpfwz/Build/Products/Debug-iphonesimulator/PackageFrameworks -F/Users/aero/Library/Developer/Xcode/DerivedData/ClariFi_iOS-gmrlhvqnuqrbwdaistjzehzlpfwz/Build/Products/Debug-iphonesimulator/PackageFrameworks -F/Users/aero/Library/Developer/Xcode/DerivedData/ClariFi_iOS-gmrlhvqnuqrbwdaistjzehzlpfwz/Build/Products/Debug-iphonesimulator/PackageFrameworks -F/Users/aero/Library/Developer/Xcode/DerivedData/ClariFi_iOS-gmrlhvqnuqrbwdaistjzehzlpfwz/Build/Products/Debug-iphonesimulator -iframework /Applications/Xcode.app/Contents/Developer/Platforms/iPhoneSimulator.platform/Developer/Library/Frameworks -iframework /Applications/Xcode.app/Contents/Developer/Platforms/iPhoneSimulator.platform/Developer/SDKs/iPhoneSimulator26.0.sdk/Developer/Library/Frameworks -filelist /Users/aero/Library/Developer/Xcode/DerivedData/ClariFi_iOS-gmrlhvqnuqrbwdaistjzehzlpfwz/Build/Intermediates.noindex/Supabase.build/Debug-iphonesimulator/Auth.build/Objects-normal/x86_64/Auth.LinkFileList -nostdlib -Xlinker -object_path_lto -Xlinker /Users/aero/Library/Developer/Xcode/DerivedData/ClariFi_iOS-gmrlhvqnuqrbwdaistjzehzlpfwz/Build/Intermediates.noindex/Supabase.build/Debug-iphonesimulator/Auth.build/Objects-normal/x86_64/Auth_lto.o -rdynamic -Xlinker -no_deduplicate -Xlinker -objc_abi_version -Xlinker 2 -Xlinker -debug_variant -Xlinker -dependency_info -Xlinker /Users/aero/Library/Developer/Xcode/DerivedData/ClariFi_iOS-gmrlhvqnuqrbwdaistjzehzlpfwz/Build/Intermediates.noindex/Supabase.build/Debug-iphonesimulator/Auth.build/Objects-normal/x86_64/Auth_dependency_info.dat -fobjc-link-runtime -L/Applications/Xcode.app/Contents/Developer/Toolchains/XcodeDefault.xctoolchain/usr/lib/swift/iphonesimulator -L/usr/lib/swift -Xlinker -add_ast_path -Xlinker /Users/aero/Library/Developer/Xcode/DerivedData/ClariFi_iOS-gmrlhvqnuqrbwdaistjzehzlpfwz/Build/Intermediates.noindex/Supabase.build/Debug-iphonesimulator/Auth.build/Objects-normal/x86_64/Auth.swiftmodule @/Users/aero/Library/Developer/Xcode/DerivedData/ClariFi_iOS-gmrlhvqnuqrbwdaistjzehzlpfwz/Build/Intermediates.noindex/Supabase.build/Debug-iphonesimulator/Auth.build/Objects-normal/x86_64/Auth-linker-args.resp -o /Users/aero/Library/Developer/Xcode/DerivedData/ClariFi_iOS-gmrlhvqnuqrbwdaistjzehzlpfwz/Build/Intermediates.noindex/Supabase.build/Debug-iphonesimulator/Auth.build/Objects-normal/x86_64/Binary/Auth.o

CreateUniversalBinary /Users/aero/Library/Developer/Xcode/DerivedData/ClariFi_iOS-gmrlhvqnuqrbwdaistjzehzlpfwz/Build/Products/Debug-iphonesimulator/Auth.o normal arm64\ x86_64 (in target 'Auth' from project 'Supabase')
    cd /Users/aero/Library/Developer/Xcode/DerivedData/ClariFi_iOS-gmrlhvqnuqrbwdaistjzehzlpfwz/SourcePackages/checkouts/supabase-swift
    /Applications/Xcode.app/Contents/Developer/Toolchains/XcodeDefault.xctoolchain/usr/bin/lipo -create /Users/aero/Library/Developer/Xcode/DerivedData/ClariFi_iOS-gmrlhvqnuqrbwdaistjzehzlpfwz/Build/Intermediates.noindex/Supabase.build/Debug-iphonesimulator/Auth.build/Objects-normal/arm64/Binary/Auth.o /Users/aero/Library/Developer/Xcode/DerivedData/ClariFi_iOS-gmrlhvqnuqrbwdaistjzehzlpfwz/Build/Intermediates.noindex/Supabase.build/Debug-iphonesimulator/Auth.build/Objects-normal/x86_64/Binary/Auth.o -output /Users/aero/Library/Developer/Xcode/DerivedData/ClariFi_iOS-gmrlhvqnuqrbwdaistjzehzlpfwz/Build/Products/Debug-iphonesimulator/Auth.o

ExtractAppIntentsMetadata (in target 'Auth' from project 'Supabase')
    cd /Users/aero/Library/Developer/Xcode/DerivedData/ClariFi_iOS-gmrlhvqnuqrbwdaistjzehzlpfwz/SourcePackages/checkouts/supabase-swift
    /Applications/Xcode.app/Contents/Developer/Toolchains/XcodeDefault.xctoolchain/usr/bin/appintentsmetadataprocessor --toolchain-dir /Applications/Xcode.app/Contents/Developer/Toolchains/XcodeDefault.xctoolchain --module-name Auth --sdk-root /Applications/Xcode.app/Contents/Developer/Platforms/iPhoneSimulator.platform/Developer/SDKs/iPhoneSimulator26.0.sdk --xcode-version 17A400 --platform-family iOS --deployment-target 13.0 --bundle-identifier supabase-swift.Auth --output /Users/aero/Library/Developer/Xcode/DerivedData/ClariFi_iOS-gmrlhvqnuqrbwdaistjzehzlpfwz/Build/Products/Debug-iphonesimulator/Auth.appintents --target-triple arm64-apple-ios13.0-simulator --target-triple x86_64-apple-ios13.0-simulator --binary-file /Users/aero/Library/Developer/Xcode/DerivedData/ClariFi_iOS-gmrlhvqnuqrbwdaistjzehzlpfwz/Build/Products/Debug-iphonesimulator/Auth.o --dependency-file /Users/aero/Library/Developer/Xcode/DerivedData/ClariFi_iOS-gmrlhvqnuqrbwdaistjzehzlpfwz/Build/Intermediates.noindex/Supabase.build/Debug-iphonesimulator/Auth.build/Objects-normal/arm64/Auth_dependency_info.dat --dependency-file /Users/aero/Library/Developer/Xcode/DerivedData/ClariFi_iOS-gmrlhvqnuqrbwdaistjzehzlpfwz/Build/Intermediates.noindex/Supabase.build/Debug-iphonesimulator/Auth.build/Objects-normal/x86_64/Auth_dependency_info.dat --stringsdata-file /Users/aero/Library/Developer/Xcode/DerivedData/ClariFi_iOS-gmrlhvqnuqrbwdaistjzehzlpfwz/Build/Intermediates.noindex/Supabase.build/Debug-iphonesimulator/Auth.build/Objects-normal/arm64/ExtractedAppShortcutsMetadata.stringsdata --stringsdata-file /Users/aero/Library/Developer/Xcode/DerivedData/ClariFi_iOS-gmrlhvqnuqrbwdaistjzehzlpfwz/Build/Intermediates.noindex/Supabase.build/Debug-iphonesimulator/Auth.build/Objects-normal/x86_64/ExtractedAppShortcutsMetadata.stringsdata --source-file-list /Users/aero/Library/Developer/Xcode/DerivedData/ClariFi_iOS-gmrlhvqnuqrbwdaistjzehzlpfwz/Build/Intermediates.noindex/Supabase.build/Debug-iphonesimulator/Auth.build/Objects-normal/arm64/Auth.SwiftFileList --source-file-list /Users/aero/Library/Developer/Xcode/DerivedData/ClariFi_iOS-gmrlhvqnuqrbwdaistjzehzlpfwz/Build/Intermediates.noindex/Supabase.build/Debug-iphonesimulator/Auth.build/Objects-normal/x86_64/Auth.SwiftFileList --metadata-file-list /Users/aero/Library/Developer/Xcode/DerivedData/ClariFi_iOS-gmrlhvqnuqrbwdaistjzehzlpfwz/Build/Intermediates.noindex/Supabase.build/Debug-iphonesimulator/Auth.build/Auth.DependencyMetadataFileList --static-metadata-file-list /Users/aero/Library/Developer/Xcode/DerivedData/ClariFi_iOS-gmrlhvqnuqrbwdaistjzehzlpfwz/Build/Intermediates.noindex/Supabase.build/Debug-iphonesimulator/Auth.build/Auth.DependencyStaticMetadataFileList --swift-const-vals-list /Users/aero/Library/Developer/Xcode/DerivedData/ClariFi_iOS-gmrlhvqnuqrbwdaistjzehzlpfwz/Build/Intermediates.noindex/Supabase.build/Debug-iphonesimulator/Auth.build/Objects-normal/arm64/Auth.SwiftConstValuesFileList --swift-const-vals-list /Users/aero/Library/Developer/Xcode/DerivedData/ClariFi_iOS-gmrlhvqnuqrbwdaistjzehzlpfwz/Build/Intermediates.noindex/Supabase.build/Debug-iphonesimulator/Auth.build/Objects-normal/x86_64/Auth.SwiftConstValuesFileList --force --compile-time-extraction --deployment-aware-processing --validate-assistant-intents --no-app-shortcuts-localization
2025-11-05 10:44:24.287 appintentsmetadataprocessor[13032:1292317] Starting appintentsmetadataprocessor export
2025-11-05 10:44:24.436 appintentsmetadataprocessor[13032:1292317] Extracted no relevant App Intents symbols, skipping writing output

SwiftDriverJobDiscovery normal arm64 Compiling SubscriptionService.swift, MemoryManager.swift, CategoryPickerView.swift, EmptyStateView.swift (in target 'ClariFi iOS' from project 'ClariFi iOS')

SwiftDriverJobDiscovery normal x86_64 Compiling TransactionEntryViewModel.swift, TransactionReviewViewModel.swift, LoginView.swift, PasswordStrengthView.swift, RegistrationView.swift, WelcomeView.swift, CategoryPickerView.swift, EmptyStateView.swift, HybridGlassCard.swift, LoadingOverlay.swift, LoadingStateView.swift, PremiumUpsellView.swift, SuccessAnimationView.swift, ToastView.swift, AccountSetupStepView.swift, FirstActionGuidanceView.swift, OnboardingSuccessView.swift, QuickStartView.swift, AboutAppView.swift, AboutView.swift (in target 'ClariFi iOS' from project 'ClariFi iOS')

RegisterExecutionPolicyException /Users/aero/Library/Developer/Xcode/DerivedData/ClariFi_iOS-gmrlhvqnuqrbwdaistjzehzlpfwz/Build/Products/Debug-iphonesimulator/Auth.o (in target 'Auth' from project 'Supabase')
    cd /Users/aero/Library/Developer/Xcode/DerivedData/ClariFi_iOS-gmrlhvqnuqrbwdaistjzehzlpfwz/SourcePackages/checkouts/supabase-swift
    builtin-RegisterExecutionPolicyException /Users/aero/Library/Developer/Xcode/DerivedData/ClariFi_iOS-gmrlhvqnuqrbwdaistjzehzlpfwz/Build/Products/Debug-iphonesimulator/Auth.o

Ld /Users/aero/Library/Developer/Xcode/DerivedData/ClariFi_iOS-gmrlhvqnuqrbwdaistjzehzlpfwz/Build/Intermediates.noindex/Supabase.build/Debug-iphonesimulator/Supabase.build/Objects-normal/arm64/Binary/Supabase.o normal arm64 (in target 'Supabase' from project 'Supabase')
    cd /Users/aero/Library/Developer/Xcode/DerivedData/ClariFi_iOS-gmrlhvqnuqrbwdaistjzehzlpfwz/SourcePackages/checkouts/supabase-swift
    /Applications/Xcode.app/Contents/Developer/Toolchains/XcodeDefault.xctoolchain/usr/bin/clang -Xlinker -reproducible -target arm64-apple-ios13.0-simulator -r -isysroot /Applications/Xcode.app/Contents/Developer/Platforms/iPhoneSimulator.platform/Developer/SDKs/iPhoneSimulator26.0.sdk -O0 -w -L/Users/aero/Library/Developer/Xcode/DerivedData/ClariFi_iOS-gmrlhvqnuqrbwdaistjzehzlpfwz/Build/Intermediates.noindex/EagerLinkingTBDs/Debug-iphonesimulator -L/Users/aero/Library/Developer/Xcode/DerivedData/ClariFi_iOS-gmrlhvqnuqrbwdaistjzehzlpfwz/Build/Products/Debug-iphonesimulator -L/Applications/Xcode.app/Contents/Developer/Platforms/iPhoneSimulator.platform/Developer/usr/lib -F/Users/aero/Library/Developer/Xcode/DerivedData/ClariFi_iOS-gmrlhvqnuqrbwdaistjzehzlpfwz/Build/Intermediates.noindex/EagerLinkingTBDs/Debug-iphonesimulator -F/Users/aero/Library/Developer/Xcode/DerivedData/ClariFi_iOS-gmrlhvqnuqrbwdaistjzehzlpfwz/Build/Products/Debug-iphonesimulator/PackageFrameworks -F/Users/aero/Library/Developer/Xcode/DerivedData/ClariFi_iOS-gmrlhvqnuqrbwdaistjzehzlpfwz/Build/Products/Debug-iphonesimulator/PackageFrameworks -F/Users/aero/Library/Developer/Xcode/DerivedData/ClariFi_iOS-gmrlhvqnuqrbwdaistjzehzlpfwz/Build/Products/Debug-iphonesimulator/PackageFrameworks -F/Users/aero/Library/Developer/Xcode/DerivedData/ClariFi_iOS-gmrlhvqnuqrbwdaistjzehzlpfwz/Build/Products/Debug-iphonesimulator/PackageFrameworks -F/Users/aero/Library/Developer/Xcode/DerivedData/ClariFi_iOS-gmrlhvqnuqrbwdaistjzehzlpfwz/Build/Products/Debug-iphonesimulator/PackageFrameworks -F/Users/aero/Library/Developer/Xcode/DerivedData/ClariFi_iOS-gmrlhvqnuqrbwdaistjzehzlpfwz/Build/Products/Debug-iphonesimulator/PackageFrameworks -F/Users/aero/Library/Developer/Xcode/DerivedData/ClariFi_iOS-gmrlhvqnuqrbwdaistjzehzlpfwz/Build/Products/Debug-iphonesimulator/PackageFrameworks -F/Users/aero/Library/Developer/Xcode/DerivedData/ClariFi_iOS-gmrlhvqnuqrbwdaistjzehzlpfwz/Build/Products/Debug-iphonesimulator/PackageFrameworks -F/Users/aero/Library/Developer/Xcode/DerivedData/ClariFi_iOS-gmrlhvqnuqrbwdaistjzehzlpfwz/Build/Products/Debug-iphonesimulator/PackageFrameworks -F/Users/aero/Library/Developer/Xcode/DerivedData/ClariFi_iOS-gmrlhvqnuqrbwdaistjzehzlpfwz/Build/Products/Debug-iphonesimulator/PackageFrameworks -F/Users/aero/Library/Developer/Xcode/DerivedData/ClariFi_iOS-gmrlhvqnuqrbwdaistjzehzlpfwz/Build/Products/Debug-iphonesimulator/PackageFrameworks -F/Users/aero/Library/Developer/Xcode/DerivedData/ClariFi_iOS-gmrlhvqnuqrbwdaistjzehzlpfwz/Build/Products/Debug-iphonesimulator/PackageFrameworks -F/Users/aero/Library/Developer/Xcode/DerivedData/ClariFi_iOS-gmrlhvqnuqrbwdaistjzehzlpfwz/Build/Products/Debug-iphonesimulator/PackageFrameworks -F/Users/aero/Library/Developer/Xcode/DerivedData/ClariFi_iOS-gmrlhvqnuqrbwdaistjzehzlpfwz/Build/Products/Debug-iphonesimulator -iframework /Applications/Xcode.app/Contents/Developer/Platforms/iPhoneSimulator.platform/Developer/Library/Frameworks -iframework /Applications/Xcode.app/Contents/Developer/Platforms/iPhoneSimulator.platform/Developer/SDKs/iPhoneSimulator26.0.sdk/Developer/Library/Frameworks -filelist /Users/aero/Library/Developer/Xcode/DerivedData/ClariFi_iOS-gmrlhvqnuqrbwdaistjzehzlpfwz/Build/Intermediates.noindex/Supabase.build/Debug-iphonesimulator/Supabase.build/Objects-normal/arm64/Supabase.LinkFileList -nostdlib -Xlinker -object_path_lto -Xlinker /Users/aero/Library/Developer/Xcode/DerivedData/ClariFi_iOS-gmrlhvqnuqrbwdaistjzehzlpfwz/Build/Intermediates.noindex/Supabase.build/Debug-iphonesimulator/Supabase.build/Objects-normal/arm64/Supabase_lto.o -rdynamic -Xlinker -no_deduplicate -Xlinker -objc_abi_version -Xlinker 2 -Xlinker -debug_variant -Xlinker -dependency_info -Xlinker /Users/aero/Library/Developer/Xcode/DerivedData/ClariFi_iOS-gmrlhvqnuqrbwdaistjzehzlpfwz/Build/Intermediates.noindex/Supabase.build/Debug-iphonesimulator/Supabase.build/Objects-normal/arm64/Supabase_dependency_info.dat -fobjc-link-runtime -L/Applications/Xcode.app/Contents/Developer/Toolchains/XcodeDefault.xctoolchain/usr/lib/swift/iphonesimulator -L/usr/lib/swift -Xlinker -add_ast_path -Xlinker /Users/aero/Library/Developer/Xcode/DerivedData/ClariFi_iOS-gmrlhvqnuqrbwdaistjzehzlpfwz/Build/Intermediates.noindex/Supabase.build/Debug-iphonesimulator/Supabase.build/Objects-normal/arm64/Supabase.swiftmodule @/Users/aero/Library/Developer/Xcode/DerivedData/ClariFi_iOS-gmrlhvqnuqrbwdaistjzehzlpfwz/Build/Intermediates.noindex/Supabase.build/Debug-iphonesimulator/Supabase.build/Objects-normal/arm64/Supabase-linker-args.resp -o /Users/aero/Library/Developer/Xcode/DerivedData/ClariFi_iOS-gmrlhvqnuqrbwdaistjzehzlpfwz/Build/Intermediates.noindex/Supabase.build/Debug-iphonesimulator/Supabase.build/Objects-normal/arm64/Binary/Supabase.o

Ld /Users/aero/Library/Developer/Xcode/DerivedData/ClariFi_iOS-gmrlhvqnuqrbwdaistjzehzlpfwz/Build/Intermediates.noindex/Supabase.build/Debug-iphonesimulator/Supabase.build/Objects-normal/x86_64/Binary/Supabase.o normal x86_64 (in target 'Supabase' from project 'Supabase')
    cd /Users/aero/Library/Developer/Xcode/DerivedData/ClariFi_iOS-gmrlhvqnuqrbwdaistjzehzlpfwz/SourcePackages/checkouts/supabase-swift
    /Applications/Xcode.app/Contents/Developer/Toolchains/XcodeDefault.xctoolchain/usr/bin/clang -Xlinker -reproducible -target x86_64-apple-ios13.0-simulator -r -isysroot /Applications/Xcode.app/Contents/Developer/Platforms/iPhoneSimulator.platform/Developer/SDKs/iPhoneSimulator26.0.sdk -O0 -w -L/Users/aero/Library/Developer/Xcode/DerivedData/ClariFi_iOS-gmrlhvqnuqrbwdaistjzehzlpfwz/Build/Intermediates.noindex/EagerLinkingTBDs/Debug-iphonesimulator -L/Users/aero/Library/Developer/Xcode/DerivedData/ClariFi_iOS-gmrlhvqnuqrbwdaistjzehzlpfwz/Build/Products/Debug-iphonesimulator -L/Applications/Xcode.app/Contents/Developer/Platforms/iPhoneSimulator.platform/Developer/usr/lib -F/Users/aero/Library/Developer/Xcode/DerivedData/ClariFi_iOS-gmrlhvqnuqrbwdaistjzehzlpfwz/Build/Intermediates.noindex/EagerLinkingTBDs/Debug-iphonesimulator -F/Users/aero/Library/Developer/Xcode/DerivedData/ClariFi_iOS-gmrlhvqnuqrbwdaistjzehzlpfwz/Build/Products/Debug-iphonesimulator/PackageFrameworks -F/Users/aero/Library/Developer/Xcode/DerivedData/ClariFi_iOS-gmrlhvqnuqrbwdaistjzehzlpfwz/Build/Products/Debug-iphonesimulator/PackageFrameworks -F/Users/aero/Library/Developer/Xcode/DerivedData/ClariFi_iOS-gmrlhvqnuqrbwdaistjzehzlpfwz/Build/Products/Debug-iphonesimulator/PackageFrameworks -F/Users/aero/Library/Developer/Xcode/DerivedData/ClariFi_iOS-gmrlhvqnuqrbwdaistjzehzlpfwz/Build/Products/Debug-iphonesimulator/PackageFrameworks -F/Users/aero/Library/Developer/Xcode/DerivedData/ClariFi_iOS-gmrlhvqnuqrbwdaistjzehzlpfwz/Build/Products/Debug-iphonesimulator/PackageFrameworks -F/Users/aero/Library/Developer/Xcode/DerivedData/ClariFi_iOS-gmrlhvqnuqrbwdaistjzehzlpfwz/Build/Products/Debug-iphonesimulator/PackageFrameworks -F/Users/aero/Library/Developer/Xcode/DerivedData/ClariFi_iOS-gmrlhvqnuqrbwdaistjzehzlpfwz/Build/Products/Debug-iphonesimulator/PackageFrameworks -F/Users/aero/Library/Developer/Xcode/DerivedData/ClariFi_iOS-gmrlhvqnuqrbwdaistjzehzlpfwz/Build/Products/Debug-iphonesimulator/PackageFrameworks -F/Users/aero/Library/Developer/Xcode/DerivedData/ClariFi_iOS-gmrlhvqnuqrbwdaistjzehzlpfwz/Build/Products/Debug-iphonesimulator/PackageFrameworks -F/Users/aero/Library/Developer/Xcode/DerivedData/ClariFi_iOS-gmrlhvqnuqrbwdaistjzehzlpfwz/Build/Products/Debug-iphonesimulator/PackageFrameworks -F/Users/aero/Library/Developer/Xcode/DerivedData/ClariFi_iOS-gmrlhvqnuqrbwdaistjzehzlpfwz/Build/Products/Debug-iphonesimulator/PackageFrameworks -F/Users/aero/Library/Developer/Xcode/DerivedData/ClariFi_iOS-gmrlhvqnuqrbwdaistjzehzlpfwz/Build/Products/Debug-iphonesimulator/PackageFrameworks -F/Users/aero/Library/Developer/Xcode/DerivedData/ClariFi_iOS-gmrlhvqnuqrbwdaistjzehzlpfwz/Build/Products/Debug-iphonesimulator/PackageFrameworks -F/Users/aero/Library/Developer/Xcode/DerivedData/ClariFi_iOS-gmrlhvqnuqrbwdaistjzehzlpfwz/Build/Products/Debug-iphonesimulator -iframework /Applications/Xcode.app/Contents/Developer/Platforms/iPhoneSimulator.platform/Developer/Library/Frameworks -iframework /Applications/Xcode.app/Contents/Developer/Platforms/iPhoneSimulator.platform/Developer/SDKs/iPhoneSimulator26.0.sdk/Developer/Library/Frameworks -filelist /Users/aero/Library/Developer/Xcode/DerivedData/ClariFi_iOS-gmrlhvqnuqrbwdaistjzehzlpfwz/Build/Intermediates.noindex/Supabase.build/Debug-iphonesimulator/Supabase.build/Objects-normal/x86_64/Supabase.LinkFileList -nostdlib -Xlinker -object_path_lto -Xlinker /Users/aero/Library/Developer/Xcode/DerivedData/ClariFi_iOS-gmrlhvqnuqrbwdaistjzehzlpfwz/Build/Intermediates.noindex/Supabase.build/Debug-iphonesimulator/Supabase.build/Objects-normal/x86_64/Supabase_lto.o -rdynamic -Xlinker -no_deduplicate -Xlinker -objc_abi_version -Xlinker 2 -Xlinker -debug_variant -Xlinker -dependency_info -Xlinker /Users/aero/Library/Developer/Xcode/DerivedData/ClariFi_iOS-gmrlhvqnuqrbwdaistjzehzlpfwz/Build/Intermediates.noindex/Supabase.build/Debug-iphonesimulator/Supabase.build/Objects-normal/x86_64/Supabase_dependency_info.dat -fobjc-link-runtime -L/Applications/Xcode.app/Contents/Developer/Toolchains/XcodeDefault.xctoolchain/usr/lib/swift/iphonesimulator -L/usr/lib/swift -Xlinker -add_ast_path -Xlinker /Users/aero/Library/Developer/Xcode/DerivedData/ClariFi_iOS-gmrlhvqnuqrbwdaistjzehzlpfwz/Build/Intermediates.noindex/Supabase.build/Debug-iphonesimulator/Supabase.build/Objects-normal/x86_64/Supabase.swiftmodule @/Users/aero/Library/Developer/Xcode/DerivedData/ClariFi_iOS-gmrlhvqnuqrbwdaistjzehzlpfwz/Build/Intermediates.noindex/Supabase.build/Debug-iphonesimulator/Supabase.build/Objects-normal/x86_64/Supabase-linker-args.resp -o /Users/aero/Library/Developer/Xcode/DerivedData/ClariFi_iOS-gmrlhvqnuqrbwdaistjzehzlpfwz/Build/Intermediates.noindex/Supabase.build/Debug-iphonesimulator/Supabase.build/Objects-normal/x86_64/Binary/Supabase.o

CreateUniversalBinary /Users/aero/Library/Developer/Xcode/DerivedData/ClariFi_iOS-gmrlhvqnuqrbwdaistjzehzlpfwz/Build/Products/Debug-iphonesimulator/Supabase.o normal arm64\ x86_64 (in target 'Supabase' from project 'Supabase')
    cd /Users/aero/Library/Developer/Xcode/DerivedData/ClariFi_iOS-gmrlhvqnuqrbwdaistjzehzlpfwz/SourcePackages/checkouts/supabase-swift
    /Applications/Xcode.app/Contents/Developer/Toolchains/XcodeDefault.xctoolchain/usr/bin/lipo -create /Users/aero/Library/Developer/Xcode/DerivedData/ClariFi_iOS-gmrlhvqnuqrbwdaistjzehzlpfwz/Build/Intermediates.noindex/Supabase.build/Debug-iphonesimulator/Supabase.build/Objects-normal/arm64/Binary/Supabase.o /Users/aero/Library/Developer/Xcode/DerivedData/ClariFi_iOS-gmrlhvqnuqrbwdaistjzehzlpfwz/Build/Intermediates.noindex/Supabase.build/Debug-iphonesimulator/Supabase.build/Objects-normal/x86_64/Binary/Supabase.o -output /Users/aero/Library/Developer/Xcode/DerivedData/ClariFi_iOS-gmrlhvqnuqrbwdaistjzehzlpfwz/Build/Products/Debug-iphonesimulator/Supabase.o

ExtractAppIntentsMetadata (in target 'Supabase' from project 'Supabase')
    cd /Users/aero/Library/Developer/Xcode/DerivedData/ClariFi_iOS-gmrlhvqnuqrbwdaistjzehzlpfwz/SourcePackages/checkouts/supabase-swift
    /Applications/Xcode.app/Contents/Developer/Toolchains/XcodeDefault.xctoolchain/usr/bin/appintentsmetadataprocessor --toolchain-dir /Applications/Xcode.app/Contents/Developer/Toolchains/XcodeDefault.xctoolchain --module-name Supabase --sdk-root /Applications/Xcode.app/Contents/Developer/Platforms/iPhoneSimulator.platform/Developer/SDKs/iPhoneSimulator26.0.sdk --xcode-version 17A400 --platform-family iOS --deployment-target 13.0 --bundle-identifier supabase-swift.Supabase --output /Users/aero/Library/Developer/Xcode/DerivedData/ClariFi_iOS-gmrlhvqnuqrbwdaistjzehzlpfwz/Build/Products/Debug-iphonesimulator/Supabase.appintents --target-triple arm64-apple-ios13.0-simulator --target-triple x86_64-apple-ios13.0-simulator --binary-file /Users/aero/Library/Developer/Xcode/DerivedData/ClariFi_iOS-gmrlhvqnuqrbwdaistjzehzlpfwz/Build/Products/Debug-iphonesimulator/Supabase.o --dependency-file /Users/aero/Library/Developer/Xcode/DerivedData/ClariFi_iOS-gmrlhvqnuqrbwdaistjzehzlpfwz/Build/Intermediates.noindex/Supabase.build/Debug-iphonesimulator/Supabase.build/Objects-normal/arm64/Supabase_dependency_info.dat --dependency-file /Users/aero/Library/Developer/Xcode/DerivedData/ClariFi_iOS-gmrlhvqnuqrbwdaistjzehzlpfwz/Build/Intermediates.noindex/Supabase.build/Debug-iphonesimulator/Supabase.build/Objects-normal/x86_64/Supabase_dependency_info.dat --stringsdata-file /Users/aero/Library/Developer/Xcode/DerivedData/ClariFi_iOS-gmrlhvqnuqrbwdaistjzehzlpfwz/Build/Intermediates.noindex/Supabase.build/Debug-iphonesimulator/Supabase.build/Objects-normal/arm64/ExtractedAppShortcutsMetadata.stringsdata --stringsdata-file /Users/aero/Library/Developer/Xcode/DerivedData/ClariFi_iOS-gmrlhvqnuqrbwdaistjzehzlpfwz/Build/Intermediates.noindex/Supabase.build/Debug-iphonesimulator/Supabase.build/Objects-normal/x86_64/ExtractedAppShortcutsMetadata.stringsdata --source-file-list /Users/aero/Library/Developer/Xcode/DerivedData/ClariFi_iOS-gmrlhvqnuqrbwdaistjzehzlpfwz/Build/Intermediates.noindex/Supabase.build/Debug-iphonesimulator/Supabase.build/Objects-normal/arm64/Supabase.SwiftFileList --source-file-list /Users/aero/Library/Developer/Xcode/DerivedData/ClariFi_iOS-gmrlhvqnuqrbwdaistjzehzlpfwz/Build/Intermediates.noindex/Supabase.build/Debug-iphonesimulator/Supabase.build/Objects-normal/x86_64/Supabase.SwiftFileList --metadata-file-list /Users/aero/Library/Developer/Xcode/DerivedData/ClariFi_iOS-gmrlhvqnuqrbwdaistjzehzlpfwz/Build/Intermediates.noindex/Supabase.build/Debug-iphonesimulator/Supabase.build/Supabase.DependencyMetadataFileList --static-metadata-file-list /Users/aero/Library/Developer/Xcode/DerivedData/ClariFi_iOS-gmrlhvqnuqrbwdaistjzehzlpfwz/Build/Intermediates.noindex/Supabase.build/Debug-iphonesimulator/Supabase.build/Supabase.DependencyStaticMetadataFileList --swift-const-vals-list /Users/aero/Library/Developer/Xcode/DerivedData/ClariFi_iOS-gmrlhvqnuqrbwdaistjzehzlpfwz/Build/Intermediates.noindex/Supabase.build/Debug-iphonesimulator/Supabase.build/Objects-normal/arm64/Supabase.SwiftConstValuesFileList --swift-const-vals-list /Users/aero/Library/Developer/Xcode/DerivedData/ClariFi_iOS-gmrlhvqnuqrbwdaistjzehzlpfwz/Build/Intermediates.noindex/Supabase.build/Debug-iphonesimulator/Supabase.build/Objects-normal/x86_64/Supabase.SwiftConstValuesFileList --force --compile-time-extraction --deployment-aware-processing --validate-assistant-intents --no-app-shortcuts-localization
2025-11-05 10:44:24.601 appintentsmetadataprocessor[13038:1292345] Starting appintentsmetadataprocessor export
2025-11-05 10:44:24.723 appintentsmetadataprocessor[13038:1292345] Extracted no relevant App Intents symbols, skipping writing output

RegisterExecutionPolicyException /Users/aero/Library/Developer/Xcode/DerivedData/ClariFi_iOS-gmrlhvqnuqrbwdaistjzehzlpfwz/Build/Products/Debug-iphonesimulator/Supabase.o (in target 'Supabase' from project 'Supabase')
    cd /Users/aero/Library/Developer/Xcode/DerivedData/ClariFi_iOS-gmrlhvqnuqrbwdaistjzehzlpfwz/SourcePackages/checkouts/supabase-swift
    builtin-RegisterExecutionPolicyException /Users/aero/Library/Developer/Xcode/DerivedData/ClariFi_iOS-gmrlhvqnuqrbwdaistjzehzlpfwz/Build/Products/Debug-iphonesimulator/Supabase.o

CpResource /Users/aero/Library/Developer/Xcode/DerivedData/ClariFi_iOS-gmrlhvqnuqrbwdaistjzehzlpfwz/Build/Products/Debug-iphonesimulator/ClariFi\ iOS.app/ADR-005-state-management-patterns.md /Users/mayenikhalo/Public/From\ aEroPartition/Dev/ClariFi\ iOS/ClariFi\ iOS/.kiro/specs/architecture-refactoring/ADR/ADR-005-state-management-patterns.md (in target 'ClariFi iOS' from project 'ClariFi iOS')
    cd /Users/mayenikhalo/Public/From\ aEroPartition/Dev/ClariFi\ iOS
    builtin-copy -exclude .DS_Store -exclude CVS -exclude .svn -exclude .git -exclude .hg -resolve-src-symlinks /Users/mayenikhalo/Public/From\ aEroPartition/Dev/ClariFi\ iOS/ClariFi\ iOS/.kiro/specs/architecture-refactoring/ADR/ADR-005-state-management-patterns.md /Users/aero/Library/Developer/Xcode/DerivedData/ClariFi_iOS-gmrlhvqnuqrbwdaistjzehzlpfwz/Build/Products/Debug-iphonesimulator/ClariFi\ iOS.app

CpResource /Users/aero/Library/Developer/Xcode/DerivedData/ClariFi_iOS-gmrlhvqnuqrbwdaistjzehzlpfwz/Build/Products/Debug-iphonesimulator/ClariFi\ iOS.app/AUTOFIX_RESOLUTION.md /Users/mayenikhalo/Public/From\ aEroPartition/Dev/ClariFi\ iOS/ClariFi\ iOS/.kiro/specs/additional-ux-improvements/AUTOFIX_RESOLUTION.md (in target 'ClariFi iOS' from project 'ClariFi iOS')
    cd /Users/mayenikhalo/Public/From\ aEroPartition/Dev/ClariFi\ iOS
    builtin-copy -exclude .DS_Store -exclude CVS -exclude .svn -exclude .git -exclude .hg -resolve-src-symlinks /Users/mayenikhalo/Public/From\ aEroPartition/Dev/ClariFi\ iOS/ClariFi\ iOS/.kiro/specs/additional-ux-improvements/AUTOFIX_RESOLUTION.md /Users/aero/Library/Developer/Xcode/DerivedData/ClariFi_iOS-gmrlhvqnuqrbwdaistjzehzlpfwz/Build/Products/Debug-iphonesimulator/ClariFi\ iOS.app

CpResource /Users/aero/Library/Developer/Xcode/DerivedData/ClariFi_iOS-gmrlhvqnuqrbwdaistjzehzlpfwz/Build/Products/Debug-iphonesimulator/ClariFi\ iOS.app/AppDIContainer+Registration.swift.bak /Users/mayenikhalo/Public/From\ aEroPartition/Dev/ClariFi\ iOS/ClariFi\ iOS/Core/DependencyInjection/AppDIContainer+Registration.swift.bak (in target 'ClariFi iOS' from project 'ClariFi iOS')
    cd /Users/mayenikhalo/Public/From\ aEroPartition/Dev/ClariFi\ iOS
    builtin-copy -exclude .DS_Store -exclude CVS -exclude .svn -exclude .git -exclude .hg -resolve-src-symlinks /Users/mayenikhalo/Public/From\ aEroPartition/Dev/ClariFi\ iOS/ClariFi\ iOS/Core/DependencyInjection/AppDIContainer+Registration.swift.bak /Users/aero/Library/Developer/Xcode/DerivedData/ClariFi_iOS-gmrlhvqnuqrbwdaistjzehzlpfwz/Build/Products/Debug-iphonesimulator/ClariFi\ iOS.app

Ld /Users/aero/Library/Developer/Xcode/DerivedData/ClariFi_iOS-gmrlhvqnuqrbwdaistjzehzlpfwz/Build/Intermediates.noindex/ClariFi\ iOS.build/Debug-iphonesimulator/ClariFi\ iOS.build/Objects-normal/x86_64/Binary/__preview.dylib normal x86_64 (in target 'ClariFi iOS' from project 'ClariFi iOS')
    cd /Users/mayenikhalo/Public/From\ aEroPartition/Dev/ClariFi\ iOS
    /Applications/Xcode.app/Contents/Developer/Toolchains/XcodeDefault.xctoolchain/usr/bin/clang -Xlinker -reproducible -target x86_64-apple-ios18.5-simulator -dynamiclib -isysroot /Applications/Xcode.app/Contents/Developer/Platforms/iPhoneSimulator.platform/Developer/SDKs/iPhoneSimulator26.0.sdk -O0 -L/Users/aero/Library/Developer/Xcode/DerivedData/ClariFi_iOS-gmrlhvqnuqrbwdaistjzehzlpfwz/Build/Products/Debug-iphonesimulator -F/Users/aero/Library/Developer/Xcode/DerivedData/ClariFi_iOS-gmrlhvqnuqrbwdaistjzehzlpfwz/Build/Products/Debug-iphonesimulator/PackageFrameworks -F/Users/aero/Library/Developer/Xcode/DerivedData/ClariFi_iOS-gmrlhvqnuqrbwdaistjzehzlpfwz/Build/Products/Debug-iphonesimulator/PackageFrameworks -F/Users/aero/Library/Developer/Xcode/DerivedData/ClariFi_iOS-gmrlhvqnuqrbwdaistjzehzlpfwz/Build/Products/Debug-iphonesimulator/PackageFrameworks -F/Users/aero/Library/Developer/Xcode/DerivedData/ClariFi_iOS-gmrlhvqnuqrbwdaistjzehzlpfwz/Build/Products/Debug-iphonesimulator/PackageFrameworks -F/Users/aero/Library/Developer/Xcode/DerivedData/ClariFi_iOS-gmrlhvqnuqrbwdaistjzehzlpfwz/Build/Products/Debug-iphonesimulator/PackageFrameworks -F/Users/aero/Library/Developer/Xcode/DerivedData/ClariFi_iOS-gmrlhvqnuqrbwdaistjzehzlpfwz/Build/Products/Debug-iphonesimulator/PackageFrameworks -F/Users/aero/Library/Developer/Xcode/DerivedData/ClariFi_iOS-gmrlhvqnuqrbwdaistjzehzlpfwz/Build/Products/Debug-iphonesimulator/PackageFrameworks -F/Users/aero/Library/Developer/Xcode/DerivedData/ClariFi_iOS-gmrlhvqnuqrbwdaistjzehzlpfwz/Build/Products/Debug-iphonesimulator/PackageFrameworks -F/Users/aero/Library/Developer/Xcode/DerivedData/ClariFi_iOS-gmrlhvqnuqrbwdaistjzehzlpfwz/Build/Products/Debug-iphonesimulator/PackageFrameworks -F/Users/aero/Library/Developer/Xcode/DerivedData/ClariFi_iOS-gmrlhvqnuqrbwdaistjzehzlpfwz/Build/Products/Debug-iphonesimulator/PackageFrameworks -F/Users/aero/Library/Developer/Xcode/DerivedData/ClariFi_iOS-gmrlhvqnuqrbwdaistjzehzlpfwz/Build/Products/Debug-iphonesimulator/PackageFrameworks -F/Users/aero/Library/Developer/Xcode/DerivedData/ClariFi_iOS-gmrlhvqnuqrbwdaistjzehzlpfwz/Build/Products/Debug-iphonesimulator/PackageFrameworks -F/Users/aero/Library/Developer/Xcode/DerivedData/ClariFi_iOS-gmrlhvqnuqrbwdaistjzehzlpfwz/Build/Products/Debug-iphonesimulator/PackageFrameworks -F/Users/aero/Library/Developer/Xcode/DerivedData/ClariFi_iOS-gmrlhvqnuqrbwdaistjzehzlpfwz/Build/Products/Debug-iphonesimulator/PackageFrameworks -F/Users/aero/Library/Developer/Xcode/DerivedData/ClariFi_iOS-gmrlhvqnuqrbwdaistjzehzlpfwz/Build/Products/Debug-iphonesimulator -install_name @rpath/ClariFi\ iOS.debug.dylib -dead_strip -rdynamic -Xlinker -no_deduplicate -Xlinker -objc_abi_version -Xlinker 2 -Xlinker -debug_variant -Xlinker -dependency_info -Xlinker /Users/aero/Library/Developer/Xcode/DerivedData/ClariFi_iOS-gmrlhvqnuqrbwdaistjzehzlpfwz/Build/Intermediates.noindex/ClariFi\ iOS.build/Debug-iphonesimulator/ClariFi\ iOS.build/Objects-normal/x86_64/ClariFi\ iOS_dependency_info.dat -Xlinker -sectcreate -Xlinker __TEXT -Xlinker __entitlements -Xlinker /Users/aero/Library/Developer/Xcode/DerivedData/ClariFi_iOS-gmrlhvqnuqrbwdaistjzehzlpfwz/Build/Intermediates.noindex/ClariFi\ iOS.build/Debug-iphonesimulator/ClariFi\ iOS.build/ClariFi\ iOS.app-Simulated.xcent -Xlinker -sectcreate -Xlinker __TEXT -Xlinker __ents_der -Xlinker /Users/aero/Library/Developer/Xcode/DerivedData/ClariFi_iOS-gmrlhvqnuqrbwdaistjzehzlpfwz/Build/Intermediates.noindex/ClariFi\ iOS.build/Debug-iphonesimulator/ClariFi\ iOS.build/ClariFi\ iOS.app-Simulated.xcent.der -Xlinker -no_adhoc_codesign -o /Users/aero/Library/Developer/Xcode/DerivedData/ClariFi_iOS-gmrlhvqnuqrbwdaistjzehzlpfwz/Build/Intermediates.noindex/ClariFi\ iOS.build/Debug-iphonesimulator/ClariFi\ iOS.build/Objects-normal/x86_64/Binary/__preview.dylib

CpResource /Users/aero/Library/Developer/Xcode/DerivedData/ClariFi_iOS-gmrlhvqnuqrbwdaistjzehzlpfwz/Build/Products/Debug-iphonesimulator/ClariFi\ iOS.app/verify_statement_deduplication.md /Users/mayenikhalo/Public/From\ aEroPartition/Dev/ClariFi\ iOS/ClariFi\ iOS/verify_statement_deduplication.md (in target 'ClariFi iOS' from project 'ClariFi iOS')
    cd /Users/mayenikhalo/Public/From\ aEroPartition/Dev/ClariFi\ iOS
    builtin-copy -exclude .DS_Store -exclude CVS -exclude .svn -exclude .git -exclude .hg -resolve-src-symlinks /Users/mayenikhalo/Public/From\ aEroPartition/Dev/ClariFi\ iOS/ClariFi\ iOS/verify_statement_deduplication.md /Users/aero/Library/Developer/Xcode/DerivedData/ClariFi_iOS-gmrlhvqnuqrbwdaistjzehzlpfwz/Build/Products/Debug-iphonesimulator/ClariFi\ iOS.app

Ld /Users/aero/Library/Developer/Xcode/DerivedData/ClariFi_iOS-gmrlhvqnuqrbwdaistjzehzlpfwz/Build/Intermediates.noindex/ClariFi\ iOS.build/Debug-iphonesimulator/ClariFi\ iOS.build/Objects-normal/arm64/Binary/__preview.dylib normal arm64 (in target 'ClariFi iOS' from project 'ClariFi iOS')
    cd /Users/mayenikhalo/Public/From\ aEroPartition/Dev/ClariFi\ iOS
    /Applications/Xcode.app/Contents/Developer/Toolchains/XcodeDefault.xctoolchain/usr/bin/clang -Xlinker -reproducible -target arm64-apple-ios18.5-simulator -dynamiclib -isysroot /Applications/Xcode.app/Contents/Developer/Platforms/iPhoneSimulator.platform/Developer/SDKs/iPhoneSimulator26.0.sdk -O0 -L/Users/aero/Library/Developer/Xcode/DerivedData/ClariFi_iOS-gmrlhvqnuqrbwdaistjzehzlpfwz/Build/Products/Debug-iphonesimulator -F/Users/aero/Library/Developer/Xcode/DerivedData/ClariFi_iOS-gmrlhvqnuqrbwdaistjzehzlpfwz/Build/Products/Debug-iphonesimulator/PackageFrameworks -F/Users/aero/Library/Developer/Xcode/DerivedData/ClariFi_iOS-gmrlhvqnuqrbwdaistjzehzlpfwz/Build/Products/Debug-iphonesimulator/PackageFrameworks -F/Users/aero/Library/Developer/Xcode/DerivedData/ClariFi_iOS-gmrlhvqnuqrbwdaistjzehzlpfwz/Build/Products/Debug-iphonesimulator/PackageFrameworks -F/Users/aero/Library/Developer/Xcode/DerivedData/ClariFi_iOS-gmrlhvqnuqrbwdaistjzehzlpfwz/Build/Products/Debug-iphonesimulator/PackageFrameworks -F/Users/aero/Library/Developer/Xcode/DerivedData/ClariFi_iOS-gmrlhvqnuqrbwdaistjzehzlpfwz/Build/Products/Debug-iphonesimulator/PackageFrameworks -F/Users/aero/Library/Developer/Xcode/DerivedData/ClariFi_iOS-gmrlhvqnuqrbwdaistjzehzlpfwz/Build/Products/Debug-iphonesimulator/PackageFrameworks -F/Users/aero/Library/Developer/Xcode/DerivedData/ClariFi_iOS-gmrlhvqnuqrbwdaistjzehzlpfwz/Build/Products/Debug-iphonesimulator/PackageFrameworks -F/Users/aero/Library/Developer/Xcode/DerivedData/ClariFi_iOS-gmrlhvqnuqrbwdaistjzehzlpfwz/Build/Products/Debug-iphonesimulator/PackageFrameworks -F/Users/aero/Library/Developer/Xcode/DerivedData/ClariFi_iOS-gmrlhvqnuqrbwdaistjzehzlpfwz/Build/Products/Debug-iphonesimulator/PackageFrameworks -F/Users/aero/Library/Developer/Xcode/DerivedData/ClariFi_iOS-gmrlhvqnuqrbwdaistjzehzlpfwz/Build/Products/Debug-iphonesimulator/PackageFrameworks -F/Users/aero/Library/Developer/Xcode/DerivedData/ClariFi_iOS-gmrlhvqnuqrbwdaistjzehzlpfwz/Build/Products/Debug-iphonesimulator/PackageFrameworks -F/Users/aero/Library/Developer/Xcode/DerivedData/ClariFi_iOS-gmrlhvqnuqrbwdaistjzehzlpfwz/Build/Products/Debug-iphonesimulator/PackageFrameworks -F/Users/aero/Library/Developer/Xcode/DerivedData/ClariFi_iOS-gmrlhvqnuqrbwdaistjzehzlpfwz/Build/Products/Debug-iphonesimulator/PackageFrameworks -F/Users/aero/Library/Developer/Xcode/DerivedData/ClariFi_iOS-gmrlhvqnuqrbwdaistjzehzlpfwz/Build/Products/Debug-iphonesimulator/PackageFrameworks -F/Users/aero/Library/Developer/Xcode/DerivedData/ClariFi_iOS-gmrlhvqnuqrbwdaistjzehzlpfwz/Build/Products/Debug-iphonesimulator -install_name @rpath/ClariFi\ iOS.debug.dylib -dead_strip -rdynamic -Xlinker -no_deduplicate -Xlinker -objc_abi_version -Xlinker 2 -Xlinker -debug_variant -Xlinker -dependency_info -Xlinker /Users/aero/Library/Developer/Xcode/DerivedData/ClariFi_iOS-gmrlhvqnuqrbwdaistjzehzlpfwz/Build/Intermediates.noindex/ClariFi\ iOS.build/Debug-iphonesimulator/ClariFi\ iOS.build/Objects-normal/arm64/ClariFi\ iOS_dependency_info.dat -Xlinker -sectcreate -Xlinker __TEXT -Xlinker __entitlements -Xlinker /Users/aero/Library/Developer/Xcode/DerivedData/ClariFi_iOS-gmrlhvqnuqrbwdaistjzehzlpfwz/Build/Intermediates.noindex/ClariFi\ iOS.build/Debug-iphonesimulator/ClariFi\ iOS.build/ClariFi\ iOS.app-Simulated.xcent -Xlinker -sectcreate -Xlinker __TEXT -Xlinker __ents_der -Xlinker /Users/aero/Library/Developer/Xcode/DerivedData/ClariFi_iOS-gmrlhvqnuqrbwdaistjzehzlpfwz/Build/Intermediates.noindex/ClariFi\ iOS.build/Debug-iphonesimulator/ClariFi\ iOS.build/ClariFi\ iOS.app-Simulated.xcent.der -Xlinker -no_adhoc_codesign -o /Users/aero/Library/Developer/Xcode/DerivedData/ClariFi_iOS-gmrlhvqnuqrbwdaistjzehzlpfwz/Build/Intermediates.noindex/ClariFi\ iOS.build/Debug-iphonesimulator/ClariFi\ iOS.build/Objects-normal/arm64/Binary/__preview.dylib

CpResource /Users/aero/Library/Developer/Xcode/DerivedData/ClariFi_iOS-gmrlhvqnuqrbwdaistjzehzlpfwz/Build/Products/Debug-iphonesimulator/ClariFi\ iOS.app/verify_performance_implementation.sh /Users/mayenikhalo/Public/From\ aEroPartition/Dev/ClariFi\ iOS/ClariFi\ iOS/verify_performance_implementation.sh (in target 'ClariFi iOS' from project 'ClariFi iOS')
    cd /Users/mayenikhalo/Public/From\ aEroPartition/Dev/ClariFi\ iOS
    builtin-copy -exclude .DS_Store -exclude CVS -exclude .svn -exclude .git -exclude .hg -resolve-src-symlinks /Users/mayenikhalo/Public/From\ aEroPartition/Dev/ClariFi\ iOS/ClariFi\ iOS/verify_performance_implementation.sh /Users/aero/Library/Developer/Xcode/DerivedData/ClariFi_iOS-gmrlhvqnuqrbwdaistjzehzlpfwz/Build/Products/Debug-iphonesimulator/ClariFi\ iOS.app

CpResource /Users/aero/Library/Developer/Xcode/DerivedData/ClariFi_iOS-gmrlhvqnuqrbwdaistjzehzlpfwz/Build/Products/Debug-iphonesimulator/ClariFi\ iOS.app/verify_domain_services_di.sh /Users/mayenikhalo/Public/From\ aEroPartition/Dev/ClariFi\ iOS/ClariFi\ iOS/verify_domain_services_di.sh (in target 'ClariFi iOS' from project 'ClariFi iOS')
    cd /Users/mayenikhalo/Public/From\ aEroPartition/Dev/ClariFi\ iOS
    builtin-copy -exclude .DS_Store -exclude CVS -exclude .svn -exclude .git -exclude .hg -resolve-src-symlinks /Users/mayenikhalo/Public/From\ aEroPartition/Dev/ClariFi\ iOS/ClariFi\ iOS/verify_domain_services_di.sh /Users/aero/Library/Developer/Xcode/DerivedData/ClariFi_iOS-gmrlhvqnuqrbwdaistjzehzlpfwz/Build/Products/Debug-iphonesimulator/ClariFi\ iOS.app

CpResource /Users/aero/Library/Developer/Xcode/DerivedData/ClariFi_iOS-gmrlhvqnuqrbwdaistjzehzlpfwz/Build/Products/Debug-iphonesimulator/ClariFi\ iOS.app/verify_currency_feature.sh /Users/mayenikhalo/Public/From\ aEroPartition/Dev/ClariFi\ iOS/ClariFi\ iOS/verify_currency_feature.sh (in target 'ClariFi iOS' from project 'ClariFi iOS')
    cd /Users/mayenikhalo/Public/From\ aEroPartition/Dev/ClariFi\ iOS
    builtin-copy -exclude .DS_Store -exclude CVS -exclude .svn -exclude .git -exclude .hg -resolve-src-symlinks /Users/mayenikhalo/Public/From\ aEroPartition/Dev/ClariFi\ iOS/ClariFi\ iOS/verify_currency_feature.sh /Users/aero/Library/Developer/Xcode/DerivedData/ClariFi_iOS-gmrlhvqnuqrbwdaistjzehzlpfwz/Build/Products/Debug-iphonesimulator/ClariFi\ iOS.app

CpResource /Users/aero/Library/Developer/Xcode/DerivedData/ClariFi_iOS-gmrlhvqnuqrbwdaistjzehzlpfwz/Build/Products/Debug-iphonesimulator/ClariFi\ iOS.app/validate_codebase.sh /Users/mayenikhalo/Public/From\ aEroPartition/Dev/ClariFi\ iOS/ClariFi\ iOS/validate_codebase.sh (in target 'ClariFi iOS' from project 'ClariFi iOS')
    cd /Users/mayenikhalo/Public/From\ aEroPartition/Dev/ClariFi\ iOS
    builtin-copy -exclude .DS_Store -exclude CVS -exclude .svn -exclude .git -exclude .hg -resolve-src-symlinks /Users/mayenikhalo/Public/From\ aEroPartition/Dev/ClariFi\ iOS/ClariFi\ iOS/validate_codebase.sh /Users/aero/Library/Developer/Xcode/DerivedData/ClariFi_iOS-gmrlhvqnuqrbwdaistjzehzlpfwz/Build/Products/Debug-iphonesimulator/ClariFi\ iOS.app

CpResource /Users/aero/Library/Developer/Xcode/DerivedData/ClariFi_iOS-gmrlhvqnuqrbwdaistjzehzlpfwz/Build/Products/Debug-iphonesimulator/ClariFi\ iOS.app/test_validation_output.log /Users/mayenikhalo/Public/From\ aEroPartition/Dev/ClariFi\ iOS/ClariFi\ iOS/test_validation_output.log (in target 'ClariFi iOS' from project 'ClariFi iOS')
    cd /Users/mayenikhalo/Public/From\ aEroPartition/Dev/ClariFi\ iOS
    builtin-copy -exclude .DS_Store -exclude CVS -exclude .svn -exclude .git -exclude .hg -resolve-src-symlinks /Users/mayenikhalo/Public/From\ aEroPartition/Dev/ClariFi\ iOS/ClariFi\ iOS/test_validation_output.log /Users/aero/Library/Developer/Xcode/DerivedData/ClariFi_iOS-gmrlhvqnuqrbwdaistjzehzlpfwz/Build/Products/Debug-iphonesimulator/ClariFi\ iOS.app

CpResource /Users/aero/Library/Developer/Xcode/DerivedData/ClariFi_iOS-gmrlhvqnuqrbwdaistjzehzlpfwz/Build/Products/Debug-iphonesimulator/ClariFi\ iOS.app/test_results.log /Users/mayenikhalo/Public/From\ aEroPartition/Dev/ClariFi\ iOS/ClariFi\ iOS/test_results.log (in target 'ClariFi iOS' from project 'ClariFi iOS')
    cd /Users/mayenikhalo/Public/From\ aEroPartition/Dev/ClariFi\ iOS
    builtin-copy -exclude .DS_Store -exclude CVS -exclude .svn -exclude .git -exclude .hg -resolve-src-symlinks /Users/mayenikhalo/Public/From\ aEroPartition/Dev/ClariFi\ iOS/ClariFi\ iOS/test_results.log /Users/aero/Library/Developer/Xcode/DerivedData/ClariFi_iOS-gmrlhvqnuqrbwdaistjzehzlpfwz/Build/Products/Debug-iphonesimulator/ClariFi\ iOS.app

CpResource /Users/aero/Library/Developer/Xcode/DerivedData/ClariFi_iOS-gmrlhvqnuqrbwdaistjzehzlpfwz/Build/Products/Debug-iphonesimulator/ClariFi\ iOS.app/test_output.log /Users/mayenikhalo/Public/From\ aEroPartition/Dev/ClariFi\ iOS/ClariFi\ iOS/test_output.log (in target 'ClariFi iOS' from project 'ClariFi iOS')
    cd /Users/mayenikhalo/Public/From\ aEroPartition/Dev/ClariFi\ iOS
    builtin-copy -exclude .DS_Store -exclude CVS -exclude .svn -exclude .git -exclude .hg -resolve-src-symlinks /Users/mayenikhalo/Public/From\ aEroPartition/Dev/ClariFi\ iOS/ClariFi\ iOS/test_output.log /Users/aero/Library/Developer/Xcode/DerivedData/ClariFi_iOS-gmrlhvqnuqrbwdaistjzehzlpfwz/Build/Products/Debug-iphonesimulator/ClariFi\ iOS.app

CpResource /Users/aero/Library/Developer/Xcode/DerivedData/ClariFi_iOS-gmrlhvqnuqrbwdaistjzehzlpfwz/Build/Products/Debug-iphonesimulator/ClariFi\ iOS.app/settings.local.json /Users/mayenikhalo/Public/From\ aEroPartition/Dev/ClariFi\ iOS/ClariFi\ iOS/.claude/settings.local.json (in target 'ClariFi iOS' from project 'ClariFi iOS')
    cd /Users/mayenikhalo/Public/From\ aEroPartition/Dev/ClariFi\ iOS
    builtin-copy -exclude .DS_Store -exclude CVS -exclude .svn -exclude .git -exclude .hg -resolve-src-symlinks /Users/mayenikhalo/Public/From\ aEroPartition/Dev/ClariFi\ iOS/ClariFi\ iOS/.claude/settings.local.json /Users/aero/Library/Developer/Xcode/DerivedData/ClariFi_iOS-gmrlhvqnuqrbwdaistjzehzlpfwz/Build/Products/Debug-iphonesimulator/ClariFi\ iOS.app

CpResource /Users/aero/Library/Developer/Xcode/DerivedData/ClariFi_iOS-gmrlhvqnuqrbwdaistjzehzlpfwz/Build/Products/Debug-iphonesimulator/ClariFi\ iOS.app/run_security_tests.sh /Users/mayenikhalo/Public/From\ aEroPartition/Dev/ClariFi\ iOS/ClariFi\ iOS/run_security_tests.sh (in target 'ClariFi iOS' from project 'ClariFi iOS')
    cd /Users/mayenikhalo/Public/From\ aEroPartition/Dev/ClariFi\ iOS
    builtin-copy -exclude .DS_Store -exclude CVS -exclude .svn -exclude .git -exclude .hg -resolve-src-symlinks /Users/mayenikhalo/Public/From\ aEroPartition/Dev/ClariFi\ iOS/ClariFi\ iOS/run_security_tests.sh /Users/aero/Library/Developer/Xcode/DerivedData/ClariFi_iOS-gmrlhvqnuqrbwdaistjzehzlpfwz/Build/Products/Debug-iphonesimulator/ClariFi\ iOS.app

CpResource /Users/aero/Library/Developer/Xcode/DerivedData/ClariFi_iOS-gmrlhvqnuqrbwdaistjzehzlpfwz/Build/Products/Debug-iphonesimulator/ClariFi\ iOS.app/run_privacy_tests.sh /Users/mayenikhalo/Public/From\ aEroPartition/Dev/ClariFi\ iOS/ClariFi\ iOS/run_privacy_tests.sh (in target 'ClariFi iOS' from project 'ClariFi iOS')
    cd /Users/mayenikhalo/Public/From\ aEroPartition/Dev/ClariFi\ iOS
    builtin-copy -exclude .DS_Store -exclude CVS -exclude .svn -exclude .git -exclude .hg -resolve-src-symlinks /Users/mayenikhalo/Public/From\ aEroPartition/Dev/ClariFi\ iOS/ClariFi\ iOS/run_privacy_tests.sh /Users/aero/Library/Developer/Xcode/DerivedData/ClariFi_iOS-gmrlhvqnuqrbwdaistjzehzlpfwz/Build/Products/Debug-iphonesimulator/ClariFi\ iOS.app

CpResource /Users/aero/Library/Developer/Xcode/DerivedData/ClariFi_iOS-gmrlhvqnuqrbwdaistjzehzlpfwz/Build/Products/Debug-iphonesimulator/ClariFi\ iOS.app/run_premium_tests.sh /Users/mayenikhalo/Public/From\ aEroPartition/Dev/ClariFi\ iOS/ClariFi\ iOS/run_premium_tests.sh (in target 'ClariFi iOS' from project 'ClariFi iOS')
    cd /Users/mayenikhalo/Public/From\ aEroPartition/Dev/ClariFi\ iOS
    builtin-copy -exclude .DS_Store -exclude CVS -exclude .svn -exclude .git -exclude .hg -resolve-src-symlinks /Users/mayenikhalo/Public/From\ aEroPartition/Dev/ClariFi\ iOS/ClariFi\ iOS/run_premium_tests.sh /Users/aero/Library/Developer/Xcode/DerivedData/ClariFi_iOS-gmrlhvqnuqrbwdaistjzehzlpfwz/Build/Products/Debug-iphonesimulator/ClariFi\ iOS.app

CpResource /Users/aero/Library/Developer/Xcode/DerivedData/ClariFi_iOS-gmrlhvqnuqrbwdaistjzehzlpfwz/Build/Products/Debug-iphonesimulator/ClariFi\ iOS.app/run_performance_tests.sh /Users/mayenikhalo/Public/From\ aEroPartition/Dev/ClariFi\ iOS/ClariFi\ iOS/run_performance_tests.sh (in target 'ClariFi iOS' from project 'ClariFi iOS')
    cd /Users/mayenikhalo/Public/From\ aEroPartition/Dev/ClariFi\ iOS
    builtin-copy -exclude .DS_Store -exclude CVS -exclude .svn -exclude .git -exclude .hg -resolve-src-symlinks /Users/mayenikhalo/Public/From\ aEroPartition/Dev/ClariFi\ iOS/ClariFi\ iOS/run_performance_tests.sh /Users/aero/Library/Developer/Xcode/DerivedData/ClariFi_iOS-gmrlhvqnuqrbwdaistjzehzlpfwz/Build/Products/Debug-iphonesimulator/ClariFi\ iOS.app

CpResource /Users/aero/Library/Developer/Xcode/DerivedData/ClariFi_iOS-gmrlhvqnuqrbwdaistjzehzlpfwz/Build/Products/Debug-iphonesimulator/ClariFi\ iOS.app/run_navigation_tests.sh /Users/mayenikhalo/Public/From\ aEroPartition/Dev/ClariFi\ iOS/ClariFi\ iOS/run_navigation_tests.sh (in target 'ClariFi iOS' from project 'ClariFi iOS')
    cd /Users/mayenikhalo/Public/From\ aEroPartition/Dev/ClariFi\ iOS
    builtin-copy -exclude .DS_Store -exclude CVS -exclude .svn -exclude .git -exclude .hg -resolve-src-symlinks /Users/mayenikhalo/Public/From\ aEroPartition/Dev/ClariFi\ iOS/ClariFi\ iOS/run_navigation_tests.sh /Users/aero/Library/Developer/Xcode/DerivedData/ClariFi_iOS-gmrlhvqnuqrbwdaistjzehzlpfwz/Build/Products/Debug-iphonesimulator/ClariFi\ iOS.app

CpResource /Users/aero/Library/Developer/Xcode/DerivedData/ClariFi_iOS-gmrlhvqnuqrbwdaistjzehzlpfwz/Build/Products/Debug-iphonesimulator/ClariFi\ iOS.app/run_llm_tests.sh /Users/mayenikhalo/Public/From\ aEroPartition/Dev/ClariFi\ iOS/ClariFi\ iOS/run_llm_tests.sh (in target 'ClariFi iOS' from project 'ClariFi iOS')
    cd /Users/mayenikhalo/Public/From\ aEroPartition/Dev/ClariFi\ iOS
    builtin-copy -exclude .DS_Store -exclude CVS -exclude .svn -exclude .git -exclude .hg -resolve-src-symlinks /Users/mayenikhalo/Public/From\ aEroPartition/Dev/ClariFi\ iOS/ClariFi\ iOS/run_llm_tests.sh /Users/aero/Library/Developer/Xcode/DerivedData/ClariFi_iOS-gmrlhvqnuqrbwdaistjzehzlpfwz/Build/Products/Debug-iphonesimulator/ClariFi\ iOS.app

CpResource /Users/aero/Library/Developer/Xcode/DerivedData/ClariFi_iOS-gmrlhvqnuqrbwdaistjzehzlpfwz/Build/Products/Debug-iphonesimulator/ClariFi\ iOS.app/run_final_integration_tests.sh /Users/mayenikhalo/Public/From\ aEroPartition/Dev/ClariFi\ iOS/ClariFi\ iOS/run_final_integration_tests.sh (in target 'ClariFi iOS' from project 'ClariFi iOS')
    cd /Users/mayenikhalo/Public/From\ aEroPartition/Dev/ClariFi\ iOS
    builtin-copy -exclude .DS_Store -exclude CVS -exclude .svn -exclude .git -exclude .hg -resolve-src-symlinks /Users/mayenikhalo/Public/From\ aEroPartition/Dev/ClariFi\ iOS/ClariFi\ iOS/run_final_integration_tests.sh /Users/aero/Library/Developer/Xcode/DerivedData/ClariFi_iOS-gmrlhvqnuqrbwdaistjzehzlpfwz/Build/Products/Debug-iphonesimulator/ClariFi\ iOS.app

CpResource /Users/aero/Library/Developer/Xcode/DerivedData/ClariFi_iOS-gmrlhvqnuqrbwdaistjzehzlpfwz/Build/Products/Debug-iphonesimulator/ClariFi\ iOS.app/run_di_lifecycle_tests.sh /Users/mayenikhalo/Public/From\ aEroPartition/Dev/ClariFi\ iOS/ClariFi\ iOS/run_di_lifecycle_tests.sh (in target 'ClariFi iOS' from project 'ClariFi iOS')
    cd /Users/mayenikhalo/Public/From\ aEroPartition/Dev/ClariFi\ iOS
    builtin-copy -exclude .DS_Store -exclude CVS -exclude .svn -exclude .git -exclude .hg -resolve-src-symlinks /Users/mayenikhalo/Public/From\ aEroPartition/Dev/ClariFi\ iOS/ClariFi\ iOS/run_di_lifecycle_tests.sh /Users/aero/Library/Developer/Xcode/DerivedData/ClariFi_iOS-gmrlhvqnuqrbwdaistjzehzlpfwz/Build/Products/Debug-iphonesimulator/ClariFi\ iOS.app

CpResource /Users/aero/Library/Developer/Xcode/DerivedData/ClariFi_iOS-gmrlhvqnuqrbwdaistjzehzlpfwz/Build/Products/Debug-iphonesimulator/ClariFi\ iOS.app/run_categorization_tests.sh /Users/mayenikhalo/Public/From\ aEroPartition/Dev/ClariFi\ iOS/ClariFi\ iOS/run_categorization_tests.sh (in target 'ClariFi iOS' from project 'ClariFi iOS')
    cd /Users/mayenikhalo/Public/From\ aEroPartition/Dev/ClariFi\ iOS
    builtin-copy -exclude .DS_Store -exclude CVS -exclude .svn -exclude .git -exclude .hg -resolve-src-symlinks /Users/mayenikhalo/Public/From\ aEroPartition/Dev/ClariFi\ iOS/ClariFi\ iOS/run_categorization_tests.sh /Users/aero/Library/Developer/Xcode/DerivedData/ClariFi_iOS-gmrlhvqnuqrbwdaistjzehzlpfwz/Build/Products/Debug-iphonesimulator/ClariFi\ iOS.app

CpResource /Users/aero/Library/Developer/Xcode/DerivedData/ClariFi_iOS-gmrlhvqnuqrbwdaistjzehzlpfwz/Build/Products/Debug-iphonesimulator/ClariFi\ iOS.app/remove_test_files_from_main_target.py /Users/mayenikhalo/Public/From\ aEroPartition/Dev/ClariFi\ iOS/ClariFi\ iOS/remove_test_files_from_main_target.py (in target 'ClariFi iOS' from project 'ClariFi iOS')
    cd /Users/mayenikhalo/Public/From\ aEroPartition/Dev/ClariFi\ iOS
    builtin-copy -exclude .DS_Store -exclude CVS -exclude .svn -exclude .git -exclude .hg -resolve-src-symlinks /Users/mayenikhalo/Public/From\ aEroPartition/Dev/ClariFi\ iOS/ClariFi\ iOS/remove_test_files_from_main_target.py /Users/aero/Library/Developer/Xcode/DerivedData/ClariFi_iOS-gmrlhvqnuqrbwdaistjzehzlpfwz/Build/Products/Debug-iphonesimulator/ClariFi\ iOS.app

CpResource /Users/aero/Library/Developer/Xcode/DerivedData/ClariFi_iOS-gmrlhvqnuqrbwdaistjzehzlpfwz/Build/Products/Debug-iphonesimulator/ClariFi\ iOS.app/remove_spec_files_from_xcode.py /Users/mayenikhalo/Public/From\ aEroPartition/Dev/ClariFi\ iOS/ClariFi\ iOS/remove_spec_files_from_xcode.py (in target 'ClariFi iOS' from project 'ClariFi iOS')
    cd /Users/mayenikhalo/Public/From\ aEroPartition/Dev/ClariFi\ iOS
    builtin-copy -exclude .DS_Store -exclude CVS -exclude .svn -exclude .git -exclude .hg -resolve-src-symlinks /Users/mayenikhalo/Public/From\ aEroPartition/Dev/ClariFi\ iOS/ClariFi\ iOS/remove_spec_files_from_xcode.py /Users/aero/Library/Developer/Xcode/DerivedData/ClariFi_iOS-gmrlhvqnuqrbwdaistjzehzlpfwz/Build/Products/Debug-iphonesimulator/ClariFi\ iOS.app

CreateUniversalBinary /Users/aero/Library/Developer/Xcode/DerivedData/ClariFi_iOS-gmrlhvqnuqrbwdaistjzehzlpfwz/Build/Products/Debug-iphonesimulator/ClariFi\ iOS.app/__preview.dylib normal arm64\ x86_64 (in target 'ClariFi iOS' from project 'ClariFi iOS')
    cd /Users/mayenikhalo/Public/From\ aEroPartition/Dev/ClariFi\ iOS
    /Applications/Xcode.app/Contents/Developer/Toolchains/XcodeDefault.xctoolchain/usr/bin/lipo -create /Users/aero/Library/Developer/Xcode/DerivedData/ClariFi_iOS-gmrlhvqnuqrbwdaistjzehzlpfwz/Build/Intermediates.noindex/ClariFi\ iOS.build/Debug-iphonesimulator/ClariFi\ iOS.build/Objects-normal/arm64/Binary/__preview.dylib /Users/aero/Library/Developer/Xcode/DerivedData/ClariFi_iOS-gmrlhvqnuqrbwdaistjzehzlpfwz/Build/Intermediates.noindex/ClariFi\ iOS.build/Debug-iphonesimulator/ClariFi\ iOS.build/Objects-normal/x86_64/Binary/__preview.dylib -output /Users/aero/Library/Developer/Xcode/DerivedData/ClariFi_iOS-gmrlhvqnuqrbwdaistjzehzlpfwz/Build/Products/Debug-iphonesimulator/ClariFi\ iOS.app/__preview.dylib

CpResource /Users/aero/Library/Developer/Xcode/DerivedData/ClariFi_iOS-gmrlhvqnuqrbwdaistjzehzlpfwz/Build/Products/Debug-iphonesimulator/ClariFi\ iOS.app/remove_spec_files.py /Users/mayenikhalo/Public/From\ aEroPartition/Dev/ClariFi\ iOS/ClariFi\ iOS/remove_spec_files.py (in target 'ClariFi iOS' from project 'ClariFi iOS')
    cd /Users/mayenikhalo/Public/From\ aEroPartition/Dev/ClariFi\ iOS
    builtin-copy -exclude .DS_Store -exclude CVS -exclude .svn -exclude .git -exclude .hg -resolve-src-symlinks /Users/mayenikhalo/Public/From\ aEroPartition/Dev/ClariFi\ iOS/ClariFi\ iOS/remove_spec_files.py /Users/aero/Library/Developer/Xcode/DerivedData/ClariFi_iOS-gmrlhvqnuqrbwdaistjzehzlpfwz/Build/Products/Debug-iphonesimulator/ClariFi\ iOS.app

CpResource /Users/aero/Library/Developer/Xcode/DerivedData/ClariFi_iOS-gmrlhvqnuqrbwdaistjzehzlpfwz/Build/Products/Debug-iphonesimulator/ClariFi\ iOS.app/remove_kiro_folder.rb /Users/mayenikhalo/Public/From\ aEroPartition/Dev/ClariFi\ iOS/ClariFi\ iOS/remove_kiro_folder.rb (in target 'ClariFi iOS' from project 'ClariFi iOS')
    cd /Users/mayenikhalo/Public/From\ aEroPartition/Dev/ClariFi\ iOS
    builtin-copy -exclude .DS_Store -exclude CVS -exclude .svn -exclude .git -exclude .hg -resolve-src-symlinks /Users/mayenikhalo/Public/From\ aEroPartition/Dev/ClariFi\ iOS/ClariFi\ iOS/remove_kiro_folder.rb /Users/aero/Library/Developer/Xcode/DerivedData/ClariFi_iOS-gmrlhvqnuqrbwdaistjzehzlpfwz/Build/Products/Debug-iphonesimulator/ClariFi\ iOS.app

CpResource /Users/aero/Library/Developer/Xcode/DerivedData/ClariFi_iOS-gmrlhvqnuqrbwdaistjzehzlpfwz/Build/Products/Debug-iphonesimulator/ClariFi\ iOS.app/master_documentation_analyzer.sh /Users/mayenikhalo/Public/From\ aEroPartition/Dev/ClariFi\ iOS/ClariFi\ iOS/scripts/analysis/master_documentation_analyzer.sh (in target 'ClariFi iOS' from project 'ClariFi iOS')
    cd /Users/mayenikhalo/Public/From\ aEroPartition/Dev/ClariFi\ iOS
    builtin-copy -exclude .DS_Store -exclude CVS -exclude .svn -exclude .git -exclude .hg -resolve-src-symlinks /Users/mayenikhalo/Public/From\ aEroPartition/Dev/ClariFi\ iOS/ClariFi\ iOS/scripts/analysis/master_documentation_analyzer.sh /Users/aero/Library/Developer/Xcode/DerivedData/ClariFi_iOS-gmrlhvqnuqrbwdaistjzehzlpfwz/Build/Products/Debug-iphonesimulator/ClariFi\ iOS.app

CpResource /Users/aero/Library/Developer/Xcode/DerivedData/ClariFi_iOS-gmrlhvqnuqrbwdaistjzehzlpfwz/Build/Products/Debug-iphonesimulator/ClariFi\ iOS.app/list_resources.rb /Users/mayenikhalo/Public/From\ aEroPartition/Dev/ClariFi\ iOS/ClariFi\ iOS/list_resources.rb (in target 'ClariFi iOS' from project 'ClariFi iOS')
    cd /Users/mayenikhalo/Public/From\ aEroPartition/Dev/ClariFi\ iOS
    builtin-copy -exclude .DS_Store -exclude CVS -exclude .svn -exclude .git -exclude .hg -resolve-src-symlinks /Users/mayenikhalo/Public/From\ aEroPartition/Dev/ClariFi\ iOS/ClariFi\ iOS/list_resources.rb /Users/aero/Library/Developer/Xcode/DerivedData/ClariFi_iOS-gmrlhvqnuqrbwdaistjzehzlpfwz/Build/Products/Debug-iphonesimulator/ClariFi\ iOS.app

CpResource /Users/aero/Library/Developer/Xcode/DerivedData/ClariFi_iOS-gmrlhvqnuqrbwdaistjzehzlpfwz/Build/Products/Debug-iphonesimulator/ClariFi\ iOS.app/fix_xcode_test_targets.sh /Users/mayenikhalo/Public/From\ aEroPartition/Dev/ClariFi\ iOS/ClariFi\ iOS/fix_xcode_test_targets.sh (in target 'ClariFi iOS' from project 'ClariFi iOS')
    cd /Users/mayenikhalo/Public/From\ aEroPartition/Dev/ClariFi\ iOS
    builtin-copy -exclude .DS_Store -exclude CVS -exclude .svn -exclude .git -exclude .hg -resolve-src-symlinks /Users/mayenikhalo/Public/From\ aEroPartition/Dev/ClariFi\ iOS/ClariFi\ iOS/fix_xcode_test_targets.sh /Users/aero/Library/Developer/Xcode/DerivedData/ClariFi_iOS-gmrlhvqnuqrbwdaistjzehzlpfwz/Build/Products/Debug-iphonesimulator/ClariFi\ iOS.app

CpResource /Users/aero/Library/Developer/Xcode/DerivedData/ClariFi_iOS-gmrlhvqnuqrbwdaistjzehzlpfwz/Build/Products/Debug-iphonesimulator/ClariFi\ iOS.app/fix_xcode_project_v2.rb /Users/mayenikhalo/Public/From\ aEroPartition/Dev/ClariFi\ iOS/ClariFi\ iOS/fix_xcode_project_v2.rb (in target 'ClariFi iOS' from project 'ClariFi iOS')
    cd /Users/mayenikhalo/Public/From\ aEroPartition/Dev/ClariFi\ iOS
    builtin-copy -exclude .DS_Store -exclude CVS -exclude .svn -exclude .git -exclude .hg -resolve-src-symlinks /Users/mayenikhalo/Public/From\ aEroPartition/Dev/ClariFi\ iOS/ClariFi\ iOS/fix_xcode_project_v2.rb /Users/aero/Library/Developer/Xcode/DerivedData/ClariFi_iOS-gmrlhvqnuqrbwdaistjzehzlpfwz/Build/Products/Debug-iphonesimulator/ClariFi\ iOS.app

CpResource /Users/aero/Library/Developer/Xcode/DerivedData/ClariFi_iOS-gmrlhvqnuqrbwdaistjzehzlpfwz/Build/Products/Debug-iphonesimulator/ClariFi\ iOS.app/fix_xcode_project.rb /Users/mayenikhalo/Public/From\ aEroPartition/Dev/ClariFi\ iOS/ClariFi\ iOS/fix_xcode_project.rb (in target 'ClariFi iOS' from project 'ClariFi iOS')
    cd /Users/mayenikhalo/Public/From\ aEroPartition/Dev/ClariFi\ iOS
    builtin-copy -exclude .DS_Store -exclude CVS -exclude .svn -exclude .git -exclude .hg -resolve-src-symlinks /Users/mayenikhalo/Public/From\ aEroPartition/Dev/ClariFi\ iOS/ClariFi\ iOS/fix_xcode_project.rb /Users/aero/Library/Developer/Xcode/DerivedData/ClariFi_iOS-gmrlhvqnuqrbwdaistjzehzlpfwz/Build/Products/Debug-iphonesimulator/ClariFi\ iOS.app

CpResource /Users/aero/Library/Developer/Xcode/DerivedData/ClariFi_iOS-gmrlhvqnuqrbwdaistjzehzlpfwz/Build/Products/Debug-iphonesimulator/ClariFi\ iOS.app/fix_test_targets.py /Users/mayenikhalo/Public/From\ aEroPartition/Dev/ClariFi\ iOS/ClariFi\ iOS/fix_test_targets.py (in target 'ClariFi iOS' from project 'ClariFi iOS')
    cd /Users/mayenikhalo/Public/From\ aEroPartition/Dev/ClariFi\ iOS
    builtin-copy -exclude .DS_Store -exclude CVS -exclude .svn -exclude .git -exclude .hg -resolve-src-symlinks /Users/mayenikhalo/Public/From\ aEroPartition/Dev/ClariFi\ iOS/ClariFi\ iOS/fix_test_targets.py /Users/aero/Library/Developer/Xcode/DerivedData/ClariFi_iOS-gmrlhvqnuqrbwdaistjzehzlpfwz/Build/Products/Debug-iphonesimulator/ClariFi\ iOS.app

CpResource /Users/aero/Library/Developer/Xcode/DerivedData/ClariFi_iOS-gmrlhvqnuqrbwdaistjzehzlpfwz/Build/Products/Debug-iphonesimulator/ClariFi\ iOS.app/fix_test_target_membership.sh /Users/mayenikhalo/Public/From\ aEroPartition/Dev/ClariFi\ iOS/ClariFi\ iOS/fix_test_target_membership.sh (in target 'ClariFi iOS' from project 'ClariFi iOS')
    cd /Users/mayenikhalo/Public/From\ aEroPartition/Dev/ClariFi\ iOS
    builtin-copy -exclude .DS_Store -exclude CVS -exclude .svn -exclude .git -exclude .hg -resolve-src-symlinks /Users/mayenikhalo/Public/From\ aEroPartition/Dev/ClariFi\ iOS/ClariFi\ iOS/fix_test_target_membership.sh /Users/aero/Library/Developer/Xcode/DerivedData/ClariFi_iOS-gmrlhvqnuqrbwdaistjzehzlpfwz/Build/Products/Debug-iphonesimulator/ClariFi\ iOS.app

CpResource /Users/aero/Library/Developer/Xcode/DerivedData/ClariFi_iOS-gmrlhvqnuqrbwdaistjzehzlpfwz/Build/Products/Debug-iphonesimulator/ClariFi\ iOS.app/fix_test_target_issues.sh /Users/mayenikhalo/Public/From\ aEroPartition/Dev/ClariFi\ iOS/ClariFi\ iOS/fix_test_target_issues.sh (in target 'ClariFi iOS' from project 'ClariFi iOS')
    cd /Users/mayenikhalo/Public/From\ aEroPartition/Dev/ClariFi\ iOS
    builtin-copy -exclude .DS_Store -exclude CVS -exclude .svn -exclude .git -exclude .hg -resolve-src-symlinks /Users/mayenikhalo/Public/From\ aEroPartition/Dev/ClariFi\ iOS/ClariFi\ iOS/fix_test_target_issues.sh /Users/aero/Library/Developer/Xcode/DerivedData/ClariFi_iOS-gmrlhvqnuqrbwdaistjzehzlpfwz/Build/Products/Debug-iphonesimulator/ClariFi\ iOS.app

CpResource /Users/aero/Library/Developer/Xcode/DerivedData/ClariFi_iOS-gmrlhvqnuqrbwdaistjzehzlpfwz/Build/Products/Debug-iphonesimulator/ClariFi\ iOS.app/fix_spec_files_in_xcode.sh /Users/mayenikhalo/Public/From\ aEroPartition/Dev/ClariFi\ iOS/ClariFi\ iOS/fix_spec_files_in_xcode.sh (in target 'ClariFi iOS' from project 'ClariFi iOS')
    cd /Users/mayenikhalo/Public/From\ aEroPartition/Dev/ClariFi\ iOS
    builtin-copy -exclude .DS_Store -exclude CVS -exclude .svn -exclude .git -exclude .hg -resolve-src-symlinks /Users/mayenikhalo/Public/From\ aEroPartition/Dev/ClariFi\ iOS/ClariFi\ iOS/fix_spec_files_in_xcode.sh /Users/aero/Library/Developer/Xcode/DerivedData/ClariFi_iOS-gmrlhvqnuqrbwdaistjzehzlpfwz/Build/Products/Debug-iphonesimulator/ClariFi\ iOS.app

CpResource /Users/aero/Library/Developer/Xcode/DerivedData/ClariFi_iOS-gmrlhvqnuqrbwdaistjzehzlpfwz/Build/Products/Debug-iphonesimulator/ClariFi\ iOS.app/fix_currency_formatters.sh /Users/mayenikhalo/Public/From\ aEroPartition/Dev/ClariFi\ iOS/ClariFi\ iOS/fix_currency_formatters.sh (in target 'ClariFi iOS' from project 'ClariFi iOS')
    cd /Users/mayenikhalo/Public/From\ aEroPartition/Dev/ClariFi\ iOS
    builtin-copy -exclude .DS_Store -exclude CVS -exclude .svn -exclude .git -exclude .hg -resolve-src-symlinks /Users/mayenikhalo/Public/From\ aEroPartition/Dev/ClariFi\ iOS/ClariFi\ iOS/fix_currency_formatters.sh /Users/aero/Library/Developer/Xcode/DerivedData/ClariFi_iOS-gmrlhvqnuqrbwdaistjzehzlpfwz/Build/Products/Debug-iphonesimulator/ClariFi\ iOS.app

CpResource /Users/aero/Library/Developer/Xcode/DerivedData/ClariFi_iOS-gmrlhvqnuqrbwdaistjzehzlpfwz/Build/Products/Debug-iphonesimulator/ClariFi\ iOS.app/exclude_test_dirs.py /Users/mayenikhalo/Public/From\ aEroPartition/Dev/ClariFi\ iOS/ClariFi\ iOS/exclude_test_dirs.py (in target 'ClariFi iOS' from project 'ClariFi iOS')
    cd /Users/mayenikhalo/Public/From\ aEroPartition/Dev/ClariFi\ iOS
    builtin-copy -exclude .DS_Store -exclude CVS -exclude .svn -exclude .git -exclude .hg -resolve-src-symlinks /Users/mayenikhalo/Public/From\ aEroPartition/Dev/ClariFi\ iOS/ClariFi\ iOS/exclude_test_dirs.py /Users/aero/Library/Developer/Xcode/DerivedData/ClariFi_iOS-gmrlhvqnuqrbwdaistjzehzlpfwz/Build/Products/Debug-iphonesimulator/ClariFi\ iOS.app

CpResource /Users/aero/Library/Developer/Xcode/DerivedData/ClariFi_iOS-gmrlhvqnuqrbwdaistjzehzlpfwz/Build/Products/Debug-iphonesimulator/ClariFi\ iOS.app/documentation_consolidation_plan.md /Users/mayenikhalo/Public/From\ aEroPartition/Dev/ClariFi\ iOS/ClariFi\ iOS/documentation_consolidation_plan.md (in target 'ClariFi iOS' from project 'ClariFi iOS')
    cd /Users/mayenikhalo/Public/From\ aEroPartition/Dev/ClariFi\ iOS
    builtin-copy -exclude .DS_Store -exclude CVS -exclude .svn -exclude .git -exclude .hg -resolve-src-symlinks /Users/mayenikhalo/Public/From\ aEroPartition/Dev/ClariFi\ iOS/ClariFi\ iOS/documentation_consolidation_plan.md /Users/aero/Library/Developer/Xcode/DerivedData/ClariFi_iOS-gmrlhvqnuqrbwdaistjzehzlpfwz/Build/Products/Debug-iphonesimulator/ClariFi\ iOS.app

CpResource /Users/aero/Library/Developer/Xcode/DerivedData/ClariFi_iOS-gmrlhvqnuqrbwdaistjzehzlpfwz/Build/Products/Debug-iphonesimulator/ClariFi\ iOS.app/documentation_categorizer.py /Users/mayenikhalo/Public/From\ aEroPartition/Dev/ClariFi\ iOS/ClariFi\ iOS/scripts/analysis/documentation_categorizer.py (in target 'ClariFi iOS' from project 'ClariFi iOS')
    cd /Users/mayenikhalo/Public/From\ aEroPartition/Dev/ClariFi\ iOS
    builtin-copy -exclude .DS_Store -exclude CVS -exclude .svn -exclude .git -exclude .hg -resolve-src-symlinks /Users/mayenikhalo/Public/From\ aEroPartition/Dev/ClariFi\ iOS/ClariFi\ iOS/scripts/analysis/documentation_categorizer.py /Users/aero/Library/Developer/Xcode/DerivedData/ClariFi_iOS-gmrlhvqnuqrbwdaistjzehzlpfwz/Build/Products/Debug-iphonesimulator/ClariFi\ iOS.app

CpResource /Users/aero/Library/Developer/Xcode/DerivedData/ClariFi_iOS-gmrlhvqnuqrbwdaistjzehzlpfwz/Build/Products/Debug-iphonesimulator/ClariFi\ iOS.app/documentation_analysis_report.md /Users/mayenikhalo/Public/From\ aEroPartition/Dev/ClariFi\ iOS/ClariFi\ iOS/documentation_analysis_report.md (in target 'ClariFi iOS' from project 'ClariFi iOS')
    cd /Users/mayenikhalo/Public/From\ aEroPartition/Dev/ClariFi\ iOS
    builtin-copy -exclude .DS_Store -exclude CVS -exclude .svn -exclude .git -exclude .hg -resolve-src-symlinks /Users/mayenikhalo/Public/From\ aEroPartition/Dev/ClariFi\ iOS/ClariFi\ iOS/documentation_analysis_report.md /Users/aero/Library/Developer/Xcode/DerivedData/ClariFi_iOS-gmrlhvqnuqrbwdaistjzehzlpfwz/Build/Products/Debug-iphonesimulator/ClariFi\ iOS.app

CpResource /Users/aero/Library/Developer/Xcode/DerivedData/ClariFi_iOS-gmrlhvqnuqrbwdaistjzehzlpfwz/Build/Products/Debug-iphonesimulator/ClariFi\ iOS.app/documentation_analysis.sh /Users/mayenikhalo/Public/From\ aEroPartition/Dev/ClariFi\ iOS/ClariFi\ iOS/scripts/analysis/documentation_analysis.sh (in target 'ClariFi iOS' from project 'ClariFi iOS')
    cd /Users/mayenikhalo/Public/From\ aEroPartition/Dev/ClariFi\ iOS
    builtin-copy -exclude .DS_Store -exclude CVS -exclude .svn -exclude .git -exclude .hg -resolve-src-symlinks /Users/mayenikhalo/Public/From\ aEroPartition/Dev/ClariFi\ iOS/ClariFi\ iOS/scripts/analysis/documentation_analysis.sh /Users/aero/Library/Developer/Xcode/DerivedData/ClariFi_iOS-gmrlhvqnuqrbwdaistjzehzlpfwz/Build/Products/Debug-iphonesimulator/ClariFi\ iOS.app

CpResource /Users/aero/Library/Developer/Xcode/DerivedData/ClariFi_iOS-gmrlhvqnuqrbwdaistjzehzlpfwz/Build/Products/Debug-iphonesimulator/ClariFi\ iOS.app/dependency_mapping.sh /Users/mayenikhalo/Public/From\ aEroPartition/Dev/ClariFi\ iOS/ClariFi\ iOS/scripts/analysis/dependency_mapping.sh (in target 'ClariFi iOS' from project 'ClariFi iOS')
    cd /Users/mayenikhalo/Public/From\ aEroPartition/Dev/ClariFi\ iOS
    builtin-copy -exclude .DS_Store -exclude CVS -exclude .svn -exclude .git -exclude .hg -resolve-src-symlinks /Users/mayenikhalo/Public/From\ aEroPartition/Dev/ClariFi\ iOS/ClariFi\ iOS/scripts/analysis/dependency_mapping.sh /Users/aero/Library/Developer/Xcode/DerivedData/ClariFi_iOS-gmrlhvqnuqrbwdaistjzehzlpfwz/Build/Products/Debug-iphonesimulator/ClariFi\ iOS.app

CpResource /Users/aero/Library/Developer/Xcode/DerivedData/ClariFi_iOS-gmrlhvqnuqrbwdaistjzehzlpfwz/Build/Products/Debug-iphonesimulator/ClariFi\ iOS.app/dependency_graph.dot /Users/mayenikhalo/Public/From\ aEroPartition/Dev/ClariFi\ iOS/ClariFi\ iOS/dependency_graph.dot (in target 'ClariFi iOS' from project 'ClariFi iOS')
    cd /Users/mayenikhalo/Public/From\ aEroPartition/Dev/ClariFi\ iOS
    builtin-copy -exclude .DS_Store -exclude CVS -exclude .svn -exclude .git -exclude .hg -resolve-src-symlinks /Users/mayenikhalo/Public/From\ aEroPartition/Dev/ClariFi\ iOS/ClariFi\ iOS/dependency_graph.dot /Users/aero/Library/Developer/Xcode/DerivedData/ClariFi_iOS-gmrlhvqnuqrbwdaistjzehzlpfwz/Build/Products/Debug-iphonesimulator/ClariFi\ iOS.app

CpResource /Users/aero/Library/Developer/Xcode/DerivedData/ClariFi_iOS-gmrlhvqnuqrbwdaistjzehzlpfwz/Build/Products/Debug-iphonesimulator/ClariFi\ iOS.app/dependency_analysis_report.md /Users/mayenikhalo/Public/From\ aEroPartition/Dev/ClariFi\ iOS/ClariFi\ iOS/dependency_analysis_report.md (in target 'ClariFi iOS' from project 'ClariFi iOS')
    cd /Users/mayenikhalo/Public/From\ aEroPartition/Dev/ClariFi\ iOS
    builtin-copy -exclude .DS_Store -exclude CVS -exclude .svn -exclude .git -exclude .hg -resolve-src-symlinks /Users/mayenikhalo/Public/From\ aEroPartition/Dev/ClariFi\ iOS/ClariFi\ iOS/dependency_analysis_report.md /Users/aero/Library/Developer/Xcode/DerivedData/ClariFi_iOS-gmrlhvqnuqrbwdaistjzehzlpfwz/Build/Products/Debug-iphonesimulator/ClariFi\ iOS.app

CpResource /Users/aero/Library/Developer/Xcode/DerivedData/ClariFi_iOS-gmrlhvqnuqrbwdaistjzehzlpfwz/Build/Products/Debug-iphonesimulator/ClariFi\ iOS.app/content_overlap_analyzer.py /Users/mayenikhalo/Public/From\ aEroPartition/Dev/ClariFi\ iOS/ClariFi\ iOS/scripts/analysis/content_overlap_analyzer.py (in target 'ClariFi iOS' from project 'ClariFi iOS')
    cd /Users/mayenikhalo/Public/From\ aEroPartition/Dev/ClariFi\ iOS
    builtin-copy -exclude .DS_Store -exclude CVS -exclude .svn -exclude .git -exclude .hg -resolve-src-symlinks /Users/mayenikhalo/Public/From\ aEroPartition/Dev/ClariFi\ iOS/ClariFi\ iOS/scripts/analysis/content_overlap_analyzer.py /Users/aero/Library/Developer/Xcode/DerivedData/ClariFi_iOS-gmrlhvqnuqrbwdaistjzehzlpfwz/Build/Products/Debug-iphonesimulator/ClariFi\ iOS.app

CpResource /Users/aero/Library/Developer/Xcode/DerivedData/ClariFi_iOS-gmrlhvqnuqrbwdaistjzehzlpfwz/Build/Products/Debug-iphonesimulator/ClariFi\ iOS.app/content_overlap_analysis.txt /Users/mayenikhalo/Public/From\ aEroPartition/Dev/ClariFi\ iOS/ClariFi\ iOS/content_overlap_analysis.txt (in target 'ClariFi iOS' from project 'ClariFi iOS')
    cd /Users/mayenikhalo/Public/From\ aEroPartition/Dev/ClariFi\ iOS
    builtin-copy -exclude .DS_Store -exclude CVS -exclude .svn -exclude .git -exclude .hg -resolve-src-symlinks /Users/mayenikhalo/Public/From\ aEroPartition/Dev/ClariFi\ iOS/ClariFi\ iOS/content_overlap_analysis.txt /Users/aero/Library/Developer/Xcode/DerivedData/ClariFi_iOS-gmrlhvqnuqrbwdaistjzehzlpfwz/Build/Products/Debug-iphonesimulator/ClariFi\ iOS.app

CpResource /Users/aero/Library/Developer/Xcode/DerivedData/ClariFi_iOS-gmrlhvqnuqrbwdaistjzehzlpfwz/Build/Products/Debug-iphonesimulator/ClariFi\ iOS.app/circular_dependencies.txt /Users/mayenikhalo/Public/From\ aEroPartition/Dev/ClariFi\ iOS/ClariFi\ iOS/circular_dependencies.txt (in target 'ClariFi iOS' from project 'ClariFi iOS')
    cd /Users/mayenikhalo/Public/From\ aEroPartition/Dev/ClariFi\ iOS
    builtin-copy -exclude .DS_Store -exclude CVS -exclude .svn -exclude .git -exclude .hg -resolve-src-symlinks /Users/mayenikhalo/Public/From\ aEroPartition/Dev/ClariFi\ iOS/ClariFi\ iOS/circular_dependencies.txt /Users/aero/Library/Developer/Xcode/DerivedData/ClariFi_iOS-gmrlhvqnuqrbwdaistjzehzlpfwz/Build/Products/Debug-iphonesimulator/ClariFi\ iOS.app

CpResource /Users/aero/Library/Developer/Xcode/DerivedData/ClariFi_iOS-gmrlhvqnuqrbwdaistjzehzlpfwz/Build/Products/Debug-iphonesimulator/ClariFi\ iOS.app/build_output.log /Users/mayenikhalo/Public/From\ aEroPartition/Dev/ClariFi\ iOS/ClariFi\ iOS/build_output.log (in target 'ClariFi iOS' from project 'ClariFi iOS')
    cd /Users/mayenikhalo/Public/From\ aEroPartition/Dev/ClariFi\ iOS
    builtin-copy -exclude .DS_Store -exclude CVS -exclude .svn -exclude .git -exclude .hg -resolve-src-symlinks /Users/mayenikhalo/Public/From\ aEroPartition/Dev/ClariFi\ iOS/ClariFi\ iOS/build_output.log /Users/aero/Library/Developer/Xcode/DerivedData/ClariFi_iOS-gmrlhvqnuqrbwdaistjzehzlpfwz/Build/Products/Debug-iphonesimulator/ClariFi\ iOS.app

CpResource /Users/aero/Library/Developer/Xcode/DerivedData/ClariFi_iOS-gmrlhvqnuqrbwdaistjzehzlpfwz/Build/Products/Debug-iphonesimulator/ClariFi\ iOS.app/baseline_analysis_report.md /Users/mayenikhalo/Public/From\ aEroPartition/Dev/ClariFi\ iOS/ClariFi\ iOS/baseline_analysis_report.md (in target 'ClariFi iOS' from project 'ClariFi iOS')
    cd /Users/mayenikhalo/Public/From\ aEroPartition/Dev/ClariFi\ iOS
    builtin-copy -exclude .DS_Store -exclude CVS -exclude .svn -exclude .git -exclude .hg -resolve-src-symlinks /Users/mayenikhalo/Public/From\ aEroPartition/Dev/ClariFi\ iOS/ClariFi\ iOS/baseline_analysis_report.md /Users/aero/Library/Developer/Xcode/DerivedData/ClariFi_iOS-gmrlhvqnuqrbwdaistjzehzlpfwz/Build/Products/Debug-iphonesimulator/ClariFi\ iOS.app

CpResource /Users/aero/Library/Developer/Xcode/DerivedData/ClariFi_iOS-gmrlhvqnuqrbwdaistjzehzlpfwz/Build/Products/Debug-iphonesimulator/ClariFi\ iOS.app/baseline_analysis.sh /Users/mayenikhalo/Public/From\ aEroPartition/Dev/ClariFi\ iOS/ClariFi\ iOS/scripts/analysis/baseline_analysis.sh (in target 'ClariFi iOS' from project 'ClariFi iOS')
    cd /Users/mayenikhalo/Public/From\ aEroPartition/Dev/ClariFi\ iOS
    builtin-copy -exclude .DS_Store -exclude CVS -exclude .svn -exclude .git -exclude .hg -resolve-src-symlinks /Users/mayenikhalo/Public/From\ aEroPartition/Dev/ClariFi\ iOS/ClariFi\ iOS/scripts/analysis/baseline_analysis.sh /Users/aero/Library/Developer/Xcode/DerivedData/ClariFi_iOS-gmrlhvqnuqrbwdaistjzehzlpfwz/Build/Products/Debug-iphonesimulator/ClariFi\ iOS.app

CpResource /Users/aero/Library/Developer/Xcode/DerivedData/ClariFi_iOS-gmrlhvqnuqrbwdaistjzehzlpfwz/Build/Products/Debug-iphonesimulator/ClariFi\ iOS.app/audit_viewmodel_di.sh /Users/mayenikhalo/Public/From\ aEroPartition/Dev/ClariFi\ iOS/ClariFi\ iOS/audit_viewmodel_di.sh (in target 'ClariFi iOS' from project 'ClariFi iOS')
    cd /Users/mayenikhalo/Public/From\ aEroPartition/Dev/ClariFi\ iOS
    builtin-copy -exclude .DS_Store -exclude CVS -exclude .svn -exclude .git -exclude .hg -resolve-src-symlinks /Users/mayenikhalo/Public/From\ aEroPartition/Dev/ClariFi\ iOS/ClariFi\ iOS/audit_viewmodel_di.sh /Users/aero/Library/Developer/Xcode/DerivedData/ClariFi_iOS-gmrlhvqnuqrbwdaistjzehzlpfwz/Build/Products/Debug-iphonesimulator/ClariFi\ iOS.app

CpResource /Users/aero/Library/Developer/Xcode/DerivedData/ClariFi_iOS-gmrlhvqnuqrbwdaistjzehzlpfwz/Build/Products/Debug-iphonesimulator/ClariFi\ iOS.app/add_test_exceptions.py /Users/mayenikhalo/Public/From\ aEroPartition/Dev/ClariFi\ iOS/ClariFi\ iOS/add_test_exceptions.py (in target 'ClariFi iOS' from project 'ClariFi iOS')
    cd /Users/mayenikhalo/Public/From\ aEroPartition/Dev/ClariFi\ iOS
    builtin-copy -exclude .DS_Store -exclude CVS -exclude .svn -exclude .git -exclude .hg -resolve-src-symlinks /Users/mayenikhalo/Public/From\ aEroPartition/Dev/ClariFi\ iOS/ClariFi\ iOS/add_test_exceptions.py /Users/aero/Library/Developer/Xcode/DerivedData/ClariFi_iOS-gmrlhvqnuqrbwdaistjzehzlpfwz/Build/Products/Debug-iphonesimulator/ClariFi\ iOS.app

CpResource /Users/aero/Library/Developer/Xcode/DerivedData/ClariFi_iOS-gmrlhvqnuqrbwdaistjzehzlpfwz/Build/Products/Debug-iphonesimulator/ClariFi\ iOS.app/add_spec_exceptions.py /Users/mayenikhalo/Public/From\ aEroPartition/Dev/ClariFi\ iOS/ClariFi\ iOS/add_spec_exceptions.py (in target 'ClariFi iOS' from project 'ClariFi iOS')
    cd /Users/mayenikhalo/Public/From\ aEroPartition/Dev/ClariFi\ iOS
    builtin-copy -exclude .DS_Store -exclude CVS -exclude .svn -exclude .git -exclude .hg -resolve-src-symlinks /Users/mayenikhalo/Public/From\ aEroPartition/Dev/ClariFi\ iOS/ClariFi\ iOS/add_spec_exceptions.py /Users/aero/Library/Developer/Xcode/DerivedData/ClariFi_iOS-gmrlhvqnuqrbwdaistjzehzlpfwz/Build/Products/Debug-iphonesimulator/ClariFi\ iOS.app

CpResource /Users/aero/Library/Developer/Xcode/DerivedData/ClariFi_iOS-gmrlhvqnuqrbwdaistjzehzlpfwz/Build/Products/Debug-iphonesimulator/ClariFi\ iOS.app/USER_GUIDE_UX_FEATURES.md /Users/mayenikhalo/Public/From\ aEroPartition/Dev/ClariFi\ iOS/ClariFi\ iOS/docs/USER_GUIDE_UX_FEATURES.md (in target 'ClariFi iOS' from project 'ClariFi iOS')
    cd /Users/mayenikhalo/Public/From\ aEroPartition/Dev/ClariFi\ iOS
    builtin-copy -exclude .DS_Store -exclude CVS -exclude .svn -exclude .git -exclude .hg -resolve-src-symlinks /Users/mayenikhalo/Public/From\ aEroPartition/Dev/ClariFi\ iOS/ClariFi\ iOS/docs/USER_GUIDE_UX_FEATURES.md /Users/aero/Library/Developer/Xcode/DerivedData/ClariFi_iOS-gmrlhvqnuqrbwdaistjzehzlpfwz/Build/Products/Debug-iphonesimulator/ClariFi\ iOS.app

CpResource /Users/aero/Library/Developer/Xcode/DerivedData/ClariFi_iOS-gmrlhvqnuqrbwdaistjzehzlpfwz/Build/Products/Debug-iphonesimulator/ClariFi\ iOS.app/TROUBLESHOOTING.md /Users/mayenikhalo/Public/From\ aEroPartition/Dev/ClariFi\ iOS/ClariFi\ iOS/docs/TROUBLESHOOTING.md (in target 'ClariFi iOS' from project 'ClariFi iOS')
    cd /Users/mayenikhalo/Public/From\ aEroPartition/Dev/ClariFi\ iOS
    builtin-copy -exclude .DS_Store -exclude CVS -exclude .svn -exclude .git -exclude .hg -resolve-src-symlinks /Users/mayenikhalo/Public/From\ aEroPartition/Dev/ClariFi\ iOS/ClariFi\ iOS/docs/TROUBLESHOOTING.md /Users/aero/Library/Developer/Xcode/DerivedData/ClariFi_iOS-gmrlhvqnuqrbwdaistjzehzlpfwz/Build/Products/Debug-iphonesimulator/ClariFi\ iOS.app

CpResource /Users/aero/Library/Developer/Xcode/DerivedData/ClariFi_iOS-gmrlhvqnuqrbwdaistjzehzlpfwz/Build/Products/Debug-iphonesimulator/ClariFi\ iOS.app/TEST_TARGET_FIX_GUIDE.md /Users/mayenikhalo/Public/From\ aEroPartition/Dev/ClariFi\ iOS/ClariFi\ iOS/.kiro/specs/architecture-refactoring/TEST_TARGET_FIX_GUIDE.md (in target 'ClariFi iOS' from project 'ClariFi iOS')
    cd /Users/mayenikhalo/Public/From\ aEroPartition/Dev/ClariFi\ iOS
    builtin-copy -exclude .DS_Store -exclude CVS -exclude .svn -exclude .git -exclude .hg -resolve-src-symlinks /Users/mayenikhalo/Public/From\ aEroPartition/Dev/ClariFi\ iOS/ClariFi\ iOS/.kiro/specs/architecture-refactoring/TEST_TARGET_FIX_GUIDE.md /Users/aero/Library/Developer/Xcode/DerivedData/ClariFi_iOS-gmrlhvqnuqrbwdaistjzehzlpfwz/Build/Products/Debug-iphonesimulator/ClariFi\ iOS.app

CpResource /Users/aero/Library/Developer/Xcode/DerivedData/ClariFi_iOS-gmrlhvqnuqrbwdaistjzehzlpfwz/Build/Products/Debug-iphonesimulator/ClariFi\ iOS.app/TASK_7.8_FINAL_INTEGRATION_SUMMARY.md /Users/mayenikhalo/Public/From\ aEroPartition/Dev/ClariFi\ iOS/ClariFi\ iOS/.kiro/specs/critical-ux-fixes/TASK_7.8_FINAL_INTEGRATION_SUMMARY.md (in target 'ClariFi iOS' from project 'ClariFi iOS')
    cd /Users/mayenikhalo/Public/From\ aEroPartition/Dev/ClariFi\ iOS
    builtin-copy -exclude .DS_Store -exclude CVS -exclude .svn -exclude .git -exclude .hg -resolve-src-symlinks /Users/mayenikhalo/Public/From\ aEroPartition/Dev/ClariFi\ iOS/ClariFi\ iOS/.kiro/specs/critical-ux-fixes/TASK_7.8_FINAL_INTEGRATION_SUMMARY.md /Users/aero/Library/Developer/Xcode/DerivedData/ClariFi_iOS-gmrlhvqnuqrbwdaistjzehzlpfwz/Build/Products/Debug-iphonesimulator/ClariFi\ iOS.app

CpResource /Users/aero/Library/Developer/Xcode/DerivedData/ClariFi_iOS-gmrlhvqnuqrbwdaistjzehzlpfwz/Build/Products/Debug-iphonesimulator/ClariFi\ iOS.app/TASK_7.7_PERFORMANCE_TESTING_SUMMARY.md /Users/mayenikhalo/Public/From\ aEroPartition/Dev/ClariFi\ iOS/ClariFi\ iOS/.kiro/specs/critical-ux-fixes/TASK_7.7_PERFORMANCE_TESTING_SUMMARY.md (in target 'ClariFi iOS' from project 'ClariFi iOS')
    cd /Users/mayenikhalo/Public/From\ aEroPartition/Dev/ClariFi\ iOS
    builtin-copy -exclude .DS_Store -exclude CVS -exclude .svn -exclude .git -exclude .hg -resolve-src-symlinks /Users/mayenikhalo/Public/From\ aEroPartition/Dev/ClariFi\ iOS/ClariFi\ iOS/.kiro/specs/critical-ux-fixes/TASK_7.7_PERFORMANCE_TESTING_SUMMARY.md /Users/aero/Library/Developer/Xcode/DerivedData/ClariFi_iOS-gmrlhvqnuqrbwdaistjzehzlpfwz/Build/Products/Debug-iphonesimulator/ClariFi\ iOS.app

CpResource /Users/aero/Library/Developer/Xcode/DerivedData/ClariFi_iOS-gmrlhvqnuqrbwdaistjzehzlpfwz/Build/Products/Debug-iphonesimulator/ClariFi\ iOS.app/TASK_7.7_FINAL_SUMMARY.md /Users/mayenikhalo/Public/From\ aEroPartition/Dev/ClariFi\ iOS/ClariFi\ iOS/.kiro/specs/critical-ux-fixes/TASK_7.7_FINAL_SUMMARY.md (in target 'ClariFi iOS' from project 'ClariFi iOS')
    cd /Users/mayenikhalo/Public/From\ aEroPartition/Dev/ClariFi\ iOS
    builtin-copy -exclude .DS_Store -exclude CVS -exclude .svn -exclude .git -exclude .hg -resolve-src-symlinks /Users/mayenikhalo/Public/From\ aEroPartition/Dev/ClariFi\ iOS/ClariFi\ iOS/.kiro/specs/critical-ux-fixes/TASK_7.7_FINAL_SUMMARY.md /Users/aero/Library/Developer/Xcode/DerivedData/ClariFi_iOS-gmrlhvqnuqrbwdaistjzehzlpfwz/Build/Products/Debug-iphonesimulator/ClariFi\ iOS.app

CpResource /Users/aero/Library/Developer/Xcode/DerivedData/ClariFi_iOS-gmrlhvqnuqrbwdaistjzehzlpfwz/Build/Products/Debug-iphonesimulator/ClariFi\ iOS.app/TASK_7.7_COMPLETION_REPORT.md /Users/mayenikhalo/Public/From\ aEroPartition/Dev/ClariFi\ iOS/ClariFi\ iOS/.kiro/specs/critical-ux-fixes/TASK_7.7_COMPLETION_REPORT.md (in target 'ClariFi iOS' from project 'ClariFi iOS')
    cd /Users/mayenikhalo/Public/From\ aEroPartition/Dev/ClariFi\ iOS
    builtin-copy -exclude .DS_Store -exclude CVS -exclude .svn -exclude .git -exclude .hg -resolve-src-symlinks /Users/mayenikhalo/Public/From\ aEroPartition/Dev/ClariFi\ iOS/ClariFi\ iOS/.kiro/specs/critical-ux-fixes/TASK_7.7_COMPLETION_REPORT.md /Users/aero/Library/Developer/Xcode/DerivedData/ClariFi_iOS-gmrlhvqnuqrbwdaistjzehzlpfwz/Build/Products/Debug-iphonesimulator/ClariFi\ iOS.app

CpResource /Users/aero/Library/Developer/Xcode/DerivedData/ClariFi_iOS-gmrlhvqnuqrbwdaistjzehzlpfwz/Build/Products/Debug-iphonesimulator/ClariFi\ iOS.app/TASK_5.7_DI_LIFECYCLE_TESTS_SUMMARY.md /Users/mayenikhalo/Public/From\ aEroPartition/Dev/ClariFi\ iOS/ClariFi\ iOS/.kiro/specs/critical-ux-fixes/TASK_5.7_DI_LIFECYCLE_TESTS_SUMMARY.md (in target 'ClariFi iOS' from project 'ClariFi iOS')
    cd /Users/mayenikhalo/Public/From\ aEroPartition/Dev/ClariFi\ iOS
    builtin-copy -exclude .DS_Store -exclude CVS -exclude .svn -exclude .git -exclude .hg -resolve-src-symlinks /Users/mayenikhalo/Public/From\ aEroPartition/Dev/ClariFi\ iOS/ClariFi\ iOS/.kiro/specs/critical-ux-fixes/TASK_5.7_DI_LIFECYCLE_TESTS_SUMMARY.md /Users/aero/Library/Developer/Xcode/DerivedData/ClariFi_iOS-gmrlhvqnuqrbwdaistjzehzlpfwz/Build/Products/Debug-iphonesimulator/ClariFi\ iOS.app

CpResource /Users/aero/Library/Developer/Xcode/DerivedData/ClariFi_iOS-gmrlhvqnuqrbwdaistjzehzlpfwz/Build/Products/Debug-iphonesimulator/ClariFi\ iOS.app/TASK_5.6_DI_AUDIT_SUMMARY.md /Users/mayenikhalo/Public/From\ aEroPartition/Dev/ClariFi\ iOS/ClariFi\ iOS/.kiro/specs/critical-ux-fixes/TASK_5.6_DI_AUDIT_SUMMARY.md (in target 'ClariFi iOS' from project 'ClariFi iOS')
    cd /Users/mayenikhalo/Public/From\ aEroPartition/Dev/ClariFi\ iOS
    builtin-copy -exclude .DS_Store -exclude CVS -exclude .svn -exclude .git -exclude .hg -resolve-src-symlinks /Users/mayenikhalo/Public/From\ aEroPartition/Dev/ClariFi\ iOS/ClariFi\ iOS/.kiro/specs/critical-ux-fixes/TASK_5.6_DI_AUDIT_SUMMARY.md /Users/aero/Library/Developer/Xcode/DerivedData/ClariFi_iOS-gmrlhvqnuqrbwdaistjzehzlpfwz/Build/Products/Debug-iphonesimulator/ClariFi\ iOS.app

CpResource /Users/aero/Library/Developer/Xcode/DerivedData/ClariFi_iOS-gmrlhvqnuqrbwdaistjzehzlpfwz/Build/Products/Debug-iphonesimulator/ClariFi\ iOS.app/TASK_4.8_COMPLETION_SUMMARY.md /Users/mayenikhalo/Public/From\ aEroPartition/Dev/ClariFi\ iOS/ClariFi\ iOS/.kiro/specs/critical-ux-fixes/TASK_4.8_COMPLETION_SUMMARY.md (in target 'ClariFi iOS' from project 'ClariFi iOS')
    cd /Users/mayenikhalo/Public/From\ aEroPartition/Dev/ClariFi\ iOS
    builtin-copy -exclude .DS_Store -exclude CVS -exclude .svn -exclude .git -exclude .hg -resolve-src-symlinks /Users/mayenikhalo/Public/From\ aEroPartition/Dev/ClariFi\ iOS/ClariFi\ iOS/.kiro/specs/critical-ux-fixes/TASK_4.8_COMPLETION_SUMMARY.md /Users/aero/Library/Developer/Xcode/DerivedData/ClariFi_iOS-gmrlhvqnuqrbwdaistjzehzlpfwz/Build/Products/Debug-iphonesimulator/ClariFi\ iOS.app

CpResource /Users/aero/Library/Developer/Xcode/DerivedData/ClariFi_iOS-gmrlhvqnuqrbwdaistjzehzlpfwz/Build/Products/Debug-iphonesimulator/ClariFi\ iOS.app/TASK_4.7_LLM_TESTS_SUMMARY.md /Users/mayenikhalo/Public/From\ aEroPartition/Dev/ClariFi\ iOS/ClariFi\ iOS/.kiro/specs/critical-ux-fixes/TASK_4.7_LLM_TESTS_SUMMARY.md (in target 'ClariFi iOS' from project 'ClariFi iOS')
    cd /Users/mayenikhalo/Public/From\ aEroPartition/Dev/ClariFi\ iOS
    builtin-copy -exclude .DS_Store -exclude CVS -exclude .svn -exclude .git -exclude .hg -resolve-src-symlinks /Users/mayenikhalo/Public/From\ aEroPartition/Dev/ClariFi\ iOS/ClariFi\ iOS/.kiro/specs/critical-ux-fixes/TASK_4.7_LLM_TESTS_SUMMARY.md /Users/aero/Library/Developer/Xcode/DerivedData/ClariFi_iOS-gmrlhvqnuqrbwdaistjzehzlpfwz/Build/Products/Debug-iphonesimulator/ClariFi\ iOS.app

CpResource /Users/aero/Library/Developer/Xcode/DerivedData/ClariFi_iOS-gmrlhvqnuqrbwdaistjzehzlpfwz/Build/Products/Debug-iphonesimulator/ClariFi\ iOS.app/TASK_3.9_TEST_SUMMARY.md /Users/mayenikhalo/Public/From\ aEroPartition/Dev/ClariFi\ iOS/ClariFi\ iOS/.kiro/specs/critical-ux-fixes/TASK_3.9_TEST_SUMMARY.md (in target 'ClariFi iOS' from project 'ClariFi iOS')
    cd /Users/mayenikhalo/Public/From\ aEroPartition/Dev/ClariFi\ iOS
    builtin-copy -exclude .DS_Store -exclude CVS -exclude .svn -exclude .git -exclude .hg -resolve-src-symlinks /Users/mayenikhalo/Public/From\ aEroPartition/Dev/ClariFi\ iOS/ClariFi\ iOS/.kiro/specs/critical-ux-fixes/TASK_3.9_TEST_SUMMARY.md /Users/aero/Library/Developer/Xcode/DerivedData/ClariFi_iOS-gmrlhvqnuqrbwdaistjzehzlpfwz/Build/Products/Debug-iphonesimulator/ClariFi\ iOS.app

CpResource /Users/aero/Library/Developer/Xcode/DerivedData/ClariFi_iOS-gmrlhvqnuqrbwdaistjzehzlpfwz/Build/Products/Debug-iphonesimulator/ClariFi\ iOS.app/TASK_2.8_COMPLETION_SUMMARY.md /Users/mayenikhalo/Public/From\ aEroPartition/Dev/ClariFi\ iOS/ClariFi\ iOS/.kiro/specs/critical-ux-fixes/TASK_2.8_COMPLETION_SUMMARY.md (in target 'ClariFi iOS' from project 'ClariFi iOS')
    cd /Users/mayenikhalo/Public/From\ aEroPartition/Dev/ClariFi\ iOS
    builtin-copy -exclude .DS_Store -exclude CVS -exclude .svn -exclude .git -exclude .hg -resolve-src-symlinks /Users/mayenikhalo/Public/From\ aEroPartition/Dev/ClariFi\ iOS/ClariFi\ iOS/.kiro/specs/critical-ux-fixes/TASK_2.8_COMPLETION_SUMMARY.md /Users/aero/Library/Developer/Xcode/DerivedData/ClariFi_iOS-gmrlhvqnuqrbwdaistjzehzlpfwz/Build/Products/Debug-iphonesimulator/ClariFi\ iOS.app

CpResource /Users/aero/Library/Developer/Xcode/DerivedData/ClariFi_iOS-gmrlhvqnuqrbwdaistjzehzlpfwz/Build/Products/Debug-iphonesimulator/ClariFi\ iOS.app/TASK_2.7_COMPLETION_SUMMARY.md /Users/mayenikhalo/Public/From\ aEroPartition/Dev/ClariFi\ iOS/ClariFi\ iOS/.kiro/specs/critical-ux-fixes/TASK_2.7_COMPLETION_SUMMARY.md (in target 'ClariFi iOS' from project 'ClariFi iOS')
    cd /Users/mayenikhalo/Public/From\ aEroPartition/Dev/ClariFi\ iOS
    builtin-copy -exclude .DS_Store -exclude CVS -exclude .svn -exclude .git -exclude .hg -resolve-src-symlinks /Users/mayenikhalo/Public/From\ aEroPartition/Dev/ClariFi\ iOS/ClariFi\ iOS/.kiro/specs/critical-ux-fixes/TASK_2.7_COMPLETION_SUMMARY.md /Users/aero/Library/Developer/Xcode/DerivedData/ClariFi_iOS-gmrlhvqnuqrbwdaistjzehzlpfwz/Build/Products/Debug-iphonesimulator/ClariFi\ iOS.app

CpResource /Users/aero/Library/Developer/Xcode/DerivedData/ClariFi_iOS-gmrlhvqnuqrbwdaistjzehzlpfwz/Build/Products/Debug-iphonesimulator/ClariFi\ iOS.app/TASKS_7-10_COMPLETE.md /Users/mayenikhalo/Public/From\ aEroPartition/Dev/ClariFi\ iOS/ClariFi\ iOS/.kiro/specs/additional-ux-improvements/TASKS_7-10_COMPLETE.md (in target 'ClariFi iOS' from project 'ClariFi iOS')
    cd /Users/mayenikhalo/Public/From\ aEroPartition/Dev/ClariFi\ iOS
    builtin-copy -exclude .DS_Store -exclude CVS -exclude .svn -exclude .git -exclude .hg -resolve-src-symlinks /Users/mayenikhalo/Public/From\ aEroPartition/Dev/ClariFi\ iOS/ClariFi\ iOS/.kiro/specs/additional-ux-improvements/TASKS_7-10_COMPLETE.md /Users/aero/Library/Developer/Xcode/DerivedData/ClariFi_iOS-gmrlhvqnuqrbwdaistjzehzlpfwz/Build/Products/Debug-iphonesimulator/ClariFi\ iOS.app

CpResource /Users/aero/Library/Developer/Xcode/DerivedData/ClariFi_iOS-gmrlhvqnuqrbwdaistjzehzlpfwz/Build/Products/Debug-iphonesimulator/ClariFi\ iOS.app/SPEC_SUMMARY.md /Users/mayenikhalo/Public/From\ aEroPartition/Dev/ClariFi\ iOS/ClariFi\ iOS/.kiro/specs/additional-ux-improvements/SPEC_SUMMARY.md (in target 'ClariFi iOS' from project 'ClariFi iOS')
    cd /Users/mayenikhalo/Public/From\ aEroPartition/Dev/ClariFi\ iOS
    builtin-copy -exclude .DS_Store -exclude CVS -exclude .svn -exclude .git -exclude .hg -resolve-src-symlinks /Users/mayenikhalo/Public/From\ aEroPartition/Dev/ClariFi\ iOS/ClariFi\ iOS/.kiro/specs/additional-ux-improvements/SPEC_SUMMARY.md /Users/aero/Library/Developer/Xcode/DerivedData/ClariFi_iOS-gmrlhvqnuqrbwdaistjzehzlpfwz/Build/Products/Debug-iphonesimulator/ClariFi\ iOS.app

CpResource /Users/aero/Library/Developer/Xcode/DerivedData/ClariFi_iOS-gmrlhvqnuqrbwdaistjzehzlpfwz/Build/Products/Debug-iphonesimulator/ClariFi\ iOS.app/SPEC_COMPLETION_SUMMARY.md /Users/mayenikhalo/Public/From\ aEroPartition/Dev/ClariFi\ iOS/ClariFi\ iOS/.kiro/specs/critical-ux-fixes/SPEC_COMPLETION_SUMMARY.md (in target 'ClariFi iOS' from project 'ClariFi iOS')
    cd /Users/mayenikhalo/Public/From\ aEroPartition/Dev/ClariFi\ iOS
    builtin-copy -exclude .DS_Store -exclude CVS -exclude .svn -exclude .git -exclude .hg -resolve-src-symlinks /Users/mayenikhalo/Public/From\ aEroPartition/Dev/ClariFi\ iOS/ClariFi\ iOS/.kiro/specs/critical-ux-fixes/SPEC_COMPLETION_SUMMARY.md /Users/aero/Library/Developer/Xcode/DerivedData/ClariFi_iOS-gmrlhvqnuqrbwdaistjzehzlpfwz/Build/Products/Debug-iphonesimulator/ClariFi\ iOS.app

CpResource /Users/aero/Library/Developer/Xcode/DerivedData/ClariFi_iOS-gmrlhvqnuqrbwdaistjzehzlpfwz/Build/Products/Debug-iphonesimulator/ClariFi\ iOS.app/SPEC_COMPLETE.md /Users/mayenikhalo/Public/From\ aEroPartition/Dev/ClariFi\ iOS/ClariFi\ iOS/.kiro/specs/additional-ux-improvements/SPEC_COMPLETE.md (in target 'ClariFi iOS' from project 'ClariFi iOS')
    cd /Users/mayenikhalo/Public/From\ aEroPartition/Dev/ClariFi\ iOS
    builtin-copy -exclude .DS_Store -exclude CVS -exclude .svn -exclude .git -exclude .hg -resolve-src-symlinks /Users/mayenikhalo/Public/From\ aEroPartition/Dev/ClariFi\ iOS/ClariFi\ iOS/.kiro/specs/additional-ux-improvements/SPEC_COMPLETE.md /Users/aero/Library/Developer/Xcode/DerivedData/ClariFi_iOS-gmrlhvqnuqrbwdaistjzehzlpfwz/Build/Products/Debug-iphonesimulator/ClariFi\ iOS.app

CpResource /Users/aero/Library/Developer/Xcode/DerivedData/ClariFi_iOS-gmrlhvqnuqrbwdaistjzehzlpfwz/Build/Products/Debug-iphonesimulator/ClariFi\ iOS.app/REPOSITORY_THREAD_SAFETY_TESTS_SUMMARY.md /Users/mayenikhalo/Public/From\ aEroPartition/Dev/ClariFi\ iOS/ClariFi\ iOS/.kiro/specs/critical-runtime-fixes/REPOSITORY_THREAD_SAFETY_TESTS_SUMMARY.md (in target 'ClariFi iOS' from project 'ClariFi iOS')
    cd /Users/mayenikhalo/Public/From\ aEroPartition/Dev/ClariFi\ iOS
    builtin-copy -exclude .DS_Store -exclude CVS -exclude .svn -exclude .git -exclude .hg -resolve-src-symlinks /Users/mayenikhalo/Public/From\ aEroPartition/Dev/ClariFi\ iOS/ClariFi\ iOS/.kiro/specs/critical-runtime-fixes/REPOSITORY_THREAD_SAFETY_TESTS_SUMMARY.md /Users/aero/Library/Developer/Xcode/DerivedData/ClariFi_iOS-gmrlhvqnuqrbwdaistjzehzlpfwz/Build/Products/Debug-iphonesimulator/ClariFi\ iOS.app

CpResource /Users/aero/Library/Developer/Xcode/DerivedData/ClariFi_iOS-gmrlhvqnuqrbwdaistjzehzlpfwz/Build/Products/Debug-iphonesimulator/ClariFi\ iOS.app/REPOSITORY_FACTORY_AUDIT.md /Users/mayenikhalo/Public/From\ aEroPartition/Dev/ClariFi\ iOS/ClariFi\ iOS/.kiro/specs/architecture-refactoring/REPOSITORY_FACTORY_AUDIT.md (in target 'ClariFi iOS' from project 'ClariFi iOS')
    cd /Users/mayenikhalo/Public/From\ aEroPartition/Dev/ClariFi\ iOS
    builtin-copy -exclude .DS_Store -exclude CVS -exclude .svn -exclude .git -exclude .hg -resolve-src-symlinks /Users/mayenikhalo/Public/From\ aEroPartition/Dev/ClariFi\ iOS/ClariFi\ iOS/.kiro/specs/architecture-refactoring/REPOSITORY_FACTORY_AUDIT.md /Users/aero/Library/Developer/Xcode/DerivedData/ClariFi_iOS-gmrlhvqnuqrbwdaistjzehzlpfwz/Build/Products/Debug-iphonesimulator/ClariFi\ iOS.app

CpResource /Users/aero/Library/Developer/Xcode/DerivedData/ClariFi_iOS-gmrlhvqnuqrbwdaistjzehzlpfwz/Build/Products/Debug-iphonesimulator/ClariFi\ iOS.app/READY_FOR_TESTING.md /Users/mayenikhalo/Public/From\ aEroPartition/Dev/ClariFi\ iOS/ClariFi\ iOS/.kiro/specs/additional-ux-improvements/READY_FOR_TESTING.md (in target 'ClariFi iOS' from project 'ClariFi iOS')
    cd /Users/mayenikhalo/Public/From\ aEroPartition/Dev/ClariFi\ iOS
    builtin-copy -exclude .DS_Store -exclude CVS -exclude .svn -exclude .git -exclude .hg -resolve-src-symlinks /Users/mayenikhalo/Public/From\ aEroPartition/Dev/ClariFi\ iOS/ClariFi\ iOS/.kiro/specs/additional-ux-improvements/READY_FOR_TESTING.md /Users/aero/Library/Developer/Xcode/DerivedData/ClariFi_iOS-gmrlhvqnuqrbwdaistjzehzlpfwz/Build/Products/Debug-iphonesimulator/ClariFi\ iOS.app

CpResource /Users/aero/Library/Developer/Xcode/DerivedData/ClariFi_iOS-gmrlhvqnuqrbwdaistjzehzlpfwz/Build/Products/Debug-iphonesimulator/ClariFi\ iOS.app/PROGRESS_SUMMARY.md /Users/mayenikhalo/Public/From\ aEroPartition/Dev/ClariFi\ iOS/ClariFi\ iOS/.kiro/specs/additional-ux-improvements/PROGRESS_SUMMARY.md (in target 'ClariFi iOS' from project 'ClariFi iOS')
    cd /Users/mayenikhalo/Public/From\ aEroPartition/Dev/ClariFi\ iOS
    builtin-copy -exclude .DS_Store -exclude CVS -exclude .svn -exclude .git -exclude .hg -resolve-src-symlinks /Users/mayenikhalo/Public/From\ aEroPartition/Dev/ClariFi\ iOS/ClariFi\ iOS/.kiro/specs/additional-ux-improvements/PROGRESS_SUMMARY.md /Users/aero/Library/Developer/Xcode/DerivedData/ClariFi_iOS-gmrlhvqnuqrbwdaistjzehzlpfwz/Build/Products/Debug-iphonesimulator/ClariFi\ iOS.app

CpResource /Users/aero/Library/Developer/Xcode/DerivedData/ClariFi_iOS-gmrlhvqnuqrbwdaistjzehzlpfwz/Build/Products/Debug-iphonesimulator/ClariFi\ iOS.app/POLISH_OPTIMIZATION_QUICK_REFERENCE.md /Users/mayenikhalo/Public/From\ aEroPartition/Dev/ClariFi\ iOS/ClariFi\ iOS/.kiro/specs/critical-ux-fixes/POLISH_OPTIMIZATION_QUICK_REFERENCE.md (in target 'ClariFi iOS' from project 'ClariFi iOS')
    cd /Users/mayenikhalo/Public/From\ aEroPartition/Dev/ClariFi\ iOS
    builtin-copy -exclude .DS_Store -exclude CVS -exclude .svn -exclude .git -exclude .hg -resolve-src-symlinks /Users/mayenikhalo/Public/From\ aEroPartition/Dev/ClariFi\ iOS/ClariFi\ iOS/.kiro/specs/critical-ux-fixes/POLISH_OPTIMIZATION_QUICK_REFERENCE.md /Users/aero/Library/Developer/Xcode/DerivedData/ClariFi_iOS-gmrlhvqnuqrbwdaistjzehzlpfwz/Build/Products/Debug-iphonesimulator/ClariFi\ iOS.app

CpResource /Users/aero/Library/Developer/Xcode/DerivedData/ClariFi_iOS-gmrlhvqnuqrbwdaistjzehzlpfwz/Build/Products/Debug-iphonesimulator/ClariFi\ iOS.app/PHASE_7_COMPLETION_SUMMARY.md /Users/mayenikhalo/Public/From\ aEroPartition/Dev/ClariFi\ iOS/ClariFi\ iOS/.kiro/specs/critical-ux-fixes/PHASE_7_COMPLETION_SUMMARY.md (in target 'ClariFi iOS' from project 'ClariFi iOS')
    cd /Users/mayenikhalo/Public/From\ aEroPartition/Dev/ClariFi\ iOS
    builtin-copy -exclude .DS_Store -exclude CVS -exclude .svn -exclude .git -exclude .hg -resolve-src-symlinks /Users/mayenikhalo/Public/From\ aEroPartition/Dev/ClariFi\ iOS/ClariFi\ iOS/.kiro/specs/critical-ux-fixes/PHASE_7_COMPLETION_SUMMARY.md /Users/aero/Library/Developer/Xcode/DerivedData/ClariFi_iOS-gmrlhvqnuqrbwdaistjzehzlpfwz/Build/Products/Debug-iphonesimulator/ClariFi\ iOS.app

CpResource /Users/aero/Library/Developer/Xcode/DerivedData/ClariFi_iOS-gmrlhvqnuqrbwdaistjzehzlpfwz/Build/Products/Debug-iphonesimulator/ClariFi\ iOS.app/PHASE_6_COMPLETION_SUMMARY.md /Users/mayenikhalo/Public/From\ aEroPartition/Dev/ClariFi\ iOS/ClariFi\ iOS/.kiro/specs/critical-ux-fixes/PHASE_6_COMPLETION_SUMMARY.md (in target 'ClariFi iOS' from project 'ClariFi iOS')
    cd /Users/mayenikhalo/Public/From\ aEroPartition/Dev/ClariFi\ iOS
    builtin-copy -exclude .DS_Store -exclude CVS -exclude .svn -exclude .git -exclude .hg -resolve-src-symlinks /Users/mayenikhalo/Public/From\ aEroPartition/Dev/ClariFi\ iOS/ClariFi\ iOS/.kiro/specs/critical-ux-fixes/PHASE_6_COMPLETION_SUMMARY.md /Users/aero/Library/Developer/Xcode/DerivedData/ClariFi_iOS-gmrlhvqnuqrbwdaistjzehzlpfwz/Build/Products/Debug-iphonesimulator/ClariFi\ iOS.app

CpResource /Users/aero/Library/Developer/Xcode/DerivedData/ClariFi_iOS-gmrlhvqnuqrbwdaistjzehzlpfwz/Build/Products/Debug-iphonesimulator/ClariFi\ iOS.app/PHASE_5_COMPLETION_SUMMARY.md /Users/mayenikhalo/Public/From\ aEroPartition/Dev/ClariFi\ iOS/ClariFi\ iOS/.kiro/specs/critical-ux-fixes/PHASE_5_COMPLETION_SUMMARY.md (in target 'ClariFi iOS' from project 'ClariFi iOS')
    cd /Users/mayenikhalo/Public/From\ aEroPartition/Dev/ClariFi\ iOS
    builtin-copy -exclude .DS_Store -exclude CVS -exclude .svn -exclude .git -exclude .hg -resolve-src-symlinks /Users/mayenikhalo/Public/From\ aEroPartition/Dev/ClariFi\ iOS/ClariFi\ iOS/.kiro/specs/critical-ux-fixes/PHASE_5_COMPLETION_SUMMARY.md /Users/aero/Library/Developer/Xcode/DerivedData/ClariFi_iOS-gmrlhvqnuqrbwdaistjzehzlpfwz/Build/Products/Debug-iphonesimulator/ClariFi\ iOS.app

CpResource /Users/aero/Library/Developer/Xcode/DerivedData/ClariFi_iOS-gmrlhvqnuqrbwdaistjzehzlpfwz/Build/Products/Debug-iphonesimulator/ClariFi\ iOS.app/PHASE_4_COMPLETION_SUMMARY.md /Users/mayenikhalo/Public/From\ aEroPartition/Dev/ClariFi\ iOS/ClariFi\ iOS/.kiro/specs/critical-ux-fixes/PHASE_4_COMPLETION_SUMMARY.md (in target 'ClariFi iOS' from project 'ClariFi iOS')
    cd /Users/mayenikhalo/Public/From\ aEroPartition/Dev/ClariFi\ iOS
    builtin-copy -exclude .DS_Store -exclude CVS -exclude .svn -exclude .git -exclude .hg -resolve-src-symlinks /Users/mayenikhalo/Public/From\ aEroPartition/Dev/ClariFi\ iOS/ClariFi\ iOS/.kiro/specs/critical-ux-fixes/PHASE_4_COMPLETION_SUMMARY.md /Users/aero/Library/Developer/Xcode/DerivedData/ClariFi_iOS-gmrlhvqnuqrbwdaistjzehzlpfwz/Build/Products/Debug-iphonesimulator/ClariFi\ iOS.app

CpResource /Users/aero/Library/Developer/Xcode/DerivedData/ClariFi_iOS-gmrlhvqnuqrbwdaistjzehzlpfwz/Build/Products/Debug-iphonesimulator/ClariFi\ iOS.app/PHASE_3_COMPLETION_SUMMARY.md /Users/mayenikhalo/Public/From\ aEroPartition/Dev/ClariFi\ iOS/ClariFi\ iOS/.kiro/specs/critical-ux-fixes/PHASE_3_COMPLETION_SUMMARY.md (in target 'ClariFi iOS' from project 'ClariFi iOS')
    cd /Users/mayenikhalo/Public/From\ aEroPartition/Dev/ClariFi\ iOS
    builtin-copy -exclude .DS_Store -exclude CVS -exclude .svn -exclude .git -exclude .hg -resolve-src-symlinks /Users/mayenikhalo/Public/From\ aEroPartition/Dev/ClariFi\ iOS/ClariFi\ iOS/.kiro/specs/critical-ux-fixes/PHASE_3_COMPLETION_SUMMARY.md /Users/aero/Library/Developer/Xcode/DerivedData/ClariFi_iOS-gmrlhvqnuqrbwdaistjzehzlpfwz/Build/Products/Debug-iphonesimulator/ClariFi\ iOS.app

CpResource /Users/aero/Library/Developer/Xcode/DerivedData/ClariFi_iOS-gmrlhvqnuqrbwdaistjzehzlpfwz/Build/Products/Debug-iphonesimulator/ClariFi\ iOS.app/PHASE_2_COMPLETION_SUMMARY.md /Users/mayenikhalo/Public/From\ aEroPartition/Dev/ClariFi\ iOS/ClariFi\ iOS/.kiro/specs/critical-ux-fixes/PHASE_2_COMPLETION_SUMMARY.md (in target 'ClariFi iOS' from project 'ClariFi iOS')
    cd /Users/mayenikhalo/Public/From\ aEroPartition/Dev/ClariFi\ iOS
    builtin-copy -exclude .DS_Store -exclude CVS -exclude .svn -exclude .git -exclude .hg -resolve-src-symlinks /Users/mayenikhalo/Public/From\ aEroPartition/Dev/ClariFi\ iOS/ClariFi\ iOS/.kiro/specs/critical-ux-fixes/PHASE_2_COMPLETION_SUMMARY.md /Users/aero/Library/Developer/Xcode/DerivedData/ClariFi_iOS-gmrlhvqnuqrbwdaistjzehzlpfwz/Build/Products/Debug-iphonesimulator/ClariFi\ iOS.app

CpResource /Users/aero/Library/Developer/Xcode/DerivedData/ClariFi_iOS-gmrlhvqnuqrbwdaistjzehzlpfwz/Build/Products/Debug-iphonesimulator/ClariFi\ iOS.app/PERFORMANCE_TESTING_QUICK_REFERENCE.md /Users/mayenikhalo/Public/From\ aEroPartition/Dev/ClariFi\ iOS/ClariFi\ iOS/.kiro/specs/critical-ux-fixes/PERFORMANCE_TESTING_QUICK_REFERENCE.md (in target 'ClariFi iOS' from project 'ClariFi iOS')
    cd /Users/mayenikhalo/Public/From\ aEroPartition/Dev/ClariFi\ iOS
    builtin-copy -exclude .DS_Store -exclude CVS -exclude .svn -exclude .git -exclude .hg -resolve-src-symlinks /Users/mayenikhalo/Public/From\ aEroPartition/Dev/ClariFi\ iOS/ClariFi\ iOS/.kiro/specs/critical-ux-fixes/PERFORMANCE_TESTING_QUICK_REFERENCE.md /Users/aero/Library/Developer/Xcode/DerivedData/ClariFi_iOS-gmrlhvqnuqrbwdaistjzehzlpfwz/Build/Products/Debug-iphonesimulator/ClariFi\ iOS.app

CpResource /Users/aero/Library/Developer/Xcode/DerivedData/ClariFi_iOS-gmrlhvqnuqrbwdaistjzehzlpfwz/Build/Products/Debug-iphonesimulator/ClariFi\ iOS.app/PERFORMANCE_OPTIMIZATION_GUIDE.md /Users/mayenikhalo/Public/From\ aEroPartition/Dev/ClariFi\ iOS/ClariFi\ iOS/.kiro/specs/critical-ux-fixes/PERFORMANCE_OPTIMIZATION_GUIDE.md (in target 'ClariFi iOS' from project 'ClariFi iOS')
    cd /Users/mayenikhalo/Public/From\ aEroPartition/Dev/ClariFi\ iOS
    builtin-copy -exclude .DS_Store -exclude CVS -exclude .svn -exclude .git -exclude .hg -resolve-src-symlinks /Users/mayenikhalo/Public/From\ aEroPartition/Dev/ClariFi\ iOS/ClariFi\ iOS/.kiro/specs/critical-ux-fixes/PERFORMANCE_OPTIMIZATION_GUIDE.md /Users/aero/Library/Developer/Xcode/DerivedData/ClariFi_iOS-gmrlhvqnuqrbwdaistjzehzlpfwz/Build/Products/Debug-iphonesimulator/ClariFi\ iOS.app

CpResource /Users/aero/Library/Developer/Xcode/DerivedData/ClariFi_iOS-gmrlhvqnuqrbwdaistjzehzlpfwz/Build/Products/Debug-iphonesimulator/ClariFi\ iOS.app/PERFORMANCE_METRICS_REPORT.md /Users/mayenikhalo/Public/From\ aEroPartition/Dev/ClariFi\ iOS/ClariFi\ iOS/.kiro/specs/critical-runtime-fixes/PERFORMANCE_METRICS_REPORT.md (in target 'ClariFi iOS' from project 'ClariFi iOS')
    cd /Users/mayenikhalo/Public/From\ aEroPartition/Dev/ClariFi\ iOS
    builtin-copy -exclude .DS_Store -exclude CVS -exclude .svn -exclude .git -exclude .hg -resolve-src-symlinks /Users/mayenikhalo/Public/From\ aEroPartition/Dev/ClariFi\ iOS/ClariFi\ iOS/.kiro/specs/critical-runtime-fixes/PERFORMANCE_METRICS_REPORT.md /Users/aero/Library/Developer/Xcode/DerivedData/ClariFi_iOS-gmrlhvqnuqrbwdaistjzehzlpfwz/Build/Products/Debug-iphonesimulator/ClariFi\ iOS.app

CpResource /Users/aero/Library/Developer/Xcode/DerivedData/ClariFi_iOS-gmrlhvqnuqrbwdaistjzehzlpfwz/Build/Products/Debug-iphonesimulator/ClariFi\ iOS.app/ONBOARDING_TESTS_QUICK_REFERENCE.md /Users/mayenikhalo/Public/From\ aEroPartition/Dev/ClariFi\ iOS/ClariFi\ iOS/.kiro/specs/critical-ux-fixes/ONBOARDING_TESTS_QUICK_REFERENCE.md (in target 'ClariFi iOS' from project 'ClariFi iOS')
    cd /Users/mayenikhalo/Public/From\ aEroPartition/Dev/ClariFi\ iOS
    builtin-copy -exclude .DS_Store -exclude CVS -exclude .svn -exclude .git -exclude .hg -resolve-src-symlinks /Users/mayenikhalo/Public/From\ aEroPartition/Dev/ClariFi\ iOS/ClariFi\ iOS/.kiro/specs/critical-ux-fixes/ONBOARDING_TESTS_QUICK_REFERENCE.md /Users/aero/Library/Developer/Xcode/DerivedData/ClariFi_iOS-gmrlhvqnuqrbwdaistjzehzlpfwz/Build/Products/Debug-iphonesimulator/ClariFi\ iOS.app

CpResource /Users/aero/Library/Developer/Xcode/DerivedData/ClariFi_iOS-gmrlhvqnuqrbwdaistjzehzlpfwz/Build/Products/Debug-iphonesimulator/ClariFi\ iOS.app/ONBOARDING_QUICK_REFERENCE.md /Users/mayenikhalo/Public/From\ aEroPartition/Dev/ClariFi\ iOS/ClariFi\ iOS/.kiro/specs/critical-ux-fixes/ONBOARDING_QUICK_REFERENCE.md (in target 'ClariFi iOS' from project 'ClariFi iOS')
    cd /Users/mayenikhalo/Public/From\ aEroPartition/Dev/ClariFi\ iOS
    builtin-copy -exclude .DS_Store -exclude CVS -exclude .svn -exclude .git -exclude .hg -resolve-src-symlinks /Users/mayenikhalo/Public/From\ aEroPartition/Dev/ClariFi\ iOS/ClariFi\ iOS/.kiro/specs/critical-ux-fixes/ONBOARDING_QUICK_REFERENCE.md /Users/aero/Library/Developer/Xcode/DerivedData/ClariFi_iOS-gmrlhvqnuqrbwdaistjzehzlpfwz/Build/Products/Debug-iphonesimulator/ClariFi\ iOS.app

CpResource /Users/aero/Library/Developer/Xcode/DerivedData/ClariFi_iOS-gmrlhvqnuqrbwdaistjzehzlpfwz/Build/Products/Debug-iphonesimulator/ClariFi\ iOS.app/MANUAL_TESTING_GUIDE.md /Users/mayenikhalo/Public/From\ aEroPartition/Dev/ClariFi\ iOS/ClariFi\ iOS/.kiro/specs/additional-ux-improvements/MANUAL_TESTING_GUIDE.md (in target 'ClariFi iOS' from project 'ClariFi iOS')
    cd /Users/mayenikhalo/Public/From\ aEroPartition/Dev/ClariFi\ iOS
    builtin-copy -exclude .DS_Store -exclude CVS -exclude .svn -exclude .git -exclude .hg -resolve-src-symlinks /Users/mayenikhalo/Public/From\ aEroPartition/Dev/ClariFi\ iOS/ClariFi\ iOS/.kiro/specs/additional-ux-improvements/MANUAL_TESTING_GUIDE.md /Users/aero/Library/Developer/Xcode/DerivedData/ClariFi_iOS-gmrlhvqnuqrbwdaistjzehzlpfwz/Build/Products/Debug-iphonesimulator/ClariFi\ iOS.app

CpResource /Users/aero/Library/Developer/Xcode/DerivedData/ClariFi_iOS-gmrlhvqnuqrbwdaistjzehzlpfwz/Build/Products/Debug-iphonesimulator/ClariFi\ iOS.app/MANUAL_TESTING_CHECKLIST.md /Users/mayenikhalo/Public/From\ aEroPartition/Dev/ClariFi\ iOS/ClariFi\ iOS/.kiro/specs/critical-ux-fixes/MANUAL_TESTING_CHECKLIST.md (in target 'ClariFi iOS' from project 'ClariFi iOS')
    cd /Users/mayenikhalo/Public/From\ aEroPartition/Dev/ClariFi\ iOS
    builtin-copy -exclude .DS_Store -exclude CVS -exclude .svn -exclude .git -exclude .hg -resolve-src-symlinks /Users/mayenikhalo/Public/From\ aEroPartition/Dev/ClariFi\ iOS/ClariFi\ iOS/.kiro/specs/critical-ux-fixes/MANUAL_TESTING_CHECKLIST.md /Users/aero/Library/Developer/Xcode/DerivedData/ClariFi_iOS-gmrlhvqnuqrbwdaistjzehzlpfwz/Build/Products/Debug-iphonesimulator/ClariFi\ iOS.app

CpResource /Users/aero/Library/Developer/Xcode/DerivedData/ClariFi_iOS-gmrlhvqnuqrbwdaistjzehzlpfwz/Build/Products/Debug-iphonesimulator/ClariFi\ iOS.app/MANUAL_SMOKE_TEST_GUIDE.md /Users/mayenikhalo/Public/From\ aEroPartition/Dev/ClariFi\ iOS/ClariFi\ iOS/.kiro/specs/critical-runtime-fixes/MANUAL_SMOKE_TEST_GUIDE.md (in target 'ClariFi iOS' from project 'ClariFi iOS')
    cd /Users/mayenikhalo/Public/From\ aEroPartition/Dev/ClariFi\ iOS
    builtin-copy -exclude .DS_Store -exclude CVS -exclude .svn -exclude .git -exclude .hg -resolve-src-symlinks /Users/mayenikhalo/Public/From\ aEroPartition/Dev/ClariFi\ iOS/ClariFi\ iOS/.kiro/specs/critical-runtime-fixes/MANUAL_SMOKE_TEST_GUIDE.md /Users/aero/Library/Developer/Xcode/DerivedData/ClariFi_iOS-gmrlhvqnuqrbwdaistjzehzlpfwz/Build/Products/Debug-iphonesimulator/ClariFi\ iOS.app

CpResource /Users/aero/Library/Developer/Xcode/DerivedData/ClariFi_iOS-gmrlhvqnuqrbwdaistjzehzlpfwz/Build/Products/Debug-iphonesimulator/ClariFi\ iOS.app/LLM_TESTS_QUICK_REFERENCE.md /Users/mayenikhalo/Public/From\ aEroPartition/Dev/ClariFi\ iOS/ClariFi\ iOS/.kiro/specs/critical-ux-fixes/LLM_TESTS_QUICK_REFERENCE.md (in target 'ClariFi iOS' from project 'ClariFi iOS')
    cd /Users/mayenikhalo/Public/From\ aEroPartition/Dev/ClariFi\ iOS
    builtin-copy -exclude .DS_Store -exclude CVS -exclude .svn -exclude .git -exclude .hg -resolve-src-symlinks /Users/mayenikhalo/Public/From\ aEroPartition/Dev/ClariFi\ iOS/ClariFi\ iOS/.kiro/specs/critical-ux-fixes/LLM_TESTS_QUICK_REFERENCE.md /Users/aero/Library/Developer/Xcode/DerivedData/ClariFi_iOS-gmrlhvqnuqrbwdaistjzehzlpfwz/Build/Products/Debug-iphonesimulator/ClariFi\ iOS.app

CpResource /Users/aero/Library/Developer/Xcode/DerivedData/ClariFi_iOS-gmrlhvqnuqrbwdaistjzehzlpfwz/Build/Products/Debug-iphonesimulator/ClariFi\ iOS.app/LLM_PERFORMANCE_MONITOR_QUICK_REFERENCE.md /Users/mayenikhalo/Public/From\ aEroPartition/Dev/ClariFi\ iOS/ClariFi\ iOS/.kiro/specs/critical-ux-fixes/LLM_PERFORMANCE_MONITOR_QUICK_REFERENCE.md (in target 'ClariFi iOS' from project 'ClariFi iOS')
    cd /Users/mayenikhalo/Public/From\ aEroPartition/Dev/ClariFi\ iOS
    builtin-copy -exclude .DS_Store -exclude CVS -exclude .svn -exclude .git -exclude .hg -resolve-src-symlinks /Users/mayenikhalo/Public/From\ aEroPartition/Dev/ClariFi\ iOS/ClariFi\ iOS/.kiro/specs/critical-ux-fixes/LLM_PERFORMANCE_MONITOR_QUICK_REFERENCE.md /Users/aero/Library/Developer/Xcode/DerivedData/ClariFi_iOS-gmrlhvqnuqrbwdaistjzehzlpfwz/Build/Products/Debug-iphonesimulator/ClariFi\ iOS.app

CpResource /Users/aero/Library/Developer/Xcode/DerivedData/ClariFi_iOS-gmrlhvqnuqrbwdaistjzehzlpfwz/Build/Products/Debug-iphonesimulator/ClariFi\ iOS.app/LLM_INTEGRATION_QUICK_REFERENCE.md /Users/mayenikhalo/Public/From\ aEroPartition/Dev/ClariFi\ iOS/ClariFi\ iOS/.kiro/specs/critical-ux-fixes/LLM_INTEGRATION_QUICK_REFERENCE.md (in target 'ClariFi iOS' from project 'ClariFi iOS')
    cd /Users/mayenikhalo/Public/From\ aEroPartition/Dev/ClariFi\ iOS
    builtin-copy -exclude .DS_Store -exclude CVS -exclude .svn -exclude .git -exclude .hg -resolve-src-symlinks /Users/mayenikhalo/Public/From\ aEroPartition/Dev/ClariFi\ iOS/ClariFi\ iOS/.kiro/specs/critical-ux-fixes/LLM_INTEGRATION_QUICK_REFERENCE.md /Users/aero/Library/Developer/Xcode/DerivedData/ClariFi_iOS-gmrlhvqnuqrbwdaistjzehzlpfwz/Build/Products/Debug-iphonesimulator/ClariFi\ iOS.app

CpResource /Users/aero/Library/Developer/Xcode/DerivedData/ClariFi_iOS-gmrlhvqnuqrbwdaistjzehzlpfwz/Build/Products/Debug-iphonesimulator/ClariFi\ iOS.app/INTEGRATION_TEST_COVERAGE.md /Users/mayenikhalo/Public/From\ aEroPartition/Dev/ClariFi\ iOS/ClariFi\ iOS/ClariFi\ iOSTests/Integration/INTEGRATION_TEST_COVERAGE.md (in target 'ClariFi iOS' from project 'ClariFi iOS')
    cd /Users/mayenikhalo/Public/From\ aEroPartition/Dev/ClariFi\ iOS
    builtin-copy -exclude .DS_Store -exclude CVS -exclude .svn -exclude .git -exclude .hg -resolve-src-symlinks /Users/mayenikhalo/Public/From\ aEroPartition/Dev/ClariFi\ iOS/ClariFi\ iOS/ClariFi\ iOSTests/Integration/INTEGRATION_TEST_COVERAGE.md /Users/aero/Library/Developer/Xcode/DerivedData/ClariFi_iOS-gmrlhvqnuqrbwdaistjzehzlpfwz/Build/Products/Debug-iphonesimulator/ClariFi\ iOS.app

CpResource /Users/aero/Library/Developer/Xcode/DerivedData/ClariFi_iOS-gmrlhvqnuqrbwdaistjzehzlpfwz/Build/Products/Debug-iphonesimulator/ClariFi\ iOS.app/INTEGRATION_TESTS_IMPLEMENTATION_SUMMARY.md /Users/mayenikhalo/Public/From\ aEroPartition/Dev/ClariFi\ iOS/ClariFi\ iOS/.kiro/specs/critical-runtime-fixes/INTEGRATION_TESTS_IMPLEMENTATION_SUMMARY.md (in target 'ClariFi iOS' from project 'ClariFi iOS')
    cd /Users/mayenikhalo/Public/From\ aEroPartition/Dev/ClariFi\ iOS
    builtin-copy -exclude .DS_Store -exclude CVS -exclude .svn -exclude .git -exclude .hg -resolve-src-symlinks /Users/mayenikhalo/Public/From\ aEroPartition/Dev/ClariFi\ iOS/ClariFi\ iOS/.kiro/specs/critical-runtime-fixes/INTEGRATION_TESTS_IMPLEMENTATION_SUMMARY.md /Users/aero/Library/Developer/Xcode/DerivedData/ClariFi_iOS-gmrlhvqnuqrbwdaistjzehzlpfwz/Build/Products/Debug-iphonesimulator/ClariFi\ iOS.app

CpResource /Users/aero/Library/Developer/Xcode/DerivedData/ClariFi_iOS-gmrlhvqnuqrbwdaistjzehzlpfwz/Build/Products/Debug-iphonesimulator/ClariFi\ iOS.app/INSIGHTS_PERFORMANCE_VERIFICATION.md /Users/mayenikhalo/Public/From\ aEroPartition/Dev/ClariFi\ iOS/ClariFi\ iOS/.kiro/specs/critical-runtime-fixes/INSIGHTS_PERFORMANCE_VERIFICATION.md (in target 'ClariFi iOS' from project 'ClariFi iOS')
    cd /Users/mayenikhalo/Public/From\ aEroPartition/Dev/ClariFi\ iOS
    builtin-copy -exclude .DS_Store -exclude CVS -exclude .svn -exclude .git -exclude .hg -resolve-src-symlinks /Users/mayenikhalo/Public/From\ aEroPartition/Dev/ClariFi\ iOS/ClariFi\ iOS/.kiro/specs/critical-runtime-fixes/INSIGHTS_PERFORMANCE_VERIFICATION.md /Users/aero/Library/Developer/Xcode/DerivedData/ClariFi_iOS-gmrlhvqnuqrbwdaistjzehzlpfwz/Build/Products/Debug-iphonesimulator/ClariFi\ iOS.app

CpResource /Users/aero/Library/Developer/Xcode/DerivedData/ClariFi_iOS-gmrlhvqnuqrbwdaistjzehzlpfwz/Build/Products/Debug-iphonesimulator/ClariFi\ iOS.app/IMPLEMENTATION_COMPLETE.md /Users/mayenikhalo/Public/From\ aEroPartition/Dev/ClariFi\ iOS/ClariFi\ iOS/.kiro/specs/additional-ux-improvements/IMPLEMENTATION_COMPLETE.md (in target 'ClariFi iOS' from project 'ClariFi iOS')
    cd /Users/mayenikhalo/Public/From\ aEroPartition/Dev/ClariFi\ iOS
    builtin-copy -exclude .DS_Store -exclude CVS -exclude .svn -exclude .git -exclude .hg -resolve-src-symlinks /Users/mayenikhalo/Public/From\ aEroPartition/Dev/ClariFi\ iOS/ClariFi\ iOS/.kiro/specs/additional-ux-improvements/IMPLEMENTATION_COMPLETE.md /Users/aero/Library/Developer/Xcode/DerivedData/ClariFi_iOS-gmrlhvqnuqrbwdaistjzehzlpfwz/Build/Products/Debug-iphonesimulator/ClariFi\ iOS.app

CpResource /Users/aero/Library/Developer/Xcode/DerivedData/ClariFi_iOS-gmrlhvqnuqrbwdaistjzehzlpfwz/Build/Products/Debug-iphonesimulator/ClariFi\ iOS.app/FINAL_INTEGRATION_TESTS_GUIDE.md /Users/mayenikhalo/Public/From\ aEroPartition/Dev/ClariFi\ iOS/ClariFi\ iOS/.kiro/specs/critical-ux-fixes/FINAL_INTEGRATION_TESTS_GUIDE.md (in target 'ClariFi iOS' from project 'ClariFi iOS')
    cd /Users/mayenikhalo/Public/From\ aEroPartition/Dev/ClariFi\ iOS
    builtin-copy -exclude .DS_Store -exclude CVS -exclude .svn -exclude .git -exclude .hg -resolve-src-symlinks /Users/mayenikhalo/Public/From\ aEroPartition/Dev/ClariFi\ iOS/ClariFi\ iOS/.kiro/specs/critical-ux-fixes/FINAL_INTEGRATION_TESTS_GUIDE.md /Users/aero/Library/Developer/Xcode/DerivedData/ClariFi_iOS-gmrlhvqnuqrbwdaistjzehzlpfwz/Build/Products/Debug-iphonesimulator/ClariFi\ iOS.app

CpResource /Users/aero/Library/Developer/Xcode/DerivedData/ClariFi_iOS-gmrlhvqnuqrbwdaistjzehzlpfwz/Build/Products/Debug-iphonesimulator/ClariFi\ iOS.app/FINAL_COMPLETION_REPORT.md /Users/mayenikhalo/Public/From\ aEroPartition/Dev/ClariFi\ iOS/ClariFi\ iOS/.kiro/specs/additional-ux-improvements/FINAL_COMPLETION_REPORT.md (in target 'ClariFi iOS' from project 'ClariFi iOS')
    cd /Users/mayenikhalo/Public/From\ aEroPartition/Dev/ClariFi\ iOS
    builtin-copy -exclude .DS_Store -exclude CVS -exclude .svn -exclude .git -exclude .hg -resolve-src-symlinks /Users/mayenikhalo/Public/From\ aEroPartition/Dev/ClariFi\ iOS/ClariFi\ iOS/.kiro/specs/additional-ux-improvements/FINAL_COMPLETION_REPORT.md /Users/aero/Library/Developer/Xcode/DerivedData/ClariFi_iOS-gmrlhvqnuqrbwdaistjzehzlpfwz/Build/Products/Debug-iphonesimulator/ClariFi\ iOS.app

CpResource /Users/aero/Library/Developer/Xcode/DerivedData/ClariFi_iOS-gmrlhvqnuqrbwdaistjzehzlpfwz/Build/Products/Debug-iphonesimulator/ClariFi\ iOS.app/FINAL_CLEANUP_REPORT.md /Users/mayenikhalo/Public/From\ aEroPartition/Dev/ClariFi\ iOS/ClariFi\ iOS/.kiro/specs/architecture-refactoring/FINAL_CLEANUP_REPORT.md (in target 'ClariFi iOS' from project 'ClariFi iOS')
    cd /Users/mayenikhalo/Public/From\ aEroPartition/Dev/ClariFi\ iOS
    builtin-copy -exclude .DS_Store -exclude CVS -exclude .svn -exclude .git -exclude .hg -resolve-src-symlinks /Users/mayenikhalo/Public/From\ aEroPartition/Dev/ClariFi\ iOS/ClariFi\ iOS/.kiro/specs/architecture-refactoring/FINAL_CLEANUP_REPORT.md /Users/aero/Library/Developer/Xcode/DerivedData/ClariFi_iOS-gmrlhvqnuqrbwdaistjzehzlpfwz/Build/Products/Debug-iphonesimulator/ClariFi\ iOS.app

CpResource /Users/aero/Library/Developer/Xcode/DerivedData/ClariFi_iOS-gmrlhvqnuqrbwdaistjzehzlpfwz/Build/Products/Debug-iphonesimulator/ClariFi\ iOS.app/ERROR_HANDLING_QUICK_REFERENCE.md /Users/mayenikhalo/Public/From\ aEroPartition/Dev/ClariFi\ iOS/ClariFi\ iOS/.kiro/specs/critical-ux-fixes/ERROR_HANDLING_QUICK_REFERENCE.md (in target 'ClariFi iOS' from project 'ClariFi iOS')
    cd /Users/mayenikhalo/Public/From\ aEroPartition/Dev/ClariFi\ iOS
    builtin-copy -exclude .DS_Store -exclude CVS -exclude .svn -exclude .git -exclude .hg -resolve-src-symlinks /Users/mayenikhalo/Public/From\ aEroPartition/Dev/ClariFi\ iOS/ClariFi\ iOS/.kiro/specs/critical-ux-fixes/ERROR_HANDLING_QUICK_REFERENCE.md /Users/aero/Library/Developer/Xcode/DerivedData/ClariFi_iOS-gmrlhvqnuqrbwdaistjzehzlpfwz/Build/Products/Debug-iphonesimulator/ClariFi\ iOS.app

CpResource /Users/aero/Library/Developer/Xcode/DerivedData/ClariFi_iOS-gmrlhvqnuqrbwdaistjzehzlpfwz/Build/Products/Debug-iphonesimulator/ClariFi\ iOS.app/DI_PATTERN_QUICK_REFERENCE.md /Users/mayenikhalo/Public/From\ aEroPartition/Dev/ClariFi\ iOS/ClariFi\ iOS/.kiro/specs/critical-ux-fixes/DI_PATTERN_QUICK_REFERENCE.md (in target 'ClariFi iOS' from project 'ClariFi iOS')
    cd /Users/mayenikhalo/Public/From\ aEroPartition/Dev/ClariFi\ iOS
    builtin-copy -exclude .DS_Store -exclude CVS -exclude .svn -exclude .git -exclude .hg -resolve-src-symlinks /Users/mayenikhalo/Public/From\ aEroPartition/Dev/ClariFi\ iOS/ClariFi\ iOS/.kiro/specs/critical-ux-fixes/DI_PATTERN_QUICK_REFERENCE.md /Users/aero/Library/Developer/Xcode/DerivedData/ClariFi_iOS-gmrlhvqnuqrbwdaistjzehzlpfwz/Build/Products/Debug-iphonesimulator/ClariFi\ iOS.app

CpResource /Users/aero/Library/Developer/Xcode/DerivedData/ClariFi_iOS-gmrlhvqnuqrbwdaistjzehzlpfwz/Build/Products/Debug-iphonesimulator/ClariFi\ iOS.app/DI_LIFECYCLE_TESTS_QUICK_REFERENCE.md /Users/mayenikhalo/Public/From\ aEroPartition/Dev/ClariFi\ iOS/ClariFi\ iOS/.kiro/specs/critical-ux-fixes/DI_LIFECYCLE_TESTS_QUICK_REFERENCE.md (in target 'ClariFi iOS' from project 'ClariFi iOS')
    cd /Users/mayenikhalo/Public/From\ aEroPartition/Dev/ClariFi\ iOS
    builtin-copy -exclude .DS_Store -exclude CVS -exclude .svn -exclude .git -exclude .hg -resolve-src-symlinks /Users/mayenikhalo/Public/From\ aEroPartition/Dev/ClariFi\ iOS/ClariFi\ iOS/.kiro/specs/critical-ux-fixes/DI_LIFECYCLE_TESTS_QUICK_REFERENCE.md /Users/aero/Library/Developer/Xcode/DerivedData/ClariFi_iOS-gmrlhvqnuqrbwdaistjzehzlpfwz/Build/Products/Debug-iphonesimulator/ClariFi\ iOS.app

CpResource /Users/aero/Library/Developer/Xcode/DerivedData/ClariFi_iOS-gmrlhvqnuqrbwdaistjzehzlpfwz/Build/Products/Debug-iphonesimulator/ClariFi\ iOS.app/DI_AUDIT_REPORT.md /Users/mayenikhalo/Public/From\ aEroPartition/Dev/ClariFi\ iOS/ClariFi\ iOS/.kiro/specs/critical-ux-fixes/DI_AUDIT_REPORT.md (in target 'ClariFi iOS' from project 'ClariFi iOS')
    cd /Users/mayenikhalo/Public/From\ aEroPartition/Dev/ClariFi\ iOS
    builtin-copy -exclude .DS_Store -exclude CVS -exclude .svn -exclude .git -exclude .hg -resolve-src-symlinks /Users/mayenikhalo/Public/From\ aEroPartition/Dev/ClariFi\ iOS/ClariFi\ iOS/.kiro/specs/critical-ux-fixes/DI_AUDIT_REPORT.md /Users/aero/Library/Developer/Xcode/DerivedData/ClariFi_iOS-gmrlhvqnuqrbwdaistjzehzlpfwz/Build/Products/Debug-iphonesimulator/ClariFi\ iOS.app

CpResource /Users/aero/Library/Developer/Xcode/DerivedData/ClariFi_iOS-gmrlhvqnuqrbwdaistjzehzlpfwz/Build/Products/Debug-iphonesimulator/ClariFi\ iOS.app/DI_AUDIT_QUICK_REFERENCE.md /Users/mayenikhalo/Public/From\ aEroPartition/Dev/ClariFi\ iOS/ClariFi\ iOS/.kiro/specs/critical-ux-fixes/DI_AUDIT_QUICK_REFERENCE.md (in target 'ClariFi iOS' from project 'ClariFi iOS')
    cd /Users/mayenikhalo/Public/From\ aEroPartition/Dev/ClariFi\ iOS
    builtin-copy -exclude .DS_Store -exclude CVS -exclude .svn -exclude .git -exclude .hg -resolve-src-symlinks /Users/mayenikhalo/Public/From\ aEroPartition/Dev/ClariFi\ iOS/ClariFi\ iOS/.kiro/specs/critical-ux-fixes/DI_AUDIT_QUICK_REFERENCE.md /Users/aero/Library/Developer/Xcode/DerivedData/ClariFi_iOS-gmrlhvqnuqrbwdaistjzehzlpfwz/Build/Products/Debug-iphonesimulator/ClariFi\ iOS.app

CpResource /Users/aero/Library/Developer/Xcode/DerivedData/ClariFi_iOS-gmrlhvqnuqrbwdaistjzehzlpfwz/Build/Products/Debug-iphonesimulator/ClariFi\ iOS.app/CRITICAL_FIXES_SUMMARY.md /Users/mayenikhalo/Public/From\ aEroPartition/Dev/ClariFi\ iOS/ClariFi\ iOS/CRITICAL_FIXES_SUMMARY.md (in target 'ClariFi iOS' from project 'ClariFi iOS')
    cd /Users/mayenikhalo/Public/From\ aEroPartition/Dev/ClariFi\ iOS
    builtin-copy -exclude .DS_Store -exclude CVS -exclude .svn -exclude .git -exclude .hg -resolve-src-symlinks /Users/mayenikhalo/Public/From\ aEroPartition/Dev/ClariFi\ iOS/ClariFi\ iOS/CRITICAL_FIXES_SUMMARY.md /Users/aero/Library/Developer/Xcode/DerivedData/ClariFi_iOS-gmrlhvqnuqrbwdaistjzehzlpfwz/Build/Products/Debug-iphonesimulator/ClariFi\ iOS.app

CpResource /Users/aero/Library/Developer/Xcode/DerivedData/ClariFi_iOS-gmrlhvqnuqrbwdaistjzehzlpfwz/Build/Products/Debug-iphonesimulator/ClariFi\ iOS.app/COMPLETION_REPORT.md /Users/mayenikhalo/Public/From\ aEroPartition/Dev/ClariFi\ iOS/ClariFi\ iOS/.kiro/specs/critical-runtime-fixes/COMPLETION_REPORT.md (in target 'ClariFi iOS' from project 'ClariFi iOS')
    cd /Users/mayenikhalo/Public/From\ aEroPartition/Dev/ClariFi\ iOS
    builtin-copy -exclude .DS_Store -exclude CVS -exclude .svn -exclude .git -exclude .hg -resolve-src-symlinks /Users/mayenikhalo/Public/From\ aEroPartition/Dev/ClariFi\ iOS/ClariFi\ iOS/.kiro/specs/critical-runtime-fixes/COMPLETION_REPORT.md /Users/aero/Library/Developer/Xcode/DerivedData/ClariFi_iOS-gmrlhvqnuqrbwdaistjzehzlpfwz/Build/Products/Debug-iphonesimulator/ClariFi\ iOS.app

CpResource /Users/aero/Library/Developer/Xcode/DerivedData/ClariFi_iOS-gmrlhvqnuqrbwdaistjzehzlpfwz/Build/Products/Debug-iphonesimulator/ClariFi\ iOS.app/CATEGORY_TESTS_QUICK_REFERENCE.md /Users/mayenikhalo/Public/From\ aEroPartition/Dev/ClariFi\ iOS/ClariFi\ iOS/.kiro/specs/critical-ux-fixes/CATEGORY_TESTS_QUICK_REFERENCE.md (in target 'ClariFi iOS' from project 'ClariFi iOS')
    cd /Users/mayenikhalo/Public/From\ aEroPartition/Dev/ClariFi\ iOS
    builtin-copy -exclude .DS_Store -exclude CVS -exclude .svn -exclude .git -exclude .hg -resolve-src-symlinks /Users/mayenikhalo/Public/From\ aEroPartition/Dev/ClariFi\ iOS/ClariFi\ iOS/.kiro/specs/critical-ux-fixes/CATEGORY_TESTS_QUICK_REFERENCE.md /Users/aero/Library/Developer/Xcode/DerivedData/ClariFi_iOS-gmrlhvqnuqrbwdaistjzehzlpfwz/Build/Products/Debug-iphonesimulator/ClariFi\ iOS.app

CpResource /Users/aero/Library/Developer/Xcode/DerivedData/ClariFi_iOS-gmrlhvqnuqrbwdaistjzehzlpfwz/Build/Products/Debug-iphonesimulator/ClariFi\ iOS.app/ADR-004-error-handling-strategy.md /Users/mayenikhalo/Public/From\ aEroPartition/Dev/ClariFi\ iOS/ClariFi\ iOS/.kiro/specs/architecture-refactoring/ADR/ADR-004-error-handling-strategy.md (in target 'ClariFi iOS' from project 'ClariFi iOS')
    cd /Users/mayenikhalo/Public/From\ aEroPartition/Dev/ClariFi\ iOS
    builtin-copy -exclude .DS_Store -exclude CVS -exclude .svn -exclude .git -exclude .hg -resolve-src-symlinks /Users/mayenikhalo/Public/From\ aEroPartition/Dev/ClariFi\ iOS/ClariFi\ iOS/.kiro/specs/architecture-refactoring/ADR/ADR-004-error-handling-strategy.md /Users/aero/Library/Developer/Xcode/DerivedData/ClariFi_iOS-gmrlhvqnuqrbwdaistjzehzlpfwz/Build/Products/Debug-iphonesimulator/ClariFi\ iOS.app

CpResource /Users/aero/Library/Developer/Xcode/DerivedData/ClariFi_iOS-gmrlhvqnuqrbwdaistjzehzlpfwz/Build/Products/Debug-iphonesimulator/ClariFi\ iOS.app/ADR-003-service-layer-architecture.md /Users/mayenikhalo/Public/From\ aEroPartition/Dev/ClariFi\ iOS/ClariFi\ iOS/.kiro/specs/architecture-refactoring/ADR/ADR-003-service-layer-architecture.md (in target 'ClariFi iOS' from project 'ClariFi iOS')
    cd /Users/mayenikhalo/Public/From\ aEroPartition/Dev/ClariFi\ iOS
    builtin-copy -exclude .DS_Store -exclude CVS -exclude .svn -exclude .git -exclude .hg -resolve-src-symlinks /Users/mayenikhalo/Public/From\ aEroPartition/Dev/ClariFi\ iOS/ClariFi\ iOS/.kiro/specs/architecture-refactoring/ADR/ADR-003-service-layer-architecture.md /Users/aero/Library/Developer/Xcode/DerivedData/ClariFi_iOS-gmrlhvqnuqrbwdaistjzehzlpfwz/Build/Products/Debug-iphonesimulator/ClariFi\ iOS.app

CpResource /Users/aero/Library/Developer/Xcode/DerivedData/ClariFi_iOS-gmrlhvqnuqrbwdaistjzehzlpfwz/Build/Products/Debug-iphonesimulator/ClariFi\ iOS.app/ADR-002-repository-pattern-standardization.md /Users/mayenikhalo/Public/From\ aEroPartition/Dev/ClariFi\ iOS/ClariFi\ iOS/.kiro/specs/architecture-refactoring/ADR/ADR-002-repository-pattern-standardization.md (in target 'ClariFi iOS' from project 'ClariFi iOS')
    cd /Users/mayenikhalo/Public/From\ aEroPartition/Dev/ClariFi\ iOS
    builtin-copy -exclude .DS_Store -exclude CVS -exclude .svn -exclude .git -exclude .hg -resolve-src-symlinks /Users/mayenikhalo/Public/From\ aEroPartition/Dev/ClariFi\ iOS/ClariFi\ iOS/.kiro/specs/architecture-refactoring/ADR/ADR-002-repository-pattern-standardization.md /Users/aero/Library/Developer/Xcode/DerivedData/ClariFi_iOS-gmrlhvqnuqrbwdaistjzehzlpfwz/Build/Products/Debug-iphonesimulator/ClariFi\ iOS.app

CpResource /Users/aero/Library/Developer/Xcode/DerivedData/ClariFi_iOS-gmrlhvqnuqrbwdaistjzehzlpfwz/Build/Products/Debug-iphonesimulator/ClariFi\ iOS.app/ADR-001-dependency-injection-container.md /Users/mayenikhalo/Public/From\ aEroPartition/Dev/ClariFi\ iOS/ClariFi\ iOS/.kiro/specs/architecture-refactoring/ADR/ADR-001-dependency-injection-container.md (in target 'ClariFi iOS' from project 'ClariFi iOS')
    cd /Users/mayenikhalo/Public/From\ aEroPartition/Dev/ClariFi\ iOS
    builtin-copy -exclude .DS_Store -exclude CVS -exclude .svn -exclude .git -exclude .hg -resolve-src-symlinks /Users/mayenikhalo/Public/From\ aEroPartition/Dev/ClariFi\ iOS/ClariFi\ iOS/.kiro/specs/architecture-refactoring/ADR/ADR-001-dependency-injection-container.md /Users/aero/Library/Developer/Xcode/DerivedData/ClariFi_iOS-gmrlhvqnuqrbwdaistjzehzlpfwz/Build/Products/Debug-iphonesimulator/ClariFi\ iOS.app

CpResource /Users/aero/Library/Developer/Xcode/DerivedData/ClariFi_iOS-gmrlhvqnuqrbwdaistjzehzlpfwz/Build/Products/Debug-iphonesimulator/ClariFi\ iOS.app/1edfws.md /Users/mayenikhalo/Public/From\ aEroPartition/Dev/ClariFi\ iOS/ClariFi\ iOS/docs/1edfws.md (in target 'ClariFi iOS' from project 'ClariFi iOS')
    cd /Users/mayenikhalo/Public/From\ aEroPartition/Dev/ClariFi\ iOS
    builtin-copy -exclude .DS_Store -exclude CVS -exclude .svn -exclude .git -exclude .hg -resolve-src-symlinks /Users/mayenikhalo/Public/From\ aEroPartition/Dev/ClariFi\ iOS/ClariFi\ iOS/docs/1edfws.md /Users/aero/Library/Developer/Xcode/DerivedData/ClariFi_iOS-gmrlhvqnuqrbwdaistjzehzlpfwz/Build/Products/Debug-iphonesimulator/ClariFi\ iOS.app

CpResource /Users/aero/Library/Developer/Xcode/DerivedData/ClariFi_iOS-gmrlhvqnuqrbwdaistjzehzlpfwz/Build/Products/Debug-iphonesimulator/ClariFi\ iOS.app/.env /Users/mayenikhalo/Public/From\ aEroPartition/Dev/ClariFi\ iOS/ClariFi\ iOS/.env (in target 'ClariFi iOS' from project 'ClariFi iOS')
    cd /Users/mayenikhalo/Public/From\ aEroPartition/Dev/ClariFi\ iOS
    builtin-copy -exclude .DS_Store -exclude CVS -exclude .svn -exclude .git -exclude .hg -resolve-src-symlinks /Users/mayenikhalo/Public/From\ aEroPartition/Dev/ClariFi\ iOS/ClariFi\ iOS/.env /Users/aero/Library/Developer/Xcode/DerivedData/ClariFi_iOS-gmrlhvqnuqrbwdaistjzehzlpfwz/Build/Products/Debug-iphonesimulator/ClariFi\ iOS.app

Copy /Users/aero/Library/Developer/Xcode/DerivedData/ClariFi_iOS-gmrlhvqnuqrbwdaistjzehzlpfwz/Build/Products/Debug-iphonesimulator/ClariFi\ iOS.app/swift-crypto_Crypto.bundle /Users/aero/Library/Developer/Xcode/DerivedData/ClariFi_iOS-gmrlhvqnuqrbwdaistjzehzlpfwz/Build/Products/Debug-iphonesimulator/swift-crypto_Crypto.bundle (in target 'ClariFi iOS' from project 'ClariFi iOS')
    cd /Users/mayenikhalo/Public/From\ aEroPartition/Dev/ClariFi\ iOS
    builtin-copy -exclude .DS_Store -exclude CVS -exclude .svn -exclude .git -exclude .hg -resolve-src-symlinks /Users/aero/Library/Developer/Xcode/DerivedData/ClariFi_iOS-gmrlhvqnuqrbwdaistjzehzlpfwz/Build/Products/Debug-iphonesimulator/swift-crypto_Crypto.bundle /Users/aero/Library/Developer/Xcode/DerivedData/ClariFi_iOS-gmrlhvqnuqrbwdaistjzehzlpfwz/Build/Products/Debug-iphonesimulator/ClariFi\ iOS.app

ProcessInfoPlistFile /Users/aero/Library/Developer/Xcode/DerivedData/ClariFi_iOS-gmrlhvqnuqrbwdaistjzehzlpfwz/Build/Products/Debug-iphonesimulator/ClariFi\ iOS.app/Info.plist /Users/mayenikhalo/Public/From\ aEroPartition/Dev/ClariFi\ iOS/ClariFi\ iOS/Info.plist (in target 'ClariFi iOS' from project 'ClariFi iOS')
    cd /Users/mayenikhalo/Public/From\ aEroPartition/Dev/ClariFi\ iOS
    builtin-infoPlistUtility /Users/mayenikhalo/Public/From\ aEroPartition/Dev/ClariFi\ iOS/ClariFi\ iOS/Info.plist -producttype com.apple.product-type.application -genpkginfo /Users/aero/Library/Developer/Xcode/DerivedData/ClariFi_iOS-gmrlhvqnuqrbwdaistjzehzlpfwz/Build/Products/Debug-iphonesimulator/ClariFi\ iOS.app/PkgInfo -expandbuildsettings -format binary -platform iphonesimulator -additionalcontentfile /Users/aero/Library/Developer/Xcode/DerivedData/ClariFi_iOS-gmrlhvqnuqrbwdaistjzehzlpfwz/Build/Intermediates.noindex/ClariFi\ iOS.build/Debug-iphonesimulator/ClariFi\ iOS.build/assetcatalog_generated_info.plist -scanforprivacyfile /Users/aero/Library/Developer/Xcode/DerivedData/ClariFi_iOS-gmrlhvqnuqrbwdaistjzehzlpfwz/Build/Products/Debug-iphonesimulator/ClariFi\ iOS.app/swift-crypto_Crypto.bundle -o /Users/aero/Library/Developer/Xcode/DerivedData/ClariFi_iOS-gmrlhvqnuqrbwdaistjzehzlpfwz/Build/Products/Debug-iphonesimulator/ClariFi\ iOS.app/Info.plist

SwiftDriverJobDiscovery normal arm64 Compiling SecurityAuditView.swift, StatementUploadView.swift, SuccessView.swift, TransactionDetailView.swift, TransactionEditView.swift (in target 'ClariFi iOS' from project 'ClariFi iOS')

SwiftDriverJobDiscovery normal arm64 Compiling TransactionEntryView.swift, TransactionReviewView.swift, TransactionRowView.swift, TransactionsListView.swift, ClariFiWidget.swift (in target 'ClariFi iOS' from project 'ClariFi iOS')

SwiftCompile normal arm64 Compiling\ CategoryMappingService.swift,\ ClariFiAppIntents.swift,\ InsightNotificationService.swift /Users/mayenikhalo/Public/From\ aEroPartition/Dev/ClariFi\ iOS/ClariFi\ iOS/Services/CategoryMappingService.swift /Users/mayenikhalo/Public/From\ aEroPartition/Dev/ClariFi\ iOS/ClariFi\ iOS/Services/ClariFiAppIntents.swift /Users/mayenikhalo/Public/From\ aEroPartition/Dev/ClariFi\ iOS/ClariFi\ iOS/Services/InsightNotificationService.swift (in target 'ClariFi iOS' from project 'ClariFi iOS')

SwiftCompile normal arm64 /Users/mayenikhalo/Public/From\ aEroPartition/Dev/ClariFi\ iOS/ClariFi\ iOS/Services/CategoryMappingService.swift (in target 'ClariFi iOS' from project 'ClariFi iOS')
    cd /Users/mayenikhalo/Public/From\ aEroPartition/Dev/ClariFi\ iOS
    

SwiftCompile normal arm64 /Users/mayenikhalo/Public/From\ aEroPartition/Dev/ClariFi\ iOS/ClariFi\ iOS/Services/ClariFiAppIntents.swift (in target 'ClariFi iOS' from project 'ClariFi iOS')
    cd /Users/mayenikhalo/Public/From\ aEroPartition/Dev/ClariFi\ iOS
    

SwiftCompile normal arm64 /Users/mayenikhalo/Public/From\ aEroPartition/Dev/ClariFi\ iOS/ClariFi\ iOS/Services/InsightNotificationService.swift (in target 'ClariFi iOS' from project 'ClariFi iOS')
    cd /Users/mayenikhalo/Public/From\ aEroPartition/Dev/ClariFi\ iOS
    

SwiftCompile normal arm64 Compiling\ AppleLLMCategorizationService.swift,\ BudgetMonitoringService.swift,\ BudgetTemplateService.swift /Users/mayenikhalo/Public/From\ aEroPartition/Dev/ClariFi\ iOS/ClariFi\ iOS/Services/LLM/AppleLLMCategorizationService.swift /Users/mayenikhalo/Public/From\ aEroPartition/Dev/ClariFi\ iOS/ClariFi\ iOS/Services/BudgetMonitoringService.swift /Users/mayenikhalo/Public/From\ aEroPartition/Dev/ClariFi\ iOS/ClariFi\ iOS/Services/BudgetTemplateService.swift (in target 'ClariFi iOS' from project 'ClariFi iOS')

SwiftCompile normal arm64 /Users/mayenikhalo/Public/From\ aEroPartition/Dev/ClariFi\ iOS/ClariFi\ iOS/Services/LLM/AppleLLMCategorizationService.swift (in target 'ClariFi iOS' from project 'ClariFi iOS')
    cd /Users/mayenikhalo/Public/From\ aEroPartition/Dev/ClariFi\ iOS
    
/Users/mayenikhalo/Public/From aEroPartition/Dev/ClariFi iOS/ClariFi iOS/Services/LLM/AppleLLMCategorizationService.swift:43:57: warning: main actor-isolated static property 'shared' can not be referenced from a nonisolated context; this is an error in the Swift 6 language mode
        self.performanceMonitor = LLMPerformanceMonitor.shared
                                                        ^
/Users/mayenikhalo/Public/From aEroPartition/Dev/ClariFi iOS/ClariFi iOS/Utilities/LLMPerformanceMonitor.swift:17:16: note: static property declared here
    static let shared = LLMPerformanceMonitor()
               ^
/Users/mayenikhalo/Public/From aEroPartition/Dev/ClariFi iOS/ClariFi iOS/Services/LLM/AppleLLMCategorizationService.swift:105:21: warning: capture of 'self' with non-Sendable type 'AppleLLMCategorizationService?' in a '@Sendable' closure
                    self?.pendingQueries.removeValue(forKey: cacheKey)
                    ^
/Users/mayenikhalo/Public/From aEroPartition/Dev/ClariFi iOS/ClariFi iOS/Services/LLM/AppleLLMCategorizationService.swift:12:7: note: class 'AppleLLMCategorizationService' does not conform to the 'Sendable' protocol
class AppleLLMCategorizationService: LLMCategorizationServiceProtocol {
      ^
/Users/mayenikhalo/Public/From aEroPartition/Dev/ClariFi iOS/ClariFi iOS/Services/LLM/AppleLLMCategorizationService.swift:128:21: warning: capture of 'self' with non-Sendable type 'AppleLLMCategorizationService?' in a '@Sendable' closure
                    self?.pendingQueries.removeValue(forKey: cacheKey)
                    ^
/Users/mayenikhalo/Public/From aEroPartition/Dev/ClariFi iOS/ClariFi iOS/Services/LLM/AppleLLMCategorizationService.swift:12:7: note: class 'AppleLLMCategorizationService' does not conform to the 'Sendable' protocol
class AppleLLMCategorizationService: LLMCategorizationServiceProtocol {
      ^
/Users/mayenikhalo/Public/From aEroPartition/Dev/ClariFi iOS/ClariFi iOS/Services/LLM/AppleLLMCategorizationService.swift:147:21: warning: capture of 'self' with non-Sendable type 'AppleLLMCategorizationService?' in a '@Sendable' closure
                    self?.pendingQueries.removeValue(forKey: cacheKey)
                    ^
/Users/mayenikhalo/Public/From aEroPartition/Dev/ClariFi iOS/ClariFi iOS/Services/LLM/AppleLLMCategorizationService.swift:12:7: note: class 'AppleLLMCategorizationService' does not conform to the 'Sendable' protocol
class AppleLLMCategorizationService: LLMCategorizationServiceProtocol {
      ^
/Users/mayenikhalo/Public/From aEroPartition/Dev/ClariFi iOS/ClariFi iOS/Services/LLM/AppleLLMCategorizationService.swift:156:13: warning: capture of 'self' with non-Sendable type 'AppleLLMCategorizationService?' in a '@Sendable' closure
            self?.pendingQueries[cacheKey] = task
            ^
/Users/mayenikhalo/Public/From aEroPartition/Dev/ClariFi iOS/ClariFi iOS/Services/LLM/AppleLLMCategorizationService.swift:12:7: note: class 'AppleLLMCategorizationService' does not conform to the 'Sendable' protocol
class AppleLLMCategorizationService: LLMCategorizationServiceProtocol {
      ^

SwiftCompile normal arm64 /Users/mayenikhalo/Public/From\ aEroPartition/Dev/ClariFi\ iOS/ClariFi\ iOS/Services/BudgetMonitoringService.swift (in target 'ClariFi iOS' from project 'ClariFi iOS')
    cd /Users/mayenikhalo/Public/From\ aEroPartition/Dev/ClariFi\ iOS
    

SwiftCompile normal arm64 /Users/mayenikhalo/Public/From\ aEroPartition/Dev/ClariFi\ iOS/ClariFi\ iOS/Services/BudgetTemplateService.swift (in target 'ClariFi iOS' from project 'ClariFi iOS')
    cd /Users/mayenikhalo/Public/From\ aEroPartition/Dev/ClariFi\ iOS
    

SwiftCompile normal arm64 Compiling\ DIContainer+Environment.swift,\ View+ErrorAlert.swift,\ View+ErrorAlert+Example.swift,\ AccountSetupData.swift /Users/mayenikhalo/Public/From\ aEroPartition/Dev/ClariFi\ iOS/ClariFi\ iOS/Core/DependencyInjection/DIContainer+Environment.swift /Users/mayenikhalo/Public/From\ aEroPartition/Dev/ClariFi\ iOS/ClariFi\ iOS/Core/Extensions/View+ErrorAlert.swift /Users/mayenikhalo/Public/From\ aEroPartition/Dev/ClariFi\ iOS/ClariFi\ iOS/Core/Extensions/View+ErrorAlert+Example.swift /Users/mayenikhalo/Public/From\ aEroPartition/Dev/ClariFi\ iOS/ClariFi\ iOS/Models/AccountSetupData.swift (in target 'ClariFi iOS' from project 'ClariFi iOS')

SwiftCompile normal arm64 /Users/mayenikhalo/Public/From\ aEroPartition/Dev/ClariFi\ iOS/ClariFi\ iOS/Core/DependencyInjection/DIContainer+Environment.swift (in target 'ClariFi iOS' from project 'ClariFi iOS')
    cd /Users/mayenikhalo/Public/From\ aEroPartition/Dev/ClariFi\ iOS
    

SwiftCompile normal arm64 /Users/mayenikhalo/Public/From\ aEroPartition/Dev/ClariFi\ iOS/ClariFi\ iOS/Core/Extensions/View+ErrorAlert.swift (in target 'ClariFi iOS' from project 'ClariFi iOS')
    cd /Users/mayenikhalo/Public/From\ aEroPartition/Dev/ClariFi\ iOS
    

SwiftCompile normal arm64 /Users/mayenikhalo/Public/From\ aEroPartition/Dev/ClariFi\ iOS/ClariFi\ iOS/Core/Extensions/View+ErrorAlert+Example.swift (in target 'ClariFi iOS' from project 'ClariFi iOS')
    cd /Users/mayenikhalo/Public/From\ aEroPartition/Dev/ClariFi\ iOS
    

SwiftCompile normal arm64 /Users/mayenikhalo/Public/From\ aEroPartition/Dev/ClariFi\ iOS/ClariFi\ iOS/Models/AccountSetupData.swift (in target 'ClariFi iOS' from project 'ClariFi iOS')
    cd /Users/mayenikhalo/Public/From\ aEroPartition/Dev/ClariFi\ iOS
    

SwiftCompile normal arm64 Compiling\ SmartTransactionParser.swift,\ BudgetViewModel.swift,\ SubscriptionViewModel.swift /Users/mayenikhalo/Public/From\ aEroPartition/Dev/ClariFi\ iOS/ClariFi\ iOS/Services/SmartTransactionParser.swift /Users/mayenikhalo/Public/From\ aEroPartition/Dev/ClariFi\ iOS/ClariFi\ iOS/ViewModels/BudgetViewModel.swift /Users/mayenikhalo/Public/From\ aEroPartition/Dev/ClariFi\ iOS/ClariFi\ iOS/ViewModels/SubscriptionViewModel.swift (in target 'ClariFi iOS' from project 'ClariFi iOS')

SwiftCompile normal arm64 /Users/mayenikhalo/Public/From\ aEroPartition/Dev/ClariFi\ iOS/ClariFi\ iOS/Services/SmartTransactionParser.swift (in target 'ClariFi iOS' from project 'ClariFi iOS')
    cd /Users/mayenikhalo/Public/From\ aEroPartition/Dev/ClariFi\ iOS
    

SwiftCompile normal arm64 /Users/mayenikhalo/Public/From\ aEroPartition/Dev/ClariFi\ iOS/ClariFi\ iOS/ViewModels/BudgetViewModel.swift (in target 'ClariFi iOS' from project 'ClariFi iOS')
    cd /Users/mayenikhalo/Public/From\ aEroPartition/Dev/ClariFi\ iOS
    

SwiftCompile normal arm64 /Users/mayenikhalo/Public/From\ aEroPartition/Dev/ClariFi\ iOS/ClariFi\ iOS/ViewModels/SubscriptionViewModel.swift (in target 'ClariFi iOS' from project 'ClariFi iOS')
    cd /Users/mayenikhalo/Public/From\ aEroPartition/Dev/ClariFi\ iOS
    

SwiftCompile normal arm64 Compiling\ BatchCategorizationView.swift,\ CashflowForecastView.swift,\ GeneratedAssetSymbols.swift /Users/mayenikhalo/Public/From\ aEroPartition/Dev/ClariFi\ iOS/ClariFi\ iOS/Views/BatchCategorizationView.swift /Users/mayenikhalo/Public/From\ aEroPartition/Dev/ClariFi\ iOS/ClariFi\ iOS/Views/CashflowForecastView.swift /Users/aero/Library/Developer/Xcode/DerivedData/ClariFi_iOS-gmrlhvqnuqrbwdaistjzehzlpfwz/Build/Intermediates.noindex/ClariFi\ iOS.build/Debug-iphonesimulator/ClariFi\ iOS.build/DerivedSources/GeneratedAssetSymbols.swift (in target 'ClariFi iOS' from project 'ClariFi iOS')

SwiftCompile normal arm64 /Users/mayenikhalo/Public/From\ aEroPartition/Dev/ClariFi\ iOS/ClariFi\ iOS/Views/BatchCategorizationView.swift (in target 'ClariFi iOS' from project 'ClariFi iOS')
    cd /Users/mayenikhalo/Public/From\ aEroPartition/Dev/ClariFi\ iOS
    

SwiftCompile normal arm64 /Users/mayenikhalo/Public/From\ aEroPartition/Dev/ClariFi\ iOS/ClariFi\ iOS/Views/CashflowForecastView.swift (in target 'ClariFi iOS' from project 'ClariFi iOS')
    cd /Users/mayenikhalo/Public/From\ aEroPartition/Dev/ClariFi\ iOS
    

SwiftCompile normal arm64 /Users/aero/Library/Developer/Xcode/DerivedData/ClariFi_iOS-gmrlhvqnuqrbwdaistjzehzlpfwz/Build/Intermediates.noindex/ClariFi\ iOS.build/Debug-iphonesimulator/ClariFi\ iOS.build/DerivedSources/GeneratedAssetSymbols.swift (in target 'ClariFi iOS' from project 'ClariFi iOS')
    cd /Users/mayenikhalo/Public/From\ aEroPartition/Dev/ClariFi\ iOS
    

SwiftCompile normal arm64 Compiling\ TransactionEntryViewModel.swift,\ TransactionReviewViewModel.swift,\ LoginView.swift /Users/mayenikhalo/Public/From\ aEroPartition/Dev/ClariFi\ iOS/ClariFi\ iOS/ViewModels/TransactionEntryViewModel.swift /Users/mayenikhalo/Public/From\ aEroPartition/Dev/ClariFi\ iOS/ClariFi\ iOS/ViewModels/TransactionReviewViewModel.swift /Users/mayenikhalo/Public/From\ aEroPartition/Dev/ClariFi\ iOS/ClariFi\ iOS/Views/Authentication/LoginView.swift (in target 'ClariFi iOS' from project 'ClariFi iOS')

SwiftCompile normal arm64 /Users/mayenikhalo/Public/From\ aEroPartition/Dev/ClariFi\ iOS/ClariFi\ iOS/ViewModels/TransactionEntryViewModel.swift (in target 'ClariFi iOS' from project 'ClariFi iOS')
    cd /Users/mayenikhalo/Public/From\ aEroPartition/Dev/ClariFi\ iOS
    

SwiftCompile normal arm64 /Users/mayenikhalo/Public/From\ aEroPartition/Dev/ClariFi\ iOS/ClariFi\ iOS/ViewModels/TransactionReviewViewModel.swift (in target 'ClariFi iOS' from project 'ClariFi iOS')
    cd /Users/mayenikhalo/Public/From\ aEroPartition/Dev/ClariFi\ iOS
    

SwiftCompile normal arm64 /Users/mayenikhalo/Public/From\ aEroPartition/Dev/ClariFi\ iOS/ClariFi\ iOS/Views/Authentication/LoginView.swift (in target 'ClariFi iOS' from project 'ClariFi iOS')
    cd /Users/mayenikhalo/Public/From\ aEroPartition/Dev/ClariFi\ iOS
    

SwiftDriverJobDiscovery normal arm64 Compiling LiquidGlassCard.swift, MainTabView.swift, OnboardingView.swift, PaywallView.swift, PlanningView.swift (in target 'ClariFi iOS' from project 'ClariFi iOS')

SwiftCompile normal arm64 Compiling\ Budget+Extensions.swift,\ Transaction+Extensions.swift,\ BackgroundContextProvider.swift,\ CoreDataRepositories+Background.swift /Users/mayenikhalo/Public/From\ aEroPartition/Dev/ClariFi\ iOS/ClariFi\ iOS/Models/Budget+Extensions.swift /Users/mayenikhalo/Public/From\ aEroPartition/Dev/ClariFi\ iOS/ClariFi\ iOS/Models/Transaction+Extensions.swift /Users/mayenikhalo/Public/From\ aEroPartition/Dev/ClariFi\ iOS/ClariFi\ iOS/Repositories/ContextIsolation/BackgroundContextProvider.swift /Users/mayenikhalo/Public/From\ aEroPartition/Dev/ClariFi\ iOS/ClariFi\ iOS/Repositories/CoreDataRepositories+Background.swift (in target 'ClariFi iOS' from project 'ClariFi iOS')

SwiftCompile normal arm64 /Users/mayenikhalo/Public/From\ aEroPartition/Dev/ClariFi\ iOS/ClariFi\ iOS/Models/Budget+Extensions.swift (in target 'ClariFi iOS' from project 'ClariFi iOS')
    cd /Users/mayenikhalo/Public/From\ aEroPartition/Dev/ClariFi\ iOS
    

SwiftCompile normal arm64 /Users/mayenikhalo/Public/From\ aEroPartition/Dev/ClariFi\ iOS/ClariFi\ iOS/Models/Transaction+Extensions.swift (in target 'ClariFi iOS' from project 'ClariFi iOS')
    cd /Users/mayenikhalo/Public/From\ aEroPartition/Dev/ClariFi\ iOS
    

SwiftCompile normal arm64 /Users/mayenikhalo/Public/From\ aEroPartition/Dev/ClariFi\ iOS/ClariFi\ iOS/Repositories/ContextIsolation/BackgroundContextProvider.swift (in target 'ClariFi iOS' from project 'ClariFi iOS')
    cd /Users/mayenikhalo/Public/From\ aEroPartition/Dev/ClariFi\ iOS
    
/Users/mayenikhalo/Public/From aEroPartition/Dev/ClariFi iOS/ClariFi iOS/Repositories/ContextIsolation/BackgroundContextProvider.swift:68:51: warning: cast from 'Void' to unrelated type 'NSManagedObjectContext' always fails
            return contextPool.removeLastObject() as! NSManagedObjectContext
                   ~~~~~~~~~~~~~~~~~~~~~~~~~~~~~~ ^   ~~~~~~~~~~~~~~~~~~~~~~

SwiftCompile normal arm64 /Users/mayenikhalo/Public/From\ aEroPartition/Dev/ClariFi\ iOS/ClariFi\ iOS/Repositories/CoreDataRepositories+Background.swift (in target 'ClariFi iOS' from project 'ClariFi iOS')
    cd /Users/mayenikhalo/Public/From\ aEroPartition/Dev/ClariFi\ iOS
    

SwiftDriverJobDiscovery normal arm64 Compiling DIContainer+Environment.swift, View+ErrorAlert.swift, View+ErrorAlert+Example.swift, AccountSetupData.swift (in target 'ClariFi iOS' from project 'ClariFi iOS')

SwiftCompile normal arm64 Compiling\ PasswordStrengthView.swift,\ RegistrationView.swift,\ WelcomeView.swift /Users/mayenikhalo/Public/From\ aEroPartition/Dev/ClariFi\ iOS/ClariFi\ iOS/Views/Authentication/PasswordStrengthView.swift /Users/mayenikhalo/Public/From\ aEroPartition/Dev/ClariFi\ iOS/ClariFi\ iOS/Views/Authentication/RegistrationView.swift /Users/mayenikhalo/Public/From\ aEroPartition/Dev/ClariFi\ iOS/ClariFi\ iOS/Views/Authentication/WelcomeView.swift (in target 'ClariFi iOS' from project 'ClariFi iOS')

SwiftCompile normal arm64 /Users/mayenikhalo/Public/From\ aEroPartition/Dev/ClariFi\ iOS/ClariFi\ iOS/Views/Authentication/PasswordStrengthView.swift (in target 'ClariFi iOS' from project 'ClariFi iOS')
    cd /Users/mayenikhalo/Public/From\ aEroPartition/Dev/ClariFi\ iOS
    

SwiftCompile normal arm64 /Users/mayenikhalo/Public/From\ aEroPartition/Dev/ClariFi\ iOS/ClariFi\ iOS/Views/Authentication/RegistrationView.swift (in target 'ClariFi iOS' from project 'ClariFi iOS')
    cd /Users/mayenikhalo/Public/From\ aEroPartition/Dev/ClariFi\ iOS
    

SwiftCompile normal arm64 /Users/mayenikhalo/Public/From\ aEroPartition/Dev/ClariFi\ iOS/ClariFi\ iOS/Views/Authentication/WelcomeView.swift (in target 'ClariFi iOS' from project 'ClariFi iOS')
    cd /Users/mayenikhalo/Public/From\ aEroPartition/Dev/ClariFi\ iOS
    

SwiftDriverJobDiscovery normal arm64 Compiling CategoryMappingService.swift, ClariFiAppIntents.swift, InsightNotificationService.swift (in target 'ClariFi iOS' from project 'ClariFi iOS')

SwiftDriverJobDiscovery normal arm64 Compiling SmartTransactionParser.swift, BudgetViewModel.swift, SubscriptionViewModel.swift (in target 'ClariFi iOS' from project 'ClariFi iOS')

SwiftDriverJobDiscovery normal arm64 Compiling Budget+Extensions.swift, Transaction+Extensions.swift, BackgroundContextProvider.swift, CoreDataRepositories+Background.swift (in target 'ClariFi iOS' from project 'ClariFi iOS')

SwiftDriverJobDiscovery normal arm64 Compiling AppleLLMCategorizationService.swift, BudgetMonitoringService.swift, BudgetTemplateService.swift (in target 'ClariFi iOS' from project 'ClariFi iOS')

SwiftDriverJobDiscovery normal arm64 Compiling BatchCategorizationView.swift, CashflowForecastView.swift, GeneratedAssetSymbols.swift (in target 'ClariFi iOS' from project 'ClariFi iOS')

SwiftDriverJobDiscovery normal arm64 Compiling PasswordStrengthView.swift, RegistrationView.swift, WelcomeView.swift (in target 'ClariFi iOS' from project 'ClariFi iOS')

SwiftDriverJobDiscovery normal arm64 Compiling TransactionEntryViewModel.swift, TransactionReviewViewModel.swift, LoginView.swift (in target 'ClariFi iOS' from project 'ClariFi iOS')

SwiftDriver\ Compilation ClariFi\ iOS normal arm64 com.apple.xcode.tools.swift.compiler (in target 'ClariFi iOS' from project 'ClariFi iOS')
    cd /Users/mayenikhalo/Public/From\ aEroPartition/Dev/ClariFi\ iOS
    builtin-Swift-Compilation -- /Applications/Xcode.app/Contents/Developer/Toolchains/XcodeDefault.xctoolchain/usr/bin/swiftc -module-name ClariFi_iOS -Onone -enforce-exclusivity\=checked @/Users/aero/Library/Developer/Xcode/DerivedData/ClariFi_iOS-gmrlhvqnuqrbwdaistjzehzlpfwz/Build/Intermediates.noindex/ClariFi\ iOS.build/Debug-iphonesimulator/ClariFi\ iOS.build/Objects-normal/arm64/ClariFi\ iOS.SwiftFileList -DDEBUG -enable-bare-slash-regex -enable-experimental-feature DebugDescriptionMacro -sdk /Applications/Xcode.app/Contents/Developer/Platforms/iPhoneSimulator.platform/Developer/SDKs/iPhoneSimulator26.0.sdk -target arm64-apple-ios18.5-simulator -g -module-cache-path /Users/aero/Library/Developer/Xcode/DerivedData/ModuleCache.noindex -Xfrontend -serialize-debugging-options -profile-coverage-mapping -profile-generate -enable-testing -index-store-path /Users/aero/Library/Developer/Xcode/DerivedData/ClariFi_iOS-gmrlhvqnuqrbwdaistjzehzlpfwz/Index.noindex/DataStore -Xcc -D_LIBCPP_HARDENING_MODE\=_LIBCPP_HARDENING_MODE_DEBUG -swift-version 5 -I /Users/aero/Library/Developer/Xcode/DerivedData/ClariFi_iOS-gmrlhvqnuqrbwdaistjzehzlpfwz/Build/Products/Debug-iphonesimulator -F /Users/aero/Library/Developer/Xcode/DerivedData/ClariFi_iOS-gmrlhvqnuqrbwdaistjzehzlpfwz/Build/Products/Debug-iphonesimulator/PackageFrameworks -F /Users/aero/Library/Developer/Xcode/DerivedData/ClariFi_iOS-gmrlhvqnuqrbwdaistjzehzlpfwz/Build/Products/Debug-iphonesimulator/PackageFrameworks -F /Users/aero/Library/Developer/Xcode/DerivedData/ClariFi_iOS-gmrlhvqnuqrbwdaistjzehzlpfwz/Build/Products/Debug-iphonesimulator/PackageFrameworks -F /Users/aero/Library/Developer/Xcode/DerivedData/ClariFi_iOS-gmrlhvqnuqrbwdaistjzehzlpfwz/Build/Products/Debug-iphonesimulator/PackageFrameworks -F /Users/aero/Library/Developer/Xcode/DerivedData/ClariFi_iOS-gmrlhvqnuqrbwdaistjzehzlpfwz/Build/Products/Debug-iphonesimulator/PackageFrameworks -F /Users/aero/Library/Developer/Xcode/DerivedData/ClariFi_iOS-gmrlhvqnuqrbwdaistjzehzlpfwz/Build/Products/Debug-iphonesimulator/PackageFrameworks -F /Users/aero/Library/Developer/Xcode/DerivedData/ClariFi_iOS-gmrlhvqnuqrbwdaistjzehzlpfwz/Build/Products/Debug-iphonesimulator/PackageFrameworks -F /Users/aero/Library/Developer/Xcode/DerivedData/ClariFi_iOS-gmrlhvqnuqrbwdaistjzehzlpfwz/Build/Products/Debug-iphonesimulator/PackageFrameworks -F /Users/aero/Library/Developer/Xcode/DerivedData/ClariFi_iOS-gmrlhvqnuqrbwdaistjzehzlpfwz/Build/Products/Debug-iphonesimulator/PackageFrameworks -F /Users/aero/Library/Developer/Xcode/DerivedData/ClariFi_iOS-gmrlhvqnuqrbwdaistjzehzlpfwz/Build/Products/Debug-iphonesimulator/PackageFrameworks -F /Users/aero/Library/Developer/Xcode/DerivedData/ClariFi_iOS-gmrlhvqnuqrbwdaistjzehzlpfwz/Build/Products/Debug-iphonesimulator/PackageFrameworks -F /Users/aero/Library/Developer/Xcode/DerivedData/ClariFi_iOS-gmrlhvqnuqrbwdaistjzehzlpfwz/Build/Products/Debug-iphonesimulator/PackageFrameworks -F /Users/aero/Library/Developer/Xcode/DerivedData/ClariFi_iOS-gmrlhvqnuqrbwdaistjzehzlpfwz/Build/Products/Debug-iphonesimulator/PackageFrameworks -F /Users/aero/Library/Developer/Xcode/DerivedData/ClariFi_iOS-gmrlhvqnuqrbwdaistjzehzlpfwz/Build/Products/Debug-iphonesimulator/PackageFrameworks -F /Users/aero/Library/Developer/Xcode/DerivedData/ClariFi_iOS-gmrlhvqnuqrbwdaistjzehzlpfwz/Build/Products/Debug-iphonesimulator -emit-localized-strings -emit-localized-strings-path /Users/aero/Library/Developer/Xcode/DerivedData/ClariFi_iOS-gmrlhvqnuqrbwdaistjzehzlpfwz/Build/Intermediates.noindex/ClariFi\ iOS.build/Debug-iphonesimulator/ClariFi\ iOS.build/Objects-normal/arm64 -c -j8 -enable-batch-mode -incremental -Xcc -ivfsstatcache -Xcc /Users/aero/Library/Developer/Xcode/DerivedData/SDKStatCaches.noindex/iphonesimulator26.0-23A339-26257891a6c027eb51374368541b8346.sdkstatcache -output-file-map /Users/aero/Library/Developer/Xcode/DerivedData/ClariFi_iOS-gmrlhvqnuqrbwdaistjzehzlpfwz/Build/Intermediates.noindex/ClariFi\ iOS.build/Debug-iphonesimulator/ClariFi\ iOS.build/Objects-normal/arm64/ClariFi\ iOS-OutputFileMap.json -use-frontend-parseable-output -save-temps -no-color-diagnostics -explicit-module-build -module-cache-path /Users/aero/Library/Developer/Xcode/DerivedData/ClariFi_iOS-gmrlhvqnuqrbwdaistjzehzlpfwz/Build/Intermediates.noindex/SwiftExplicitPrecompiledModules -clang-scanner-module-cache-path /Users/aero/Library/Developer/Xcode/DerivedData/ModuleCache.noindex -sdk-module-cache-path /Users/aero/Library/Developer/Xcode/DerivedData/ModuleCache.noindex -serialize-diagnostics -emit-dependencies -emit-module -emit-module-path /Users/aero/Library/Developer/Xcode/DerivedData/ClariFi_iOS-gmrlhvqnuqrbwdaistjzehzlpfwz/Build/Intermediates.noindex/ClariFi\ iOS.build/Debug-iphonesimulator/ClariFi\ iOS.build/Objects-normal/arm64/ClariFi_iOS.swiftmodule -validate-clang-modules-once -clang-build-session-file /Users/aero/Library/Developer/Xcode/DerivedData/ModuleCache.noindex/Session.modulevalidation -Xcc -I/Users/aero/Library/Developer/Xcode/DerivedData/ClariFi_iOS-gmrlhvqnuqrbwdaistjzehzlpfwz/Build/Intermediates.noindex/ClariFi\ iOS.build/Debug-iphonesimulator/ClariFi\ iOS.build/swift-overrides.hmap -emit-const-values -Xfrontend -const-gather-protocols-file -Xfrontend /Users/aero/Library/Developer/Xcode/DerivedData/ClariFi_iOS-gmrlhvqnuqrbwdaistjzehzlpfwz/Build/Intermediates.noindex/ClariFi\ iOS.build/Debug-iphonesimulator/ClariFi\ iOS.build/Objects-normal/arm64/ClariFi\ iOS_const_extract_protocols.json -Xcc -iquote -Xcc /Users/aero/Library/Developer/Xcode/DerivedData/ClariFi_iOS-gmrlhvqnuqrbwdaistjzehzlpfwz/Build/Intermediates.noindex/ClariFi\ iOS.build/Debug-iphonesimulator/ClariFi\ iOS.build/ClariFi\ iOS-generated-files.hmap -Xcc -I/Users/aero/Library/Developer/Xcode/DerivedData/ClariFi_iOS-gmrlhvqnuqrbwdaistjzehzlpfwz/Build/Intermediates.noindex/ClariFi\ iOS.build/Debug-iphonesimulator/ClariFi\ iOS.build/ClariFi\ iOS-own-target-headers.hmap -Xcc -I/Users/aero/Library/Developer/Xcode/DerivedData/ClariFi_iOS-gmrlhvqnuqrbwdaistjzehzlpfwz/Build/Intermediates.noindex/ClariFi\ iOS.build/Debug-iphonesimulator/ClariFi\ iOS.build/ClariFi\ iOS-all-non-framework-target-headers.hmap -Xcc -ivfsoverlay -Xcc /Users/aero/Library/Developer/Xcode/DerivedData/ClariFi_iOS-gmrlhvqnuqrbwdaistjzehzlpfwz/Build/Intermediates.noindex/ClariFi\ iOS.build/Debug-iphonesimulator/ClariFi\ iOS-73d971fc02cd0c099b48ec6e4c7f6243-VFS-iphonesimulator/all-product-headers.yaml -Xcc -iquote -Xcc /Users/aero/Library/Developer/Xcode/DerivedData/ClariFi_iOS-gmrlhvqnuqrbwdaistjzehzlpfwz/Build/Intermediates.noindex/ClariFi\ iOS.build/Debug-iphonesimulator/ClariFi\ iOS.build/ClariFi\ iOS-project-headers.hmap -Xcc -I/Users/aero/Library/Developer/Xcode/DerivedData/ClariFi_iOS-gmrlhvqnuqrbwdaistjzehzlpfwz/Build/Products/Debug-iphonesimulator/include -Xcc -I/Users/aero/Library/Developer/Xcode/DerivedData/ClariFi_iOS-gmrlhvqnuqrbwdaistjzehzlpfwz/Build/Intermediates.noindex/ClariFi\ iOS.build/Debug-iphonesimulator/ClariFi\ iOS.build/DerivedSources-normal/arm64 -Xcc -I/Users/aero/Library/Developer/Xcode/DerivedData/ClariFi_iOS-gmrlhvqnuqrbwdaistjzehzlpfwz/Build/Intermediates.noindex/ClariFi\ iOS.build/Debug-iphonesimulator/ClariFi\ iOS.build/DerivedSources/arm64 -Xcc -I/Users/aero/Library/Developer/Xcode/DerivedData/ClariFi_iOS-gmrlhvqnuqrbwdaistjzehzlpfwz/Build/Intermediates.noindex/ClariFi\ iOS.build/Debug-iphonesimulator/ClariFi\ iOS.build/DerivedSources -Xcc -DDEBUG\=1 -emit-objc-header -emit-objc-header-path /Users/aero/Library/Developer/Xcode/DerivedData/ClariFi_iOS-gmrlhvqnuqrbwdaistjzehzlpfwz/Build/Intermediates.noindex/ClariFi\ iOS.build/Debug-iphonesimulator/ClariFi\ iOS.build/Objects-normal/arm64/ClariFi_iOS-Swift.h -working-directory /Users/mayenikhalo/Public/From\ aEroPartition/Dev/ClariFi\ iOS -experimental-emit-module-separately -disable-cmo

Ld /Users/aero/Library/Developer/Xcode/DerivedData/ClariFi_iOS-gmrlhvqnuqrbwdaistjzehzlpfwz/Build/Intermediates.noindex/ClariFi\ iOS.build/Debug-iphonesimulator/ClariFi\ iOS.build/Objects-normal/arm64/Binary/ClariFi\ iOS.debug.dylib normal arm64 (in target 'ClariFi iOS' from project 'ClariFi iOS')
    cd /Users/mayenikhalo/Public/From\ aEroPartition/Dev/ClariFi\ iOS
    /Applications/Xcode.app/Contents/Developer/Toolchains/XcodeDefault.xctoolchain/usr/bin/clang -Xlinker -reproducible -target arm64-apple-ios18.5-simulator -dynamiclib -isysroot /Applications/Xcode.app/Contents/Developer/Platforms/iPhoneSimulator.platform/Developer/SDKs/iPhoneSimulator26.0.sdk -O0 -L/Users/aero/Library/Developer/Xcode/DerivedData/ClariFi_iOS-gmrlhvqnuqrbwdaistjzehzlpfwz/Build/Intermediates.noindex/EagerLinkingTBDs/Debug-iphonesimulator -L/Users/aero/Library/Developer/Xcode/DerivedData/ClariFi_iOS-gmrlhvqnuqrbwdaistjzehzlpfwz/Build/Products/Debug-iphonesimulator -F/Users/aero/Library/Developer/Xcode/DerivedData/ClariFi_iOS-gmrlhvqnuqrbwdaistjzehzlpfwz/Build/Intermediates.noindex/EagerLinkingTBDs/Debug-iphonesimulator -F/Users/aero/Library/Developer/Xcode/DerivedData/ClariFi_iOS-gmrlhvqnuqrbwdaistjzehzlpfwz/Build/Products/Debug-iphonesimulator/PackageFrameworks -F/Users/aero/Library/Developer/Xcode/DerivedData/ClariFi_iOS-gmrlhvqnuqrbwdaistjzehzlpfwz/Build/Products/Debug-iphonesimulator/PackageFrameworks -F/Users/aero/Library/Developer/Xcode/DerivedData/ClariFi_iOS-gmrlhvqnuqrbwdaistjzehzlpfwz/Build/Products/Debug-iphonesimulator/PackageFrameworks -F/Users/aero/Library/Developer/Xcode/DerivedData/ClariFi_iOS-gmrlhvqnuqrbwdaistjzehzlpfwz/Build/Products/Debug-iphonesimulator/PackageFrameworks -F/Users/aero/Library/Developer/Xcode/DerivedData/ClariFi_iOS-gmrlhvqnuqrbwdaistjzehzlpfwz/Build/Products/Debug-iphonesimulator/PackageFrameworks -F/Users/aero/Library/Developer/Xcode/DerivedData/ClariFi_iOS-gmrlhvqnuqrbwdaistjzehzlpfwz/Build/Products/Debug-iphonesimulator/PackageFrameworks -F/Users/aero/Library/Developer/Xcode/DerivedData/ClariFi_iOS-gmrlhvqnuqrbwdaistjzehzlpfwz/Build/Products/Debug-iphonesimulator/PackageFrameworks -F/Users/aero/Library/Developer/Xcode/DerivedData/ClariFi_iOS-gmrlhvqnuqrbwdaistjzehzlpfwz/Build/Products/Debug-iphonesimulator/PackageFrameworks -F/Users/aero/Library/Developer/Xcode/DerivedData/ClariFi_iOS-gmrlhvqnuqrbwdaistjzehzlpfwz/Build/Products/Debug-iphonesimulator/PackageFrameworks -F/Users/aero/Library/Developer/Xcode/DerivedData/ClariFi_iOS-gmrlhvqnuqrbwdaistjzehzlpfwz/Build/Products/Debug-iphonesimulator/PackageFrameworks -F/Users/aero/Library/Developer/Xcode/DerivedData/ClariFi_iOS-gmrlhvqnuqrbwdaistjzehzlpfwz/Build/Products/Debug-iphonesimulator/PackageFrameworks -F/Users/aero/Library/Developer/Xcode/DerivedData/ClariFi_iOS-gmrlhvqnuqrbwdaistjzehzlpfwz/Build/Products/Debug-iphonesimulator/PackageFrameworks -F/Users/aero/Library/Developer/Xcode/DerivedData/ClariFi_iOS-gmrlhvqnuqrbwdaistjzehzlpfwz/Build/Products/Debug-iphonesimulator/PackageFrameworks -F/Users/aero/Library/Developer/Xcode/DerivedData/ClariFi_iOS-gmrlhvqnuqrbwdaistjzehzlpfwz/Build/Products/Debug-iphonesimulator/PackageFrameworks -F/Users/aero/Library/Developer/Xcode/DerivedData/ClariFi_iOS-gmrlhvqnuqrbwdaistjzehzlpfwz/Build/Products/Debug-iphonesimulator -filelist /Users/aero/Library/Developer/Xcode/DerivedData/ClariFi_iOS-gmrlhvqnuqrbwdaistjzehzlpfwz/Build/Intermediates.noindex/ClariFi\ iOS.build/Debug-iphonesimulator/ClariFi\ iOS.build/Objects-normal/arm64/ClariFi\ iOS.LinkFileList -install_name @rpath/ClariFi\ iOS.debug.dylib -Xlinker -rpath -Xlinker /usr/lib/swift -Xlinker -rpath -Xlinker /Users/aero/Library/Developer/Xcode/DerivedData/ClariFi_iOS-gmrlhvqnuqrbwdaistjzehzlpfwz/Build/Products/Debug-iphonesimulator/PackageFrameworks -Xlinker -rpath -Xlinker @executable_path/Frameworks -dead_strip -Xlinker -object_path_lto -Xlinker /Users/aero/Library/Developer/Xcode/DerivedData/ClariFi_iOS-gmrlhvqnuqrbwdaistjzehzlpfwz/Build/Intermediates.noindex/ClariFi\ iOS.build/Debug-iphonesimulator/ClariFi\ iOS.build/Objects-normal/arm64/ClariFi\ iOS_lto.o -rdynamic -Xlinker -no_deduplicate -Xlinker -objc_abi_version -Xlinker 2 -Xlinker -debug_variant -Xlinker -dependency_info -Xlinker /Users/aero/Library/Developer/Xcode/DerivedData/ClariFi_iOS-gmrlhvqnuqrbwdaistjzehzlpfwz/Build/Intermediates.noindex/ClariFi\ iOS.build/Debug-iphonesimulator/ClariFi\ iOS.build/Objects-normal/arm64/ClariFi\ iOS_dependency_info.dat -fobjc-link-runtime -fprofile-instr-generate -L/Applications/Xcode.app/Contents/Developer/Toolchains/XcodeDefault.xctoolchain/usr/lib/swift/iphonesimulator -L/usr/lib/swift -Xlinker -add_ast_path -Xlinker /Users/aero/Library/Developer/Xcode/DerivedData/ClariFi_iOS-gmrlhvqnuqrbwdaistjzehzlpfwz/Build/Intermediates.noindex/ClariFi\ iOS.build/Debug-iphonesimulator/ClariFi\ iOS.build/Objects-normal/arm64/ClariFi_iOS.swiftmodule @/Users/aero/Library/Developer/Xcode/DerivedData/ClariFi_iOS-gmrlhvqnuqrbwdaistjzehzlpfwz/Build/Intermediates.noindex/ClariFi\ iOS.build/Debug-iphonesimulator/ClariFi\ iOS.build/Objects-normal/arm64/ClariFi_iOS-linker-args.resp -Wl,-no_warn_duplicate_libraries -Wl,-no_warn_duplicate_libraries -Wl,-no_warn_duplicate_libraries -Wl,-no_warn_duplicate_libraries -Wl,-no_warn_duplicate_libraries -Wl,-no_warn_duplicate_libraries -Wl,-no_warn_duplicate_libraries -Wl,-no_warn_duplicate_libraries -Wl,-no_warn_duplicate_libraries -Wl,-no_warn_duplicate_libraries -Wl,-no_warn_duplicate_libraries -Wl,-no_warn_duplicate_libraries -Wl,-no_warn_duplicate_libraries -Wl,-no_warn_duplicate_libraries -Xlinker -alias -Xlinker _main -Xlinker ___debug_main_executable_dylib_entry_point -Xlinker -no_adhoc_codesign -o /Users/aero/Library/Developer/Xcode/DerivedData/ClariFi_iOS-gmrlhvqnuqrbwdaistjzehzlpfwz/Build/Intermediates.noindex/ClariFi\ iOS.build/Debug-iphonesimulator/ClariFi\ iOS.build/Objects-normal/arm64/Binary/ClariFi\ iOS.debug.dylib -Xlinker -add_ast_path -Xlinker /Users/aero/Library/Developer/Xcode/DerivedData/ClariFi_iOS-gmrlhvqnuqrbwdaistjzehzlpfwz/Build/Intermediates.noindex/Supabase.build/Debug-iphonesimulator/Supabase.build/Objects-normal/arm64/Supabase.swiftmodule @/Users/aero/Library/Developer/Xcode/DerivedData/ClariFi_iOS-gmrlhvqnuqrbwdaistjzehzlpfwz/Build/Intermediates.noindex/Supabase.build/Debug-iphonesimulator/Supabase.build/Objects-normal/arm64/Supabase-linker-args.resp -Xlinker -add_ast_path -Xlinker /Users/aero/Library/Developer/Xcode/DerivedData/ClariFi_iOS-gmrlhvqnuqrbwdaistjzehzlpfwz/Build/Intermediates.noindex/Supabase.build/Debug-iphonesimulator/Functions.build/Objects-normal/arm64/Functions.swiftmodule @/Users/aero/Library/Developer/Xcode/DerivedData/ClariFi_iOS-gmrlhvqnuqrbwdaistjzehzlpfwz/Build/Intermediates.noindex/Supabase.build/Debug-iphonesimulator/Functions.build/Objects-normal/arm64/Functions-linker-args.resp -Xlinker -add_ast_path -Xlinker /Users/aero/Library/Developer/Xcode/DerivedData/ClariFi_iOS-gmrlhvqnuqrbwdaistjzehzlpfwz/Build/Intermediates.noindex/Supabase.build/Debug-iphonesimulator/PostgREST.build/Objects-normal/arm64/PostgREST.swiftmodule @/Users/aero/Library/Developer/Xcode/DerivedData/ClariFi_iOS-gmrlhvqnuqrbwdaistjzehzlpfwz/Build/Intermediates.noindex/Supabase.build/Debug-iphonesimulator/PostgREST.build/Objects-normal/arm64/PostgREST-linker-args.resp -Xlinker -add_ast_path -Xlinker /Users/aero/Library/Developer/Xcode/DerivedData/ClariFi_iOS-gmrlhvqnuqrbwdaistjzehzlpfwz/Build/Intermediates.noindex/Supabase.build/Debug-iphonesimulator/Auth.build/Objects-normal/arm64/Auth.swiftmodule @/Users/aero/Library/Developer/Xcode/DerivedData/ClariFi_iOS-gmrlhvqnuqrbwdaistjzehzlpfwz/Build/Intermediates.noindex/Supabase.build/Debug-iphonesimulator/Auth.build/Objects-normal/arm64/Auth-linker-args.resp -Xlinker -add_ast_path -Xlinker /Users/aero/Library/Developer/Xcode/DerivedData/ClariFi_iOS-gmrlhvqnuqrbwdaistjzehzlpfwz/Build/Intermediates.noindex/Supabase.build/Debug-iphonesimulator/Realtime.build/Objects-normal/arm64/Realtime.swiftmodule @/Users/aero/Library/Developer/Xcode/DerivedData/ClariFi_iOS-gmrlhvqnuqrbwdaistjzehzlpfwz/Build/Intermediates.noindex/Supabase.build/Debug-iphonesimulator/Realtime.build/Objects-normal/arm64/Realtime-linker-args.resp -Xlinker -add_ast_path -Xlinker /Users/aero/Library/Developer/Xcode/DerivedData/ClariFi_iOS-gmrlhvqnuqrbwdaistjzehzlpfwz/Build/Intermediates.noindex/Supabase.build/Debug-iphonesimulator/Storage.build/Objects-normal/arm64/Storage.swiftmodule @/Users/aero/Library/Developer/Xcode/DerivedData/ClariFi_iOS-gmrlhvqnuqrbwdaistjzehzlpfwz/Build/Intermediates.noindex/Supabase.build/Debug-iphonesimulator/Storage.build/Objects-normal/arm64/Storage-linker-args.resp -Xlinker -add_ast_path -Xlinker /Users/aero/Library/Developer/Xcode/DerivedData/ClariFi_iOS-gmrlhvqnuqrbwdaistjzehzlpfwz/Build/Intermediates.noindex/swift-concurrency-extras.build/Debug-iphonesimulator/ConcurrencyExtras.build/Objects-normal/arm64/ConcurrencyExtras.swiftmodule @/Users/aero/Library/Developer/Xcode/DerivedData/ClariFi_iOS-gmrlhvqnuqrbwdaistjzehzlpfwz/Build/Intermediates.noindex/swift-concurrency-extras.build/Debug-iphonesimulator/ConcurrencyExtras.build/Objects-normal/arm64/ConcurrencyExtras-linker-args.resp -Xlinker -add_ast_path -Xlinker /Users/aero/Library/Developer/Xcode/DerivedData/ClariFi_iOS-gmrlhvqnuqrbwdaistjzehzlpfwz/Build/Intermediates.noindex/swift-http-types.build/Debug-iphonesimulator/HTTPTypes.build/Objects-normal/arm64/HTTPTypes.swiftmodule @/Users/aero/Library/Developer/Xcode/DerivedData/ClariFi_iOS-gmrlhvqnuqrbwdaistjzehzlpfwz/Build/Intermediates.noindex/swift-http-types.build/Debug-iphonesimulator/HTTPTypes.build/Objects-normal/arm64/HTTPTypes-linker-args.resp -Xlinker -add_ast_path -Xlinker /Users/aero/Library/Developer/Xcode/DerivedData/ClariFi_iOS-gmrlhvqnuqrbwdaistjzehzlpfwz/Build/Intermediates.noindex/swift-clocks.build/Debug-iphonesimulator/Clocks.build/Objects-normal/arm64/Clocks.swiftmodule @/Users/aero/Library/Developer/Xcode/DerivedData/ClariFi_iOS-gmrlhvqnuqrbwdaistjzehzlpfwz/Build/Intermediates.noindex/swift-clocks.build/Debug-iphonesimulator/Clocks.build/Objects-normal/arm64/Clocks-linker-args.resp -Xlinker -add_ast_path -Xlinker /Users/aero/Library/Developer/Xcode/DerivedData/ClariFi_iOS-gmrlhvqnuqrbwdaistjzehzlpfwz/Build/Intermediates.noindex/xctest-dynamic-overlay.build/Debug-iphonesimulator/IssueReporting.build/Objects-normal/arm64/IssueReporting.swiftmodule @/Users/aero/Library/Developer/Xcode/DerivedData/ClariFi_iOS-gmrlhvqnuqrbwdaistjzehzlpfwz/Build/Intermediates.noindex/xctest-dynamic-overlay.build/Debug-iphonesimulator/IssueReporting.build/Objects-normal/arm64/IssueReporting-linker-args.resp -Xlinker -add_ast_path -Xlinker /Users/aero/Library/Developer/Xcode/DerivedData/ClariFi_iOS-gmrlhvqnuqrbwdaistjzehzlpfwz/Build/Intermediates.noindex/xctest-dynamic-overlay.build/Debug-iphonesimulator/IssueReportingPackageSupport.build/Objects-normal/arm64/IssueReportingPackageSupport.swiftmodule @/Users/aero/Library/Developer/Xcode/DerivedData/ClariFi_iOS-gmrlhvqnuqrbwdaistjzehzlpfwz/Build/Intermediates.noindex/xctest-dynamic-overlay.build/Debug-iphonesimulator/IssueReportingPackageSupport.build/Objects-normal/arm64/IssueReportingPackageSupport-linker-args.resp -Xlinker -add_ast_path -Xlinker /Users/aero/Library/Developer/Xcode/DerivedData/ClariFi_iOS-gmrlhvqnuqrbwdaistjzehzlpfwz/Build/Intermediates.noindex/xctest-dynamic-overlay.build/Debug-iphonesimulator/XCTestDynamicOverlay.build/Objects-normal/arm64/XCTestDynamicOverlay.swiftmodule @/Users/aero/Library/Developer/Xcode/DerivedData/ClariFi_iOS-gmrlhvqnuqrbwdaistjzehzlpfwz/Build/Intermediates.noindex/xctest-dynamic-overlay.build/Debug-iphonesimulator/XCTestDynamicOverlay.build/Objects-normal/arm64/XCTestDynamicOverlay-linker-args.resp -Xlinker -add_ast_path -Xlinker /Users/aero/Library/Developer/Xcode/DerivedData/ClariFi_iOS-gmrlhvqnuqrbwdaistjzehzlpfwz/Build/Intermediates.noindex/Supabase.build/Debug-iphonesimulator/Helpers.build/Objects-normal/arm64/Helpers.swiftmodule @/Users/aero/Library/Developer/Xcode/DerivedData/ClariFi_iOS-gmrlhvqnuqrbwdaistjzehzlpfwz/Build/Intermediates.noindex/Supabase.build/Debug-iphonesimulator/Helpers.build/Objects-normal/arm64/Helpers-linker-args.resp -Xlinker -add_ast_path -Xlinker /Users/aero/Library/Developer/Xcode/DerivedData/ClariFi_iOS-gmrlhvqnuqrbwdaistjzehzlpfwz/Build/Intermediates.noindex/swift-crypto.build/Debug-iphonesimulator/Crypto.build/Objects-normal/arm64/Crypto.swiftmodule @/Users/aero/Library/Developer/Xcode/DerivedData/ClariFi_iOS-gmrlhvqnuqrbwdaistjzehzlpfwz/Build/Intermediates.noindex/swift-crypto.build/Debug-iphonesimulator/Crypto.build/Objects-normal/arm64/Crypto-linker-args.resp

SwiftDriverJobDiscovery normal x86_64 Compiling AccountSetupView.swift, ActivityView.swift, AnalyticsSettingsView.swift, BatchCategorizationView.swift, BiometricSettingsView.swift, BudgetCreationView.swift, BudgetView.swift, CashflowForecastView.swift, CategorizationRulesView.swift, CurrencySettingsView.swift, ErrorView.swift, HelpSupportView.swift, HelpView.swift, HomeView.swift, InsightDetailView.swift, InsightsView.swift, LiquidGlassCard.swift, MainTabView.swift, OnboardingView.swift, PaywallView.swift (in target 'ClariFi iOS' from project 'ClariFi iOS')

ConstructStubExecutorLinkFileList /Users/aero/Library/Developer/Xcode/DerivedData/ClariFi_iOS-gmrlhvqnuqrbwdaistjzehzlpfwz/Build/Intermediates.noindex/ClariFi\ iOS.build/Debug-iphonesimulator/ClariFi\ iOS.build/ClariFi\ iOS-ExecutorLinkFileList-normal-arm64.txt (in target 'ClariFi iOS' from project 'ClariFi iOS')
    cd /Users/mayenikhalo/Public/From\ aEroPartition/Dev/ClariFi\ iOS
    construct-stub-executor-link-file-list /Users/aero/Library/Developer/Xcode/DerivedData/ClariFi_iOS-gmrlhvqnuqrbwdaistjzehzlpfwz/Build/Intermediates.noindex/ClariFi\ iOS.build/Debug-iphonesimulator/ClariFi\ iOS.build/Objects-normal/arm64/Binary/ClariFi\ iOS.debug.dylib /Applications/Xcode.app/Contents/Developer/Platforms/iPhoneSimulator.platform/Developer/usr/lib/libPreviewsJITStubExecutor_no_swift_entry_point.a /Applications/Xcode.app/Contents/Developer/Platforms/iPhoneSimulator.platform/Developer/usr/lib/libPreviewsJITStubExecutor.a --output /Users/aero/Library/Developer/Xcode/DerivedData/ClariFi_iOS-gmrlhvqnuqrbwdaistjzehzlpfwz/Build/Intermediates.noindex/ClariFi\ iOS.build/Debug-iphonesimulator/ClariFi\ iOS.build/ClariFi\ iOS-ExecutorLinkFileList-normal-arm64.txt
note: Using stub executor library with Swift entry point. (in target 'ClariFi iOS' from project 'ClariFi iOS')

Ld /Users/aero/Library/Developer/Xcode/DerivedData/ClariFi_iOS-gmrlhvqnuqrbwdaistjzehzlpfwz/Build/Intermediates.noindex/ClariFi\ iOS.build/Debug-iphonesimulator/ClariFi\ iOS.build/Objects-normal/arm64/Binary/ClariFi\ iOS normal arm64 (in target 'ClariFi iOS' from project 'ClariFi iOS')
    cd /Users/mayenikhalo/Public/From\ aEroPartition/Dev/ClariFi\ iOS
    /Applications/Xcode.app/Contents/Developer/Toolchains/XcodeDefault.xctoolchain/usr/bin/clang -Xlinker -reproducible -target arm64-apple-ios18.5-simulator -isysroot /Applications/Xcode.app/Contents/Developer/Platforms/iPhoneSimulator.platform/Developer/SDKs/iPhoneSimulator26.0.sdk -O0 -L/Users/aero/Library/Developer/Xcode/DerivedData/ClariFi_iOS-gmrlhvqnuqrbwdaistjzehzlpfwz/Build/Products/Debug-iphonesimulator -F/Users/aero/Library/Developer/Xcode/DerivedData/ClariFi_iOS-gmrlhvqnuqrbwdaistjzehzlpfwz/Build/Products/Debug-iphonesimulator/PackageFrameworks -F/Users/aero/Library/Developer/Xcode/DerivedData/ClariFi_iOS-gmrlhvqnuqrbwdaistjzehzlpfwz/Build/Products/Debug-iphonesimulator/PackageFrameworks -F/Users/aero/Library/Developer/Xcode/DerivedData/ClariFi_iOS-gmrlhvqnuqrbwdaistjzehzlpfwz/Build/Products/Debug-iphonesimulator/PackageFrameworks -F/Users/aero/Library/Developer/Xcode/DerivedData/ClariFi_iOS-gmrlhvqnuqrbwdaistjzehzlpfwz/Build/Products/Debug-iphonesimulator/PackageFrameworks -F/Users/aero/Library/Developer/Xcode/DerivedData/ClariFi_iOS-gmrlhvqnuqrbwdaistjzehzlpfwz/Build/Products/Debug-iphonesimulator/PackageFrameworks -F/Users/aero/Library/Developer/Xcode/DerivedData/ClariFi_iOS-gmrlhvqnuqrbwdaistjzehzlpfwz/Build/Products/Debug-iphonesimulator/PackageFrameworks -F/Users/aero/Library/Developer/Xcode/DerivedData/ClariFi_iOS-gmrlhvqnuqrbwdaistjzehzlpfwz/Build/Products/Debug-iphonesimulator/PackageFrameworks -F/Users/aero/Library/Developer/Xcode/DerivedData/ClariFi_iOS-gmrlhvqnuqrbwdaistjzehzlpfwz/Build/Products/Debug-iphonesimulator/PackageFrameworks -F/Users/aero/Library/Developer/Xcode/DerivedData/ClariFi_iOS-gmrlhvqnuqrbwdaistjzehzlpfwz/Build/Products/Debug-iphonesimulator/PackageFrameworks -F/Users/aero/Library/Developer/Xcode/DerivedData/ClariFi_iOS-gmrlhvqnuqrbwdaistjzehzlpfwz/Build/Products/Debug-iphonesimulator/PackageFrameworks -F/Users/aero/Library/Developer/Xcode/DerivedData/ClariFi_iOS-gmrlhvqnuqrbwdaistjzehzlpfwz/Build/Products/Debug-iphonesimulator/PackageFrameworks -F/Users/aero/Library/Developer/Xcode/DerivedData/ClariFi_iOS-gmrlhvqnuqrbwdaistjzehzlpfwz/Build/Products/Debug-iphonesimulator/PackageFrameworks -F/Users/aero/Library/Developer/Xcode/DerivedData/ClariFi_iOS-gmrlhvqnuqrbwdaistjzehzlpfwz/Build/Products/Debug-iphonesimulator/PackageFrameworks -F/Users/aero/Library/Developer/Xcode/DerivedData/ClariFi_iOS-gmrlhvqnuqrbwdaistjzehzlpfwz/Build/Products/Debug-iphonesimulator/PackageFrameworks -F/Users/aero/Library/Developer/Xcode/DerivedData/ClariFi_iOS-gmrlhvqnuqrbwdaistjzehzlpfwz/Build/Products/Debug-iphonesimulator -Xlinker -rpath -Xlinker @executable_path -Xlinker -rpath -Xlinker /Users/aero/Library/Developer/Xcode/DerivedData/ClariFi_iOS-gmrlhvqnuqrbwdaistjzehzlpfwz/Build/Products/Debug-iphonesimulator/PackageFrameworks -Xlinker -rpath -Xlinker @executable_path/Frameworks -rdynamic -Xlinker -no_deduplicate -Xlinker -objc_abi_version -Xlinker 2 -Xlinker -debug_variant -e ___debug_blank_executor_main -Xlinker -sectcreate -Xlinker __TEXT -Xlinker __debug_dylib -Xlinker /Users/aero/Library/Developer/Xcode/DerivedData/ClariFi_iOS-gmrlhvqnuqrbwdaistjzehzlpfwz/Build/Intermediates.noindex/ClariFi\ iOS.build/Debug-iphonesimulator/ClariFi\ iOS.build/ClariFi\ iOS-DebugDylibPath-normal-arm64.txt -Xlinker -sectcreate -Xlinker __TEXT -Xlinker __debug_instlnm -Xlinker /Users/aero/Library/Developer/Xcode/DerivedData/ClariFi_iOS-gmrlhvqnuqrbwdaistjzehzlpfwz/Build/Intermediates.noindex/ClariFi\ iOS.build/Debug-iphonesimulator/ClariFi\ iOS.build/ClariFi\ iOS-DebugDylibInstallName-normal-arm64.txt -Xlinker -filelist -Xlinker /Users/aero/Library/Developer/Xcode/DerivedData/ClariFi_iOS-gmrlhvqnuqrbwdaistjzehzlpfwz/Build/Intermediates.noindex/ClariFi\ iOS.build/Debug-iphonesimulator/ClariFi\ iOS.build/ClariFi\ iOS-ExecutorLinkFileList-normal-arm64.txt -Xlinker -sectcreate -Xlinker __TEXT -Xlinker __entitlements -Xlinker /Users/aero/Library/Developer/Xcode/DerivedData/ClariFi_iOS-gmrlhvqnuqrbwdaistjzehzlpfwz/Build/Intermediates.noindex/ClariFi\ iOS.build/Debug-iphonesimulator/ClariFi\ iOS.build/ClariFi\ iOS.app-Simulated.xcent -Xlinker -sectcreate -Xlinker __TEXT -Xlinker __ents_der -Xlinker /Users/aero/Library/Developer/Xcode/DerivedData/ClariFi_iOS-gmrlhvqnuqrbwdaistjzehzlpfwz/Build/Intermediates.noindex/ClariFi\ iOS.build/Debug-iphonesimulator/ClariFi\ iOS.build/ClariFi\ iOS.app-Simulated.xcent.der /Users/aero/Library/Developer/Xcode/DerivedData/ClariFi_iOS-gmrlhvqnuqrbwdaistjzehzlpfwz/Build/Intermediates.noindex/ClariFi\ iOS.build/Debug-iphonesimulator/ClariFi\ iOS.build/Objects-normal/arm64/Binary/ClariFi\ iOS.debug.dylib -Xlinker -no_adhoc_codesign -o /Users/aero/Library/Developer/Xcode/DerivedData/ClariFi_iOS-gmrlhvqnuqrbwdaistjzehzlpfwz/Build/Intermediates.noindex/ClariFi\ iOS.build/Debug-iphonesimulator/ClariFi\ iOS.build/Objects-normal/arm64/Binary/ClariFi\ iOS

SwiftDriverJobDiscovery normal x86_64 Compiling PlanningView.swift, PremiumInsightsView.swift, PrivacyDashboardView.swift, RecurringTransactionSetupView.swift, RecurringTransactionsListView.swift, ScenarioPlanningView.swift, SecurityAuditView.swift, StatementUploadView.swift, SuccessView.swift, TransactionDetailView.swift, TransactionEditView.swift, TransactionEntryView.swift, TransactionReviewView.swift, TransactionRowView.swift, TransactionsListView.swift, ClariFiWidget.swift, ClariFi_iOSApp.swift, Configuration.swift, ContentView.swift, Persistence.swift (in target 'ClariFi iOS' from project 'ClariFi iOS')

SwiftDriver\ Compilation ClariFi\ iOS normal x86_64 com.apple.xcode.tools.swift.compiler (in target 'ClariFi iOS' from project 'ClariFi iOS')
    cd /Users/mayenikhalo/Public/From\ aEroPartition/Dev/ClariFi\ iOS
    builtin-Swift-Compilation -- /Applications/Xcode.app/Contents/Developer/Toolchains/XcodeDefault.xctoolchain/usr/bin/swiftc -module-name ClariFi_iOS -Onone -enforce-exclusivity\=checked @/Users/aero/Library/Developer/Xcode/DerivedData/ClariFi_iOS-gmrlhvqnuqrbwdaistjzehzlpfwz/Build/Intermediates.noindex/ClariFi\ iOS.build/Debug-iphonesimulator/ClariFi\ iOS.build/Objects-normal/x86_64/ClariFi\ iOS.SwiftFileList -DDEBUG -enable-bare-slash-regex -enable-experimental-feature DebugDescriptionMacro -sdk /Applications/Xcode.app/Contents/Developer/Platforms/iPhoneSimulator.platform/Developer/SDKs/iPhoneSimulator26.0.sdk -target x86_64-apple-ios18.5-simulator -g -module-cache-path /Users/aero/Library/Developer/Xcode/DerivedData/ModuleCache.noindex -Xfrontend -serialize-debugging-options -profile-coverage-mapping -profile-generate -enable-testing -index-store-path /Users/aero/Library/Developer/Xcode/DerivedData/ClariFi_iOS-gmrlhvqnuqrbwdaistjzehzlpfwz/Index.noindex/DataStore -Xcc -D_LIBCPP_HARDENING_MODE\=_LIBCPP_HARDENING_MODE_DEBUG -swift-version 5 -I /Users/aero/Library/Developer/Xcode/DerivedData/ClariFi_iOS-gmrlhvqnuqrbwdaistjzehzlpfwz/Build/Products/Debug-iphonesimulator -F /Users/aero/Library/Developer/Xcode/DerivedData/ClariFi_iOS-gmrlhvqnuqrbwdaistjzehzlpfwz/Build/Products/Debug-iphonesimulator/PackageFrameworks -F /Users/aero/Library/Developer/Xcode/DerivedData/ClariFi_iOS-gmrlhvqnuqrbwdaistjzehzlpfwz/Build/Products/Debug-iphonesimulator/PackageFrameworks -F /Users/aero/Library/Developer/Xcode/DerivedData/ClariFi_iOS-gmrlhvqnuqrbwdaistjzehzlpfwz/Build/Products/Debug-iphonesimulator/PackageFrameworks -F /Users/aero/Library/Developer/Xcode/DerivedData/ClariFi_iOS-gmrlhvqnuqrbwdaistjzehzlpfwz/Build/Products/Debug-iphonesimulator/PackageFrameworks -F /Users/aero/Library/Developer/Xcode/DerivedData/ClariFi_iOS-gmrlhvqnuqrbwdaistjzehzlpfwz/Build/Products/Debug-iphonesimulator/PackageFrameworks -F /Users/aero/Library/Developer/Xcode/DerivedData/ClariFi_iOS-gmrlhvqnuqrbwdaistjzehzlpfwz/Build/Products/Debug-iphonesimulator/PackageFrameworks -F /Users/aero/Library/Developer/Xcode/DerivedData/ClariFi_iOS-gmrlhvqnuqrbwdaistjzehzlpfwz/Build/Products/Debug-iphonesimulator/PackageFrameworks -F /Users/aero/Library/Developer/Xcode/DerivedData/ClariFi_iOS-gmrlhvqnuqrbwdaistjzehzlpfwz/Build/Products/Debug-iphonesimulator/PackageFrameworks -F /Users/aero/Library/Developer/Xcode/DerivedData/ClariFi_iOS-gmrlhvqnuqrbwdaistjzehzlpfwz/Build/Products/Debug-iphonesimulator/PackageFrameworks -F /Users/aero/Library/Developer/Xcode/DerivedData/ClariFi_iOS-gmrlhvqnuqrbwdaistjzehzlpfwz/Build/Products/Debug-iphonesimulator/PackageFrameworks -F /Users/aero/Library/Developer/Xcode/DerivedData/ClariFi_iOS-gmrlhvqnuqrbwdaistjzehzlpfwz/Build/Products/Debug-iphonesimulator/PackageFrameworks -F /Users/aero/Library/Developer/Xcode/DerivedData/ClariFi_iOS-gmrlhvqnuqrbwdaistjzehzlpfwz/Build/Products/Debug-iphonesimulator/PackageFrameworks -F /Users/aero/Library/Developer/Xcode/DerivedData/ClariFi_iOS-gmrlhvqnuqrbwdaistjzehzlpfwz/Build/Products/Debug-iphonesimulator/PackageFrameworks -F /Users/aero/Library/Developer/Xcode/DerivedData/ClariFi_iOS-gmrlhvqnuqrbwdaistjzehzlpfwz/Build/Products/Debug-iphonesimulator/PackageFrameworks -F /Users/aero/Library/Developer/Xcode/DerivedData/ClariFi_iOS-gmrlhvqnuqrbwdaistjzehzlpfwz/Build/Products/Debug-iphonesimulator -emit-localized-strings -emit-localized-strings-path /Users/aero/Library/Developer/Xcode/DerivedData/ClariFi_iOS-gmrlhvqnuqrbwdaistjzehzlpfwz/Build/Intermediates.noindex/ClariFi\ iOS.build/Debug-iphonesimulator/ClariFi\ iOS.build/Objects-normal/x86_64 -c -j8 -enable-batch-mode -incremental -Xcc -ivfsstatcache -Xcc /Users/aero/Library/Developer/Xcode/DerivedData/SDKStatCaches.noindex/iphonesimulator26.0-23A339-26257891a6c027eb51374368541b8346.sdkstatcache -output-file-map /Users/aero/Library/Developer/Xcode/DerivedData/ClariFi_iOS-gmrlhvqnuqrbwdaistjzehzlpfwz/Build/Intermediates.noindex/ClariFi\ iOS.build/Debug-iphonesimulator/ClariFi\ iOS.build/Objects-normal/x86_64/ClariFi\ iOS-OutputFileMap.json -use-frontend-parseable-output -save-temps -no-color-diagnostics -explicit-module-build -module-cache-path /Users/aero/Library/Developer/Xcode/DerivedData/ClariFi_iOS-gmrlhvqnuqrbwdaistjzehzlpfwz/Build/Intermediates.noindex/SwiftExplicitPrecompiledModules -clang-scanner-module-cache-path /Users/aero/Library/Developer/Xcode/DerivedData/ModuleCache.noindex -sdk-module-cache-path /Users/aero/Library/Developer/Xcode/DerivedData/ModuleCache.noindex -serialize-diagnostics -emit-dependencies -emit-module -emit-module-path /Users/aero/Library/Developer/Xcode/DerivedData/ClariFi_iOS-gmrlhvqnuqrbwdaistjzehzlpfwz/Build/Intermediates.noindex/ClariFi\ iOS.build/Debug-iphonesimulator/ClariFi\ iOS.build/Objects-normal/x86_64/ClariFi_iOS.swiftmodule -validate-clang-modules-once -clang-build-session-file /Users/aero/Library/Developer/Xcode/DerivedData/ModuleCache.noindex/Session.modulevalidation -Xcc -I/Users/aero/Library/Developer/Xcode/DerivedData/ClariFi_iOS-gmrlhvqnuqrbwdaistjzehzlpfwz/Build/Intermediates.noindex/ClariFi\ iOS.build/Debug-iphonesimulator/ClariFi\ iOS.build/swift-overrides.hmap -emit-const-values -Xfrontend -const-gather-protocols-file -Xfrontend /Users/aero/Library/Developer/Xcode/DerivedData/ClariFi_iOS-gmrlhvqnuqrbwdaistjzehzlpfwz/Build/Intermediates.noindex/ClariFi\ iOS.build/Debug-iphonesimulator/ClariFi\ iOS.build/Objects-normal/x86_64/ClariFi\ iOS_const_extract_protocols.json -Xcc -iquote -Xcc /Users/aero/Library/Developer/Xcode/DerivedData/ClariFi_iOS-gmrlhvqnuqrbwdaistjzehzlpfwz/Build/Intermediates.noindex/ClariFi\ iOS.build/Debug-iphonesimulator/ClariFi\ iOS.build/ClariFi\ iOS-generated-files.hmap -Xcc -I/Users/aero/Library/Developer/Xcode/DerivedData/ClariFi_iOS-gmrlhvqnuqrbwdaistjzehzlpfwz/Build/Intermediates.noindex/ClariFi\ iOS.build/Debug-iphonesimulator/ClariFi\ iOS.build/ClariFi\ iOS-own-target-headers.hmap -Xcc -I/Users/aero/Library/Developer/Xcode/DerivedData/ClariFi_iOS-gmrlhvqnuqrbwdaistjzehzlpfwz/Build/Intermediates.noindex/ClariFi\ iOS.build/Debug-iphonesimulator/ClariFi\ iOS.build/ClariFi\ iOS-all-non-framework-target-headers.hmap -Xcc -ivfsoverlay -Xcc /Users/aero/Library/Developer/Xcode/DerivedData/ClariFi_iOS-gmrlhvqnuqrbwdaistjzehzlpfwz/Build/Intermediates.noindex/ClariFi\ iOS.build/Debug-iphonesimulator/ClariFi\ iOS-73d971fc02cd0c099b48ec6e4c7f6243-VFS-iphonesimulator/all-product-headers.yaml -Xcc -iquote -Xcc /Users/aero/Library/Developer/Xcode/DerivedData/ClariFi_iOS-gmrlhvqnuqrbwdaistjzehzlpfwz/Build/Intermediates.noindex/ClariFi\ iOS.build/Debug-iphonesimulator/ClariFi\ iOS.build/ClariFi\ iOS-project-headers.hmap -Xcc -I/Users/aero/Library/Developer/Xcode/DerivedData/ClariFi_iOS-gmrlhvqnuqrbwdaistjzehzlpfwz/Build/Products/Debug-iphonesimulator/include -Xcc -I/Users/aero/Library/Developer/Xcode/DerivedData/ClariFi_iOS-gmrlhvqnuqrbwdaistjzehzlpfwz/Build/Intermediates.noindex/ClariFi\ iOS.build/Debug-iphonesimulator/ClariFi\ iOS.build/DerivedSources-normal/x86_64 -Xcc -I/Users/aero/Library/Developer/Xcode/DerivedData/ClariFi_iOS-gmrlhvqnuqrbwdaistjzehzlpfwz/Build/Intermediates.noindex/ClariFi\ iOS.build/Debug-iphonesimulator/ClariFi\ iOS.build/DerivedSources/x86_64 -Xcc -I/Users/aero/Library/Developer/Xcode/DerivedData/ClariFi_iOS-gmrlhvqnuqrbwdaistjzehzlpfwz/Build/Intermediates.noindex/ClariFi\ iOS.build/Debug-iphonesimulator/ClariFi\ iOS.build/DerivedSources -Xcc -DDEBUG\=1 -emit-objc-header -emit-objc-header-path /Users/aero/Library/Developer/Xcode/DerivedData/ClariFi_iOS-gmrlhvqnuqrbwdaistjzehzlpfwz/Build/Intermediates.noindex/ClariFi\ iOS.build/Debug-iphonesimulator/ClariFi\ iOS.build/Objects-normal/x86_64/ClariFi_iOS-Swift.h -working-directory /Users/mayenikhalo/Public/From\ aEroPartition/Dev/ClariFi\ iOS -experimental-emit-module-separately -disable-cmo

Ld /Users/aero/Library/Developer/Xcode/DerivedData/ClariFi_iOS-gmrlhvqnuqrbwdaistjzehzlpfwz/Build/Intermediates.noindex/ClariFi\ iOS.build/Debug-iphonesimulator/ClariFi\ iOS.build/Objects-normal/x86_64/Binary/ClariFi\ iOS.debug.dylib normal x86_64 (in target 'ClariFi iOS' from project 'ClariFi iOS')
    cd /Users/mayenikhalo/Public/From\ aEroPartition/Dev/ClariFi\ iOS
    /Applications/Xcode.app/Contents/Developer/Toolchains/XcodeDefault.xctoolchain/usr/bin/clang -Xlinker -reproducible -target x86_64-apple-ios18.5-simulator -dynamiclib -isysroot /Applications/Xcode.app/Contents/Developer/Platforms/iPhoneSimulator.platform/Developer/SDKs/iPhoneSimulator26.0.sdk -O0 -L/Users/aero/Library/Developer/Xcode/DerivedData/ClariFi_iOS-gmrlhvqnuqrbwdaistjzehzlpfwz/Build/Intermediates.noindex/EagerLinkingTBDs/Debug-iphonesimulator -L/Users/aero/Library/Developer/Xcode/DerivedData/ClariFi_iOS-gmrlhvqnuqrbwdaistjzehzlpfwz/Build/Products/Debug-iphonesimulator -F/Users/aero/Library/Developer/Xcode/DerivedData/ClariFi_iOS-gmrlhvqnuqrbwdaistjzehzlpfwz/Build/Intermediates.noindex/EagerLinkingTBDs/Debug-iphonesimulator -F/Users/aero/Library/Developer/Xcode/DerivedData/ClariFi_iOS-gmrlhvqnuqrbwdaistjzehzlpfwz/Build/Products/Debug-iphonesimulator/PackageFrameworks -F/Users/aero/Library/Developer/Xcode/DerivedData/ClariFi_iOS-gmrlhvqnuqrbwdaistjzehzlpfwz/Build/Products/Debug-iphonesimulator/PackageFrameworks -F/Users/aero/Library/Developer/Xcode/DerivedData/ClariFi_iOS-gmrlhvqnuqrbwdaistjzehzlpfwz/Build/Products/Debug-iphonesimulator/PackageFrameworks -F/Users/aero/Library/Developer/Xcode/DerivedData/ClariFi_iOS-gmrlhvqnuqrbwdaistjzehzlpfwz/Build/Products/Debug-iphonesimulator/PackageFrameworks -F/Users/aero/Library/Developer/Xcode/DerivedData/ClariFi_iOS-gmrlhvqnuqrbwdaistjzehzlpfwz/Build/Products/Debug-iphonesimulator/PackageFrameworks -F/Users/aero/Library/Developer/Xcode/DerivedData/ClariFi_iOS-gmrlhvqnuqrbwdaistjzehzlpfwz/Build/Products/Debug-iphonesimulator/PackageFrameworks -F/Users/aero/Library/Developer/Xcode/DerivedData/ClariFi_iOS-gmrlhvqnuqrbwdaistjzehzlpfwz/Build/Products/Debug-iphonesimulator/PackageFrameworks -F/Users/aero/Library/Developer/Xcode/DerivedData/ClariFi_iOS-gmrlhvqnuqrbwdaistjzehzlpfwz/Build/Products/Debug-iphonesimulator/PackageFrameworks -F/Users/aero/Library/Developer/Xcode/DerivedData/ClariFi_iOS-gmrlhvqnuqrbwdaistjzehzlpfwz/Build/Products/Debug-iphonesimulator/PackageFrameworks -F/Users/aero/Library/Developer/Xcode/DerivedData/ClariFi_iOS-gmrlhvqnuqrbwdaistjzehzlpfwz/Build/Products/Debug-iphonesimulator/PackageFrameworks -F/Users/aero/Library/Developer/Xcode/DerivedData/ClariFi_iOS-gmrlhvqnuqrbwdaistjzehzlpfwz/Build/Products/Debug-iphonesimulator/PackageFrameworks -F/Users/aero/Library/Developer/Xcode/DerivedData/ClariFi_iOS-gmrlhvqnuqrbwdaistjzehzlpfwz/Build/Products/Debug-iphonesimulator/PackageFrameworks -F/Users/aero/Library/Developer/Xcode/DerivedData/ClariFi_iOS-gmrlhvqnuqrbwdaistjzehzlpfwz/Build/Products/Debug-iphonesimulator/PackageFrameworks -F/Users/aero/Library/Developer/Xcode/DerivedData/ClariFi_iOS-gmrlhvqnuqrbwdaistjzehzlpfwz/Build/Products/Debug-iphonesimulator/PackageFrameworks -F/Users/aero/Library/Developer/Xcode/DerivedData/ClariFi_iOS-gmrlhvqnuqrbwdaistjzehzlpfwz/Build/Products/Debug-iphonesimulator -filelist /Users/aero/Library/Developer/Xcode/DerivedData/ClariFi_iOS-gmrlhvqnuqrbwdaistjzehzlpfwz/Build/Intermediates.noindex/ClariFi\ iOS.build/Debug-iphonesimulator/ClariFi\ iOS.build/Objects-normal/x86_64/ClariFi\ iOS.LinkFileList -install_name @rpath/ClariFi\ iOS.debug.dylib -Xlinker -rpath -Xlinker /usr/lib/swift -Xlinker -rpath -Xlinker /Users/aero/Library/Developer/Xcode/DerivedData/ClariFi_iOS-gmrlhvqnuqrbwdaistjzehzlpfwz/Build/Products/Debug-iphonesimulator/PackageFrameworks -Xlinker -rpath -Xlinker @executable_path/Frameworks -dead_strip -Xlinker -object_path_lto -Xlinker /Users/aero/Library/Developer/Xcode/DerivedData/ClariFi_iOS-gmrlhvqnuqrbwdaistjzehzlpfwz/Build/Intermediates.noindex/ClariFi\ iOS.build/Debug-iphonesimulator/ClariFi\ iOS.build/Objects-normal/x86_64/ClariFi\ iOS_lto.o -rdynamic -Xlinker -no_deduplicate -Xlinker -objc_abi_version -Xlinker 2 -Xlinker -debug_variant -Xlinker -dependency_info -Xlinker /Users/aero/Library/Developer/Xcode/DerivedData/ClariFi_iOS-gmrlhvqnuqrbwdaistjzehzlpfwz/Build/Intermediates.noindex/ClariFi\ iOS.build/Debug-iphonesimulator/ClariFi\ iOS.build/Objects-normal/x86_64/ClariFi\ iOS_dependency_info.dat -fobjc-link-runtime -fprofile-instr-generate -L/Applications/Xcode.app/Contents/Developer/Toolchains/XcodeDefault.xctoolchain/usr/lib/swift/iphonesimulator -L/usr/lib/swift -Xlinker -add_ast_path -Xlinker /Users/aero/Library/Developer/Xcode/DerivedData/ClariFi_iOS-gmrlhvqnuqrbwdaistjzehzlpfwz/Build/Intermediates.noindex/ClariFi\ iOS.build/Debug-iphonesimulator/ClariFi\ iOS.build/Objects-normal/x86_64/ClariFi_iOS.swiftmodule @/Users/aero/Library/Developer/Xcode/DerivedData/ClariFi_iOS-gmrlhvqnuqrbwdaistjzehzlpfwz/Build/Intermediates.noindex/ClariFi\ iOS.build/Debug-iphonesimulator/ClariFi\ iOS.build/Objects-normal/x86_64/ClariFi_iOS-linker-args.resp -Wl,-no_warn_duplicate_libraries -Wl,-no_warn_duplicate_libraries -Wl,-no_warn_duplicate_libraries -Wl,-no_warn_duplicate_libraries -Wl,-no_warn_duplicate_libraries -Wl,-no_warn_duplicate_libraries -Wl,-no_warn_duplicate_libraries -Wl,-no_warn_duplicate_libraries -Wl,-no_warn_duplicate_libraries -Wl,-no_warn_duplicate_libraries -Wl,-no_warn_duplicate_libraries -Wl,-no_warn_duplicate_libraries -Wl,-no_warn_duplicate_libraries -Wl,-no_warn_duplicate_libraries -Xlinker -alias -Xlinker _main -Xlinker ___debug_main_executable_dylib_entry_point -Xlinker -no_adhoc_codesign -o /Users/aero/Library/Developer/Xcode/DerivedData/ClariFi_iOS-gmrlhvqnuqrbwdaistjzehzlpfwz/Build/Intermediates.noindex/ClariFi\ iOS.build/Debug-iphonesimulator/ClariFi\ iOS.build/Objects-normal/x86_64/Binary/ClariFi\ iOS.debug.dylib -Xlinker -add_ast_path -Xlinker /Users/aero/Library/Developer/Xcode/DerivedData/ClariFi_iOS-gmrlhvqnuqrbwdaistjzehzlpfwz/Build/Intermediates.noindex/Supabase.build/Debug-iphonesimulator/Supabase.build/Objects-normal/x86_64/Supabase.swiftmodule @/Users/aero/Library/Developer/Xcode/DerivedData/ClariFi_iOS-gmrlhvqnuqrbwdaistjzehzlpfwz/Build/Intermediates.noindex/Supabase.build/Debug-iphonesimulator/Supabase.build/Objects-normal/x86_64/Supabase-linker-args.resp -Xlinker -add_ast_path -Xlinker /Users/aero/Library/Developer/Xcode/DerivedData/ClariFi_iOS-gmrlhvqnuqrbwdaistjzehzlpfwz/Build/Intermediates.noindex/Supabase.build/Debug-iphonesimulator/Functions.build/Objects-normal/x86_64/Functions.swiftmodule @/Users/aero/Library/Developer/Xcode/DerivedData/ClariFi_iOS-gmrlhvqnuqrbwdaistjzehzlpfwz/Build/Intermediates.noindex/Supabase.build/Debug-iphonesimulator/Functions.build/Objects-normal/x86_64/Functions-linker-args.resp -Xlinker -add_ast_path -Xlinker /Users/aero/Library/Developer/Xcode/DerivedData/ClariFi_iOS-gmrlhvqnuqrbwdaistjzehzlpfwz/Build/Intermediates.noindex/Supabase.build/Debug-iphonesimulator/PostgREST.build/Objects-normal/x86_64/PostgREST.swiftmodule @/Users/aero/Library/Developer/Xcode/DerivedData/ClariFi_iOS-gmrlhvqnuqrbwdaistjzehzlpfwz/Build/Intermediates.noindex/Supabase.build/Debug-iphonesimulator/PostgREST.build/Objects-normal/x86_64/PostgREST-linker-args.resp -Xlinker -add_ast_path -Xlinker /Users/aero/Library/Developer/Xcode/DerivedData/ClariFi_iOS-gmrlhvqnuqrbwdaistjzehzlpfwz/Build/Intermediates.noindex/Supabase.build/Debug-iphonesimulator/Auth.build/Objects-normal/x86_64/Auth.swiftmodule @/Users/aero/Library/Developer/Xcode/DerivedData/ClariFi_iOS-gmrlhvqnuqrbwdaistjzehzlpfwz/Build/Intermediates.noindex/Supabase.build/Debug-iphonesimulator/Auth.build/Objects-normal/x86_64/Auth-linker-args.resp -Xlinker -add_ast_path -Xlinker /Users/aero/Library/Developer/Xcode/DerivedData/ClariFi_iOS-gmrlhvqnuqrbwdaistjzehzlpfwz/Build/Intermediates.noindex/Supabase.build/Debug-iphonesimulator/Realtime.build/Objects-normal/x86_64/Realtime.swiftmodule @/Users/aero/Library/Developer/Xcode/DerivedData/ClariFi_iOS-gmrlhvqnuqrbwdaistjzehzlpfwz/Build/Intermediates.noindex/Supabase.build/Debug-iphonesimulator/Realtime.build/Objects-normal/x86_64/Realtime-linker-args.resp -Xlinker -add_ast_path -Xlinker /Users/aero/Library/Developer/Xcode/DerivedData/ClariFi_iOS-gmrlhvqnuqrbwdaistjzehzlpfwz/Build/Intermediates.noindex/Supabase.build/Debug-iphonesimulator/Storage.build/Objects-normal/x86_64/Storage.swiftmodule @/Users/aero/Library/Developer/Xcode/DerivedData/ClariFi_iOS-gmrlhvqnuqrbwdaistjzehzlpfwz/Build/Intermediates.noindex/Supabase.build/Debug-iphonesimulator/Storage.build/Objects-normal/x86_64/Storage-linker-args.resp -Xlinker -add_ast_path -Xlinker /Users/aero/Library/Developer/Xcode/DerivedData/ClariFi_iOS-gmrlhvqnuqrbwdaistjzehzlpfwz/Build/Intermediates.noindex/swift-concurrency-extras.build/Debug-iphonesimulator/ConcurrencyExtras.build/Objects-normal/x86_64/ConcurrencyExtras.swiftmodule @/Users/aero/Library/Developer/Xcode/DerivedData/ClariFi_iOS-gmrlhvqnuqrbwdaistjzehzlpfwz/Build/Intermediates.noindex/swift-concurrency-extras.build/Debug-iphonesimulator/ConcurrencyExtras.build/Objects-normal/x86_64/ConcurrencyExtras-linker-args.resp -Xlinker -add_ast_path -Xlinker /Users/aero/Library/Developer/Xcode/DerivedData/ClariFi_iOS-gmrlhvqnuqrbwdaistjzehzlpfwz/Build/Intermediates.noindex/swift-http-types.build/Debug-iphonesimulator/HTTPTypes.build/Objects-normal/x86_64/HTTPTypes.swiftmodule @/Users/aero/Library/Developer/Xcode/DerivedData/ClariFi_iOS-gmrlhvqnuqrbwdaistjzehzlpfwz/Build/Intermediates.noindex/swift-http-types.build/Debug-iphonesimulator/HTTPTypes.build/Objects-normal/x86_64/HTTPTypes-linker-args.resp -Xlinker -add_ast_path -Xlinker /Users/aero/Library/Developer/Xcode/DerivedData/ClariFi_iOS-gmrlhvqnuqrbwdaistjzehzlpfwz/Build/Intermediates.noindex/swift-clocks.build/Debug-iphonesimulator/Clocks.build/Objects-normal/x86_64/Clocks.swiftmodule @/Users/aero/Library/Developer/Xcode/DerivedData/ClariFi_iOS-gmrlhvqnuqrbwdaistjzehzlpfwz/Build/Intermediates.noindex/swift-clocks.build/Debug-iphonesimulator/Clocks.build/Objects-normal/x86_64/Clocks-linker-args.resp -Xlinker -add_ast_path -Xlinker /Users/aero/Library/Developer/Xcode/DerivedData/ClariFi_iOS-gmrlhvqnuqrbwdaistjzehzlpfwz/Build/Intermediates.noindex/xctest-dynamic-overlay.build/Debug-iphonesimulator/IssueReporting.build/Objects-normal/x86_64/IssueReporting.swiftmodule @/Users/aero/Library/Developer/Xcode/DerivedData/ClariFi_iOS-gmrlhvqnuqrbwdaistjzehzlpfwz/Build/Intermediates.noindex/xctest-dynamic-overlay.build/Debug-iphonesimulator/IssueReporting.build/Objects-normal/x86_64/IssueReporting-linker-args.resp -Xlinker -add_ast_path -Xlinker /Users/aero/Library/Developer/Xcode/DerivedData/ClariFi_iOS-gmrlhvqnuqrbwdaistjzehzlpfwz/Build/Intermediates.noindex/xctest-dynamic-overlay.build/Debug-iphonesimulator/IssueReportingPackageSupport.build/Objects-normal/x86_64/IssueReportingPackageSupport.swiftmodule @/Users/aero/Library/Developer/Xcode/DerivedData/ClariFi_iOS-gmrlhvqnuqrbwdaistjzehzlpfwz/Build/Intermediates.noindex/xctest-dynamic-overlay.build/Debug-iphonesimulator/IssueReportingPackageSupport.build/Objects-normal/x86_64/IssueReportingPackageSupport-linker-args.resp -Xlinker -add_ast_path -Xlinker /Users/aero/Library/Developer/Xcode/DerivedData/ClariFi_iOS-gmrlhvqnuqrbwdaistjzehzlpfwz/Build/Intermediates.noindex/xctest-dynamic-overlay.build/Debug-iphonesimulator/XCTestDynamicOverlay.build/Objects-normal/x86_64/XCTestDynamicOverlay.swiftmodule @/Users/aero/Library/Developer/Xcode/DerivedData/ClariFi_iOS-gmrlhvqnuqrbwdaistjzehzlpfwz/Build/Intermediates.noindex/xctest-dynamic-overlay.build/Debug-iphonesimulator/XCTestDynamicOverlay.build/Objects-normal/x86_64/XCTestDynamicOverlay-linker-args.resp -Xlinker -add_ast_path -Xlinker /Users/aero/Library/Developer/Xcode/DerivedData/ClariFi_iOS-gmrlhvqnuqrbwdaistjzehzlpfwz/Build/Intermediates.noindex/Supabase.build/Debug-iphonesimulator/Helpers.build/Objects-normal/x86_64/Helpers.swiftmodule @/Users/aero/Library/Developer/Xcode/DerivedData/ClariFi_iOS-gmrlhvqnuqrbwdaistjzehzlpfwz/Build/Intermediates.noindex/Supabase.build/Debug-iphonesimulator/Helpers.build/Objects-normal/x86_64/Helpers-linker-args.resp -Xlinker -add_ast_path -Xlinker /Users/aero/Library/Developer/Xcode/DerivedData/ClariFi_iOS-gmrlhvqnuqrbwdaistjzehzlpfwz/Build/Intermediates.noindex/swift-crypto.build/Debug-iphonesimulator/Crypto.build/Objects-normal/x86_64/Crypto.swiftmodule @/Users/aero/Library/Developer/Xcode/DerivedData/ClariFi_iOS-gmrlhvqnuqrbwdaistjzehzlpfwz/Build/Intermediates.noindex/swift-crypto.build/Debug-iphonesimulator/Crypto.build/Objects-normal/x86_64/Crypto-linker-args.resp

CreateUniversalBinary /Users/aero/Library/Developer/Xcode/DerivedData/ClariFi_iOS-gmrlhvqnuqrbwdaistjzehzlpfwz/Build/Products/Debug-iphonesimulator/ClariFi\ iOS.app/ClariFi\ iOS.debug.dylib normal arm64\ x86_64 (in target 'ClariFi iOS' from project 'ClariFi iOS')
    cd /Users/mayenikhalo/Public/From\ aEroPartition/Dev/ClariFi\ iOS
    /Applications/Xcode.app/Contents/Developer/Toolchains/XcodeDefault.xctoolchain/usr/bin/lipo -create /Users/aero/Library/Developer/Xcode/DerivedData/ClariFi_iOS-gmrlhvqnuqrbwdaistjzehzlpfwz/Build/Intermediates.noindex/ClariFi\ iOS.build/Debug-iphonesimulator/ClariFi\ iOS.build/Objects-normal/arm64/Binary/ClariFi\ iOS.debug.dylib /Users/aero/Library/Developer/Xcode/DerivedData/ClariFi_iOS-gmrlhvqnuqrbwdaistjzehzlpfwz/Build/Intermediates.noindex/ClariFi\ iOS.build/Debug-iphonesimulator/ClariFi\ iOS.build/Objects-normal/x86_64/Binary/ClariFi\ iOS.debug.dylib -output /Users/aero/Library/Developer/Xcode/DerivedData/ClariFi_iOS-gmrlhvqnuqrbwdaistjzehzlpfwz/Build/Products/Debug-iphonesimulator/ClariFi\ iOS.app/ClariFi\ iOS.debug.dylib

ConstructStubExecutorLinkFileList /Users/aero/Library/Developer/Xcode/DerivedData/ClariFi_iOS-gmrlhvqnuqrbwdaistjzehzlpfwz/Build/Intermediates.noindex/ClariFi\ iOS.build/Debug-iphonesimulator/ClariFi\ iOS.build/ClariFi\ iOS-ExecutorLinkFileList-normal-x86_64.txt (in target 'ClariFi iOS' from project 'ClariFi iOS')
    cd /Users/mayenikhalo/Public/From\ aEroPartition/Dev/ClariFi\ iOS
    construct-stub-executor-link-file-list /Users/aero/Library/Developer/Xcode/DerivedData/ClariFi_iOS-gmrlhvqnuqrbwdaistjzehzlpfwz/Build/Intermediates.noindex/ClariFi\ iOS.build/Debug-iphonesimulator/ClariFi\ iOS.build/Objects-normal/x86_64/Binary/ClariFi\ iOS.debug.dylib /Applications/Xcode.app/Contents/Developer/Platforms/iPhoneSimulator.platform/Developer/usr/lib/libPreviewsJITStubExecutor_no_swift_entry_point.a /Applications/Xcode.app/Contents/Developer/Platforms/iPhoneSimulator.platform/Developer/usr/lib/libPreviewsJITStubExecutor.a --output /Users/aero/Library/Developer/Xcode/DerivedData/ClariFi_iOS-gmrlhvqnuqrbwdaistjzehzlpfwz/Build/Intermediates.noindex/ClariFi\ iOS.build/Debug-iphonesimulator/ClariFi\ iOS.build/ClariFi\ iOS-ExecutorLinkFileList-normal-x86_64.txt
note: Using stub executor library with Swift entry point. (in target 'ClariFi iOS' from project 'ClariFi iOS')

Ld /Users/aero/Library/Developer/Xcode/DerivedData/ClariFi_iOS-gmrlhvqnuqrbwdaistjzehzlpfwz/Build/Intermediates.noindex/ClariFi\ iOS.build/Debug-iphonesimulator/ClariFi\ iOS.build/Objects-normal/x86_64/Binary/ClariFi\ iOS normal x86_64 (in target 'ClariFi iOS' from project 'ClariFi iOS')
    cd /Users/mayenikhalo/Public/From\ aEroPartition/Dev/ClariFi\ iOS
    /Applications/Xcode.app/Contents/Developer/Toolchains/XcodeDefault.xctoolchain/usr/bin/clang -Xlinker -reproducible -target x86_64-apple-ios18.5-simulator -isysroot /Applications/Xcode.app/Contents/Developer/Platforms/iPhoneSimulator.platform/Developer/SDKs/iPhoneSimulator26.0.sdk -O0 -L/Users/aero/Library/Developer/Xcode/DerivedData/ClariFi_iOS-gmrlhvqnuqrbwdaistjzehzlpfwz/Build/Products/Debug-iphonesimulator -F/Users/aero/Library/Developer/Xcode/DerivedData/ClariFi_iOS-gmrlhvqnuqrbwdaistjzehzlpfwz/Build/Products/Debug-iphonesimulator/PackageFrameworks -F/Users/aero/Library/Developer/Xcode/DerivedData/ClariFi_iOS-gmrlhvqnuqrbwdaistjzehzlpfwz/Build/Products/Debug-iphonesimulator/PackageFrameworks -F/Users/aero/Library/Developer/Xcode/DerivedData/ClariFi_iOS-gmrlhvqnuqrbwdaistjzehzlpfwz/Build/Products/Debug-iphonesimulator/PackageFrameworks -F/Users/aero/Library/Developer/Xcode/DerivedData/ClariFi_iOS-gmrlhvqnuqrbwdaistjzehzlpfwz/Build/Products/Debug-iphonesimulator/PackageFrameworks -F/Users/aero/Library/Developer/Xcode/DerivedData/ClariFi_iOS-gmrlhvqnuqrbwdaistjzehzlpfwz/Build/Products/Debug-iphonesimulator/PackageFrameworks -F/Users/aero/Library/Developer/Xcode/DerivedData/ClariFi_iOS-gmrlhvqnuqrbwdaistjzehzlpfwz/Build/Products/Debug-iphonesimulator/PackageFrameworks -F/Users/aero/Library/Developer/Xcode/DerivedData/ClariFi_iOS-gmrlhvqnuqrbwdaistjzehzlpfwz/Build/Products/Debug-iphonesimulator/PackageFrameworks -F/Users/aero/Library/Developer/Xcode/DerivedData/ClariFi_iOS-gmrlhvqnuqrbwdaistjzehzlpfwz/Build/Products/Debug-iphonesimulator/PackageFrameworks -F/Users/aero/Library/Developer/Xcode/DerivedData/ClariFi_iOS-gmrlhvqnuqrbwdaistjzehzlpfwz/Build/Products/Debug-iphonesimulator/PackageFrameworks -F/Users/aero/Library/Developer/Xcode/DerivedData/ClariFi_iOS-gmrlhvqnuqrbwdaistjzehzlpfwz/Build/Products/Debug-iphonesimulator/PackageFrameworks -F/Users/aero/Library/Developer/Xcode/DerivedData/ClariFi_iOS-gmrlhvqnuqrbwdaistjzehzlpfwz/Build/Products/Debug-iphonesimulator/PackageFrameworks -F/Users/aero/Library/Developer/Xcode/DerivedData/ClariFi_iOS-gmrlhvqnuqrbwdaistjzehzlpfwz/Build/Products/Debug-iphonesimulator/PackageFrameworks -F/Users/aero/Library/Developer/Xcode/DerivedData/ClariFi_iOS-gmrlhvqnuqrbwdaistjzehzlpfwz/Build/Products/Debug-iphonesimulator/PackageFrameworks -F/Users/aero/Library/Developer/Xcode/DerivedData/ClariFi_iOS-gmrlhvqnuqrbwdaistjzehzlpfwz/Build/Products/Debug-iphonesimulator/PackageFrameworks -F/Users/aero/Library/Developer/Xcode/DerivedData/ClariFi_iOS-gmrlhvqnuqrbwdaistjzehzlpfwz/Build/Products/Debug-iphonesimulator -Xlinker -rpath -Xlinker @executable_path -Xlinker -rpath -Xlinker /Users/aero/Library/Developer/Xcode/DerivedData/ClariFi_iOS-gmrlhvqnuqrbwdaistjzehzlpfwz/Build/Products/Debug-iphonesimulator/PackageFrameworks -Xlinker -rpath -Xlinker @executable_path/Frameworks -rdynamic -Xlinker -no_deduplicate -Xlinker -objc_abi_version -Xlinker 2 -Xlinker -debug_variant -e ___debug_blank_executor_main -Xlinker -sectcreate -Xlinker __TEXT -Xlinker __debug_dylib -Xlinker /Users/aero/Library/Developer/Xcode/DerivedData/ClariFi_iOS-gmrlhvqnuqrbwdaistjzehzlpfwz/Build/Intermediates.noindex/ClariFi\ iOS.build/Debug-iphonesimulator/ClariFi\ iOS.build/ClariFi\ iOS-DebugDylibPath-normal-x86_64.txt -Xlinker -sectcreate -Xlinker __TEXT -Xlinker __debug_instlnm -Xlinker /Users/aero/Library/Developer/Xcode/DerivedData/ClariFi_iOS-gmrlhvqnuqrbwdaistjzehzlpfwz/Build/Intermediates.noindex/ClariFi\ iOS.build/Debug-iphonesimulator/ClariFi\ iOS.build/ClariFi\ iOS-DebugDylibInstallName-normal-x86_64.txt -Xlinker -filelist -Xlinker /Users/aero/Library/Developer/Xcode/DerivedData/ClariFi_iOS-gmrlhvqnuqrbwdaistjzehzlpfwz/Build/Intermediates.noindex/ClariFi\ iOS.build/Debug-iphonesimulator/ClariFi\ iOS.build/ClariFi\ iOS-ExecutorLinkFileList-normal-x86_64.txt -Xlinker -sectcreate -Xlinker __TEXT -Xlinker __entitlements -Xlinker /Users/aero/Library/Developer/Xcode/DerivedData/ClariFi_iOS-gmrlhvqnuqrbwdaistjzehzlpfwz/Build/Intermediates.noindex/ClariFi\ iOS.build/Debug-iphonesimulator/ClariFi\ iOS.build/ClariFi\ iOS.app-Simulated.xcent -Xlinker -sectcreate -Xlinker __TEXT -Xlinker __ents_der -Xlinker /Users/aero/Library/Developer/Xcode/DerivedData/ClariFi_iOS-gmrlhvqnuqrbwdaistjzehzlpfwz/Build/Intermediates.noindex/ClariFi\ iOS.build/Debug-iphonesimulator/ClariFi\ iOS.build/ClariFi\ iOS.app-Simulated.xcent.der /Users/aero/Library/Developer/Xcode/DerivedData/ClariFi_iOS-gmrlhvqnuqrbwdaistjzehzlpfwz/Build/Intermediates.noindex/ClariFi\ iOS.build/Debug-iphonesimulator/ClariFi\ iOS.build/Objects-normal/x86_64/Binary/ClariFi\ iOS.debug.dylib -Xlinker -no_adhoc_codesign -o /Users/aero/Library/Developer/Xcode/DerivedData/ClariFi_iOS-gmrlhvqnuqrbwdaistjzehzlpfwz/Build/Intermediates.noindex/ClariFi\ iOS.build/Debug-iphonesimulator/ClariFi\ iOS.build/Objects-normal/x86_64/Binary/ClariFi\ iOS

CreateUniversalBinary /Users/aero/Library/Developer/Xcode/DerivedData/ClariFi_iOS-gmrlhvqnuqrbwdaistjzehzlpfwz/Build/Products/Debug-iphonesimulator/ClariFi\ iOS.app/ClariFi\ iOS normal arm64\ x86_64 (in target 'ClariFi iOS' from project 'ClariFi iOS')
    cd /Users/mayenikhalo/Public/From\ aEroPartition/Dev/ClariFi\ iOS
    /Applications/Xcode.app/Contents/Developer/Toolchains/XcodeDefault.xctoolchain/usr/bin/lipo -create /Users/aero/Library/Developer/Xcode/DerivedData/ClariFi_iOS-gmrlhvqnuqrbwdaistjzehzlpfwz/Build/Intermediates.noindex/ClariFi\ iOS.build/Debug-iphonesimulator/ClariFi\ iOS.build/Objects-normal/arm64/Binary/ClariFi\ iOS /Users/aero/Library/Developer/Xcode/DerivedData/ClariFi_iOS-gmrlhvqnuqrbwdaistjzehzlpfwz/Build/Intermediates.noindex/ClariFi\ iOS.build/Debug-iphonesimulator/ClariFi\ iOS.build/Objects-normal/x86_64/Binary/ClariFi\ iOS -output /Users/aero/Library/Developer/Xcode/DerivedData/ClariFi_iOS-gmrlhvqnuqrbwdaistjzehzlpfwz/Build/Products/Debug-iphonesimulator/ClariFi\ iOS.app/ClariFi\ iOS

CopySwiftLibs /Users/aero/Library/Developer/Xcode/DerivedData/ClariFi_iOS-gmrlhvqnuqrbwdaistjzehzlpfwz/Build/Products/Debug-iphonesimulator/ClariFi\ iOS.app (in target 'ClariFi iOS' from project 'ClariFi iOS')
    cd /Users/mayenikhalo/Public/From\ aEroPartition/Dev/ClariFi\ iOS
    builtin-swiftStdLibTool --copy --verbose --sign - --scan-executable /Users/aero/Library/Developer/Xcode/DerivedData/ClariFi_iOS-gmrlhvqnuqrbwdaistjzehzlpfwz/Build/Products/Debug-iphonesimulator/ClariFi\ iOS.app/ClariFi\ iOS.debug.dylib --scan-folder /Users/aero/Library/Developer/Xcode/DerivedData/ClariFi_iOS-gmrlhvqnuqrbwdaistjzehzlpfwz/Build/Products/Debug-iphonesimulator/ClariFi\ iOS.app/Frameworks --scan-folder /Users/aero/Library/Developer/Xcode/DerivedData/ClariFi_iOS-gmrlhvqnuqrbwdaistjzehzlpfwz/Build/Products/Debug-iphonesimulator/ClariFi\ iOS.app/PlugIns --scan-folder /Users/aero/Library/Developer/Xcode/DerivedData/ClariFi_iOS-gmrlhvqnuqrbwdaistjzehzlpfwz/Build/Products/Debug-iphonesimulator/ClariFi\ iOS.app/SystemExtensions --scan-folder /Users/aero/Library/Developer/Xcode/DerivedData/ClariFi_iOS-gmrlhvqnuqrbwdaistjzehzlpfwz/Build/Products/Debug-iphonesimulator/ClariFi\ iOS.app/Extensions --platform iphonesimulator --toolchain /Applications/Xcode.app/Contents/Developer/Toolchains/XcodeDefault.xctoolchain --destination /Users/aero/Library/Developer/Xcode/DerivedData/ClariFi_iOS-gmrlhvqnuqrbwdaistjzehzlpfwz/Build/Products/Debug-iphonesimulator/ClariFi\ iOS.app/Frameworks --strip-bitcode --strip-bitcode-tool /Applications/Xcode.app/Contents/Developer/Toolchains/XcodeDefault.xctoolchain/usr/bin/bitcode_strip --emit-dependency-info /Users/aero/Library/Developer/Xcode/DerivedData/ClariFi_iOS-gmrlhvqnuqrbwdaistjzehzlpfwz/Build/Intermediates.noindex/ClariFi\ iOS.build/Debug-iphonesimulator/ClariFi\ iOS.build/SwiftStdLibToolInputDependencies.dep --filter-for-swift-os --back-deploy-swift-span

ExtractAppIntentsMetadata (in target 'ClariFi iOS' from project 'ClariFi iOS')
    cd /Users/mayenikhalo/Public/From\ aEroPartition/Dev/ClariFi\ iOS
    /Applications/Xcode.app/Contents/Developer/Toolchains/XcodeDefault.xctoolchain/usr/bin/appintentsmetadataprocessor --toolchain-dir /Applications/Xcode.app/Contents/Developer/Toolchains/XcodeDefault.xctoolchain --module-name ClariFi_iOS --sdk-root /Applications/Xcode.app/Contents/Developer/Platforms/iPhoneSimulator.platform/Developer/SDKs/iPhoneSimulator26.0.sdk --xcode-version 17A400 --platform-family iOS --deployment-target 18.5 --bundle-identifier com.kentrologia.ClariFi-iOS --output /Users/aero/Library/Developer/Xcode/DerivedData/ClariFi_iOS-gmrlhvqnuqrbwdaistjzehzlpfwz/Build/Products/Debug-iphonesimulator/ClariFi\ iOS.app --target-triple arm64-apple-ios18.5-simulator --target-triple x86_64-apple-ios18.5-simulator --binary-file /Users/aero/Library/Developer/Xcode/DerivedData/ClariFi_iOS-gmrlhvqnuqrbwdaistjzehzlpfwz/Build/Products/Debug-iphonesimulator/ClariFi\ iOS.app/ClariFi\ iOS --dependency-file /Users/aero/Library/Developer/Xcode/DerivedData/ClariFi_iOS-gmrlhvqnuqrbwdaistjzehzlpfwz/Build/Intermediates.noindex/ClariFi\ iOS.build/Debug-iphonesimulator/ClariFi\ iOS.build/Objects-normal/arm64/ClariFi\ iOS_dependency_info.dat --dependency-file /Users/aero/Library/Developer/Xcode/DerivedData/ClariFi_iOS-gmrlhvqnuqrbwdaistjzehzlpfwz/Build/Intermediates.noindex/ClariFi\ iOS.build/Debug-iphonesimulator/ClariFi\ iOS.build/Objects-normal/x86_64/ClariFi\ iOS_dependency_info.dat --stringsdata-file /Users/aero/Library/Developer/Xcode/DerivedData/ClariFi_iOS-gmrlhvqnuqrbwdaistjzehzlpfwz/Build/Intermediates.noindex/ClariFi\ iOS.build/Debug-iphonesimulator/ClariFi\ iOS.build/Objects-normal/arm64/ExtractedAppShortcutsMetadata.stringsdata --stringsdata-file /Users/aero/Library/Developer/Xcode/DerivedData/ClariFi_iOS-gmrlhvqnuqrbwdaistjzehzlpfwz/Build/Intermediates.noindex/ClariFi\ iOS.build/Debug-iphonesimulator/ClariFi\ iOS.build/Objects-normal/x86_64/ExtractedAppShortcutsMetadata.stringsdata --source-file-list /Users/aero/Library/Developer/Xcode/DerivedData/ClariFi_iOS-gmrlhvqnuqrbwdaistjzehzlpfwz/Build/Intermediates.noindex/ClariFi\ iOS.build/Debug-iphonesimulator/ClariFi\ iOS.build/Objects-normal/arm64/ClariFi\ iOS.SwiftFileList --source-file-list /Users/aero/Library/Developer/Xcode/DerivedData/ClariFi_iOS-gmrlhvqnuqrbwdaistjzehzlpfwz/Build/Intermediates.noindex/ClariFi\ iOS.build/Debug-iphonesimulator/ClariFi\ iOS.build/Objects-normal/x86_64/ClariFi\ iOS.SwiftFileList --metadata-file-list /Users/aero/Library/Developer/Xcode/DerivedData/ClariFi_iOS-gmrlhvqnuqrbwdaistjzehzlpfwz/Build/Intermediates.noindex/ClariFi\ iOS.build/Debug-iphonesimulator/ClariFi\ iOS.build/ClariFi\ iOS.DependencyMetadataFileList --static-metadata-file-list /Users/aero/Library/Developer/Xcode/DerivedData/ClariFi_iOS-gmrlhvqnuqrbwdaistjzehzlpfwz/Build/Intermediates.noindex/ClariFi\ iOS.build/Debug-iphonesimulator/ClariFi\ iOS.build/ClariFi\ iOS.DependencyStaticMetadataFileList --swift-const-vals-list /Users/aero/Library/Developer/Xcode/DerivedData/ClariFi_iOS-gmrlhvqnuqrbwdaistjzehzlpfwz/Build/Intermediates.noindex/ClariFi\ iOS.build/Debug-iphonesimulator/ClariFi\ iOS.build/Objects-normal/arm64/ClariFi\ iOS.SwiftConstValuesFileList --swift-const-vals-list /Users/aero/Library/Developer/Xcode/DerivedData/ClariFi_iOS-gmrlhvqnuqrbwdaistjzehzlpfwz/Build/Intermediates.noindex/ClariFi\ iOS.build/Debug-iphonesimulator/ClariFi\ iOS.build/Objects-normal/x86_64/ClariFi\ iOS.SwiftConstValuesFileList --compile-time-extraction --deployment-aware-processing --validate-assistant-intents --no-app-shortcuts-localization
2025-11-05 10:44:33.685 appintentsmetadataprocessor[13133:1292706] Starting appintentsmetadataprocessor export
2025-11-05 10:44:33.823 appintentsmetadataprocessor[13133:1292706] Writing Metadata.appintents
2025-11-05 10:44:33.823 appintentsmetadataprocessor[13133:1292706] Metadata root: /Users/aero/Library/Developer/Xcode/DerivedData/ClariFi_iOS-gmrlhvqnuqrbwdaistjzehzlpfwz/Build/Products/Debug-iphonesimulator/ClariFi iOS.app/Metadata.appintents

AppIntentsSSUTraining (in target 'ClariFi iOS' from project 'ClariFi iOS')
    cd /Users/mayenikhalo/Public/From\ aEroPartition/Dev/ClariFi\ iOS
    /Applications/Xcode.app/Contents/Developer/Toolchains/XcodeDefault.xctoolchain/usr/bin/appintentsnltrainingprocessor --infoplist-path /Users/aero/Library/Developer/Xcode/DerivedData/ClariFi_iOS-gmrlhvqnuqrbwdaistjzehzlpfwz/Build/Products/Debug-iphonesimulator/ClariFi\ iOS.app/Info.plist --temp-dir-path /Users/aero/Library/Developer/Xcode/DerivedData/ClariFi_iOS-gmrlhvqnuqrbwdaistjzehzlpfwz/Build/Intermediates.noindex/ClariFi\ iOS.build/Debug-iphonesimulator/ClariFi\ iOS.build/ssu --bundle-id com.kentrologia.ClariFi-iOS --product-path /Users/aero/Library/Developer/Xcode/DerivedData/ClariFi_iOS-gmrlhvqnuqrbwdaistjzehzlpfwz/Build/Products/Debug-iphonesimulator/ClariFi\ iOS.app --extracted-metadata-path /Users/aero/Library/Developer/Xcode/DerivedData/ClariFi_iOS-gmrlhvqnuqrbwdaistjzehzlpfwz/Build/Products/Debug-iphonesimulator/ClariFi\ iOS.app/Metadata.appintents --metadata-file-list /Users/aero/Library/Developer/Xcode/DerivedData/ClariFi_iOS-gmrlhvqnuqrbwdaistjzehzlpfwz/Build/Intermediates.noindex/ClariFi\ iOS.build/Debug-iphonesimulator/ClariFi\ iOS.build/ClariFi\ iOS.DependencyMetadataFileList --archive-ssu-assets
2025-11-05 10:44:33.865 appintentsnltrainingprocessor[13134:1292713] Parsing options for appintentsnltrainingprocessor
2025-11-05 10:44:33.865 appintentsnltrainingprocessor[13134:1292713] Starting AppIntents SSU YAML Generation
2025-11-05 10:44:33.878 appintentsnltrainingprocessor[13134:1292713] Training 'Show my recent transactions in ${+applicationName}|Find transactions in ${+applicationName}' for en
2025-11-05 10:44:33.878 appintentsnltrainingprocessor[13134:1292713] Training 'Add a transaction in ${+applicationName}|Log a purchase in ${+applicationName}' for en
2025-11-05 10:44:33.878 appintentsnltrainingprocessor[13134:1292713] Training Negative Phrases '' for en
2025-11-05 10:44:33.878 appintentsnltrainingprocessor[13134:1292713] Application name 'ClariFi' for en
2025-11-05 10:44:33.887 appintentsnltrainingprocessor[13134:1292713] Generated AppIntents SSU YAML files in file:///Users/aero/Library/Developer/Xcode/DerivedData/ClariFi_iOS-gmrlhvqnuqrbwdaistjzehzlpfwz/Build/Intermediates.noindex/ClariFi                   0OS.build/Debug-iphonesimulator/ClariFi                   0OS.build/ssu/
2025-11-05 10:44:33.888 appintentsnltrainingprocessor[13134:1292713] Copied AppIntents SSU YAML files to file:///Users/aero/Library/Developer/Xcode/DerivedData/ClariFi_iOS-gmrlhvqnuqrbwdaistjzehzlpfwz/Build/Products/Debug-iphonesimulator/ClariFi                   0OS.app/Metadata.appintents/
Archiving all locales.
[------------------------------------------------------------] 0% archiving en[🁢🁢🁢🁢🁢🁢🁢🁢🁢🁢🁢🁢🁢🁢🁢🁢🁢🁢🁢🁢🁢🁢🁢🁢🁢🁢🁢🁢🁢🁢🁢🁢🁢🁢🁢🁢🁢🁢🁢🁢🁢🁢🁢🁢🁢🁢🁢🁢🁢🁢🁢🁢🁢🁢🁢🁢🁢🁢🁢🁢] 100% archived en[🁢🁢🁢🁢🁢🁢🁢🁢🁢🁢🁢🁢🁢🁢🁢🁢🁢🁢🁢🁢🁢🁢🁢🁢🁢🁢🁢🁢🁢🁢🁢🁢🁢🁢🁢🁢🁢🁢🁢🁢🁢🁢🁢🁢🁢🁢🁢🁢🁢🁢🁢🁢🁢🁢🁢🁢🁢🁢🁢🁢] 100% archived 1 locales/Users/aero/Library/Developer/Xcode/DerivedData/ClariFi_iOS-gmrlhvqnuqrbwdaistjzehzlpfwz/Build/Products/Debug-iphonesimulator/ClariFi iOS.app/Metadata.appintents/nlu
/Users/aero/Library/Developer/Xcode/DerivedData/ClariFi_iOS-gmrlhvqnuqrbwdaistjzehzlpfwz/Build/Products/Debug-iphonesimulator/ClariFi iOS.app/Metadata.appintents/nlu/192f4f31d8f5ec7eee6765167484a80f.version


CodeSign /Users/aero/Library/Developer/Xcode/DerivedData/ClariFi_iOS-gmrlhvqnuqrbwdaistjzehzlpfwz/Build/Products/Debug-iphonesimulator/ClariFi\ iOS.app/ClariFi\ iOS.debug.dylib (in target 'ClariFi iOS' from project 'ClariFi iOS')
    cd /Users/mayenikhalo/Public/From\ aEroPartition/Dev/ClariFi\ iOS
    
    Signing Identity:     "Sign to Run Locally"
    
    /usr/bin/codesign --force --sign - --timestamp\=none --generate-entitlement-der /Users/aero/Library/Developer/Xcode/DerivedData/ClariFi_iOS-gmrlhvqnuqrbwdaistjzehzlpfwz/Build/Products/Debug-iphonesimulator/ClariFi\ iOS.app/ClariFi\ iOS.debug.dylib

CodeSign /Users/aero/Library/Developer/Xcode/DerivedData/ClariFi_iOS-gmrlhvqnuqrbwdaistjzehzlpfwz/Build/Products/Debug-iphonesimulator/ClariFi\ iOS.app/__preview.dylib (in target 'ClariFi iOS' from project 'ClariFi iOS')
    cd /Users/mayenikhalo/Public/From\ aEroPartition/Dev/ClariFi\ iOS
    
    Signing Identity:     "Sign to Run Locally"
    
    /usr/bin/codesign --force --sign - --timestamp\=none --generate-entitlement-der /Users/aero/Library/Developer/Xcode/DerivedData/ClariFi_iOS-gmrlhvqnuqrbwdaistjzehzlpfwz/Build/Products/Debug-iphonesimulator/ClariFi\ iOS.app/__preview.dylib

CodeSign /Users/aero/Library/Developer/Xcode/DerivedData/ClariFi_iOS-gmrlhvqnuqrbwdaistjzehzlpfwz/Build/Products/Debug-iphonesimulator/ClariFi\ iOS.app (in target 'ClariFi iOS' from project 'ClariFi iOS')
    cd /Users/mayenikhalo/Public/From\ aEroPartition/Dev/ClariFi\ iOS
    
    Signing Identity:     "Sign to Run Locally"
    
    /usr/bin/codesign --force --sign - --timestamp\=none --generate-entitlement-der /Users/aero/Library/Developer/Xcode/DerivedData/ClariFi_iOS-gmrlhvqnuqrbwdaistjzehzlpfwz/Build/Products/Debug-iphonesimulator/ClariFi\ iOS.app

RegisterExecutionPolicyException /Users/aero/Library/Developer/Xcode/DerivedData/ClariFi_iOS-gmrlhvqnuqrbwdaistjzehzlpfwz/Build/Products/Debug-iphonesimulator/ClariFi\ iOS.app (in target 'ClariFi iOS' from project 'ClariFi iOS')
    cd /Users/mayenikhalo/Public/From\ aEroPartition/Dev/ClariFi\ iOS
    builtin-RegisterExecutionPolicyException /Users/aero/Library/Developer/Xcode/DerivedData/ClariFi_iOS-gmrlhvqnuqrbwdaistjzehzlpfwz/Build/Products/Debug-iphonesimulator/ClariFi\ iOS.app

Validate /Users/aero/Library/Developer/Xcode/DerivedData/ClariFi_iOS-gmrlhvqnuqrbwdaistjzehzlpfwz/Build/Products/Debug-iphonesimulator/ClariFi\ iOS.app (in target 'ClariFi iOS' from project 'ClariFi iOS')
    cd /Users/mayenikhalo/Public/From\ aEroPartition/Dev/ClariFi\ iOS
    builtin-validationUtility /Users/aero/Library/Developer/Xcode/DerivedData/ClariFi_iOS-gmrlhvqnuqrbwdaistjzehzlpfwz/Build/Products/Debug-iphonesimulator/ClariFi\ iOS.app -shallow-bundle -infoplist-subpath Info.plist

Touch /Users/aero/Library/Developer/Xcode/DerivedData/ClariFi_iOS-gmrlhvqnuqrbwdaistjzehzlpfwz/Build/Products/Debug-iphonesimulator/ClariFi\ iOS.app (in target 'ClariFi iOS' from project 'ClariFi iOS')
    cd /Users/mayenikhalo/Public/From\ aEroPartition/Dev/ClariFi\ iOS
    /usr/bin/touch -c /Users/aero/Library/Developer/Xcode/DerivedData/ClariFi_iOS-gmrlhvqnuqrbwdaistjzehzlpfwz/Build/Products/Debug-iphonesimulator/ClariFi\ iOS.app

** BUILD SUCCEEDED **

